Archive member included to satisfy reference by file (symbol)

c:/devkitPro/libctru/lib\libsf2d.a(sf2d.o)
                              main.o (sf2d_init)
c:/devkitPro/libctru/lib\libsf2d.a(sf2d_draw.o)
                              circle_controller.o (sf2d_draw_rectangle)
c:/devkitPro/libctru/lib\libsf2d.a(sf2d_private.o)
                              c:/devkitPro/libctru/lib\libsf2d.a(sf2d.o) (GPU_SetDummyTexEnv)
c:/devkitPro/libctru/lib\libsf2d.a(shader.vsh.o)
                              c:/devkitPro/libctru/lib\libsf2d.a(sf2d.o) (shader_vsh_shbin_size)
c:/devkitPro/libctru/lib\libctru.a(linear.o)
                              c:/devkitPro/libctru/lib\libsf2d.a(sf2d.o) (linearAlloc)
c:/devkitPro/libctru/lib\libctru.a(mem_pool.o)
                              c:/devkitPro/libctru/lib\libctru.a(linear.o) (MemPool::Allocate(MemChunk&, unsigned long, int))
c:/devkitPro/libctru/lib\libctru.a(vram.o)
                              c:/devkitPro/libctru/lib\libsf2d.a(sf2d.o) (vramMemAlign)
c:/devkitPro/libctru/lib\libctru.a(gfx.o)
                              c:/devkitPro/libctru/lib\libsf2d.a(sf2d.o) (gfxSet3D)
c:/devkitPro/libctru/lib\libctru.a(os.o)
                              c:/devkitPro/libctru/lib\libsf2d.a(sf2d.o) (osConvertVirtToPhys)
c:/devkitPro/libctru/lib\libctru.a(romfs_dev.o)
                              c:/devkitPro/libctru/lib\libctru.a(os.o) (romfsInitFromFile)
c:/devkitPro/libctru/lib\libctru.a(gpu.o)
                              c:/devkitPro/libctru/lib\libsf2d.a(sf2d.o) (GPU_Init)
c:/devkitPro/libctru/lib\libctru.a(gpuResetSequence.o)
                              c:/devkitPro/libctru/lib\libctru.a(gpu.o) (gpuResetSequenceLength)
c:/devkitPro/libctru/lib\libctru.a(shaderProgram.o)
                              c:/devkitPro/libctru/lib\libsf2d.a(sf2d.o) (shaderInstanceGetUniformLocation)
c:/devkitPro/libctru/lib\libctru.a(shbin.o)
                              c:/devkitPro/libctru/lib\libsf2d.a(sf2d.o) (DVLB_Free)
c:/devkitPro/libctru/lib\libctru.a(apt.o)
                              c:/devkitPro/libctru/lib\libsf2d.a(sf2d.o) (aptHook)
c:/devkitPro/libctru/lib\libctru.a(cfgu.o)
                              c:/devkitPro/libctru/lib\libctru.a(os.o) (initCfgu)
c:/devkitPro/libctru/lib\libctru.a(fs.o)
                              c:/devkitPro/libctru/lib\libctru.a(os.o) (FSUSER_OpenFileDirectly)
c:/devkitPro/libctru/lib\libctru.a(gsp.o)
                              c:/devkitPro/libctru/lib\libctru.a(gfx.o) (gspInit)
c:/devkitPro/libctru/lib\libctru.a(gx.o)
                              c:/devkitPro/libctru/lib\libctru.a(gfx.o) (gxCmdBuf)
c:/devkitPro/libctru/lib\libctru.a(hid.o)
                              circle_controller.o (hidScanInput)
c:/devkitPro/libctru/lib\libctru.a(irrst.o)
                              c:/devkitPro/libctru/lib\libctru.a(hid.o) (irrstScanInput)
c:/devkitPro/libctru/lib\libctru.a(ptm.o)
                              c:/devkitPro/libctru/lib\libctru.a(os.o) (ptmSysmInit)
c:/devkitPro/libctru/lib\libctru.a(rbtree_find.o)
                              c:/devkitPro/libctru/lib\libctru.a(linear.o) (rbtree_find)
c:/devkitPro/libctru/lib\libctru.a(rbtree_init.o)
                              c:/devkitPro/libctru/lib\libctru.a(linear.o) (rbtree_init)
c:/devkitPro/libctru/lib\libctru.a(rbtree_insert.o)
                              c:/devkitPro/libctru/lib\libctru.a(linear.o) (rbtree_insert)
c:/devkitPro/libctru/lib\libctru.a(rbtree_remove.o)
                              c:/devkitPro/libctru/lib\libctru.a(linear.o) (rbtree_remove)
c:/devkitPro/libctru/lib\libctru.a(rbtree_rotate.o)
                              c:/devkitPro/libctru/lib\libctru.a(rbtree_insert.o) (rbtree_rotate)
c:/devkitPro/libctru/lib\libctru.a(utf8_to_utf16.o)
                              c:/devkitPro/libctru/lib\libctru.a(romfs_dev.o) (utf8_to_utf16)
c:/devkitPro/libctru/lib\libctru.a(allocateHeaps.o)
                              c:/devkitPro/libctru/lib\libctru.a(linear.o) (__linear_heap)
c:/devkitPro/libctru/lib\libctru.a(initArgv.o)
                              c:/devkitpro/devkitarm/bin/../lib/gcc/arm-none-eabi/4.9.2/../../../../arm-none-eabi/lib/armv6k/fpu/3dsx_crt0.o (__system_argc)
c:/devkitPro/libctru/lib\libctru.a(initSystem.o)
                              c:/devkitPro/libctru/lib\libctru.a(apt.o) (__system_retAddr)
c:/devkitPro/libctru/lib\libctru.a(svc.o)
                              c:/devkitPro/libctru/lib\libctru.a(allocateHeaps.o) (svcControlMemory)
c:/devkitPro/libctru/lib\libctru.a(stack_adjust.o)
                              c:/devkitpro/devkitarm/bin/../lib/gcc/arm-none-eabi/4.9.2/../../../../arm-none-eabi/lib/armv6k/fpu/3dsx_crt0.o (initSystem)
c:/devkitPro/libctru/lib\libctru.a(mappable.o)
                              c:/devkitPro/libctru/lib\libctru.a(gfx.o) (mappableAlloc)
c:/devkitPro/libctru/lib\libctru.a(srv.o)
                              c:/devkitPro/libctru/lib\libctru.a(fs.o) (__get_handle_from_list)
c:/devkitPro/libctru/lib\libctru.a(rbtree_iterator.o)
[...]
Memory Configuration

Name             Origin             Length             Attributes
*default*        0x00000000         0xffffffff

Linker script and memory map

                0x00100000                . = 0x100000
                0x00100000                __start__ = .

.text           0x00100000    0x1f1a4
 *(.crt0)
 .crt0          0x00100000       0x94 c:/devkitpro/devkitarm/bin/../lib/gcc/arm-none-eabi/4.9.2/../../../../arm-none-eabi/lib/armv6k/fpu/3dsx_crt0.o
                0x00100000                _start
                0x00100008                __service_ptr
                0x0010000c                __apt_appid
                0x00100010                __heap_size
                0x00100014                __linear_heap_size
                0x00100018                __system_arglist
                0x0010001c                __system_runflags
 *(.init)
 .init          0x00100094        0xc c:/devkitpro/devkitarm/bin/../lib/gcc/arm-none-eabi/4.9.2/armv6k/fpu/crti.o
                0x00100094                _init
 .init          0x001000a0        0xc c:/devkitpro/devkitarm/bin/../lib/gcc/arm-none-eabi/4.9.2/armv6k/fpu/crtn.o
                0x001000ac                . = ALIGN (0x4)
 *(.text)
 .text          0x001000ac        0x0 c:/devkitpro/devkitarm/bin/../lib/gcc/arm-none-eabi/4.9.2/../../../../arm-none-eabi/lib/armv6k/fpu/3dsx_crt0.o
 .text          0x001000ac        0x0 c:/devkitpro/devkitarm/bin/../lib/gcc/arm-none-eabi/4.9.2/armv6k/fpu/crti.o
 .text          0x001000ac      0x108 c:/devkitpro/devkitarm/bin/../lib/gcc/arm-none-eabi/4.9.2/armv6k/fpu/crtbegin.o
 .text          0x001001b4      0x264 circle_controller.o
                0x001001b4                circle_controller_init
                0x00100238                circle_controller_create_all_circles
                0x0010023c                circle_controller_free
                0x00100248                circle_controller_update_all_circles
                0x001002a0                circle_controller_update
                0x001002d8                circle_controller_draw_all_circles
                0x001002dc                circle_controller_draw
                0x001003ac                circle_controller_input
                0x001003cc                circle_controller_handle_state
 .text          0x00100418        0x0 main.o
 .text          0x00100418      0x75c c:/devkitPro/libctru/lib\libsf2d.a(sf2d.o)
                0x00100630                sf2d_init
                0x00100658                sf2d_init_advanced
                0x00100678                sf2d_fini
                0x001006dc                sf2d_set_3D
                0x001006e8                sf2d_start_frame
                0x00100878                sf2d_end_frame
                0x00100990                sf2d_swapbuffers
                0x00100a40                sf2d_set_vblank_wait
                0x00100a50                sf2d_get_fps
                0x00100a60                sf2d_pool_malloc
                0x00100a8c                sf2d_pool_memalign
                0x00100acc                sf2d_pool_space_free
                0x00100ae4                sf2d_pool_reset
                0x00100af8                sf2d_set_clear_color
                0x00100b08                sf2d_set_scissor_test
                0x00100b54                sf2d_get_current_screen
                0x00100b64                sf2d_get_current_side
 .text          0x00100b74      0x7cc c:/devkitPro/libctru/lib\libsf2d.a(sf2d_draw.o)
                0x00100b74                sf2d_draw_line
                0x00100d4c                sf2d_draw_rectangle
                0x00100f04                sf2d_draw_rectangle_rotate
                0x00101158                sf2d_draw_fill_circle
 .text          0x00101340      0x4f8 c:/devkitPro/libctru/lib\libsf2d.a(sf2d_private.o)
                0x00101340                GPU_SetDummyTexEnv
                0x00101374                vector_mult_matrix4x4
                0x001013f8                matrix_gpu_set_uniform
                0x00101448                matrix_copy
                0x00101484                matrix_identity4x4
                0x001014d0                matrix_mult4x4
                0x00101544                matrix_set_z_rotation
                0x001015b8                matrix_rotate_z
                0x00101618                matrix_set_scaling
                0x00101664                matrix_swap_xy
                0x00101704                matrix_init_orthographic
                0x00101818                next_pow2
 .text          0x00101838        0x0 c:/devkitPro/libctru/lib\libsf2d.a(shader.vsh.o)
 .text          0x00101838      0x1d4 c:/devkitPro/libctru/lib\libctru.a(linear.o)
                0x00101860                linearMemAlign
                0x001019a0                linearAlloc
                0x001019a8                linearRealloc
                0x001019b0                linearFree
                0x00101a00                linearSpaceFree
 .text          0x00101a0c      0x35c c:/devkitPro/libctru/lib\libctru.a(mem_pool.o)
                0x00101a0c                MemPool::CoalesceRight(MemBlock*)
                0x00101aac                MemPool::Allocate(MemChunk&, unsigned long, int)
                0x00101c34                MemPool::Deallocate(MemChunk const&)
                0x00101d38                MemPool::GetFreeSpace()
 .text          0x00101d68      0x1c4 c:/devkitPro/libctru/lib\libctru.a(vram.o)
                0x00101d90                vramMemAlign
                0x00101ec0                vramAlloc
                0x00101ec8                vramRealloc
                0x00101ed0                vramFree
                0x00101f20                vramSpaceFree
 .text          0x00101f2c      0x748 c:/devkitPro/libctru/lib\libctru.a(gfx.o)
                0x00101fb8                gfxSet3D
                0x00101fc8                gfxSetScreenFormat
                0x00101fe0                gfxGetScreenFormat
                0x00101ff8                gfxSetDoubleBuffering
                0x0010200c                gfxSetFramebufferInfo
                0x0010207c                gfxWriteFramebufferInfo
                0x00102140                gfxInit
                0x00102320                gfxInitDefault
                0x00102330                gfxExit
                0x00102418                gfxGetFramebuffer
                0x001024c8                gfxFlushBuffers
                0x001025a4                gfxSwapBuffers
                0x00102618                gfxSwapBuffersGpu
 *fill*         0x00102674        0x4 
 .text          0x00102678      0x550 c:/devkitPro/libctru/lib\libctru.a(os.o)
                0x001027ac                osConvertVirtToPhys
                0x001027f8                osConvertOldLINEARMemToNew
                0x00102818                __libctru_gtod
                0x0010290c                osGetTime
                0x00102980                osGetFirmVersion
                0x00102994                osGetKernelVersion
                0x001029a8                osStrError
                0x001029c8                osGetWifiStrength
                0x001029d8                __ctru_speedup_config
                0x00102a0c                osSetSpeedupEnable
                0x00102a1c                osGetSystemVersionData
                0x00102b4c                osGetSystemVersionDataString
 .text          0x00102bc8      0xa8c c:/devkitPro/libctru/lib\libctru.a(romfs_dev.o)
                0x00103348                romfsInit
                0x001035d0                romfsInitFromFile
                0x001035f8                romfsExit
 .text          0x00103654     0x1a58 c:/devkitPro/libctru/lib\libctru.a(gpu.o)
                0x001036d4                GPU_Init
                0x00103700                GPUCMD_SetBuffer
                0x0010372c                GPUCMD_SetBufferOffset
                0x0010373c                GPUCMD_GetBuffer
                0x0010377c                GPUCMD_AddRawCommands
                0x001037c8                GPUCMD_Run
                0x00103828                GPUCMD_FlushAndRun
                0x0010389c                GPUCMD_Add
                0x00103980                GPUCMD_Finalize
                0x00103a18                GPU_Reset
                0x001041f8                GPU_SetFloatUniform
                0x00104270                GPU_SetViewport
                0x00104464                GPU_SetScissorTest
                0x001044b0                GPU_DepthMap
                0x0010452c                GPU_SetAlphaTest
                0x00104564                GPU_SetStencilTest
                0x001045ac                GPU_SetStencilOp
                0x001045e0                GPU_SetDepthTestAndWriteMask
                0x00104618                GPU_SetAlphaBlending
                0x00104680                GPU_SetColorLogicOp
                0x001046c4                GPU_SetBlendingColor
                0x00104700                GPU_SetTextureEnable
                0x0010474c                GPU_SetTexture
                0x001048e4                GPU_SetTextureBorderColor
                0x00104978                GPU_SetAttributeBuffers
                0x00104b74                GPU_SetAttributeBuffersAddress
                0x00104ba0                GPU_SetFaceCulling
                0x00104bcc                GPU_SetCombinerBufferWrite
                0x00104c00                GPU_SetTexEnv
                0x00104c78                GPU_DrawArray
                0x00104da8                GPU_DrawElements
                0x00104edc                GPU_FinishDrawing
                0x00104f38                GPU_SetShaderOutmap
                0x00104f80                GPU_SendShaderCode
                0x00105038                GPU_SendOperandDescriptors
 .text          0x001050ac        0x0 c:/devkitPro/libctru/lib\libctru.a(gpuResetSequence.o)
 .text          0x001050ac      0x7f4 c:/devkitPro/libctru/lib\libctru.a(shaderProgram.o)
                0x001050ac                shaderInstanceInit
                0x001052b4                shaderInstanceFree
                0x001052ec                shaderInstanceSetBool
                0x0010532c                shaderInstanceGetBool
                0x00105378                shaderInstanceGetUniformLocation
                0x00105398                shaderProgramInit
                0x001053b0                shaderProgramFree
                0x001053e0                shaderProgramSetVsh
                0x0010544c                shaderProgramSetGsh
                0x001054c0                shaderProgramUse
 .text          0x001058a0      0x348 c:/devkitPro/libctru/lib\libctru.a(shbin.o)
                0x001058a0                DVLB_Free
                0x001058dc                DVLE_GetUniformRegister
                0x00105958                DVLE_GenerateOutmap
                0x00105a50                DVLB_ParseFile
 .text          0x00105be8     0x1e3c c:/devkitPro/libctru/lib\libctru.a(apt.o)
                0x00105c4c                _aptDebug
                0x00105c50                aptInitCaptureInfo
                0x00105d00                aptWaitStatusEvent
                0x00105d28                aptHook
                0x00105d60                aptUnhook
                0x00105d8c                aptGetStatus
                0x00105dc4                aptSetStatus
                0x00105e34                aptGetStatusPower
                0x00105e6c                aptSetStatusPower
                0x00105ea4                aptOpenSession
                0x00105ec8                aptCloseSession
                0x00105ef0                aptSignalReadyForSleep
                0x00105f00                APT_GetLockHandle
                0x00105f50                APT_Initialize
                0x00105fb8                APT_Finalize
                0x00105ff4                APT_HardwareResetAsync
                0x00106028                APT_Enable
                0x00106064                APT_GetAppletManInfo
                0x001060e4                aptGetMenuAppID
                0x00106120                APT_GetAppletInfo
                0x001061b8                APT_GetAppletProgramInfo
                0x0010620c                APT_GetProgramID
                0x0010627c                APT_IsRegistered
                0x001062cc                APT_InquireNotification
                0x0010631c                APT_PrepareToJumpToHomeMenu
                0x00106350                APT_JumpToHomeMenu
                0x001063a0                APT_PrepareToJumpToApplication
                0x001063dc                APT_JumpToApplication
                0x0010642c                APT_NotifyToWait
                0x00106468                APT_AppletUtility
                0x001064f0                aptAppletUtility_Exit_RetToApp
                0x00106610                aptAppletClosed
                0x00106720                aptInit
                0x001068e8                APT_GlanceParameter
                0x0010695c                APT_ReceiveParameter
                0x001069d0                APT_SendParameter
                0x00106a40                APT_SendCaptureBufferInfo
                0x00106a8c                aptReturnToMenu
                0x00106c60                APT_ReplySleepQuery
                0x00106ca0                APT_ReplySleepNotificationComplete
                0x00106cdc                aptEventHandler
                0x00106fe0                APT_PrepareToCloseApplication
                0x0010701c                APT_CloseApplication
                0x00107074                aptExit
                0x00107260                APT_SetAppCpuTimeLimit
                0x001072a4                APT_GetAppCpuTimeLimit
                0x001072f8                APT_CheckNew3DS_Application
                0x00107354                APT_CheckNew3DS_System
                0x001073b0                APT_CheckNew3DS
                0x00107424                APT_PrepareToDoAppJump
                0x00107470                APT_DoAppJump
                0x001074d8                APT_PrepareToStartLibraryApplet
                0x00107514                APT_StartLibraryApplet
                0x00107574                aptAppletStarted
                0x00107678                aptMainLoop
                0x001077f0                APT_LaunchLibraryApplet
                0x00107988                APT_PrepareToStartSystemApplet
                0x001079c4                APT_StartSystemApplet
 .text          0x00107a24      0x288 c:/devkitPro/libctru/lib\libctru.a(cfgu.o)
                0x00107a24                initCfgu
                0x00107a78                exitCfgu
                0x00107a98                CFGU_SecureInfoGetRegion
                0x00107ad0                CFGU_GenHashConsoleUnique
                0x00107b28                CFGU_GetRegionCanadaUSA
                0x00107b60                CFGU_GetSystemModel
                0x00107b98                CFGU_GetModelNintendo2DS
                0x00107bd0                CFGU_GetCountryCodeString
                0x00107c10                CFGU_GetCountryCodeID
                0x00107c50                CFGU_GetConfigInfoBlk2
                0x00107c98                CFGU_GetSystemLanguage
 .text          0x00107cac      0xd4c c:/devkitPro/libctru/lib\libctru.a(fs.o)
                0x00107cac                FS_makePath
                0x00107cd8                fsExit
                0x00107cfc                fsGetSessionHandle
                0x00107d08                FSUSER_Initialize
                0x00107d7c                fsInit
                0x00107de8                FSUSER_OpenFile
                0x00107e94                FSUSER_OpenFileDirectly
                0x00107f60                FSUSER_DeleteFile
                0x00107fe8                FSUSER_RenameFile
                0x001080ac                FSUSER_DeleteDirectory
                0x00108134                FSUSER_DeleteDirectoryRecursively
                0x001081bc                FSUSER_CreateFile
                0x00108254                FSUSER_CreateDirectory
                0x001082e0                FSUSER_RenameDirectory
                0x001083a4                FSUSER_OpenDirectory
                0x00108438                FSUSER_OpenArchive
                0x001084c0                FSUSER_CloseArchive
                0x00108518                FSUSER_GetSdmcArchiveResource
                0x00108594                FSUSER_GetNandArchiveResource
                0x00108610                FSUSER_IsSdmcDetected
                0x0010865c                FSUSER_GetProductInfo
                0x001086d4                FSUSER_GetMediaType
                0x00108720                FSUSER_IsSdmcWritable
                0x0010876c                FSFILE_Close
                0x001087b0                FSFILE_Read
                0x0010880c                FSFILE_Write
                0x00108870                FSFILE_GetSize
                0x001088b0                FSFILE_SetSize
                0x001088dc                FSFILE_GetAttributes
                0x00108914                FSFILE_SetAttributes
                0x0010893c                FSFILE_Flush
                0x00108960                FSDIR_Read
                0x001089b4                FSDIR_Close
 .text          0x001089f8      0x934 c:/devkitPro/libctru/lib\libctru.a(gsp.o)
                0x00108adc                gspInit
                0x00108af0                gspExit
                0x00108b08                gspInitEventHandler
                0x00108bd4                gspExitEventHandler
                0x00108c2c                gspWaitForEvent
                0x00108c84                GSPGPU_WriteHWRegs
                0x00108cf4                GSPGPU_WriteHWRegsWithMask
                0x00108d80                GSPGPU_ReadHWRegs
                0x00108df0                GSPGPU_SetBufferSwap
                0x00108e64                GSPGPU_FlushDataCache
                0x00108eb8                GSPGPU_InvalidateDataCache
                0x00108f0c                GSPGPU_SetLcdForceBlack
                0x00108f48                GSPGPU_TriggerCmdReqQueue
                0x00108f7c                GSPGPU_RegisterInterruptRelayQueue
                0x00108fe8                GSPGPU_UnregisterInterruptRelayQueue
                0x0010901c                GSPGPU_AcquireRight
                0x0010906c                GSPGPU_ReleaseRight
                0x001090a0                GSPGPU_ImportDisplayCaptureInfo
                0x00109124                GSPGPU_SaveVramSysArea
                0x00109158                GSPGPU_RestoreVramSysArea
                0x0010918c                GSPGPU_SubmitGxCommand
                0x00109298                gspLcdInit
                0x001092ac                gspLcdExit
                0x001092c4                GSPLCD_PowerOffBacklight
                0x001092f8                GSPLCD_PowerOnBacklight
 .text          0x0010932c      0x264 c:/devkitPro/libctru/lib\libctru.a(gx.o)
                0x0010932c                GX_RequestDma
                0x00109380                GX_SetCommandList_Last
                0x001093e8                GX_SetMemoryFill
                0x0010945c                GX_SetDisplayTransfer
                0x001094c0                GX_SetTextureCopy
                0x00109528                GX_SetCommandList_First
 .text          0x00109590      0x754 c:/devkitPro/libctru/lib\libctru.a(hid.o)
                0x00109590                hidExit
                0x00109660                hidWaitForEvent
                0x001096b8                hidCheckSectionUpdateTime
                0x001096f4                hidScanInput
                0x0010993c                hidKeysHeld
                0x0010994c                hidKeysDown
                0x0010995c                hidKeysUp
                0x0010996c                hidTouchRead
                0x00109984                hidCircleRead
                0x0010999c                hidAccelRead
                0x001099bc                hidGyroRead
                0x001099dc                HIDUSER_GetHandles
                0x00109a6c                hidInit
                0x00109bc0                HIDUSER_EnableAccelerometer
                0x00109bec                HIDUSER_DisableAccelerometer
                0x00109c18                HIDUSER_EnableGyroscope
                0x00109c44                HIDUSER_DisableGyroscope
                0x00109c70                HIDUSER_GetGyroscopeRawToDpsCoefficient
                0x00109cac                HIDUSER_GetSoundVolume
 .text          0x00109ce4      0x3c0 c:/devkitPro/libctru/lib\libctru.a(irrst.o)
                0x00109ce4                irrstWaitForEvent
                0x00109d30                irrstCheckSectionUpdateTime
                0x00109d6c                irrstScanInput
                0x00109e20                irrstKeysHeld
                0x00109e38                irrstCstickRead
                0x00109e50                IRRST_GetHandles
                0x00109ea0                IRRST_Initialize
                0x00109ed8                irrstInit
                0x00109fd8                IRRST_Shutdown
                0x0010a004                irrstExit
 .text          0x0010a0a4      0x1bc c:/devkitPro/libctru/lib\libctru.a(ptm.o)
                0x0010a0a4                ptmInit
                0x0010a0b8                ptmExit
                0x0010a0c8                ptmSysmInit
                0x0010a0dc                ptmSysmExit
                0x0010a0ec                PTMU_GetShellState
                0x0010a12c                PTMU_GetBatteryLevel
                0x0010a16c                PTMU_GetBatteryChargeState
                0x0010a1ac                PTMU_GetPedometerState
                0x0010a1ec                PTMU_GetTotalStepCount
                0x0010a22c                PTMSYSM_ConfigureNew3DSCPU
 .text          0x0010a260       0x70 c:/devkitPro/libctru/lib\libctru.a(rbtree_find.o)
                0x0010a260                rbtree_find
 .text          0x0010a2d0       0x14 c:/devkitPro/libctru/lib\libctru.a(rbtree_init.o)
                0x0010a2d0                rbtree_init
 .text          0x0010a2e4      0x1f4 c:/devkitPro/libctru/lib\libctru.a(rbtree_insert.o)
                0x0010a4c8                rbtree_insert
                0x0010a4d0                rbtree_insert_multi
 .text          0x0010a4d8      0x340 c:/devkitPro/libctru/lib\libctru.a(rbtree_remove.o)
                0x0010a4d8                rbtree_remove
 .text          0x0010a818       0xac c:/devkitPro/libctru/lib\libctru.a(rbtree_rotate.o)
                0x0010a818                rbtree_rotate
 .text          0x0010a8c4       0xb8 c:/devkitPro/libctru/lib\libctru.a(utf8_to_utf16.o)
                0x0010a8c4                utf8_to_utf16
 .text          0x0010a97c       0xa4 c:/devkitPro/libctru/lib\libctru.a(allocateHeaps.o)
                0x0010a97c                __system_allocateHeaps
 .text          0x0010aa20       0xf4 c:/devkitPro/libctru/lib\libctru.a(initArgv.o)
                0x0010aa20                __system_initArgv
 .text          0x0010ab14       0x4c c:/devkitPro/libctru/lib\libctru.a(initSystem.o)
                0x0010ab14                __libctru_init
 .text          0x0010ab60      0x460 c:/devkitPro/libctru/lib\libctru.a(svc.o)
                0x0010ab60                svcControlMemory
                0x0010ab80                svcQueryMemory
                0x0010abb0                svcExitProcess
                0x0010abb8                svcCreateThread
                0x0010abd8                svcExitThread
                0x0010abe0                svcSleepThread
                0x0010abe8                svcGetThreadPriority
                0x0010abfc                svcSetThreadPriority
                0x0010ac04                svcGetThreadAffinityMask
                0x0010ac0c                svcSetThreadAffinityMask
                0x0010ac14                svcGetThreadIdealProcessor
                0x0010ac28                svcSetThreadIdealProcessor
                0x0010ac30                svcGetProcessorID
                0x0010ac38                svcCreateMutex
                0x0010ac4c                svcReleaseMutex
                0x0010ac54                svcCreateSemaphore
                0x0010ac68                svcReleaseSemaphore
                0x0010ac7c                svcCreateEvent
                0x0010ac90                svcSignalEvent
                0x0010ac98                svcClearEvent
                0x0010aca0                svcCreateTimer
                0x0010acb4                svcSetTimer
                0x0010acbc                svcCancelTimer
                0x0010acc4                svcClearTimer
                0x0010accc                svcCreateMemoryBlock
                0x0010ace4                svcMapMemoryBlock
                0x0010acec                svcUnmapMemoryBlock
                0x0010acf4                svcCreateAddressArbiter
                0x0010ad08                svcArbitrateAddress
                0x0010ad28                svcCloseHandle
                0x0010ad30                svcWaitSynchronization
                0x0010ad38                svcWaitSynchronizationN
                0x0010ad60                svcDuplicateHandle
                0x0010ad74                svcGetSystemTick
                0x0010ad7c                svcGetSystemInfo
                0x0010ad94                svcGetProcessInfo
                0x0010adac                svcGetThreadInfo
                0x0010adc4                svcConnectToPort
                0x0010add8                svcSendSyncRequest
                0x0010ade0                svcOpenProcess
                0x0010adf4                svcOpenThread
                0x0010ae08                svcGetProcessId
                0x0010ae1c                svcGetProcessIdOfThread
                0x0010ae30                svcGetThreadId
                0x0010ae44                svcBreak
                0x0010ae4c                svcOutputDebugString
                0x0010ae54                svcCreatePort
                0x0010ae74                svcAcceptSession
                0x0010ae8c                svcReplyAndReceive
                0x0010aea4                svcInvalidateProcessDataCache
                0x0010aeac                svcFlushProcessDataCache
                0x0010aeb4                svcStartInterProcessDma
                0x0010aed4                svcStopDma
                0x0010aedc                svcGetDmaState
                0x0010aef0                svcDebugActiveProcess
                0x0010af04                svcBreakDebugProcess
                0x0010af0c                svcTerminateDebugProcess
                0x0010af14                svcGetProcessDebugEvent
                0x0010af1c                svcContinueDebugEvent
                0x0010af24                svcGetProcessList
                0x0010af44                svcReadProcessMemory
                0x0010af4c                svcWriteProcessMemory
                0x0010af54                svcControlProcessMemory
                0x0010af6c                svcMapProcessMemory
                0x0010af74                svcUnmapProcessMemory
                0x0010af7c                svcTerminateProcess
                0x0010af84                svcBackdoor
                0x0010af8c                svcKernelSetState
                0x0010af94                svcQueryProcessMemory
 .text          0x0010afc0       0x64 c:/devkitPro/libctru/lib\libctru.a(stack_adjust.o)
                0x0010afc0                initSystem
                0x0010b004                __ctru_exit
 .text          0x0010b024      0x178 c:/devkitPro/libctru/lib\libctru.a(mappable.o)
                0x0010b04c                mappableAlloc
                0x0010b140                mappableFree
                0x0010b190                mappableSpaceFree
 .text          0x0010b19c      0x3b8 c:/devkitPro/libctru/lib\libctru.a(srv.o)
                0x0010b19c                __get_handle_from_list
                0x0010b234                __destroy_handle_list
                0x0010b288                srvExit
                0x0010b2b0                srvGetSessionHandle
                0x0010b2bc                srvRegisterClient
                0x0010b2f4                srvInit
                0x0010b35c                srvGetServiceHandle
                0x0010b3dc                srvRegisterService
                0x0010b438                srvUnregisterService
                0x0010b484                srvPmInit
                0x0010b4d8                srvRegisterProcess
                0x0010b520                srvUnregisterProcess
 .text          0x0010b554      0x118 c:/devkitPro/libctru/lib\libctru.a(rbtree_iterator.o)
                0x0010b554                rbtree_node_next
                0x0010b5e0                rbtree_node_prev
 .text          0x0010b66c      0x138 c:/devkitPro/libctru/lib\libctru.a(decode_utf8.o)
                0x0010b66c                decode_utf8
 .text          0x0010b7a4       0x68 c:/devkitPro/libctru/lib\libctru.a(encode_utf16.o)
                0x0010b7a4                encode_utf16
 .text          0x0010b80c       0x1c c:/devkitPro/libctru/lib\libctru.a(appExit.o)
                0x0010b80c                __appExit
 .text          0x0010b828       0x1c c:/devkitPro/libctru/lib\libctru.a(appInit.o)
                0x0010b828                __appInit
 .text          0x0010b844       0x90 c:/devkitPro/libctru/lib\libctru.a(ctru_exit.o)
                0x0010b844                __libctru_exit
 .text          0x0010b8d4      0xffc c:/devkitPro/libctru/lib\libctru.a(sdmc_dev.o)
                0x0010c750                sdmcInit
                0x0010c880                sdmcExit
 .text          0x0010c8d0       0xe8 c:/devkitPro/libctru/lib\libctru.a(utf16_to_utf8.o)
                0x0010c8d0                utf16_to_utf8
 .text          0x0010c9b8       0x60 c:/devkitPro/libctru/lib\libctru.a(decode_utf16.o)
                0x0010c9b8                decode_utf16
 .text          0x0010ca18      0x104 c:/devkitPro/libctru/lib\libctru.a(encode_utf8.o)
                0x0010ca18                encode_utf8
 .text          0x0010cb1c        0x0 c:/devkitpro/devkitarm/bin/../lib/gcc/arm-none-eabi/4.9.2/../../../../arm-none-eabi/lib/armv6k/fpu\libm.a(lib_a-sf_cos.o)
 .text          0x0010cb1c        0x0 c:/devkitpro/devkitarm/bin/../lib/gcc/arm-none-eabi/4.9.2/../../../../arm-none-eabi/lib/armv6k/fpu\libm.a(lib_a-sf_sin.o)
 .text          0x0010cb1c        0x0 c:/devkitpro/devkitarm/bin/../lib/gcc/arm-none-eabi/4.9.2/../../../../arm-none-eabi/lib/armv6k/fpu\libm.a(lib_a-ef_rem_pio2.o)
 .text          0x0010cb1c        0x0 c:/devkitpro/devkitarm/bin/../lib/gcc/arm-none-eabi/4.9.2/../../../../arm-none-eabi/lib/armv6k/fpu\libm.a(lib_a-kf_cos.o)
 .text          0x0010cb1c        0x0 c:/devkitpro/devkitarm/bin/../lib/gcc/arm-none-eabi/4.9.2/../../../../arm-none-eabi/lib/armv6k/fpu\libm.a(lib_a-kf_rem_pio2.o)
 .text          0x0010cb1c        0x0 c:/devkitpro/devkitarm/bin/../lib/gcc/arm-none-eabi/4.9.2/../../../../arm-none-eabi/lib/armv6k/fpu\libm.a(lib_a-kf_sin.o)
 .text          0x0010cb1c        0x0 c:/devkitpro/devkitarm/bin/../lib/gcc/arm-none-eabi/4.9.2/../../../../arm-none-eabi/lib/armv6k/fpu\libm.a(lib_a-sf_fabs.o)
 .text          0x0010cb1c        0x0 c:/devkitpro/devkitarm/bin/../lib/gcc/arm-none-eabi/4.9.2/../../../../arm-none-eabi/lib/armv6k/fpu\libm.a(lib_a-sf_floor.o)
 .text          0x0010cb1c        0x0 c:/devkitpro/devkitarm/bin/../lib/gcc/arm-none-eabi/4.9.2/../../../../arm-none-eabi/lib/armv6k/fpu\libm.a(lib_a-sf_scalbn.o)
 .text          0x0010cb1c        0x0 c:/devkitpro/devkitarm/bin/../lib/gcc/arm-none-eabi/4.9.2/../../../../arm-none-eabi/lib/armv6k/fpu\libm.a(lib_a-sf_copysign.o)
 .text          0x0010cb1c      0x20c c:/devkitpro/devkitarm/bin/../lib/gcc/arm-none-eabi/4.9.2/armv6k/fpu\libgcc.a(_udivsi3.o)
                0x0010cb1c                __aeabi_uidiv
                0x0010cb1c                __udivsi3
                0x0010cd08                __aeabi_uidivmod
 .text          0x0010cd28        0x4 c:/devkitpro/devkitarm/bin/../lib/gcc/arm-none-eabi/4.9.2/armv6k/fpu\libgcc.a(_dvmd_tls.o)
                0x0010cd28                __aeabi_idiv0
                0x0010cd28                __aeabi_ldiv0
 .text          0x0010cd2c      0x250 c:/devkitpro/devkitarm/bin/../lib/gcc/arm-none-eabi/4.9.2/armv6k/fpu\libgcc.a(_arm_addsubsf3.o)
                0x0010cd2c                __aeabi_frsub
                0x0010cd34                __subsf3
                0x0010cd34                __aeabi_fsub
                0x0010cd38                __aeabi_fadd
                0x0010cd38                __addsf3
                0x0010cec8                __aeabi_ui2f
                0x0010cec8                __floatunsisf
                0x0010ced0                __aeabi_i2f
                0x0010ced0                __floatsisf
                0x0010cef0                __aeabi_ul2f
                0x0010cef0                __floatundisf
                0x0010cf00                __aeabi_l2f
                0x0010cf00                __floatdisf
 .text          0x0010cf7c        0x0 c:/devkitpro/devkitarm/bin/../lib/gcc/arm-none-eabi/4.9.2/../../../../arm-none-eabi/lib/armv6k/fpu\libg.a(lib_a-bsearch.o)
 .text          0x0010cf7c        0x0 c:/devkitpro/devkitarm/bin/../lib/gcc/arm-none-eabi/4.9.2/../../../../arm-none-eabi/lib/armv6k/fpu\libg.a(lib_a-errno.o)
 .text          0x0010cf7c        0x0 c:/devkitpro/devkitarm/bin/../lib/gcc/arm-none-eabi/4.9.2/../../../../arm-none-eabi/lib/armv6k/fpu\libg.a(lib_a-fclose.o)
 .text          0x0010cf7c        0x0 c:/devkitpro/devkitarm/bin/../lib/gcc/arm-none-eabi/4.9.2/../../../../arm-none-eabi/lib/armv6k/fpu\libg.a(lib_a-fflush.o)
 .text          0x0010cf7c        0x0 c:/devkitpro/devkitarm/bin/../lib/gcc/arm-none-eabi/4.9.2/../../../../arm-none-eabi/lib/armv6k/fpu\libg.a(lib_a-findfp.o)
 .text          0x0010cf7c        0x0 c:/devkitpro/devkitarm/bin/../lib/gcc/arm-none-eabi/4.9.2/../../../../arm-none-eabi/lib/armv6k/fpu\libg.a(lib_a-fini.o)
 .text          0x0010cf7c        0x0 c:/devkitpro/devkitarm/bin/../lib/gcc/arm-none-eabi/4.9.2/../../../../arm-none-eabi/lib/armv6k/fpu\libg.a(lib_a-fopen.o)
 .text          0x0010cf7c        0x0 c:/devkitpro/devkitarm/bin/../lib/gcc/arm-none-eabi/4.9.2/../../../../arm-none-eabi/lib/armv6k/fpu\libg.a(lib_a-fread.o)
 .text          0x0010cf7c        0x0 c:/devkitpro/devkitarm/bin/../lib/gcc/arm-none-eabi/4.9.2/../../../../arm-none-eabi/lib/armv6k/fpu\libg.a(lib_a-freer.o)
 .text          0x0010cf7c        0x0 c:/devkitpro/devkitarm/bin/../lib/gcc/arm-none-eabi/4.9.2/../../../../arm-none-eabi/lib/armv6k/fpu\libg.a(lib_a-fseek.o)
 .text          0x0010cf7c        0x0 c:/devkitpro/devkitarm/bin/../lib/gcc/arm-none-eabi/4.9.2/../../../../arm-none-eabi/lib/armv6k/fpu\libg.a(lib_a-fseeko.o)
 .text          0x0010cf7c        0x0 c:/devkitpro/devkitarm/bin/../lib/gcc/arm-none-eabi/4.9.2/../../../../arm-none-eabi/lib/armv6k/fpu\libg.a(lib_a-fwalk.o)
 .text          0x0010cf7c        0x0 c:/devkitpro/devkitarm/bin/../lib/gcc/arm-none-eabi/4.9.2/../../../../arm-none-eabi/lib/armv6k/fpu\libg.a(lib_a-impure.o)
 .text          0x0010cf7c        0x0 c:/devkitpro/devkitarm/bin/../lib/gcc/arm-none-eabi/4.9.2/../../../../arm-none-eabi/lib/armv6k/fpu\libg.a(lib_a-init.o)
 .text          0x0010cf7c        0x0 c:/devkitpro/devkitarm/bin/../lib/gcc/arm-none-eabi/4.9.2/../../../../arm-none-eabi/lib/armv6k/fpu\libg.a(lib_a-makebuf.o)
 .text          0x0010cf7c        0x0 c:/devkitpro/devkitarm/bin/../lib/gcc/arm-none-eabi/4.9.2/../../../../arm-none-eabi/lib/armv6k/fpu\libg.a(lib_a-malloc.o)
 .text          0x0010cf7c        0x0 c:/devkitpro/devkitarm/bin/../lib/gcc/arm-none-eabi/4.9.2/../../../../arm-none-eabi/lib/armv6k/fpu\libg.a(lib_a-mallocr.o)
 .text          0x0010cf7c        0x0 c:/devkitpro/devkitarm/bin/../lib/gcc/arm-none-eabi/4.9.2/../../../../arm-none-eabi/lib/armv6k/fpu\libg.a(lib_a-memcmp.o)
 .text          0x0010cf7c        0x0 c:/devkitpro/devkitarm/bin/../lib/gcc/arm-none-eabi/4.9.2/../../../../arm-none-eabi/lib/armv6k/fpu\libg.a(lib_a-memcpy.o)
 .text          0x0010cf7c        0x0 c:/devkitpro/devkitarm/bin/../lib/gcc/arm-none-eabi/4.9.2/../../../../arm-none-eabi/lib/armv6k/fpu\libg.a(lib_a-memset.o)
 .text          0x0010cf7c        0x0 c:/devkitpro/devkitarm/bin/../lib/gcc/arm-none-eabi/4.9.2/../../../../arm-none-eabi/lib/armv6k/fpu\libg.a(lib_a-mlock.o)
 .text          0x0010cf7c        0x0 c:/devkitpro/devkitarm/bin/../lib/gcc/arm-none-eabi/4.9.2/../../../../arm-none-eabi/lib/armv6k/fpu\libg.a(lib_a-rand.o)
 .text          0x0010cf7c        0x0 c:/devkitpro/devkitarm/bin/../lib/gcc/arm-none-eabi/4.9.2/../../../../arm-none-eabi/lib/armv6k/fpu\libg.a(lib_a-refill.o)
 .text          0x0010cf7c        0x0 c:/devkitpro/devkitarm/bin/../lib/gcc/arm-none-eabi/4.9.2/../../../../arm-none-eabi/lib/armv6k/fpu\libg.a(lib_a-snprintf.o)
 .text          0x0010cf7c        0x0 c:/devkitpro/devkitarm/bin/../lib/gcc/arm-none-eabi/4.9.2/../../../../arm-none-eabi/lib/armv6k/fpu\libg.a(lib_a-stdio.o)
 .text          0x0010cf7c        0x0 c:/devkitpro/devkitarm/bin/../lib/gcc/arm-none-eabi/4.9.2/../../../../arm-none-eabi/lib/armv6k/fpu\libg.a(lib_a-strchr.o)
 *fill*         0x0010cf7c        0x4 
 .text          0x0010cf80      0x3a0 c:/devkitpro/devkitarm/bin/../lib/gcc/arm-none-eabi/4.9.2/../../../../arm-none-eabi/lib/armv6k/fpu\libg.a(lib_a-strcmp.o)
                0x0010cf88                strcmp
 .text          0x0010d320        0x0 c:/devkitpro/devkitarm/bin/../lib/gcc/arm-none-eabi/4.9.2/../../../../arm-none-eabi/lib/armv6k/fpu\libg.a(lib_a-strcpy.o)
 .text          0x0010d320        0x0 c:/devkitpro/devkitarm/bin/../lib/gcc/arm-none-eabi/4.9.2/../../../../arm-none-eabi/lib/armv6k/fpu\libg.a(lib_a-strlen.o)
 .text          0x0010d320        0x0 c:/devkitpro/devkitarm/bin/../lib/gcc/arm-none-eabi/4.9.2/../../../../arm-none-eabi/lib/armv6k/fpu\libg.a(lib_a-strncat.o)
 .text          0x0010d320        0x0 c:/devkitpro/devkitarm/bin/../lib/gcc/arm-none-eabi/4.9.2/../../../../arm-none-eabi/lib/armv6k/fpu\libg.a(lib_a-strncmp.o)
 .text          0x0010d320        0x0 c:/devkitpro/devkitarm/bin/../lib/gcc/arm-none-eabi/4.9.2/../../../../arm-none-eabi/lib/armv6k/fpu\libg.a(lib_a-strncpy.o)
 .text          0x0010d320        0x0 c:/devkitpro/devkitarm/bin/../lib/gcc/arm-none-eabi/4.9.2/../../../../arm-none-eabi/lib/armv6k/fpu\libg.a(lib_a-svfprintf.o)
 .text          0x0010d320        0x0 c:/devkitpro/devkitarm/bin/../lib/gcc/arm-none-eabi/4.9.2/../../../../arm-none-eabi/lib/armv6k/fpu\libg.a(lib_a-wcrtomb.o)
 .text          0x0010d320        0x0 c:/devkitpro/devkitarm/bin/../lib/gcc/arm-none-eabi/4.9.2/../../../../arm-none-eabi/lib/armv6k/fpu\libg.a(lib_a-wcsrtombs.o)
 .text          0x0010d320        0x0 c:/devkitpro/devkitarm/bin/../lib/gcc/arm-none-eabi/4.9.2/../../../../arm-none-eabi/lib/armv6k/fpu\libg.a(lib_a-wctomb_r.o)
 .text          0x0010d320        0x0 c:/devkitpro/devkitarm/bin/../lib/gcc/arm-none-eabi/4.9.2/../../../../arm-none-eabi/lib/armv6k/fpu\libg.a(lib_a-dtoa.o)
 .text          0x0010d320        0x0 c:/devkitpro/devkitarm/bin/../lib/gcc/arm-none-eabi/4.9.2/../../../../arm-none-eabi/lib/armv6k/fpu\libg.a(lib_a-flags.o)
 .text          0x0010d320        0x0 c:/devkitpro/devkitarm/bin/../lib/gcc/arm-none-eabi/4.9.2/../../../../arm-none-eabi/lib/armv6k/fpu\libg.a(lib_a-locale.o)
 .text          0x0010d320        0x0 c:/devkitpro/devkitarm/bin/../lib/gcc/arm-none-eabi/4.9.2/../../../../arm-none-eabi/lib/armv6k/fpu\libg.a(lib_a-mbtowc_r.o)
 .text          0x0010d320        0x0 c:/devkitpro/devkitarm/bin/../lib/gcc/arm-none-eabi/4.9.2/../../../../arm-none-eabi/lib/armv6k/fpu\libg.a(lib_a-memchr.o)
 .text          0x0010d320        0x0 c:/devkitpro/devkitarm/bin/../lib/gcc/arm-none-eabi/4.9.2/../../../../arm-none-eabi/lib/armv6k/fpu\libg.a(lib_a-mprec.o)
 .text          0x0010d320        0x0 c:/devkitpro/devkitarm/bin/../lib/gcc/arm-none-eabi/4.9.2/../../../../arm-none-eabi/lib/armv6k/fpu\libg.a(lib_a-s_fpclassify.o)
 .text          0x0010d320        0x0 c:/devkitpro/devkitarm/bin/../lib/gcc/arm-none-eabi/4.9.2/../../../../arm-none-eabi/lib/armv6k/fpu\libg.a(lib_a-s_frexp.o)
 .text          0x0010d320        0x0 c:/devkitpro/devkitarm/bin/../lib/gcc/arm-none-eabi/4.9.2/../../../../arm-none-eabi/lib/armv6k/fpu\libg.a(lib_a-strcasecmp.o)
 .text          0x0010d320        0x0 c:/devkitpro/devkitarm/bin/../lib/gcc/arm-none-eabi/4.9.2/../../../../arm-none-eabi/lib/armv6k/fpu\libg.a(lib_a-strcat.o)
 .text          0x0010d320        0x0 c:/devkitpro/devkitarm/bin/../lib/gcc/arm-none-eabi/4.9.2/../../../../arm-none-eabi/lib/armv6k/fpu\libg.a(lib_a-strlcpy.o)
 .text          0x0010d320        0x0 c:/devkitpro/devkitarm/bin/../lib/gcc/arm-none-eabi/4.9.2/../../../../arm-none-eabi/lib/armv6k/fpu\libg.a(lib_a-strncasecmp.o)
 .text          0x0010d320        0x0 c:/devkitpro/devkitarm/bin/../lib/gcc/arm-none-eabi/4.9.2/../../../../arm-none-eabi/lib/armv6k/fpu\libg.a(lib_a-strtol.o)
 .text          0x0010d320        0x0 c:/devkitpro/devkitarm/bin/../lib/gcc/arm-none-eabi/4.9.2/../../../../arm-none-eabi/lib/armv6k/fpu\libg.a(lib_a-svfiprintf.o)
 .text          0x0010d320        0x0 c:/devkitpro/devkitarm/bin/../lib/gcc/arm-none-eabi/4.9.2/../../../../arm-none-eabi/lib/armv6k/fpu\libg.a(lib_a-wcsnrtombs.o)
 .text          0x0010d320        0x0 c:/devkitpro/devkitarm/bin/../lib/gcc/arm-none-eabi/4.9.2/../../../../arm-none-eabi/lib/armv6k/fpu\libg.a(lib_a-callocr.o)
 .text          0x0010d320        0x0 c:/devkitpro/devkitarm/bin/../lib/gcc/arm-none-eabi/4.9.2/../../../../arm-none-eabi/lib/armv6k/fpu\libg.a(lib_a-ctype_.o)
 .text          0x0010d320        0x0 c:/devkitpro/devkitarm/bin/../lib/gcc/arm-none-eabi/4.9.2/../../../../arm-none-eabi/lib/armv6k/fpu\libg.a(lib_a-getenv_r.o)
 .text          0x0010d320        0x0 c:/devkitpro/devkitarm/bin/../lib/gcc/arm-none-eabi/4.9.2/../../../../arm-none-eabi/lib/armv6k/fpu\libg.a(lib_a-memmove.o)
 .text          0x0010d320        0x0 c:/devkitpro/devkitarm/bin/../lib/gcc/arm-none-eabi/4.9.2/../../../../arm-none-eabi/lib/armv6k/fpu\libg.a(lib_a-reallocr.o)
 .text          0x0010d320        0x0 c:/devkitpro/devkitarm/bin/../lib/gcc/arm-none-eabi/4.9.2/../../../../arm-none-eabi/lib/armv6k/fpu\libg.a(lib_a-environ.o)
 .text          0x0010d320        0x0 c:/devkitpro/devkitarm/bin/../lib/gcc/arm-none-eabi/4.9.2/../../../../arm-none-eabi/lib/armv6k/fpu\libg.a(lib_a-envlock.o)
 .text          0x0010d320      0x1a8 c:/devkitpro/devkitarm/bin/../lib/gcc/arm-none-eabi/4.9.2/../../../../arm-none-eabi/lib/armv6k/fpu\libsysbase.a(iosupport.o)
                0x0010d320                setDefaultDevice
                0x0010d338                FindDevice
                0x0010d3e4                RemoveDevice
                0x0010d410                AddDevice
                0x0010d4a4                GetDeviceOpTab
 .text          0x0010d4c8       0x7c c:/devkitpro/devkitarm/bin/../lib/gcc/arm-none-eabi/4.9.2/../../../../arm-none-eabi/lib/armv6k/fpu\libsysbase.a(close.o)
                0x0010d4c8                _close_r
 .text          0x0010d544       0x6c c:/devkitpro/devkitarm/bin/../lib/gcc/arm-none-eabi/4.9.2/../../../../arm-none-eabi/lib/armv6k/fpu\libsysbase.a(fstat.o)
                0x0010d544                _fstat_r
 .text          0x0010d5b0        0x8 c:/devkitpro/devkitarm/bin/../lib/gcc/arm-none-eabi/4.9.2/../../../../arm-none-eabi/lib/armv6k/fpu\libsysbase.a(isatty.o)
                0x0010d5b0                _isatty_r
 .text          0x0010d5b8       0x74 c:/devkitpro/devkitarm/bin/../lib/gcc/arm-none-eabi/4.9.2/../../../../arm-none-eabi/lib/armv6k/fpu\libsysbase.a(lseek.o)
                0x0010d5b8                _lseek_r
 .text          0x0010d62c       0xc8 c:/devkitpro/devkitarm/bin/../lib/gcc/arm-none-eabi/4.9.2/../../../../arm-none-eabi/lib/armv6k/fpu\libsysbase.a(open.o)
                0x0010d62c                _open_r
 .text          0x0010d6f4       0x74 c:/devkitpro/devkitarm/bin/../lib/gcc/arm-none-eabi/4.9.2/../../../../arm-none-eabi/lib/armv6k/fpu\libsysbase.a(read.o)
                0x0010d6f4                _read_r
 .text          0x0010d768       0x70 c:/devkitpro/devkitarm/bin/../lib/gcc/arm-none-eabi/4.9.2/../../../../arm-none-eabi/lib/armv6k/fpu\libsysbase.a(sbrk.o)
                0x0010d768                _sbrk_r
 .text          0x0010d7d8       0x74 c:/devkitpro/devkitarm/bin/../lib/gcc/arm-none-eabi/4.9.2/../../../../arm-none-eabi/lib/armv6k/fpu\libsysbase.a(write.o)
                0x0010d7d8                _write_r
 .text          0x0010d84c        0x0 c:/devkitpro/devkitarm/bin/../lib/gcc/arm-none-eabi/4.9.2/../../../../arm-none-eabi/lib/armv6k/fpu\libsysbase.a(malloc_vars.o)
 .text          0x0010d84c      0x3a4 c:/devkitpro/devkitarm/bin/../lib/gcc/arm-none-eabi/4.9.2/../../../../arm-none-eabi/lib/armv6k/fpu\libsysbase.a(chdir.o)
                0x0010d84c                _concatenate_path
                0x0010da08                chdir
                0x0010db50                getcwd
 .text          0x0010dbf0        0x8 c:/devkitpro/devkitarm/bin/../lib/gcc/arm-none-eabi/4.9.2/../../../../arm-none-eabi/lib/armv6k/fpu\libsysbase.a(flock.o)
                0x0010dbf0                __flockfile
                0x0010dbf4                __funlockfile
 .text          0x0010dbf8      0x108 c:/devkitpro/devkitarm/bin/../lib/gcc/arm-none-eabi/4.9.2/../../../../arm-none-eabi/lib/armv6k/fpu\libsysbase.a(syscall_support.o)
                0x0010dbf8                __libc_lock_init
                0x0010dc10                __libc_lock_acquire
                0x0010dc28                __libc_lock_try_acquire
                0x0010dc4c                __libc_lock_release
                0x0010dc64                __libc_lock_close
                0x0010dc7c                __libc_lock_init_recursive
                0x0010dc94                __libc_lock_acquire_recursive
                0x0010dcac                __libc_lock_try_acquire_recursive
                0x0010dcd0                __libc_lock_release_recursive
                0x0010dce8                __libc_lock_close_recursive
 .text          0x0010dd00      0x254 c:/devkitpro/devkitarm/bin/../lib/gcc/arm-none-eabi/4.9.2/../../../../arm-none-eabi/lib/armv6k/fpu\libsysbase.a(handle_manager.o)
                0x0010dd00                __free_handle
                0x0010dd44                __release_handle
                0x0010dd70                __alloc_handle
                0x0010ddd8                __get_handle
                0x0010ddf4                dup
                0x0010de80                dup2
 .text          0x0010df54       0x28 c:/devkitpro/devkitarm/bin/../lib/gcc/arm-none-eabi/4.9.2/../../../../arm-none-eabi/lib/armv6k/fpu\libsysbase.a(getreent.o)
                0x0010df54                __getreent
 .text          0x0010df7c       0x3c c:/devkitpro/devkitarm/bin/../lib/gcc/arm-none-eabi/4.9.2/armv6k/fpu\libgcc.a(_aeabi_uldivmod.o)
                0x0010df7c                __aeabi_uldivmod
 .text          0x0010dfb8       0x78 c:/devkitpro/devkitarm/bin/../lib/gcc/arm-none-eabi/4.9.2/armv6k/fpu\libgcc.a(bpabi.o)
                0x0010dfb8                __gnu_ldivmod_helper
                0x0010dff4                __gnu_uldivmod_helper
 .text          0x0010e030      0x180 c:/devkitpro/devkitarm/bin/../lib/gcc/arm-none-eabi/4.9.2/armv6k/fpu\libgcc.a(_divdi3.o)
                0x0010e030                __divdi3
 .text          0x0010e1b0      0x124 c:/devkitpro/devkitarm/bin/../lib/gcc/arm-none-eabi/4.9.2/armv6k/fpu\libgcc.a(_udivdi3.o)
                0x0010e1b0                __udivdi3
 .text          0x0010e2d4        0x0 c:/devkitpro/devkitarm/bin/../lib/gcc/arm-none-eabi/4.9.2/../../../../arm-none-eabi/lib/armv6k/fpu\libg.a(lib_a-strnlen.o)
 .text          0x0010e2d4        0x0 c:/devkitpro/devkitarm/bin/../lib/gcc/arm-none-eabi/4.9.2/../../../../arm-none-eabi/lib/armv6k/fpu\libg.a(lib_a-strrchr.o)
 .text          0x0010e2d4        0x0 c:/devkitpro/devkitarm/bin/../lib/gcc/arm-none-eabi/4.9.2/armv6k/fpu/crtend.o
 .text          0x0010e2d4        0x0 c:/devkitpro/devkitarm/bin/../lib/gcc/arm-none-eabi/4.9.2/armv6k/fpu/crtn.o
 *(.text.*)
 .text.startup  0x0010e2d4       0x40 main.o
                0x0010e2d4                main
 .text.cosf     0x0010e314       0xa8 c:/devkitpro/devkitarm/bin/../lib/gcc/arm-none-eabi/4.9.2/../../../../arm-none-eabi/lib/armv6k/fpu\libm.a(lib_a-sf_cos.o)
                0x0010e314                cosf
 .text.sinf     0x0010e3bc       0xb0 c:/devkitpro/devkitarm/bin/../lib/gcc/arm-none-eabi/4.9.2/../../../../arm-none-eabi/lib/armv6k/fpu\libm.a(lib_a-sf_sin.o)
                0x0010e3bc                sinf
 .text.__ieee754_rem_pio2f
                0x0010e46c      0x2e0 c:/devkitpro/devkitarm/bin/../lib/gcc/arm-none-eabi/4.9.2/../../../../arm-none-eabi/lib/armv6k/fpu\libm.a(lib_a-ef_rem_pio2.o)
                0x0010e46c                __ieee754_rem_pio2f
 .text.__kernel_cosf
                0x0010e74c      0x124 c:/devkitpro/devkitarm/bin/../lib/gcc/arm-none-eabi/4.9.2/../../../../arm-none-eabi/lib/armv6k/fpu\libm.a(lib_a-kf_cos.o)
                0x0010e74c                __kernel_cosf
 .text.__kernel_rem_pio2f
                0x0010e870      0x838 c:/devkitpro/devkitarm/bin/../lib/gcc/arm-none-eabi/4.9.2/../../../../arm-none-eabi/lib/armv6k/fpu\libm.a(lib_a-kf_rem_pio2.o)
                0x0010e870                __kernel_rem_pio2f
 .text.__kernel_sinf
                0x0010f0a8       0xa0 c:/devkitpro/devkitarm/bin/../lib/gcc/arm-none-eabi/4.9.2/../../../../arm-none-eabi/lib/armv6k/fpu\libm.a(lib_a-kf_sin.o)
                0x0010f0a8                __kernel_sinf
 .text.fabsf    0x0010f148       0x10 c:/devkitpro/devkitarm/bin/../lib/gcc/arm-none-eabi/4.9.2/../../../../arm-none-eabi/lib/armv6k/fpu\libm.a(lib_a-sf_fabs.o)
                0x0010f148                fabsf
 .text.floorf   0x0010f158       0xb8 c:/devkitpro/devkitarm/bin/../lib/gcc/arm-none-eabi/4.9.2/../../../../arm-none-eabi/lib/armv6k/fpu\libm.a(lib_a-sf_floor.o)
                0x0010f158                floorf
 .text.scalbnf  0x0010f210      0x118 c:/devkitpro/devkitarm/bin/../lib/gcc/arm-none-eabi/4.9.2/../../../../arm-none-eabi/lib/armv6k/fpu\libm.a(lib_a-sf_scalbn.o)
                0x0010f210                scalbnf
 .text.copysignf
                0x0010f328       0x1c c:/devkitpro/devkitarm/bin/../lib/gcc/arm-none-eabi/4.9.2/../../../../arm-none-eabi/lib/armv6k/fpu\libm.a(lib_a-sf_copysign.o)
                0x0010f328                copysignf
 .text.bsearch  0x0010f344       0x78 c:/devkitpro/devkitarm/bin/../lib/gcc/arm-none-eabi/4.9.2/../../../../arm-none-eabi/lib/armv6k/fpu\libg.a(lib_a-bsearch.o)
                0x0010f344                bsearch
 .text.__errno  0x0010f3bc        0xc c:/devkitpro/devkitarm/bin/../lib/gcc/arm-none-eabi/4.9.2/../../../../arm-none-eabi/lib/armv6k/fpu\libg.a(lib_a-errno.o)
                0x0010f3bc                __errno
 .text._fclose_r
                0x0010f3c8      0x118 c:/devkitpro/devkitarm/bin/../lib/gcc/arm-none-eabi/4.9.2/../../../../arm-none-eabi/lib/armv6k/fpu\libg.a(lib_a-fclose.o)
                0x0010f3c8                _fclose_r
 .text.fclose   0x0010f4e0       0x18 c:/devkitpro/devkitarm/bin/../lib/gcc/arm-none-eabi/4.9.2/../../../../arm-none-eabi/lib/armv6k/fpu\libg.a(lib_a-fclose.o)
                0x0010f4e0                fclose
 .text.__sflush_r
                0x0010f4f8      0x238 c:/devkitpro/devkitarm/bin/../lib/gcc/arm-none-eabi/4.9.2/../../../../arm-none-eabi/lib/armv6k/fpu\libg.a(lib_a-fflush.o)
                0x0010f4f8                __sflush_r
 .text._fflush_r
                0x0010f730       0x98 c:/devkitpro/devkitarm/bin/../lib/gcc/arm-none-eabi/4.9.2/../../../../arm-none-eabi/lib/armv6k/fpu\libg.a(lib_a-fflush.o)
                0x0010f730                _fflush_r
 .text.fflush   0x0010f7c8       0x38 c:/devkitpro/devkitarm/bin/../lib/gcc/arm-none-eabi/4.9.2/../../../../arm-none-eabi/lib/armv6k/fpu\libg.a(lib_a-fflush.o)
                0x0010f7c8                fflush
 .text._cleanup_r
                0x0010f800        0xc c:/devkitpro/devkitarm/bin/../lib/gcc/arm-none-eabi/4.9.2/../../../../arm-none-eabi/lib/armv6k/fpu\libg.a(lib_a-findfp.o)
                0x0010f800                _cleanup_r
 .text.__fp_lock
                0x0010f80c       0x1c c:/devkitpro/devkitarm/bin/../lib/gcc/arm-none-eabi/4.9.2/../../../../arm-none-eabi/lib/armv6k/fpu\libg.a(lib_a-findfp.o)
 .text.__fp_unlock
                0x0010f828       0x1c c:/devkitpro/devkitarm/bin/../lib/gcc/arm-none-eabi/4.9.2/../../../../arm-none-eabi/lib/armv6k/fpu\libg.a(lib_a-findfp.o)
 .text.__sinit.part.1
                0x0010f844      0x15c c:/devkitpro/devkitarm/bin/../lib/gcc/arm-none-eabi/4.9.2/../../../../arm-none-eabi/lib/armv6k/fpu\libg.a(lib_a-findfp.o)
 .text.__sfmoreglue
                0x0010f9a0       0x48 c:/devkitpro/devkitarm/bin/../lib/gcc/arm-none-eabi/4.9.2/../../../../arm-none-eabi/lib/armv6k/fpu\libg.a(lib_a-findfp.o)
                0x0010f9a0                __sfmoreglue
 .text.__sfp    0x0010f9e8       0xe8 c:/devkitpro/devkitarm/bin/../lib/gcc/arm-none-eabi/4.9.2/../../../../arm-none-eabi/lib/armv6k/fpu\libg.a(lib_a-findfp.o)
                0x0010f9e8                __sfp
 .text._cleanup
                0x0010fad0       0x18 c:/devkitpro/devkitarm/bin/../lib/gcc/arm-none-eabi/4.9.2/../../../../arm-none-eabi/lib/armv6k/fpu\libg.a(lib_a-findfp.o)
                0x0010fad0                _cleanup
 .text.__sinit  0x0010fae8       0x10 c:/devkitpro/devkitarm/bin/../lib/gcc/arm-none-eabi/4.9.2/../../../../arm-none-eabi/lib/armv6k/fpu\libg.a(lib_a-findfp.o)
                0x0010fae8                __sinit
 .text.__sfp_lock_acquire
                0x0010faf8        0x4 c:/devkitpro/devkitarm/bin/../lib/gcc/arm-none-eabi/4.9.2/../../../../arm-none-eabi/lib/armv6k/fpu\libg.a(lib_a-findfp.o)
                0x0010faf8                __sfp_lock_acquire
 .text.__sfp_lock_release
                0x0010fafc        0x4 c:/devkitpro/devkitarm/bin/../lib/gcc/arm-none-eabi/4.9.2/../../../../arm-none-eabi/lib/armv6k/fpu\libg.a(lib_a-findfp.o)
                0x0010fafc                __sfp_lock_release
 .text.__sinit_lock_acquire
                0x0010fb00        0x4 c:/devkitpro/devkitarm/bin/../lib/gcc/arm-none-eabi/4.9.2/../../../../arm-none-eabi/lib/armv6k/fpu\libg.a(lib_a-findfp.o)
                0x0010fb00                __sinit_lock_acquire
 .text.__sinit_lock_release
                0x0010fb04        0x4 c:/devkitpro/devkitarm/bin/../lib/gcc/arm-none-eabi/4.9.2/../../../../arm-none-eabi/lib/armv6k/fpu\libg.a(lib_a-findfp.o)
                0x0010fb04                __sinit_lock_release
 .text.__fp_lock_all
                0x0010fb08       0x18 c:/devkitpro/devkitarm/bin/../lib/gcc/arm-none-eabi/4.9.2/../../../../arm-none-eabi/lib/armv6k/fpu\libg.a(lib_a-findfp.o)
                0x0010fb08                __fp_lock_all
 .text.__fp_unlock_all
                0x0010fb20       0x18 c:/devkitpro/devkitarm/bin/../lib/gcc/arm-none-eabi/4.9.2/../../../../arm-none-eabi/lib/armv6k/fpu\libg.a(lib_a-findfp.o)
                0x0010fb20                __fp_unlock_all
 .text.__libc_fini_array
                0x0010fb38       0x40 c:/devkitpro/devkitarm/bin/../lib/gcc/arm-none-eabi/4.9.2/../../../../arm-none-eabi/lib/armv6k/fpu\libg.a(lib_a-fini.o)
                0x0010fb38                __libc_fini_array
 .text._fopen_r
                0x0010fb78      0x130 c:/devkitpro/devkitarm/bin/../lib/gcc/arm-none-eabi/4.9.2/../../../../arm-none-eabi/lib/armv6k/fpu\libg.a(lib_a-fopen.o)
                0x0010fb78                _fopen_r
 .text.fopen    0x0010fca8       0x20 c:/devkitpro/devkitarm/bin/../lib/gcc/arm-none-eabi/4.9.2/../../../../arm-none-eabi/lib/armv6k/fpu\libg.a(lib_a-fopen.o)
                0x0010fca8                fopen
 .text._fread_r
                0x0010fcc8      0x2f0 c:/devkitpro/devkitarm/bin/../lib/gcc/arm-none-eabi/4.9.2/../../../../arm-none-eabi/lib/armv6k/fpu\libg.a(lib_a-fread.o)
                0x0010fcc8                _fread_r
 .text.fread    0x0010ffb8       0x38 c:/devkitpro/devkitarm/bin/../lib/gcc/arm-none-eabi/4.9.2/../../../../arm-none-eabi/lib/armv6k/fpu\libg.a(lib_a-fread.o)
                0x0010ffb8                fread
 .text._malloc_trim_r
                0x0010fff0       0xf8 c:/devkitpro/devkitarm/bin/../lib/gcc/arm-none-eabi/4.9.2/../../../../arm-none-eabi/lib/armv6k/fpu\libg.a(lib_a-freer.o)
                0x0010fff0                _malloc_trim_r
 .text._free_r  0x001100e8      0x2b4 c:/devkitpro/devkitarm/bin/../lib/gcc/arm-none-eabi/4.9.2/../../../../arm-none-eabi/lib/armv6k/fpu\libg.a(lib_a-freer.o)
                0x001100e8                _free_r
 .text._fseek_r
                0x0011039c        0x4 c:/devkitpro/devkitarm/bin/../lib/gcc/arm-none-eabi/4.9.2/../../../../arm-none-eabi/lib/armv6k/fpu\libg.a(lib_a-fseek.o)
                0x0011039c                _fseek_r
 .text.fseek    0x001103a0       0x28 c:/devkitpro/devkitarm/bin/../lib/gcc/arm-none-eabi/4.9.2/../../../../arm-none-eabi/lib/armv6k/fpu\libg.a(lib_a-fseek.o)
                0x001103a0                fseek
 .text._fseeko_r
                0x001103c8      0x4f8 c:/devkitpro/devkitarm/bin/../lib/gcc/arm-none-eabi/4.9.2/../../../../arm-none-eabi/lib/armv6k/fpu\libg.a(lib_a-fseeko.o)
                0x001103c8                _fseeko_r
 .text.fseeko   0x001108c0       0x28 c:/devkitpro/devkitarm/bin/../lib/gcc/arm-none-eabi/4.9.2/../../../../arm-none-eabi/lib/armv6k/fpu\libg.a(lib_a-fseeko.o)
                0x001108c0                fseeko
 .text._fwalk   0x001108e8       0x78 c:/devkitpro/devkitarm/bin/../lib/gcc/arm-none-eabi/4.9.2/../../../../arm-none-eabi/lib/armv6k/fpu\libg.a(lib_a-fwalk.o)
                0x001108e8                _fwalk
 .text._fwalk_reent
                0x00110960       0x80 c:/devkitpro/devkitarm/bin/../lib/gcc/arm-none-eabi/4.9.2/../../../../arm-none-eabi/lib/armv6k/fpu\libg.a(lib_a-fwalk.o)
                0x00110960                _fwalk_reent
 .text.__libc_init_array
                0x001109e0       0x78 c:/devkitpro/devkitarm/bin/../lib/gcc/arm-none-eabi/4.9.2/../../../../arm-none-eabi/lib/armv6k/fpu\libg.a(lib_a-init.o)
                0x001109e0                __libc_init_array
 .text.__smakebuf_r
                0x00110a58      0x160 c:/devkitpro/devkitarm/bin/../lib/gcc/arm-none-eabi/4.9.2/../../../../arm-none-eabi/lib/armv6k/fpu\libg.a(lib_a-makebuf.o)
                0x00110a58                __smakebuf_r
 .text.malloc   0x00110bb8       0x18 c:/devkitpro/devkitarm/bin/../lib/gcc/arm-none-eabi/4.9.2/../../../../arm-none-eabi/lib/armv6k/fpu\libg.a(lib_a-malloc.o)
                0x00110bb8                malloc
 .text.free     0x00110bd0       0x18 c:/devkitpro/devkitarm/bin/../lib/gcc/arm-none-eabi/4.9.2/../../../../arm-none-eabi/lib/armv6k/fpu\libg.a(lib_a-malloc.o)
                0x00110bd0                free
 .text._malloc_r
                0x00110be8      0x740 c:/devkitpro/devkitarm/bin/../lib/gcc/arm-none-eabi/4.9.2/../../../../arm-none-eabi/lib/armv6k/fpu\libg.a(lib_a-mallocr.o)
                0x00110be8                _malloc_r
 .text.memcmp   0x00111328       0xa8 c:/devkitpro/devkitarm/bin/../lib/gcc/arm-none-eabi/4.9.2/../../../../arm-none-eabi/lib/armv6k/fpu\libg.a(lib_a-memcmp.o)
                0x00111328                memcmp
 .text.memcpy   0x001113d0       0xf4 c:/devkitpro/devkitarm/bin/../lib/gcc/arm-none-eabi/4.9.2/../../../../arm-none-eabi/lib/armv6k/fpu\libg.a(lib_a-memcpy.o)
                0x001113d0                memcpy
 .text.memset   0x001114c4       0xf0 c:/devkitpro/devkitarm/bin/../lib/gcc/arm-none-eabi/4.9.2/../../../../arm-none-eabi/lib/armv6k/fpu\libg.a(lib_a-memset.o)
                0x001114c4                memset
 .text.__malloc_lock
                0x001115b4        0x4 c:/devkitpro/devkitarm/bin/../lib/gcc/arm-none-eabi/4.9.2/../../../../arm-none-eabi/lib/armv6k/fpu\libg.a(lib_a-mlock.o)
                0x001115b4                __malloc_lock
 .text.__malloc_unlock
                0x001115b8        0x4 c:/devkitpro/devkitarm/bin/../lib/gcc/arm-none-eabi/4.9.2/../../../../arm-none-eabi/lib/armv6k/fpu\libg.a(lib_a-mlock.o)
                0x001115b8                __malloc_unlock
 .text.srand    0x001115bc       0x1c c:/devkitpro/devkitarm/bin/../lib/gcc/arm-none-eabi/4.9.2/../../../../arm-none-eabi/lib/armv6k/fpu\libg.a(lib_a-rand.o)
                0x001115bc                srand
 .text.rand     0x001115d8       0x44 c:/devkitpro/devkitarm/bin/../lib/gcc/arm-none-eabi/4.9.2/../../../../arm-none-eabi/lib/armv6k/fpu\libg.a(lib_a-rand.o)
                0x001115d8                rand
 .text.lflush   0x0011161c       0x1c c:/devkitpro/devkitarm/bin/../lib/gcc/arm-none-eabi/4.9.2/../../../../arm-none-eabi/lib/armv6k/fpu\libg.a(lib_a-refill.o)
 .text.__srefill_r
                0x00111638      0x1d8 c:/devkitpro/devkitarm/bin/../lib/gcc/arm-none-eabi/4.9.2/../../../../arm-none-eabi/lib/armv6k/fpu\libg.a(lib_a-refill.o)
                0x00111638                __srefill_r
 .text._snprintf_r
                0x00111810       0xd8 c:/devkitpro/devkitarm/bin/../lib/gcc/arm-none-eabi/4.9.2/../../../../arm-none-eabi/lib/armv6k/fpu\libg.a(lib_a-snprintf.o)
                0x00111810                _snprintf_r
 .text.snprintf
                0x001118e8       0xe0 c:/devkitpro/devkitarm/bin/../lib/gcc/arm-none-eabi/4.9.2/../../../../arm-none-eabi/lib/armv6k/fpu\libg.a(lib_a-snprintf.o)
                0x001118e8                snprintf
 .text.__sread  0x001119c8       0x30 c:/devkitpro/devkitarm/bin/../lib/gcc/arm-none-eabi/4.9.2/../../../../arm-none-eabi/lib/armv6k/fpu\libg.a(lib_a-stdio.o)
                0x001119c8                __sread
 .text.__seofread
                0x001119f8        0x8 c:/devkitpro/devkitarm/bin/../lib/gcc/arm-none-eabi/4.9.2/../../../../arm-none-eabi/lib/armv6k/fpu\libg.a(lib_a-stdio.o)
                0x001119f8                __seofread
 .text.__swrite
                0x00111a00       0x54 c:/devkitpro/devkitarm/bin/../lib/gcc/arm-none-eabi/4.9.2/../../../../arm-none-eabi/lib/armv6k/fpu\libg.a(lib_a-stdio.o)
                0x00111a00                __swrite
 .text.__sseek  0x00111a54       0x2c c:/devkitpro/devkitarm/bin/../lib/gcc/arm-none-eabi/4.9.2/../../../../arm-none-eabi/lib/armv6k/fpu\libg.a(lib_a-stdio.o)
                0x00111a54                __sseek
 .text.__sclose
                0x00111a80        0x8 c:/devkitpro/devkitarm/bin/../lib/gcc/arm-none-eabi/4.9.2/../../../../arm-none-eabi/lib/armv6k/fpu\libg.a(lib_a-stdio.o)
                0x00111a80                __sclose
 .text.strchr   0x00111a88      0x16c c:/devkitpro/devkitarm/bin/../lib/gcc/arm-none-eabi/4.9.2/../../../../arm-none-eabi/lib/armv6k/fpu\libg.a(lib_a-strchr.o)
                0x00111a88                strchr
 .text.strcpy   0x00111bf4       0xf0 c:/devkitpro/devkitarm/bin/../lib/gcc/arm-none-eabi/4.9.2/../../../../arm-none-eabi/lib/armv6k/fpu\libg.a(lib_a-strcpy.o)
                0x00111bf4                strcpy
 .text.strlen   0x00111ce4       0x5c c:/devkitpro/devkitarm/bin/../lib/gcc/arm-none-eabi/4.9.2/../../../../arm-none-eabi/lib/armv6k/fpu\libg.a(lib_a-strlen.o)
                0x00111ce4                strlen
 .text.strncat  0x00111d40       0xa4 c:/devkitpro/devkitarm/bin/../lib/gcc/arm-none-eabi/4.9.2/../../../../arm-none-eabi/lib/armv6k/fpu\libg.a(lib_a-strncat.o)
                0x00111d40                strncat
 .text.strncmp  0x00111de4      0x110 c:/devkitpro/devkitarm/bin/../lib/gcc/arm-none-eabi/4.9.2/../../../../arm-none-eabi/lib/armv6k/fpu\libg.a(lib_a-strncmp.o)
                0x00111de4                strncmp
 .text.strncpy  0x00111ef4       0xe0 c:/devkitpro/devkitarm/bin/../lib/gcc/arm-none-eabi/4.9.2/../../../../arm-none-eabi/lib/armv6k/fpu\libg.a(lib_a-strncpy.o)
                0x00111ef4                strncpy
 .text.get_arg  0x00111fd4      0x860 c:/devkitpro/devkitarm/bin/../lib/gcc/arm-none-eabi/4.9.2/../../../../arm-none-eabi/lib/armv6k/fpu\libg.a(lib_a-svfprintf.o)
 *fill*         0x00112834        0x4 
 .text._svfprintf_r
                0x00112838     0x4320 c:/devkitpro/devkitarm/bin/../lib/gcc/arm-none-eabi/4.9.2/../../../../arm-none-eabi/lib/armv6k/fpu\libg.a(lib_a-svfprintf.o)
                0x00112838                _svfprintf_r
 .text._wcrtomb_r
                0x00116b58       0x8c c:/devkitpro/devkitarm/bin/../lib/gcc/arm-none-eabi/4.9.2/../../../../arm-none-eabi/lib/armv6k/fpu\libg.a(lib_a-wcrtomb.o)
                0x00116b58                _wcrtomb_r
 .text.wcrtomb  0x00116be4       0x94 c:/devkitpro/devkitarm/bin/../lib/gcc/arm-none-eabi/4.9.2/../../../../arm-none-eabi/lib/armv6k/fpu\libg.a(lib_a-wcrtomb.o)
                0x00116be4                wcrtomb
 .text._wcsrtombs_r
                0x00116c78       0x20 c:/devkitpro/devkitarm/bin/../lib/gcc/arm-none-eabi/4.9.2/../../../../arm-none-eabi/lib/armv6k/fpu\libg.a(lib_a-wcsrtombs.o)
                0x00116c78                _wcsrtombs_r
 .text.wcsrtombs
                0x00116c98       0x3c c:/devkitpro/devkitarm/bin/../lib/gcc/arm-none-eabi/4.9.2/../../../../arm-none-eabi/lib/armv6k/fpu\libg.a(lib_a-wcsrtombs.o)
                0x00116c98                wcsrtombs
 .text.__utf8_wctomb
                0x00116cd4      0x114 c:/devkitpro/devkitarm/bin/../lib/gcc/arm-none-eabi/4.9.2/../../../../arm-none-eabi/lib/armv6k/fpu\libg.a(lib_a-wctomb_r.o)
                0x00116cd4                __utf8_wctomb
 .text._wctomb_r
                0x00116de8       0x48 c:/devkitpro/devkitarm/bin/../lib/gcc/arm-none-eabi/4.9.2/../../../../arm-none-eabi/lib/armv6k/fpu\libg.a(lib_a-wctomb_r.o)
                0x00116de8                _wctomb_r
 .text.__ascii_wctomb
                0x00116e30       0x28 c:/devkitpro/devkitarm/bin/../lib/gcc/arm-none-eabi/4.9.2/../../../../arm-none-eabi/lib/armv6k/fpu\libg.a(lib_a-wctomb_r.o)
                0x00116e30                __ascii_wctomb
 .text.__sjis_wctomb
                0x00116e58       0x84 c:/devkitpro/devkitarm/bin/../lib/gcc/arm-none-eabi/4.9.2/../../../../arm-none-eabi/lib/armv6k/fpu\libg.a(lib_a-wctomb_r.o)
                0x00116e58                __sjis_wctomb
 .text.__eucjp_wctomb
                0x00116edc       0xc8 c:/devkitpro/devkitarm/bin/../lib/gcc/arm-none-eabi/4.9.2/../../../../arm-none-eabi/lib/armv6k/fpu\libg.a(lib_a-wctomb_r.o)
                0x00116edc                __eucjp_wctomb
 .text.__jis_wctomb
                0x00116fa4       0xd4 c:/devkitpro/devkitarm/bin/../lib/gcc/arm-none-eabi/4.9.2/../../../../arm-none-eabi/lib/armv6k/fpu\libg.a(lib_a-wctomb_r.o)
                0x00116fa4                __jis_wctomb
 .text.quorem   0x00117078      0x1c0 c:/devkitpro/devkitarm/bin/../lib/gcc/arm-none-eabi/4.9.2/../../../../arm-none-eabi/lib/armv6k/fpu\libg.a(lib_a-dtoa.o)
 .text._dtoa_r  0x00117238     0x12e0 c:/devkitpro/devkitarm/bin/../lib/gcc/arm-none-eabi/4.9.2/../../../../arm-none-eabi/lib/armv6k/fpu\libg.a(lib_a-dtoa.o)
                0x00117238                _dtoa_r
 .text.__sflags
                0x00118518       0xb0 c:/devkitpro/devkitarm/bin/../lib/gcc/arm-none-eabi/4.9.2/../../../../arm-none-eabi/lib/armv6k/fpu\libg.a(lib_a-flags.o)
                0x00118518                __sflags
 .text.__get_locale_env
                0x001185c8       0x8c c:/devkitpro/devkitarm/bin/../lib/gcc/arm-none-eabi/4.9.2/../../../../arm-none-eabi/lib/armv6k/fpu\libg.a(lib_a-locale.o)
 .text.loadlocale
                0x00118654      0x8a4 c:/devkitpro/devkitarm/bin/../lib/gcc/arm-none-eabi/4.9.2/../../../../arm-none-eabi/lib/armv6k/fpu\libg.a(lib_a-locale.o)
 .text.currentlocale
                0x00118ef8       0x88 c:/devkitpro/devkitarm/bin/../lib/gcc/arm-none-eabi/4.9.2/../../../../arm-none-eabi/lib/armv6k/fpu\libg.a(lib_a-locale.o)
 .text._setlocale_r
                0x00118f80      0x300 c:/devkitpro/devkitarm/bin/../lib/gcc/arm-none-eabi/4.9.2/../../../../arm-none-eabi/lib/armv6k/fpu\libg.a(lib_a-locale.o)
                0x00118f80                _setlocale_r
 .text.__locale_charset
                0x00119280        0xc c:/devkitpro/devkitarm/bin/../lib/gcc/arm-none-eabi/4.9.2/../../../../arm-none-eabi/lib/armv6k/fpu\libg.a(lib_a-locale.o)
                0x00119280                __locale_charset
 .text.__locale_mb_cur_max
                0x0011928c       0x10 c:/devkitpro/devkitarm/bin/../lib/gcc/arm-none-eabi/4.9.2/../../../../arm-none-eabi/lib/armv6k/fpu\libg.a(lib_a-locale.o)
                0x0011928c                __locale_mb_cur_max
 .text.__locale_msgcharset
                0x0011929c        0xc c:/devkitpro/devkitarm/bin/../lib/gcc/arm-none-eabi/4.9.2/../../../../arm-none-eabi/lib/armv6k/fpu\libg.a(lib_a-locale.o)
                0x0011929c                __locale_msgcharset
 .text.__locale_cjk_lang
                0x001192a8       0x10 c:/devkitpro/devkitarm/bin/../lib/gcc/arm-none-eabi/4.9.2/../../../../arm-none-eabi/lib/armv6k/fpu\libg.a(lib_a-locale.o)
                0x001192a8                __locale_cjk_lang
 .text._localeconv_r
                0x001192b8        0xc c:/devkitpro/devkitarm/bin/../lib/gcc/arm-none-eabi/4.9.2/../../../../arm-none-eabi/lib/armv6k/fpu\libg.a(lib_a-locale.o)
                0x001192b8                _localeconv_r
 .text.setlocale
                0x001192c4       0x20 c:/devkitpro/devkitarm/bin/../lib/gcc/arm-none-eabi/4.9.2/../../../../arm-none-eabi/lib/armv6k/fpu\libg.a(lib_a-locale.o)
                0x001192c4                setlocale
 .text.localeconv
                0x001192e4       0x14 c:/devkitpro/devkitarm/bin/../lib/gcc/arm-none-eabi/4.9.2/../../../../arm-none-eabi/lib/armv6k/fpu\libg.a(lib_a-locale.o)
                0x001192e4                localeconv
 .text.__utf8_mbtowc
                0x001192f8      0x2fc c:/devkitpro/devkitarm/bin/../lib/gcc/arm-none-eabi/4.9.2/../../../../arm-none-eabi/lib/armv6k/fpu\libg.a(lib_a-mbtowc_r.o)
                0x001192f8                __utf8_mbtowc
 .text._mbtowc_r
                0x001195f4       0x4c c:/devkitpro/devkitarm/bin/../lib/gcc/arm-none-eabi/4.9.2/../../../../arm-none-eabi/lib/armv6k/fpu\libg.a(lib_a-mbtowc_r.o)
                0x001195f4                _mbtowc_r
 .text.__ascii_mbtowc
                0x00119640       0x4c c:/devkitpro/devkitarm/bin/../lib/gcc/arm-none-eabi/4.9.2/../../../../arm-none-eabi/lib/armv6k/fpu\libg.a(lib_a-mbtowc_r.o)
                0x00119640                __ascii_mbtowc
 .text.__sjis_mbtowc
                0x0011968c       0xd4 c:/devkitpro/devkitarm/bin/../lib/gcc/arm-none-eabi/4.9.2/../../../../arm-none-eabi/lib/armv6k/fpu\libg.a(lib_a-mbtowc_r.o)
                0x0011968c                __sjis_mbtowc
 .text.__eucjp_mbtowc
                0x00119760      0x140 c:/devkitpro/devkitarm/bin/../lib/gcc/arm-none-eabi/4.9.2/../../../../arm-none-eabi/lib/armv6k/fpu\libg.a(lib_a-mbtowc_r.o)
                0x00119760                __eucjp_mbtowc
 .text.__jis_mbtowc
                0x001198a0      0x1a8 c:/devkitpro/devkitarm/bin/../lib/gcc/arm-none-eabi/4.9.2/../../../../arm-none-eabi/lib/armv6k/fpu\libg.a(lib_a-mbtowc_r.o)
                0x001198a0                __jis_mbtowc
 .text.memchr   0x00119a48      0x120 c:/devkitpro/devkitarm/bin/../lib/gcc/arm-none-eabi/4.9.2/../../../../arm-none-eabi/lib/armv6k/fpu\libg.a(lib_a-memchr.o)
                0x00119a48                memchr
 .text._Balloc  0x00119b68       0x8c c:/devkitpro/devkitarm/bin/../lib/gcc/arm-none-eabi/4.9.2/../../../../arm-none-eabi/lib/armv6k/fpu\libg.a(lib_a-mprec.o)
                0x00119b68                _Balloc
 .text._Bfree   0x00119bf4       0x1c c:/devkitpro/devkitarm/bin/../lib/gcc/arm-none-eabi/4.9.2/../../../../arm-none-eabi/lib/armv6k/fpu\libg.a(lib_a-mprec.o)
                0x00119bf4                _Bfree
 .text.__multadd
                0x00119c10       0xd0 c:/devkitpro/devkitarm/bin/../lib/gcc/arm-none-eabi/4.9.2/../../../../arm-none-eabi/lib/armv6k/fpu\libg.a(lib_a-mprec.o)
                0x00119c10                __multadd
 .text.__s2b    0x00119ce0       0xe4 c:/devkitpro/devkitarm/bin/../lib/gcc/arm-none-eabi/4.9.2/../../../../arm-none-eabi/lib/armv6k/fpu\libg.a(lib_a-mprec.o)
                0x00119ce0                __s2b
 .text.__hi0bits
                0x00119dc4       0x5c c:/devkitpro/devkitarm/bin/../lib/gcc/arm-none-eabi/4.9.2/../../../../arm-none-eabi/lib/armv6k/fpu\libg.a(lib_a-mprec.o)
                0x00119dc4                __hi0bits
 .text.__lo0bits
                0x00119e20       0x98 c:/devkitpro/devkitarm/bin/../lib/gcc/arm-none-eabi/4.9.2/../../../../arm-none-eabi/lib/armv6k/fpu\libg.a(lib_a-mprec.o)
                0x00119e20                __lo0bits
 .text.__i2b    0x00119eb8       0x20 c:/devkitpro/devkitarm/bin/../lib/gcc/arm-none-eabi/4.9.2/../../../../arm-none-eabi/lib/armv6k/fpu\libg.a(lib_a-mprec.o)
                0x00119eb8                __i2b
 .text.__multiply
                0x00119ed8      0x1dc c:/devkitpro/devkitarm/bin/../lib/gcc/arm-none-eabi/4.9.2/../../../../arm-none-eabi/lib/armv6k/fpu\libg.a(lib_a-mprec.o)
                0x00119ed8                __multiply
 .text.__pow5mult
                0x0011a0b4      0x100 c:/devkitpro/devkitarm/bin/../lib/gcc/arm-none-eabi/4.9.2/../../../../arm-none-eabi/lib/armv6k/fpu\libg.a(lib_a-mprec.o)
                0x0011a0b4                __pow5mult
 .text.__lshift
                0x0011a1b4       0xf4 c:/devkitpro/devkitarm/bin/../lib/gcc/arm-none-eabi/4.9.2/../../../../arm-none-eabi/lib/armv6k/fpu\libg.a(lib_a-mprec.o)
                0x0011a1b4                __lshift
 .text.__mcmp   0x0011a2a8       0x64 c:/devkitpro/devkitarm/bin/../lib/gcc/arm-none-eabi/4.9.2/../../../../arm-none-eabi/lib/armv6k/fpu\libg.a(lib_a-mprec.o)
                0x0011a2a8                __mcmp
 .text.__mdiff  0x0011a30c      0x13c c:/devkitpro/devkitarm/bin/../lib/gcc/arm-none-eabi/4.9.2/../../../../arm-none-eabi/lib/armv6k/fpu\libg.a(lib_a-mprec.o)
                0x0011a30c                __mdiff
 .text.__ulp    0x0011a448       0x74 c:/devkitpro/devkitarm/bin/../lib/gcc/arm-none-eabi/4.9.2/../../../../arm-none-eabi/lib/armv6k/fpu\libg.a(lib_a-mprec.o)
                0x0011a448                __ulp
 .text.__b2d    0x0011a4bc       0xe4 c:/devkitpro/devkitarm/bin/../lib/gcc/arm-none-eabi/4.9.2/../../../../arm-none-eabi/lib/armv6k/fpu\libg.a(lib_a-mprec.o)
                0x0011a4bc                __b2d
 .text.__d2b    0x0011a5a0      0x104 c:/devkitpro/devkitarm/bin/../lib/gcc/arm-none-eabi/4.9.2/../../../../arm-none-eabi/lib/armv6k/fpu\libg.a(lib_a-mprec.o)
                0x0011a5a0                __d2b
 .text.__ratio  0x0011a6a4       0x7c c:/devkitpro/devkitarm/bin/../lib/gcc/arm-none-eabi/4.9.2/../../../../arm-none-eabi/lib/armv6k/fpu\libg.a(lib_a-mprec.o)
                0x0011a6a4                __ratio
 .text._mprec_log10
                0x0011a720       0x48 c:/devkitpro/devkitarm/bin/../lib/gcc/arm-none-eabi/4.9.2/../../../../arm-none-eabi/lib/armv6k/fpu\libg.a(lib_a-mprec.o)
                0x0011a720                _mprec_log10
 .text.__copybits
                0x0011a768       0x6c c:/devkitpro/devkitarm/bin/../lib/gcc/arm-none-eabi/4.9.2/../../../../arm-none-eabi/lib/armv6k/fpu\libg.a(lib_a-mprec.o)
                0x0011a768                __copybits
 .text.__any_on
                0x0011a7d4       0x80 c:/devkitpro/devkitarm/bin/../lib/gcc/arm-none-eabi/4.9.2/../../../../arm-none-eabi/lib/armv6k/fpu\libg.a(lib_a-mprec.o)
                0x0011a7d4                __any_on
 .text.__fpclassifyd
                0x0011a854       0x74 c:/devkitpro/devkitarm/bin/../lib/gcc/arm-none-eabi/4.9.2/../../../../arm-none-eabi/lib/armv6k/fpu\libg.a(lib_a-s_fpclassify.o)
                0x0011a854                __fpclassifyd
 .text.frexp    0x0011a8c8       0x98 c:/devkitpro/devkitarm/bin/../lib/gcc/arm-none-eabi/4.9.2/../../../../arm-none-eabi/lib/armv6k/fpu\libg.a(lib_a-s_frexp.o)
                0x0011a8c8                frexp
 .text.strcasecmp
                0x0011a960       0x68 c:/devkitpro/devkitarm/bin/../lib/gcc/arm-none-eabi/4.9.2/../../../../arm-none-eabi/lib/armv6k/fpu\libg.a(lib_a-strcasecmp.o)
                0x0011a960                strcasecmp
 .text.strcat   0x0011a9c8       0x80 c:/devkitpro/devkitarm/bin/../lib/gcc/arm-none-eabi/4.9.2/../../../../arm-none-eabi/lib/armv6k/fpu\libg.a(lib_a-strcat.o)
                0x0011a9c8                strcat
 .text.strlcpy  0x0011aa48       0x48 c:/devkitpro/devkitarm/bin/../lib/gcc/arm-none-eabi/4.9.2/../../../../arm-none-eabi/lib/armv6k/fpu\libg.a(lib_a-strlcpy.o)
                0x0011aa48                strlcpy
 .text.strncasecmp
                0x0011aa90       0x8c c:/devkitpro/devkitarm/bin/../lib/gcc/arm-none-eabi/4.9.2/../../../../arm-none-eabi/lib/armv6k/fpu\libg.a(lib_a-strncasecmp.o)
                0x0011aa90                strncasecmp
 .text._strtol_r
                0x0011ab1c      0x1dc c:/devkitpro/devkitarm/bin/../lib/gcc/arm-none-eabi/4.9.2/../../../../arm-none-eabi/lib/armv6k/fpu\libg.a(lib_a-strtol.o)
                0x0011ab1c                _strtol_r
 .text.strtol   0x0011acf8       0x28 c:/devkitpro/devkitarm/bin/../lib/gcc/arm-none-eabi/4.9.2/../../../../arm-none-eabi/lib/armv6k/fpu\libg.a(lib_a-strtol.o)
                0x0011acf8                strtol
 .text.get_arg  0x0011ad20      0x860 c:/devkitpro/devkitarm/bin/../lib/gcc/arm-none-eabi/4.9.2/../../../../arm-none-eabi/lib/armv6k/fpu\libg.a(lib_a-svfiprintf.o)
 .text.__ssprint_r
                0x0011b580      0x1a8 c:/devkitpro/devkitarm/bin/../lib/gcc/arm-none-eabi/4.9.2/../../../../arm-none-eabi/lib/armv6k/fpu\libg.a(lib_a-svfiprintf.o)
                0x0011b580                __ssprint_r
 .text._svfiprintf_r
                0x0011b728     0x2fdc c:/devkitpro/devkitarm/bin/../lib/gcc/arm-none-eabi/4.9.2/../../../../arm-none-eabi/lib/armv6k/fpu\libg.a(lib_a-svfiprintf.o)
                0x0011b728                _svfiprintf_r
 .text._wcsnrtombs_r
                0x0011e704      0x184 c:/devkitpro/devkitarm/bin/../lib/gcc/arm-none-eabi/4.9.2/../../../../arm-none-eabi/lib/armv6k/fpu\libg.a(lib_a-wcsnrtombs.o)
                0x0011e704                _wcsnrtombs_r
 .text.wcsnrtombs
                0x0011e888       0x40 c:/devkitpro/devkitarm/bin/../lib/gcc/arm-none-eabi/4.9.2/../../../../arm-none-eabi/lib/armv6k/fpu\libg.a(lib_a-wcsnrtombs.o)
                0x0011e888                wcsnrtombs
 .text._calloc_r
                0x0011e8c8       0x94 c:/devkitpro/devkitarm/bin/../lib/gcc/arm-none-eabi/4.9.2/../../../../arm-none-eabi/lib/armv6k/fpu\libg.a(lib_a-callocr.o)
                0x0011e8c8                _calloc_r
 .text.__set_ctype
                0x0011e95c       0x18 c:/devkitpro/devkitarm/bin/../lib/gcc/arm-none-eabi/4.9.2/../../../../arm-none-eabi/lib/armv6k/fpu\libg.a(lib_a-ctype_.o)
                0x0011e95c                __set_ctype
 .text._findenv_r
                0x0011e974       0xc8 c:/devkitpro/devkitarm/bin/../lib/gcc/arm-none-eabi/4.9.2/../../../../arm-none-eabi/lib/armv6k/fpu\libg.a(lib_a-getenv_r.o)
                0x0011e974                _findenv_r
 .text._getenv_r
                0x0011ea3c       0x18 c:/devkitpro/devkitarm/bin/../lib/gcc/arm-none-eabi/4.9.2/../../../../arm-none-eabi/lib/armv6k/fpu\libg.a(lib_a-getenv_r.o)
                0x0011ea3c                _getenv_r
 .text.memmove  0x0011ea54      0x12c c:/devkitpro/devkitarm/bin/../lib/gcc/arm-none-eabi/4.9.2/../../../../arm-none-eabi/lib/armv6k/fpu\libg.a(lib_a-memmove.o)
                0x0011ea54                memmove
 .text._realloc_r
                0x0011eb80      0x564 c:/devkitpro/devkitarm/bin/../lib/gcc/arm-none-eabi/4.9.2/../../../../arm-none-eabi/lib/armv6k/fpu\libg.a(lib_a-reallocr.o)
                0x0011eb80                _realloc_r
 .text.__env_lock
                0x0011f0e4        0x4 c:/devkitpro/devkitarm/bin/../lib/gcc/arm-none-eabi/4.9.2/../../../../arm-none-eabi/lib/armv6k/fpu\libg.a(lib_a-envlock.o)
                0x0011f0e4                __env_lock
 .text.__env_unlock
                0x0011f0e8        0x4 c:/devkitpro/devkitarm/bin/../lib/gcc/arm-none-eabi/4.9.2/../../../../arm-none-eabi/lib/armv6k/fpu\libg.a(lib_a-envlock.o)
                0x0011f0e8                __env_unlock
 .text.strnlen  0x0011f0ec       0x5c c:/devkitpro/devkitarm/bin/../lib/gcc/arm-none-eabi/4.9.2/../../../../arm-none-eabi/lib/armv6k/fpu\libg.a(lib_a-strnlen.o)
                0x0011f0ec                strnlen
 .text.strrchr  0x0011f148       0x44 c:/devkitpro/devkitarm/bin/../lib/gcc/arm-none-eabi/4.9.2/../../../../arm-none-eabi/lib/armv6k/fpu\libg.a(lib_a-strrchr.o)
                0x0011f148                strrchr
 *(.glue_7)
 .glue_7        0x0011f18c        0x0 linker stubs
 *(.glue_7t)
 .glue_7t       0x0011f18c        0x0 linker stubs
 *(.stub)
 *(.gnu.warning)
 *(.gnu.linkonce.t*)
                0x0011f18c                . = ALIGN (0x4)
 *(.fini)
 .fini          0x0011f18c        0xc c:/devkitpro/devkitarm/bin/../lib/gcc/arm-none-eabi/4.9.2/armv6k/fpu/crti.o
                0x0011f18c                _fini
 .fini          0x0011f198        0xc c:/devkitpro/devkitarm/bin/../lib/gcc/arm-none-eabi/4.9.2/armv6k/fpu/crtn.o
                0x0011f1a4                . = ALIGN (0x4)

.vfp11_veneer   0x0011f1a4        0x0
 .vfp11_veneer  0x0011f1a4        0x0 linker stubs

.v4_bx          0x0011f1a4        0x0
 .v4_bx         0x0011f1a4        0x0 linker stubs

.iplt           0x0011f1a4        0x0
 .iplt          0x0011f1a4        0x0 c:/devkitpro/devkitarm/bin/../lib/gcc/arm-none-eabi/4.9.2/../../../../arm-none-eabi/lib/armv6k/fpu/3dsx_crt0.o

.rodata         0x00120000      0xeac
 *(.rodata)
 .rodata        0x00120000       0xf4 c:/devkitPro/libctru/lib\libsf2d.a(shader.vsh.o)
                0x00120000                shader_vsh_shbin
                0x001200f0                shader_vsh_shbin_size
                0x001200f0                shader_vsh_shbin_end
 .rodata        0x001200f4       0x14 c:/devkitPro/libctru/lib\libctru.a(gfx.o)
 .rodata        0x00120108       0x64 c:/devkitPro/libctru/lib\libctru.a(os.o)
 .rodata        0x0012016c       0x30 c:/devkitPro/libctru/lib\libctru.a(romfs_dev.o)
 .rodata        0x0012019c        0xc c:/devkitPro/libctru/lib\libctru.a(gpu.o)
                0x0012019c                GPU_FORMATSIZE
                0x001201a0                GPU_TEVID
 .rodata        0x001201a8        0x8 c:/devkitPro/libctru/lib\libctru.a(shaderProgram.o)
 .rodata        0x001201b0       0x24 c:/devkitPro/libctru/lib\libctru.a(shbin.o)
 .rodata        0x001201d4        0xc c:/devkitPro/libctru/lib\libctru.a(apt.o)
 .rodata        0x001201e0       0x30 c:/devkitPro/libctru/lib\libctru.a(sdmc_dev.o)
 .rodata        0x00120210       0x68 c:/devkitpro/devkitarm/bin/../lib/gcc/arm-none-eabi/4.9.2/../../../../arm-none-eabi/lib/armv6k/fpu\libsysbase.a(iosupport.o)
                0x00120210                dotab_stdnull
 .rodata        0x00120278        0xc c:/devkitpro/devkitarm/bin/../lib/gcc/arm-none-eabi/4.9.2/../../../../arm-none-eabi/lib/armv6k/fpu\libsysbase.a(chdir.o)
                0x00120278                DIRECTORY_PARENT
                0x0012027c                DIRECTORY_THIS
                0x00120280                DIRECTORY_SEPARATOR
 *(.roda)
 *(.rodata.*)
 .rodata.str1.4
                0x00120284       0x27 circle_controller.o
                                 0x28 (size before relaxing)
 *fill*         0x001202ab        0x1 
 .rodata.str1.4
                0x001202ac        0xb c:/devkitPro/libctru/lib\libsf2d.a(sf2d.o)
                                  0xc (size before relaxing)
 *fill*         0x001202b7        0x1 
 .rodata.str1.4
                0x001202b8       0xec c:/devkitPro/libctru/lib\libctru.a(os.o)
 .rodata.str1.4
                0x001203a4       0x2a c:/devkitPro/libctru/lib\libctru.a(romfs_dev.o)
                                 0x30 (size before relaxing)
 *fill*         0x001203ce        0x2 
 .rodata.str1.4
                0x001203d0       0x16 c:/devkitPro/libctru/lib\libctru.a(apt.o)
                                 0x18 (size before relaxing)
 *fill*         0x001203e6        0x2 
 .rodata.str1.4
                0x001203e8       0x16 c:/devkitPro/libctru/lib\libctru.a(cfgu.o)
                                 0x18 (size before relaxing)
 *fill*         0x001203fe        0x2 
 .rodata.str1.4
                0x00120400        0x8 c:/devkitPro/libctru/lib\libctru.a(fs.o)
 .rodata.str1.4
                0x00120408       0x15 c:/devkitPro/libctru/lib\libctru.a(gsp.o)
                                 0x18 (size before relaxing)
 *fill*         0x0012041d        0x3 
 .rodata.str1.4
                0x00120420       0x15 c:/devkitPro/libctru/lib\libctru.a(hid.o)
                                 0x18 (size before relaxing)
 *fill*         0x00120435        0x3 
 .rodata.str1.4
                0x00120438        0x7 c:/devkitPro/libctru/lib\libctru.a(irrst.o)
                                  0x8 (size before relaxing)
 *fill*         0x0012043f        0x1 
 .rodata.str1.4
                0x00120440       0x11 c:/devkitPro/libctru/lib\libctru.a(ptm.o)
                                 0x14 (size before relaxing)
 *fill*         0x00120451        0x3 
 .rodata.str1.4
                0x00120454        0xf c:/devkitPro/libctru/lib\libctru.a(srv.o)
                                 0x10 (size before relaxing)
 *fill*         0x00120463        0x1 
 .rodata.str1.4
                0x00120464        0x5 c:/devkitPro/libctru/lib\libctru.a(sdmc_dev.o)
                                  0xc (size before relaxing)
 *fill*         0x00120469        0x3 
 .rodata.npio2_hw
                0x0012046c       0x80 c:/devkitpro/devkitarm/bin/../lib/gcc/arm-none-eabi/4.9.2/../../../../arm-none-eabi/lib/armv6k/fpu\libm.a(lib_a-ef_rem_pio2.o)
 .rodata.two_over_pi
                0x001204ec      0x318 c:/devkitpro/devkitarm/bin/../lib/gcc/arm-none-eabi/4.9.2/../../../../arm-none-eabi/lib/armv6k/fpu\libm.a(lib_a-ef_rem_pio2.o)
 .rodata.init_jk
                0x00120804        0xc c:/devkitpro/devkitarm/bin/../lib/gcc/arm-none-eabi/4.9.2/../../../../arm-none-eabi/lib/armv6k/fpu\libm.a(lib_a-kf_rem_pio2.o)
 .rodata.PIo2   0x00120810       0x2c c:/devkitpro/devkitarm/bin/../lib/gcc/arm-none-eabi/4.9.2/../../../../arm-none-eabi/lib/armv6k/fpu\libm.a(lib_a-kf_rem_pio2.o)
 .rodata.str1.4
                0x0012083c        0x2 c:/devkitpro/devkitarm/bin/../lib/gcc/arm-none-eabi/4.9.2/../../../../arm-none-eabi/lib/armv6k/fpu\libg.a(lib_a-impure.o)
                                  0x4 (size before relaxing)
 *fill*         0x0012083e        0x2 
 .rodata._global_impure_ptr
                0x00120840        0x4 c:/devkitpro/devkitarm/bin/../lib/gcc/arm-none-eabi/4.9.2/../../../../arm-none-eabi/lib/armv6k/fpu\libg.a(lib_a-impure.o)
                0x00120840                _global_impure_ptr
 .rodata.zeroes.7037
                0x00120844       0x10 c:/devkitpro/devkitarm/bin/../lib/gcc/arm-none-eabi/4.9.2/../../../../arm-none-eabi/lib/armv6k/fpu\libg.a(lib_a-svfprintf.o)
 .rodata.str1.4
                0x00120854       0x42 c:/devkitpro/devkitarm/bin/../lib/gcc/arm-none-eabi/4.9.2/../../../../arm-none-eabi/lib/armv6k/fpu\libg.a(lib_a-svfprintf.o)
                                 0x44 (size before relaxing)
 *fill*         0x00120896        0x2 
 .rodata.blanks.7036
                0x00120898       0x10 c:/devkitpro/devkitarm/bin/../lib/gcc/arm-none-eabi/4.9.2/../../../../arm-none-eabi/lib/armv6k/fpu\libg.a(lib_a-svfprintf.o)
 .rodata.str1.4
                0x001208a8       0x10 c:/devkitpro/devkitarm/bin/../lib/gcc/arm-none-eabi/4.9.2/../../../../arm-none-eabi/lib/armv6k/fpu\libg.a(lib_a-dtoa.o)
                                 0x14 (size before relaxing)
 .rodata.str1.4
                0x001208b8      0x120 c:/devkitpro/devkitarm/bin/../lib/gcc/arm-none-eabi/4.9.2/../../../../arm-none-eabi/lib/armv6k/fpu\libg.a(lib_a-locale.o)
                                0x130 (size before relaxing)
 .rodata.categories
                0x001209d8       0x1c c:/devkitpro/devkitarm/bin/../lib/gcc/arm-none-eabi/4.9.2/../../../../arm-none-eabi/lib/armv6k/fpu\libg.a(lib_a-locale.o)
 .rodata.JIS_state_table
                0x001209f4       0x48 c:/devkitpro/devkitarm/bin/../lib/gcc/arm-none-eabi/4.9.2/../../../../arm-none-eabi/lib/armv6k/fpu\libg.a(lib_a-mbtowc_r.o)
 .rodata.JIS_action_table
                0x00120a3c       0x48 c:/devkitpro/devkitarm/bin/../lib/gcc/arm-none-eabi/4.9.2/../../../../arm-none-eabi/lib/armv6k/fpu\libg.a(lib_a-mbtowc_r.o)
 .rodata.p05.5298
                0x00120a84        0xc c:/devkitpro/devkitarm/bin/../lib/gcc/arm-none-eabi/4.9.2/../../../../arm-none-eabi/lib/armv6k/fpu\libg.a(lib_a-mprec.o)
 .rodata.__mprec_tens
                0x00120a90       0xc8 c:/devkitpro/devkitarm/bin/../lib/gcc/arm-none-eabi/4.9.2/../../../../arm-none-eabi/lib/armv6k/fpu\libg.a(lib_a-mprec.o)
                0x00120a90                __mprec_tens
 .rodata.__mprec_bigtens
                0x00120b58       0x28 c:/devkitpro/devkitarm/bin/../lib/gcc/arm-none-eabi/4.9.2/../../../../arm-none-eabi/lib/armv6k/fpu\libg.a(lib_a-mprec.o)
                0x00120b58                __mprec_bigtens
 .rodata.__mprec_tinytens
                0x00120b80       0x28 c:/devkitpro/devkitarm/bin/../lib/gcc/arm-none-eabi/4.9.2/../../../../arm-none-eabi/lib/armv6k/fpu\libg.a(lib_a-mprec.o)
                0x00120b80                __mprec_tinytens
 .rodata.__state_table
                0x00120ba8       0x6c c:/devkitpro/devkitarm/bin/../lib/gcc/arm-none-eabi/4.9.2/../../../../arm-none-eabi/lib/armv6k/fpu\libg.a(lib_a-svfiprintf.o)
                0x00120ba8                __state_table
 .rodata.blanks.7015
                0x00120c14       0x10 c:/devkitpro/devkitarm/bin/../lib/gcc/arm-none-eabi/4.9.2/../../../../arm-none-eabi/lib/armv6k/fpu\libg.a(lib_a-svfiprintf.o)
 .rodata.__chclass
                0x00120c24      0x100 c:/devkitpro/devkitarm/bin/../lib/gcc/arm-none-eabi/4.9.2/../../../../arm-none-eabi/lib/armv6k/fpu\libg.a(lib_a-svfiprintf.o)
                0x00120c24                __chclass
 .rodata.str1.4
                0x00120d24       0x30 c:/devkitpro/devkitarm/bin/../lib/gcc/arm-none-eabi/4.9.2/../../../../arm-none-eabi/lib/armv6k/fpu\libg.a(lib_a-svfiprintf.o)
 .rodata.__action_table
                0x00120d24       0x6c c:/devkitpro/devkitarm/bin/../lib/gcc/arm-none-eabi/4.9.2/../../../../arm-none-eabi/lib/armv6k/fpu\libg.a(lib_a-svfiprintf.o)
                0x00120d24                __action_table
 .rodata.zeroes.7016
                0x00120d90       0x10 c:/devkitpro/devkitarm/bin/../lib/gcc/arm-none-eabi/4.9.2/../../../../arm-none-eabi/lib/armv6k/fpu\libg.a(lib_a-svfiprintf.o)
 .rodata._ctype_
                0x00120da0      0x104 c:/devkitpro/devkitarm/bin/../lib/gcc/arm-none-eabi/4.9.2/../../../../arm-none-eabi/lib/armv6k/fpu\libg.a(lib_a-ctype_.o)
                0x00120da0                _ctype_
 .rodata.str1.4
                0x00120ea4        0x8 c:/devkitpro/devkitarm/bin/../lib/gcc/arm-none-eabi/4.9.2/../../../../arm-none-eabi/lib/armv6k/fpu\libsysbase.a(iosupport.o)
 *all.rodata*(*)
 *(.gnu.linkonce.r*)
                0x00120eac                . = ALIGN (0x4)

.rel.dyn        0x00120eac        0x0
 .rel.iplt      0x00120eac        0x0 c:/devkitpro/devkitarm/bin/../lib/gcc/arm-none-eabi/4.9.2/../../../../arm-none-eabi/lib/armv6k/fpu/3dsx_crt0.o

.ARM.extab
 *(.ARM.extab* .gnu.linkonce.armextab.*)
                0x00120eac                __exidx_start = .

ARM.exidx
 *(.ARM.exidx* .gnu.linkonce.armexidx.*)
                0x00120eac                __exidx_end = .

.data           0x00121000     0x4078
 *(.data)
 .data          0x00121000        0x0 c:/devkitpro/devkitarm/bin/../lib/gcc/arm-none-eabi/4.9.2/../../../../arm-none-eabi/lib/armv6k/fpu/3dsx_crt0.o
 .data          0x00121000        0x0 c:/devkitpro/devkitarm/bin/../lib/gcc/arm-none-eabi/4.9.2/armv6k/fpu/crti.o
 .data          0x00121000        0x4 c:/devkitpro/devkitarm/bin/../lib/gcc/arm-none-eabi/4.9.2/armv6k/fpu/crtbegin.o
                0x00121000                __dso_handle
 .data          0x00121004        0x0 circle_controller.o
 .data          0x00121004        0x0 main.o
 .data          0x00121004        0xc c:/devkitPro/libctru/lib\libsf2d.a(sf2d.o)
 .data          0x00121010        0x0 c:/devkitPro/libctru/lib\libsf2d.a(sf2d_draw.o)
 .data          0x00121010        0x0 c:/devkitPro/libctru/lib\libsf2d.a(sf2d_private.o)
 .data          0x00121010        0x0 c:/devkitPro/libctru/lib\libsf2d.a(shader.vsh.o)
 .data          0x00121010        0x0 c:/devkitPro/libctru/lib\libctru.a(linear.o)
 .data          0x00121010        0x0 c:/devkitPro/libctru/lib\libctru.a(mem_pool.o)
 .data          0x00121010        0x0 c:/devkitPro/libctru/lib\libctru.a(vram.o)
 .data          0x00121010        0xc c:/devkitPro/libctru/lib\libctru.a(gfx.o)
 .data          0x0012101c        0x0 c:/devkitPro/libctru/lib\libctru.a(os.o)
 .data          0x0012101c       0x68 c:/devkitPro/libctru/lib\libctru.a(romfs_dev.o)
 .data          0x00121084        0x0 c:/devkitPro/libctru/lib\libctru.a(gpu.o)
 .data          0x00121084      0x53c c:/devkitPro/libctru/lib\libctru.a(gpuResetSequence.o)
                0x00121084                gpuResetSequenceLength
                0x00121088                gpuResetSequence
 .data          0x001215c0        0x0 c:/devkitPro/libctru/lib\libctru.a(shaderProgram.o)
 .data          0x001215c0        0x0 c:/devkitPro/libctru/lib\libctru.a(shbin.o)
 .data          0x001215c0        0x0 c:/devkitPro/libctru/lib\libctru.a(apt.o)
 .data          0x001215c0        0x0 c:/devkitPro/libctru/lib\libctru.a(cfgu.o)
 .data          0x001215c0        0x0 c:/devkitPro/libctru/lib\libctru.a(fs.o)
 .data          0x001215c0        0x0 c:/devkitPro/libctru/lib\libctru.a(gsp.o)
 .data          0x001215c0        0x0 c:/devkitPro/libctru/lib\libctru.a(gx.o)
 .data          0x001215c0        0x0 c:/devkitPro/libctru/lib\libctru.a(hid.o)
 .data          0x001215c0        0x0 c:/devkitPro/libctru/lib\libctru.a(irrst.o)
 .data          0x001215c0        0x0 c:/devkitPro/libctru/lib\libctru.a(ptm.o)
 .data          0x001215c0        0x0 c:/devkitPro/libctru/lib\libctru.a(rbtree_find.o)