Archive member included to satisfy reference by file (symbol)

c:/devkitPro/libctru/lib\libsf2d.a(sf2d.o)
                              main.o (sf2d_init)
c:/devkitPro/libctru/lib\libsf2d.a(sf2d_draw.o)
                              circle_controller.o (sf2d_draw_rectangle)
c:/devkitPro/libctru/lib\libsf2d.a(sf2d_private.o)
                              c:/devkitPro/libctru/lib\libsf2d.a(sf2d.o) (GPU_SetDummyTexEnv)
c:/devkitPro/libctru/lib\libsf2d.a(shader.vsh.o)
                              c:/devkitPro/libctru/lib\libsf2d.a(sf2d.o) (shader_vsh_shbin_size)
c:/devkitPro/libctru/lib\libctru.a(linear.o)
                              c:/devkitPro/libctru/lib\libsf2d.a(sf2d.o) (linearAlloc)
c:/devkitPro/libctru/lib\libctru.a(mem_pool.o)
                              c:/devkitPro/libctru/lib\libctru.a(linear.o) (MemPool::Allocate(MemChunk&, unsigned long, int))
c:/devkitPro/libctru/lib\libctru.a(vram.o)
                              c:/devkitPro/libctru/lib\libsf2d.a(sf2d.o) (vramMemAlign)
c:/devkitPro/libctru/lib\libctru.a(gfx.o)
                              c:/devkitPro/libctru/lib\libsf2d.a(sf2d.o) (gfxSet3D)
c:/devkitPro/libctru/lib\libctru.a(os.o)
                              c:/devkitPro/libctru/lib\libsf2d.a(sf2d.o) (osConvertVirtToPhys)
c:/devkitPro/libctru/lib\libctru.a(romfs_dev.o)
                              c:/devkitPro/libctru/lib\libctru.a(os.o) (romfsInitFromFile)
c:/devkitPro/libctru/lib\libctru.a(gpu.o)
                              c:/devkitPro/libctru/lib\libsf2d.a(sf2d.o) (GPU_Init)
c:/devkitPro/libctru/lib\libctru.a(gpuResetSequence.o)
                              c:/devkitPro/libctru/lib\libctru.a(gpu.o) (gpuResetSequenceLength)
c:/devkitPro/libctru/lib\libctru.a(shaderProgram.o)
                              c:/devkitPro/libctru/lib\libsf2d.a(sf2d.o) (shaderInstanceGetUniformLocation)
c:/devkitPro/libctru/lib\libctru.a(shbin.o)
                              c:/devkitPro/libctru/lib\libsf2d.a(sf2d.o) (DVLB_Free)
c:/devkitPro/libctru/lib\libctru.a(apt.o)
                              c:/devkitPro/libctru/lib\libsf2d.a(sf2d.o) (aptHook)
c:/devkitPro/libctru/lib\libctru.a(cfgu.o)
                              c:/devkitPro/libctru/lib\libctru.a(os.o) (initCfgu)
c:/devkitPro/libctru/lib\libctru.a(fs.o)
                              c:/devkitPro/libctru/lib\libctru.a(os.o) (FSUSER_OpenFileDirectly)
c:/devkitPro/libctru/lib\libctru.a(gsp.o)
                              c:/devkitPro/libctru/lib\libctru.a(gfx.o) (gspInit)
c:/devkitPro/libctru/lib\libctru.a(gx.o)
                              c:/devkitPro/libctru/lib\libctru.a(gfx.o) (gxCmdBuf)
c:/devkitPro/libctru/lib\libctru.a(hid.o)
                              circle_controller.o (hidScanInput)
c:/devkitPro/libctru/lib\libctru.a(irrst.o)
                              c:/devkitPro/libctru/lib\libctru.a(hid.o) (irrstScanInput)
c:/devkitPro/libctru/lib\libctru.a(ptm.o)
                              c:/devkitPro/libctru/lib\libctru.a(os.o) (ptmSysmInit)
c:/devkitPro/libctru/lib\libctru.a(rbtree_find.o)
                              c:/devkitPro/libctru/lib\libctru.a(linear.o) (rbtree_find)
c:/devkitPro/libctru/lib\libctru.a(rbtree_init.o)
                              c:/devkitPro/libctru/lib\libctru.a(linear.o) (rbtree_init)
c:/devkitPro/libctru/lib\libctru.a(rbtree_insert.o)
                              c:/devkitPro/libctru/lib\libctru.a(linear.o) (rbtree_insert)
c:/devkitPro/libctru/lib\libctru.a(rbtree_remove.o)
                              c:/devkitPro/libctru/lib\libctru.a(linear.o) (rbtree_remove)
c:/devkitPro/libctru/lib\libctru.a(rbtree_rotate.o)
                              c:/devkitPro/libctru/lib\libctru.a(rbtree_insert.o) (rbtree_rotate)
c:/devkitPro/libctru/lib\libctru.a(utf8_to_utf16.o)
                              c:/devkitPro/libctru/lib\libctru.a(romfs_dev.o) (utf8_to_utf16)
c:/devkitPro/libctru/lib\libctru.a(allocateHeaps.o)
                              c:/devkitPro/libctru/lib\libctru.a(linear.o) (__linear_heap)
c:/devkitPro/libctru/lib\libctru.a(initArgv.o)
                              c:/devkitpro/devkitarm/bin/../lib/gcc/arm-none-eabi/4.9.2/../../../../arm-none-eabi/lib/armv6k/fpu/3dsx_crt0.o (__system_argc)
c:/devkitPro/libctru/lib\libctru.a(initSystem.o)
                              c:/devkitPro/libctru/lib\libctru.a(apt.o) (__system_retAddr)
c:/devkitPro/libctru/lib\libctru.a(svc.o)
                              c:/devkitPro/libctru/lib\libctru.a(allocateHeaps.o) (svcControlMemory)
c:/devkitPro/libctru/lib\libctru.a(stack_adjust.o)
                              c:/devkitpro/devkitarm/bin/../lib/gcc/arm-none-eabi/4.9.2/../../../../arm-none-eabi/lib/armv6k/fpu/3dsx_crt0.o (initSystem)
c:/devkitPro/libctru/lib\libctru.a(mappable.o)
                              c:/devkitPro/libctru/lib\libctru.a(gfx.o) (mappableAlloc)
c:/devkitPro/libctru/lib\libctru.a(srv.o)
                              c:/devkitPro/libctru/lib\libctru.a(fs.o) (__get_handle_from_list)
c:/devkitPro/libctru/lib\libctru.a(rbtree_iterator.o)
[...]
Memory Configuration

Name             Origin             Length             Attributes
*default*        0x00000000         0xffffffff

Linker script and memory map

                0x00100000                . = 0x100000
                0x00100000                __start__ = .

.text           0x00100000    0x1f3a4
 *(.crt0)
 .crt0          0x00100000       0x94 c:/devkitpro/devkitarm/bin/../lib/gcc/arm-none-eabi/4.9.2/../../../../arm-none-eabi/lib/armv6k/fpu/3dsx_crt0.o
                0x00100000                _start
                0x00100008                __service_ptr
                0x0010000c                __apt_appid
                0x00100010                __heap_size
                0x00100014                __linear_heap_size
                0x00100018                __system_arglist
                0x0010001c                __system_runflags
 *(.init)
 .init          0x00100094        0xc c:/devkitpro/devkitarm/bin/../lib/gcc/arm-none-eabi/4.9.2/armv6k/fpu/crti.o
                0x00100094                _init
 .init          0x001000a0        0xc c:/devkitpro/devkitarm/bin/../lib/gcc/arm-none-eabi/4.9.2/armv6k/fpu/crtn.o
                0x001000ac                . = ALIGN (0x4)
 *(.text)
 .text          0x001000ac        0x0 c:/devkitpro/devkitarm/bin/../lib/gcc/arm-none-eabi/4.9.2/../../../../arm-none-eabi/lib/armv6k/fpu/3dsx_crt0.o
 .text          0x001000ac        0x0 c:/devkitpro/devkitarm/bin/../lib/gcc/arm-none-eabi/4.9.2/armv6k/fpu/crti.o
 .text          0x001000ac      0x108 c:/devkitpro/devkitarm/bin/../lib/gcc/arm-none-eabi/4.9.2/armv6k/fpu/crtbegin.o
 .text          0x001001b4      0x460 circle_controller.o
                0x001001b4                circle_controller_create_all_circles
                0x0010027c                circle_controller_init
                0x00100310                circle_controller_free
                0x0010031c                circle_controller_update_all_circles
                0x00100444                circle_controller_update
                0x0010047c                circle_controller_draw_all_circles
                0x001004d0                circle_controller_draw
                0x001005a8                circle_controller_input
                0x001005c8                circle_controller_handle_state
 .text          0x00100614        0x0 main.o
 .text          0x00100614      0x75c c:/devkitPro/libctru/lib\libsf2d.a(sf2d.o)
                0x0010082c                sf2d_init
                0x00100854                sf2d_init_advanced
                0x00100874                sf2d_fini
                0x001008d8                sf2d_set_3D
                0x001008e4                sf2d_start_frame
                0x00100a74                sf2d_end_frame
                0x00100b8c                sf2d_swapbuffers
                0x00100c3c                sf2d_set_vblank_wait
                0x00100c4c                sf2d_get_fps
                0x00100c5c                sf2d_pool_malloc
                0x00100c88                sf2d_pool_memalign
                0x00100cc8                sf2d_pool_space_free
                0x00100ce0                sf2d_pool_reset
                0x00100cf4                sf2d_set_clear_color
                0x00100d04                sf2d_set_scissor_test
                0x00100d50                sf2d_get_current_screen
                0x00100d60                sf2d_get_current_side
 .text          0x00100d70      0x7cc c:/devkitPro/libctru/lib\libsf2d.a(sf2d_draw.o)
                0x00100d70                sf2d_draw_line
                0x00100f48                sf2d_draw_rectangle
                0x00101100                sf2d_draw_rectangle_rotate
                0x00101354                sf2d_draw_fill_circle
 .text          0x0010153c      0x4f8 c:/devkitPro/libctru/lib\libsf2d.a(sf2d_private.o)
                0x0010153c                GPU_SetDummyTexEnv
                0x00101570                vector_mult_matrix4x4
                0x001015f4                matrix_gpu_set_uniform
                0x00101644                matrix_copy
                0x00101680                matrix_identity4x4
                0x001016cc                matrix_mult4x4
                0x00101740                matrix_set_z_rotation
                0x001017b4                matrix_rotate_z
                0x00101814                matrix_set_scaling
                0x00101860                matrix_swap_xy
                0x00101900                matrix_init_orthographic
                0x00101a14                next_pow2
 .text          0x00101a34        0x0 c:/devkitPro/libctru/lib\libsf2d.a(shader.vsh.o)
 .text          0x00101a34      0x1d4 c:/devkitPro/libctru/lib\libctru.a(linear.o)
                0x00101a5c                linearMemAlign
                0x00101b9c                linearAlloc
                0x00101ba4                linearRealloc
                0x00101bac                linearFree
                0x00101bfc                linearSpaceFree
 .text          0x00101c08      0x35c c:/devkitPro/libctru/lib\libctru.a(mem_pool.o)
                0x00101c08                MemPool::CoalesceRight(MemBlock*)
                0x00101ca8                MemPool::Allocate(MemChunk&, unsigned long, int)
                0x00101e30                MemPool::Deallocate(MemChunk const&)
                0x00101f34                MemPool::GetFreeSpace()
 .text          0x00101f64      0x1c4 c:/devkitPro/libctru/lib\libctru.a(vram.o)
                0x00101f8c                vramMemAlign
                0x001020bc                vramAlloc
                0x001020c4                vramRealloc
                0x001020cc                vramFree
                0x0010211c                vramSpaceFree
 .text          0x00102128      0x748 c:/devkitPro/libctru/lib\libctru.a(gfx.o)
                0x001021b4                gfxSet3D
                0x001021c4                gfxSetScreenFormat
                0x001021dc                gfxGetScreenFormat
                0x001021f4                gfxSetDoubleBuffering
                0x00102208                gfxSetFramebufferInfo
                0x00102278                gfxWriteFramebufferInfo
                0x0010233c                gfxInit
                0x0010251c                gfxInitDefault
                0x0010252c                gfxExit
                0x00102614                gfxGetFramebuffer
                0x001026c4                gfxFlushBuffers
                0x001027a0                gfxSwapBuffers
                0x00102814                gfxSwapBuffersGpu
 .text          0x00102870      0x550 c:/devkitPro/libctru/lib\libctru.a(os.o)
                0x001029a4                osConvertVirtToPhys
                0x001029f0                osConvertOldLINEARMemToNew
                0x00102a10                __libctru_gtod
                0x00102b04                osGetTime
                0x00102b78                osGetFirmVersion
                0x00102b8c                osGetKernelVersion
                0x00102ba0                osStrError
                0x00102bc0                osGetWifiStrength
                0x00102bd0                __ctru_speedup_config
                0x00102c04                osSetSpeedupEnable
                0x00102c14                osGetSystemVersionData
                0x00102d44                osGetSystemVersionDataString
 .text          0x00102dc0      0xa8c c:/devkitPro/libctru/lib\libctru.a(romfs_dev.o)
                0x00103540                romfsInit
                0x001037c8                romfsInitFromFile
                0x001037f0                romfsExit
 .text          0x0010384c     0x1a58 c:/devkitPro/libctru/lib\libctru.a(gpu.o)
                0x001038cc                GPU_Init
                0x001038f8                GPUCMD_SetBuffer
                0x00103924                GPUCMD_SetBufferOffset
                0x00103934                GPUCMD_GetBuffer
                0x00103974                GPUCMD_AddRawCommands
                0x001039c0                GPUCMD_Run
                0x00103a20                GPUCMD_FlushAndRun
                0x00103a94                GPUCMD_Add
                0x00103b78                GPUCMD_Finalize
                0x00103c10                GPU_Reset
                0x001043f0                GPU_SetFloatUniform
                0x00104468                GPU_SetViewport
                0x0010465c                GPU_SetScissorTest
                0x001046a8                GPU_DepthMap
                0x00104724                GPU_SetAlphaTest
                0x0010475c                GPU_SetStencilTest
                0x001047a4                GPU_SetStencilOp
                0x001047d8                GPU_SetDepthTestAndWriteMask
                0x00104810                GPU_SetAlphaBlending
                0x00104878                GPU_SetColorLogicOp
                0x001048bc                GPU_SetBlendingColor
                0x001048f8                GPU_SetTextureEnable
                0x00104944                GPU_SetTexture
                0x00104adc                GPU_SetTextureBorderColor
                0x00104b70                GPU_SetAttributeBuffers
                0x00104d6c                GPU_SetAttributeBuffersAddress
                0x00104d98                GPU_SetFaceCulling
                0x00104dc4                GPU_SetCombinerBufferWrite
                0x00104df8                GPU_SetTexEnv
                0x00104e70                GPU_DrawArray
                0x00104fa0                GPU_DrawElements
                0x001050d4                GPU_FinishDrawing
                0x00105130                GPU_SetShaderOutmap
                0x00105178                GPU_SendShaderCode
                0x00105230                GPU_SendOperandDescriptors
 .text          0x001052a4        0x0 c:/devkitPro/libctru/lib\libctru.a(gpuResetSequence.o)
 .text          0x001052a4      0x7f4 c:/devkitPro/libctru/lib\libctru.a(shaderProgram.o)
                0x001052a4                shaderInstanceInit
                0x001054ac                shaderInstanceFree
                0x001054e4                shaderInstanceSetBool
                0x00105524                shaderInstanceGetBool
                0x00105570                shaderInstanceGetUniformLocation
                0x00105590                shaderProgramInit
                0x001055a8                shaderProgramFree
                0x001055d8                shaderProgramSetVsh
                0x00105644                shaderProgramSetGsh
                0x001056b8                shaderProgramUse
 .text          0x00105a98      0x348 c:/devkitPro/libctru/lib\libctru.a(shbin.o)
                0x00105a98                DVLB_Free
                0x00105ad4                DVLE_GetUniformRegister
                0x00105b50                DVLE_GenerateOutmap
                0x00105c48                DVLB_ParseFile
 .text          0x00105de0     0x1e3c c:/devkitPro/libctru/lib\libctru.a(apt.o)
                0x00105e44                _aptDebug
                0x00105e48                aptInitCaptureInfo
                0x00105ef8                aptWaitStatusEvent
                0x00105f20                aptHook
                0x00105f58                aptUnhook
                0x00105f84                aptGetStatus
                0x00105fbc                aptSetStatus
                0x0010602c                aptGetStatusPower
                0x00106064                aptSetStatusPower
                0x0010609c                aptOpenSession
                0x001060c0                aptCloseSession
                0x001060e8                aptSignalReadyForSleep
                0x001060f8                APT_GetLockHandle
                0x00106148                APT_Initialize
                0x001061b0                APT_Finalize
                0x001061ec                APT_HardwareResetAsync
                0x00106220                APT_Enable
                0x0010625c                APT_GetAppletManInfo
                0x001062dc                aptGetMenuAppID
                0x00106318                APT_GetAppletInfo
                0x001063b0                APT_GetAppletProgramInfo
                0x00106404                APT_GetProgramID
                0x00106474                APT_IsRegistered
                0x001064c4                APT_InquireNotification
                0x00106514                APT_PrepareToJumpToHomeMenu
                0x00106548                APT_JumpToHomeMenu
                0x00106598                APT_PrepareToJumpToApplication
                0x001065d4                APT_JumpToApplication
                0x00106624                APT_NotifyToWait
                0x00106660                APT_AppletUtility
                0x001066e8                aptAppletUtility_Exit_RetToApp
                0x00106808                aptAppletClosed
                0x00106918                aptInit
                0x00106ae0                APT_GlanceParameter
                0x00106b54                APT_ReceiveParameter
                0x00106bc8                APT_SendParameter
                0x00106c38                APT_SendCaptureBufferInfo
                0x00106c84                aptReturnToMenu
                0x00106e58                APT_ReplySleepQuery
                0x00106e98                APT_ReplySleepNotificationComplete
                0x00106ed4                aptEventHandler
                0x001071d8                APT_PrepareToCloseApplication
                0x00107214                APT_CloseApplication
                0x0010726c                aptExit
                0x00107458                APT_SetAppCpuTimeLimit
                0x0010749c                APT_GetAppCpuTimeLimit
                0x001074f0                APT_CheckNew3DS_Application
                0x0010754c                APT_CheckNew3DS_System
                0x001075a8                APT_CheckNew3DS
                0x0010761c                APT_PrepareToDoAppJump
                0x00107668                APT_DoAppJump
                0x001076d0                APT_PrepareToStartLibraryApplet
                0x0010770c                APT_StartLibraryApplet
                0x0010776c                aptAppletStarted
                0x00107870                aptMainLoop
                0x001079e8                APT_LaunchLibraryApplet
                0x00107b80                APT_PrepareToStartSystemApplet
                0x00107bbc                APT_StartSystemApplet
 .text          0x00107c1c      0x288 c:/devkitPro/libctru/lib\libctru.a(cfgu.o)
                0x00107c1c                initCfgu
                0x00107c70                exitCfgu
                0x00107c90                CFGU_SecureInfoGetRegion
                0x00107cc8                CFGU_GenHashConsoleUnique
                0x00107d20                CFGU_GetRegionCanadaUSA
                0x00107d58                CFGU_GetSystemModel
                0x00107d90                CFGU_GetModelNintendo2DS
                0x00107dc8                CFGU_GetCountryCodeString
                0x00107e08                CFGU_GetCountryCodeID
                0x00107e48                CFGU_GetConfigInfoBlk2
                0x00107e90                CFGU_GetSystemLanguage
 .text          0x00107ea4      0xd4c c:/devkitPro/libctru/lib\libctru.a(fs.o)
                0x00107ea4                FS_makePath
                0x00107ed0                fsExit
                0x00107ef4                fsGetSessionHandle
                0x00107f00                FSUSER_Initialize
                0x00107f74                fsInit
                0x00107fe0                FSUSER_OpenFile
                0x0010808c                FSUSER_OpenFileDirectly
                0x00108158                FSUSER_DeleteFile
                0x001081e0                FSUSER_RenameFile
                0x001082a4                FSUSER_DeleteDirectory
                0x0010832c                FSUSER_DeleteDirectoryRecursively
                0x001083b4                FSUSER_CreateFile
                0x0010844c                FSUSER_CreateDirectory
                0x001084d8                FSUSER_RenameDirectory
                0x0010859c                FSUSER_OpenDirectory
                0x00108630                FSUSER_OpenArchive
                0x001086b8                FSUSER_CloseArchive
                0x00108710                FSUSER_GetSdmcArchiveResource
                0x0010878c                FSUSER_GetNandArchiveResource
                0x00108808                FSUSER_IsSdmcDetected
                0x00108854                FSUSER_GetProductInfo
                0x001088cc                FSUSER_GetMediaType
                0x00108918                FSUSER_IsSdmcWritable
                0x00108964                FSFILE_Close
                0x001089a8                FSFILE_Read
                0x00108a04                FSFILE_Write
                0x00108a68                FSFILE_GetSize
                0x00108aa8                FSFILE_SetSize
                0x00108ad4                FSFILE_GetAttributes
                0x00108b0c                FSFILE_SetAttributes
                0x00108b34                FSFILE_Flush
                0x00108b58                FSDIR_Read
                0x00108bac                FSDIR_Close
 .text          0x00108bf0      0x934 c:/devkitPro/libctru/lib\libctru.a(gsp.o)
                0x00108cd4                gspInit
                0x00108ce8                gspExit
                0x00108d00                gspInitEventHandler
                0x00108dcc                gspExitEventHandler
                0x00108e24                gspWaitForEvent
                0x00108e7c                GSPGPU_WriteHWRegs
                0x00108eec                GSPGPU_WriteHWRegsWithMask
                0x00108f78                GSPGPU_ReadHWRegs
                0x00108fe8                GSPGPU_SetBufferSwap
                0x0010905c                GSPGPU_FlushDataCache
                0x001090b0                GSPGPU_InvalidateDataCache
                0x00109104                GSPGPU_SetLcdForceBlack
                0x00109140                GSPGPU_TriggerCmdReqQueue
                0x00109174                GSPGPU_RegisterInterruptRelayQueue
                0x001091e0                GSPGPU_UnregisterInterruptRelayQueue
                0x00109214                GSPGPU_AcquireRight
                0x00109264                GSPGPU_ReleaseRight
                0x00109298                GSPGPU_ImportDisplayCaptureInfo
                0x0010931c                GSPGPU_SaveVramSysArea
                0x00109350                GSPGPU_RestoreVramSysArea
                0x00109384                GSPGPU_SubmitGxCommand
                0x00109490                gspLcdInit
                0x001094a4                gspLcdExit
                0x001094bc                GSPLCD_PowerOffBacklight
                0x001094f0                GSPLCD_PowerOnBacklight
 .text          0x00109524      0x264 c:/devkitPro/libctru/lib\libctru.a(gx.o)
                0x00109524                GX_RequestDma
                0x00109578                GX_SetCommandList_Last
                0x001095e0                GX_SetMemoryFill
                0x00109654                GX_SetDisplayTransfer
                0x001096b8                GX_SetTextureCopy
                0x00109720                GX_SetCommandList_First
 .text          0x00109788      0x754 c:/devkitPro/libctru/lib\libctru.a(hid.o)
                0x00109788                hidExit
                0x00109858                hidWaitForEvent
                0x001098b0                hidCheckSectionUpdateTime
                0x001098ec                hidScanInput
                0x00109b34                hidKeysHeld
                0x00109b44                hidKeysDown
                0x00109b54                hidKeysUp
                0x00109b64                hidTouchRead
                0x00109b7c                hidCircleRead
                0x00109b94                hidAccelRead
                0x00109bb4                hidGyroRead
                0x00109bd4                HIDUSER_GetHandles
                0x00109c64                hidInit
                0x00109db8                HIDUSER_EnableAccelerometer
                0x00109de4                HIDUSER_DisableAccelerometer
                0x00109e10                HIDUSER_EnableGyroscope
                0x00109e3c                HIDUSER_DisableGyroscope
                0x00109e68                HIDUSER_GetGyroscopeRawToDpsCoefficient
                0x00109ea4                HIDUSER_GetSoundVolume
 .text          0x00109edc      0x3c0 c:/devkitPro/libctru/lib\libctru.a(irrst.o)
                0x00109edc                irrstWaitForEvent
                0x00109f28                irrstCheckSectionUpdateTime
                0x00109f64                irrstScanInput
                0x0010a018                irrstKeysHeld
                0x0010a030                irrstCstickRead
                0x0010a048                IRRST_GetHandles
                0x0010a098                IRRST_Initialize
                0x0010a0d0                irrstInit
                0x0010a1d0                IRRST_Shutdown
                0x0010a1fc                irrstExit
 .text          0x0010a29c      0x1bc c:/devkitPro/libctru/lib\libctru.a(ptm.o)
                0x0010a29c                ptmInit
                0x0010a2b0                ptmExit
                0x0010a2c0                ptmSysmInit
                0x0010a2d4                ptmSysmExit
                0x0010a2e4                PTMU_GetShellState
                0x0010a324                PTMU_GetBatteryLevel
                0x0010a364                PTMU_GetBatteryChargeState
                0x0010a3a4                PTMU_GetPedometerState
                0x0010a3e4                PTMU_GetTotalStepCount
                0x0010a424                PTMSYSM_ConfigureNew3DSCPU
 .text          0x0010a458       0x70 c:/devkitPro/libctru/lib\libctru.a(rbtree_find.o)
                0x0010a458                rbtree_find
 .text          0x0010a4c8       0x14 c:/devkitPro/libctru/lib\libctru.a(rbtree_init.o)
                0x0010a4c8                rbtree_init
 .text          0x0010a4dc      0x1f4 c:/devkitPro/libctru/lib\libctru.a(rbtree_insert.o)
                0x0010a6c0                rbtree_insert
                0x0010a6c8                rbtree_insert_multi
 .text          0x0010a6d0      0x340 c:/devkitPro/libctru/lib\libctru.a(rbtree_remove.o)
                0x0010a6d0                rbtree_remove
 .text          0x0010aa10       0xac c:/devkitPro/libctru/lib\libctru.a(rbtree_rotate.o)
                0x0010aa10                rbtree_rotate
 .text          0x0010aabc       0xb8 c:/devkitPro/libctru/lib\libctru.a(utf8_to_utf16.o)
                0x0010aabc                utf8_to_utf16
 .text          0x0010ab74       0xa4 c:/devkitPro/libctru/lib\libctru.a(allocateHeaps.o)
                0x0010ab74                __system_allocateHeaps
 .text          0x0010ac18       0xf4 c:/devkitPro/libctru/lib\libctru.a(initArgv.o)
                0x0010ac18                __system_initArgv
 .text          0x0010ad0c       0x4c c:/devkitPro/libctru/lib\libctru.a(initSystem.o)
                0x0010ad0c                __libctru_init
 *fill*         0x0010ad58        0x8 
 .text          0x0010ad60      0x460 c:/devkitPro/libctru/lib\libctru.a(svc.o)
                0x0010ad60                svcControlMemory
                0x0010ad80                svcQueryMemory
                0x0010adb0                svcExitProcess
                0x0010adb8                svcCreateThread
                0x0010add8                svcExitThread
                0x0010ade0                svcSleepThread
                0x0010ade8                svcGetThreadPriority
                0x0010adfc                svcSetThreadPriority
                0x0010ae04                svcGetThreadAffinityMask
                0x0010ae0c                svcSetThreadAffinityMask
                0x0010ae14                svcGetThreadIdealProcessor
                0x0010ae28                svcSetThreadIdealProcessor
                0x0010ae30                svcGetProcessorID
                0x0010ae38                svcCreateMutex
                0x0010ae4c                svcReleaseMutex
                0x0010ae54                svcCreateSemaphore
                0x0010ae68                svcReleaseSemaphore
                0x0010ae7c                svcCreateEvent
                0x0010ae90                svcSignalEvent
                0x0010ae98                svcClearEvent
                0x0010aea0                svcCreateTimer
                0x0010aeb4                svcSetTimer
                0x0010aebc                svcCancelTimer
                0x0010aec4                svcClearTimer
                0x0010aecc                svcCreateMemoryBlock
                0x0010aee4                svcMapMemoryBlock
                0x0010aeec                svcUnmapMemoryBlock
                0x0010aef4                svcCreateAddressArbiter
                0x0010af08                svcArbitrateAddress
                0x0010af28                svcCloseHandle
                0x0010af30                svcWaitSynchronization
                0x0010af38                svcWaitSynchronizationN
                0x0010af60                svcDuplicateHandle
                0x0010af74                svcGetSystemTick
                0x0010af7c                svcGetSystemInfo
                0x0010af94                svcGetProcessInfo
                0x0010afac                svcGetThreadInfo
                0x0010afc4                svcConnectToPort
                0x0010afd8                svcSendSyncRequest
                0x0010afe0                svcOpenProcess
                0x0010aff4                svcOpenThread
                0x0010b008                svcGetProcessId
                0x0010b01c                svcGetProcessIdOfThread
                0x0010b030                svcGetThreadId
                0x0010b044                svcBreak
                0x0010b04c                svcOutputDebugString
                0x0010b054                svcCreatePort
                0x0010b074                svcAcceptSession
                0x0010b08c                svcReplyAndReceive
                0x0010b0a4                svcInvalidateProcessDataCache
                0x0010b0ac                svcFlushProcessDataCache
                0x0010b0b4                svcStartInterProcessDma
                0x0010b0d4                svcStopDma
                0x0010b0dc                svcGetDmaState
                0x0010b0f0                svcDebugActiveProcess
                0x0010b104                svcBreakDebugProcess
                0x0010b10c                svcTerminateDebugProcess
                0x0010b114                svcGetProcessDebugEvent
                0x0010b11c                svcContinueDebugEvent
                0x0010b124                svcGetProcessList
                0x0010b144                svcReadProcessMemory
                0x0010b14c                svcWriteProcessMemory
                0x0010b154                svcControlProcessMemory
                0x0010b16c                svcMapProcessMemory
                0x0010b174                svcUnmapProcessMemory
                0x0010b17c                svcTerminateProcess
                0x0010b184                svcBackdoor
                0x0010b18c                svcKernelSetState
                0x0010b194                svcQueryProcessMemory
 .text          0x0010b1c0       0x64 c:/devkitPro/libctru/lib\libctru.a(stack_adjust.o)
                0x0010b1c0                initSystem
                0x0010b204                __ctru_exit
 .text          0x0010b224      0x178 c:/devkitPro/libctru/lib\libctru.a(mappable.o)
                0x0010b24c                mappableAlloc
                0x0010b340                mappableFree
                0x0010b390                mappableSpaceFree
 .text          0x0010b39c      0x3b8 c:/devkitPro/libctru/lib\libctru.a(srv.o)
                0x0010b39c                __get_handle_from_list
                0x0010b434                __destroy_handle_list
                0x0010b488                srvExit
                0x0010b4b0                srvGetSessionHandle
                0x0010b4bc                srvRegisterClient
                0x0010b4f4                srvInit
                0x0010b55c                srvGetServiceHandle
                0x0010b5dc                srvRegisterService
                0x0010b638                srvUnregisterService
                0x0010b684                srvPmInit
                0x0010b6d8                srvRegisterProcess
                0x0010b720                srvUnregisterProcess
 .text          0x0010b754      0x118 c:/devkitPro/libctru/lib\libctru.a(rbtree_iterator.o)
                0x0010b754                rbtree_node_next
                0x0010b7e0                rbtree_node_prev
 .text          0x0010b86c      0x138 c:/devkitPro/libctru/lib\libctru.a(decode_utf8.o)
                0x0010b86c                decode_utf8
 .text          0x0010b9a4       0x68 c:/devkitPro/libctru/lib\libctru.a(encode_utf16.o)
                0x0010b9a4                encode_utf16
 .text          0x0010ba0c       0x1c c:/devkitPro/libctru/lib\libctru.a(appExit.o)
                0x0010ba0c                __appExit
 .text          0x0010ba28       0x1c c:/devkitPro/libctru/lib\libctru.a(appInit.o)
                0x0010ba28                __appInit
 .text          0x0010ba44       0x90 c:/devkitPro/libctru/lib\libctru.a(ctru_exit.o)
                0x0010ba44                __libctru_exit
 .text          0x0010bad4      0xffc c:/devkitPro/libctru/lib\libctru.a(sdmc_dev.o)
                0x0010c950                sdmcInit
                0x0010ca80                sdmcExit
 .text          0x0010cad0       0xe8 c:/devkitPro/libctru/lib\libctru.a(utf16_to_utf8.o)
                0x0010cad0                utf16_to_utf8
 .text          0x0010cbb8       0x60 c:/devkitPro/libctru/lib\libctru.a(decode_utf16.o)
                0x0010cbb8                decode_utf16
 .text          0x0010cc18      0x104 c:/devkitPro/libctru/lib\libctru.a(encode_utf8.o)
                0x0010cc18                encode_utf8
 .text          0x0010cd1c        0x0 c:/devkitpro/devkitarm/bin/../lib/gcc/arm-none-eabi/4.9.2/../../../../arm-none-eabi/lib/armv6k/fpu\libm.a(lib_a-sf_cos.o)
 .text          0x0010cd1c        0x0 c:/devkitpro/devkitarm/bin/../lib/gcc/arm-none-eabi/4.9.2/../../../../arm-none-eabi/lib/armv6k/fpu\libm.a(lib_a-sf_sin.o)
 .text          0x0010cd1c        0x0 c:/devkitpro/devkitarm/bin/../lib/gcc/arm-none-eabi/4.9.2/../../../../arm-none-eabi/lib/armv6k/fpu\libm.a(lib_a-ef_rem_pio2.o)
 .text          0x0010cd1c        0x0 c:/devkitpro/devkitarm/bin/../lib/gcc/arm-none-eabi/4.9.2/../../../../arm-none-eabi/lib/armv6k/fpu\libm.a(lib_a-kf_cos.o)
 .text          0x0010cd1c        0x0 c:/devkitpro/devkitarm/bin/../lib/gcc/arm-none-eabi/4.9.2/../../../../arm-none-eabi/lib/armv6k/fpu\libm.a(lib_a-kf_rem_pio2.o)
 .text          0x0010cd1c        0x0 c:/devkitpro/devkitarm/bin/../lib/gcc/arm-none-eabi/4.9.2/../../../../arm-none-eabi/lib/armv6k/fpu\libm.a(lib_a-kf_sin.o)
 .text          0x0010cd1c        0x0 c:/devkitpro/devkitarm/bin/../lib/gcc/arm-none-eabi/4.9.2/../../../../arm-none-eabi/lib/armv6k/fpu\libm.a(lib_a-sf_fabs.o)
 .text          0x0010cd1c        0x0 c:/devkitpro/devkitarm/bin/../lib/gcc/arm-none-eabi/4.9.2/../../../../arm-none-eabi/lib/armv6k/fpu\libm.a(lib_a-sf_floor.o)
 .text          0x0010cd1c        0x0 c:/devkitpro/devkitarm/bin/../lib/gcc/arm-none-eabi/4.9.2/../../../../arm-none-eabi/lib/armv6k/fpu\libm.a(lib_a-sf_scalbn.o)
 .text          0x0010cd1c        0x0 c:/devkitpro/devkitarm/bin/../lib/gcc/arm-none-eabi/4.9.2/../../../../arm-none-eabi/lib/armv6k/fpu\libm.a(lib_a-sf_copysign.o)
 .text          0x0010cd1c      0x20c c:/devkitpro/devkitarm/bin/../lib/gcc/arm-none-eabi/4.9.2/armv6k/fpu\libgcc.a(_udivsi3.o)
                0x0010cd1c                __aeabi_uidiv
                0x0010cd1c                __udivsi3
                0x0010cf08                __aeabi_uidivmod
 .text          0x0010cf28        0x4 c:/devkitpro/devkitarm/bin/../lib/gcc/arm-none-eabi/4.9.2/armv6k/fpu\libgcc.a(_dvmd_tls.o)
                0x0010cf28                __aeabi_idiv0
                0x0010cf28                __aeabi_ldiv0
 .text          0x0010cf2c      0x250 c:/devkitpro/devkitarm/bin/../lib/gcc/arm-none-eabi/4.9.2/armv6k/fpu\libgcc.a(_arm_addsubsf3.o)
                0x0010cf2c                __aeabi_frsub
                0x0010cf34                __subsf3
                0x0010cf34                __aeabi_fsub
                0x0010cf38                __aeabi_fadd
                0x0010cf38                __addsf3
                0x0010d0c8                __aeabi_ui2f
                0x0010d0c8                __floatunsisf
                0x0010d0d0                __aeabi_i2f
                0x0010d0d0                __floatsisf
                0x0010d0f0                __aeabi_ul2f
                0x0010d0f0                __floatundisf
                0x0010d100                __aeabi_l2f
                0x0010d100                __floatdisf
 .text          0x0010d17c        0x0 c:/devkitpro/devkitarm/bin/../lib/gcc/arm-none-eabi/4.9.2/../../../../arm-none-eabi/lib/armv6k/fpu\libg.a(lib_a-bsearch.o)
 .text          0x0010d17c        0x0 c:/devkitpro/devkitarm/bin/../lib/gcc/arm-none-eabi/4.9.2/../../../../arm-none-eabi/lib/armv6k/fpu\libg.a(lib_a-errno.o)
 .text          0x0010d17c        0x0 c:/devkitpro/devkitarm/bin/../lib/gcc/arm-none-eabi/4.9.2/../../../../arm-none-eabi/lib/armv6k/fpu\libg.a(lib_a-fclose.o)
 .text          0x0010d17c        0x0 c:/devkitpro/devkitarm/bin/../lib/gcc/arm-none-eabi/4.9.2/../../../../arm-none-eabi/lib/armv6k/fpu\libg.a(lib_a-fflush.o)
 .text          0x0010d17c        0x0 c:/devkitpro/devkitarm/bin/../lib/gcc/arm-none-eabi/4.9.2/../../../../arm-none-eabi/lib/armv6k/fpu\libg.a(lib_a-findfp.o)
 .text          0x0010d17c        0x0 c:/devkitpro/devkitarm/bin/../lib/gcc/arm-none-eabi/4.9.2/../../../../arm-none-eabi/lib/armv6k/fpu\libg.a(lib_a-fini.o)
 .text          0x0010d17c        0x0 c:/devkitpro/devkitarm/bin/../lib/gcc/arm-none-eabi/4.9.2/../../../../arm-none-eabi/lib/armv6k/fpu\libg.a(lib_a-fopen.o)
 .text          0x0010d17c        0x0 c:/devkitpro/devkitarm/bin/../lib/gcc/arm-none-eabi/4.9.2/../../../../arm-none-eabi/lib/armv6k/fpu\libg.a(lib_a-fread.o)
 .text          0x0010d17c        0x0 c:/devkitpro/devkitarm/bin/../lib/gcc/arm-none-eabi/4.9.2/../../../../arm-none-eabi/lib/armv6k/fpu\libg.a(lib_a-freer.o)
 .text          0x0010d17c        0x0 c:/devkitpro/devkitarm/bin/../lib/gcc/arm-none-eabi/4.9.2/../../../../arm-none-eabi/lib/armv6k/fpu\libg.a(lib_a-fseek.o)
 .text          0x0010d17c        0x0 c:/devkitpro/devkitarm/bin/../lib/gcc/arm-none-eabi/4.9.2/../../../../arm-none-eabi/lib/armv6k/fpu\libg.a(lib_a-fseeko.o)
 .text          0x0010d17c        0x0 c:/devkitpro/devkitarm/bin/../lib/gcc/arm-none-eabi/4.9.2/../../../../arm-none-eabi/lib/armv6k/fpu\libg.a(lib_a-fwalk.o)
 .text          0x0010d17c        0x0 c:/devkitpro/devkitarm/bin/../lib/gcc/arm-none-eabi/4.9.2/../../../../arm-none-eabi/lib/armv6k/fpu\libg.a(lib_a-impure.o)
 .text          0x0010d17c        0x0 c:/devkitpro/devkitarm/bin/../lib/gcc/arm-none-eabi/4.9.2/../../../../arm-none-eabi/lib/armv6k/fpu\libg.a(lib_a-init.o)
 .text          0x0010d17c        0x0 c:/devkitpro/devkitarm/bin/../lib/gcc/arm-none-eabi/4.9.2/../../../../arm-none-eabi/lib/armv6k/fpu\libg.a(lib_a-makebuf.o)
 .text          0x0010d17c        0x0 c:/devkitpro/devkitarm/bin/../lib/gcc/arm-none-eabi/4.9.2/../../../../arm-none-eabi/lib/armv6k/fpu\libg.a(lib_a-malloc.o)
 .text          0x0010d17c        0x0 c:/devkitpro/devkitarm/bin/../lib/gcc/arm-none-eabi/4.9.2/../../../../arm-none-eabi/lib/armv6k/fpu\libg.a(lib_a-mallocr.o)
 .text          0x0010d17c        0x0 c:/devkitpro/devkitarm/bin/../lib/gcc/arm-none-eabi/4.9.2/../../../../arm-none-eabi/lib/armv6k/fpu\libg.a(lib_a-memcmp.o)
 .text          0x0010d17c        0x0 c:/devkitpro/devkitarm/bin/../lib/gcc/arm-none-eabi/4.9.2/../../../../arm-none-eabi/lib/armv6k/fpu\libg.a(lib_a-memcpy.o)
 .text          0x0010d17c        0x0 c:/devkitpro/devkitarm/bin/../lib/gcc/arm-none-eabi/4.9.2/../../../../arm-none-eabi/lib/armv6k/fpu\libg.a(lib_a-memset.o)
 .text          0x0010d17c        0x0 c:/devkitpro/devkitarm/bin/../lib/gcc/arm-none-eabi/4.9.2/../../../../arm-none-eabi/lib/armv6k/fpu\libg.a(lib_a-mlock.o)
 .text          0x0010d17c        0x0 c:/devkitpro/devkitarm/bin/../lib/gcc/arm-none-eabi/4.9.2/../../../../arm-none-eabi/lib/armv6k/fpu\libg.a(lib_a-rand.o)
 .text          0x0010d17c        0x0 c:/devkitpro/devkitarm/bin/../lib/gcc/arm-none-eabi/4.9.2/../../../../arm-none-eabi/lib/armv6k/fpu\libg.a(lib_a-refill.o)
 .text          0x0010d17c        0x0 c:/devkitpro/devkitarm/bin/../lib/gcc/arm-none-eabi/4.9.2/../../../../arm-none-eabi/lib/armv6k/fpu\libg.a(lib_a-snprintf.o)
 .text          0x0010d17c        0x0 c:/devkitpro/devkitarm/bin/../lib/gcc/arm-none-eabi/4.9.2/../../../../arm-none-eabi/lib/armv6k/fpu\libg.a(lib_a-stdio.o)
 .text          0x0010d17c        0x0 c:/devkitpro/devkitarm/bin/../lib/gcc/arm-none-eabi/4.9.2/../../../../arm-none-eabi/lib/armv6k/fpu\libg.a(lib_a-strchr.o)
 *fill*         0x0010d17c        0x4 
 .text          0x0010d180      0x3a0 c:/devkitpro/devkitarm/bin/../lib/gcc/arm-none-eabi/4.9.2/../../../../arm-none-eabi/lib/armv6k/fpu\libg.a(lib_a-strcmp.o)
                0x0010d188                strcmp
 .text          0x0010d520        0x0 c:/devkitpro/devkitarm/bin/../lib/gcc/arm-none-eabi/4.9.2/../../../../arm-none-eabi/lib/armv6k/fpu\libg.a(lib_a-strcpy.o)
 .text          0x0010d520        0x0 c:/devkitpro/devkitarm/bin/../lib/gcc/arm-none-eabi/4.9.2/../../../../arm-none-eabi/lib/armv6k/fpu\libg.a(lib_a-strlen.o)
 .text          0x0010d520        0x0 c:/devkitpro/devkitarm/bin/../lib/gcc/arm-none-eabi/4.9.2/../../../../arm-none-eabi/lib/armv6k/fpu\libg.a(lib_a-strncat.o)
 .text          0x0010d520        0x0 c:/devkitpro/devkitarm/bin/../lib/gcc/arm-none-eabi/4.9.2/../../../../arm-none-eabi/lib/armv6k/fpu\libg.a(lib_a-strncmp.o)
 .text          0x0010d520        0x0 c:/devkitpro/devkitarm/bin/../lib/gcc/arm-none-eabi/4.9.2/../../../../arm-none-eabi/lib/armv6k/fpu\libg.a(lib_a-strncpy.o)
 .text          0x0010d520        0x0 c:/devkitpro/devkitarm/bin/../lib/gcc/arm-none-eabi/4.9.2/../../../../arm-none-eabi/lib/armv6k/fpu\libg.a(lib_a-svfprintf.o)
 .text          0x0010d520        0x0 c:/devkitpro/devkitarm/bin/../lib/gcc/arm-none-eabi/4.9.2/../../../../arm-none-eabi/lib/armv6k/fpu\libg.a(lib_a-wcrtomb.o)
 .text          0x0010d520        0x0 c:/devkitpro/devkitarm/bin/../lib/gcc/arm-none-eabi/4.9.2/../../../../arm-none-eabi/lib/armv6k/fpu\libg.a(lib_a-wcsrtombs.o)
 .text          0x0010d520        0x0 c:/devkitpro/devkitarm/bin/../lib/gcc/arm-none-eabi/4.9.2/../../../../arm-none-eabi/lib/armv6k/fpu\libg.a(lib_a-wctomb_r.o)
 .text          0x0010d520        0x0 c:/devkitpro/devkitarm/bin/../lib/gcc/arm-none-eabi/4.9.2/../../../../arm-none-eabi/lib/armv6k/fpu\libg.a(lib_a-dtoa.o)
 .text          0x0010d520        0x0 c:/devkitpro/devkitarm/bin/../lib/gcc/arm-none-eabi/4.9.2/../../../../arm-none-eabi/lib/armv6k/fpu\libg.a(lib_a-flags.o)
 .text          0x0010d520        0x0 c:/devkitpro/devkitarm/bin/../lib/gcc/arm-none-eabi/4.9.2/../../../../arm-none-eabi/lib/armv6k/fpu\libg.a(lib_a-locale.o)
 .text          0x0010d520        0x0 c:/devkitpro/devkitarm/bin/../lib/gcc/arm-none-eabi/4.9.2/../../../../arm-none-eabi/lib/armv6k/fpu\libg.a(lib_a-mbtowc_r.o)
 .text          0x0010d520        0x0 c:/devkitpro/devkitarm/bin/../lib/gcc/arm-none-eabi/4.9.2/../../../../arm-none-eabi/lib/armv6k/fpu\libg.a(lib_a-memchr.o)
 .text          0x0010d520        0x0 c:/devkitpro/devkitarm/bin/../lib/gcc/arm-none-eabi/4.9.2/../../../../arm-none-eabi/lib/armv6k/fpu\libg.a(lib_a-mprec.o)
 .text          0x0010d520        0x0 c:/devkitpro/devkitarm/bin/../lib/gcc/arm-none-eabi/4.9.2/../../../../arm-none-eabi/lib/armv6k/fpu\libg.a(lib_a-s_fpclassify.o)
 .text          0x0010d520        0x0 c:/devkitpro/devkitarm/bin/../lib/gcc/arm-none-eabi/4.9.2/../../../../arm-none-eabi/lib/armv6k/fpu\libg.a(lib_a-s_frexp.o)
 .text          0x0010d520        0x0 c:/devkitpro/devkitarm/bin/../lib/gcc/arm-none-eabi/4.9.2/../../../../arm-none-eabi/lib/armv6k/fpu\libg.a(lib_a-strcasecmp.o)
 .text          0x0010d520        0x0 c:/devkitpro/devkitarm/bin/../lib/gcc/arm-none-eabi/4.9.2/../../../../arm-none-eabi/lib/armv6k/fpu\libg.a(lib_a-strcat.o)
 .text          0x0010d520        0x0 c:/devkitpro/devkitarm/bin/../lib/gcc/arm-none-eabi/4.9.2/../../../../arm-none-eabi/lib/armv6k/fpu\libg.a(lib_a-strlcpy.o)
 .text          0x0010d520        0x0 c:/devkitpro/devkitarm/bin/../lib/gcc/arm-none-eabi/4.9.2/../../../../arm-none-eabi/lib/armv6k/fpu\libg.a(lib_a-strncasecmp.o)
 .text          0x0010d520        0x0 c:/devkitpro/devkitarm/bin/../lib/gcc/arm-none-eabi/4.9.2/../../../../arm-none-eabi/lib/armv6k/fpu\libg.a(lib_a-strtol.o)
 .text          0x0010d520        0x0 c:/devkitpro/devkitarm/bin/../lib/gcc/arm-none-eabi/4.9.2/../../../../arm-none-eabi/lib/armv6k/fpu\libg.a(lib_a-svfiprintf.o)
 .text          0x0010d520        0x0 c:/devkitpro/devkitarm/bin/../lib/gcc/arm-none-eabi/4.9.2/../../../../arm-none-eabi/lib/armv6k/fpu\libg.a(lib_a-wcsnrtombs.o)
 .text          0x0010d520        0x0 c:/devkitpro/devkitarm/bin/../lib/gcc/arm-none-eabi/4.9.2/../../../../arm-none-eabi/lib/armv6k/fpu\libg.a(lib_a-callocr.o)
 .text          0x0010d520        0x0 c:/devkitpro/devkitarm/bin/../lib/gcc/arm-none-eabi/4.9.2/../../../../arm-none-eabi/lib/armv6k/fpu\libg.a(lib_a-ctype_.o)
 .text          0x0010d520        0x0 c:/devkitpro/devkitarm/bin/../lib/gcc/arm-none-eabi/4.9.2/../../../../arm-none-eabi/lib/armv6k/fpu\libg.a(lib_a-getenv_r.o)
 .text          0x0010d520        0x0 c:/devkitpro/devkitarm/bin/../lib/gcc/arm-none-eabi/4.9.2/../../../../arm-none-eabi/lib/armv6k/fpu\libg.a(lib_a-memmove.o)
 .text          0x0010d520        0x0 c:/devkitpro/devkitarm/bin/../lib/gcc/arm-none-eabi/4.9.2/../../../../arm-none-eabi/lib/armv6k/fpu\libg.a(lib_a-reallocr.o)
 .text          0x0010d520        0x0 c:/devkitpro/devkitarm/bin/../lib/gcc/arm-none-eabi/4.9.2/../../../../arm-none-eabi/lib/armv6k/fpu\libg.a(lib_a-environ.o)
 .text          0x0010d520        0x0 c:/devkitpro/devkitarm/bin/../lib/gcc/arm-none-eabi/4.9.2/../../../../arm-none-eabi/lib/armv6k/fpu\libg.a(lib_a-envlock.o)
 .text          0x0010d520      0x1a8 c:/devkitpro/devkitarm/bin/../lib/gcc/arm-none-eabi/4.9.2/../../../../arm-none-eabi/lib/armv6k/fpu\libsysbase.a(iosupport.o)
                0x0010d520                setDefaultDevice
                0x0010d538                FindDevice
                0x0010d5e4                RemoveDevice
                0x0010d610                AddDevice
                0x0010d6a4                GetDeviceOpTab
 .text          0x0010d6c8       0x7c c:/devkitpro/devkitarm/bin/../lib/gcc/arm-none-eabi/4.9.2/../../../../arm-none-eabi/lib/armv6k/fpu\libsysbase.a(close.o)
                0x0010d6c8                _close_r
 .text          0x0010d744       0x6c c:/devkitpro/devkitarm/bin/../lib/gcc/arm-none-eabi/4.9.2/../../../../arm-none-eabi/lib/armv6k/fpu\libsysbase.a(fstat.o)
                0x0010d744                _fstat_r
 .text          0x0010d7b0        0x8 c:/devkitpro/devkitarm/bin/../lib/gcc/arm-none-eabi/4.9.2/../../../../arm-none-eabi/lib/armv6k/fpu\libsysbase.a(isatty.o)
                0x0010d7b0                _isatty_r
 .text          0x0010d7b8       0x74 c:/devkitpro/devkitarm/bin/../lib/gcc/arm-none-eabi/4.9.2/../../../../arm-none-eabi/lib/armv6k/fpu\libsysbase.a(lseek.o)
                0x0010d7b8                _lseek_r
 .text          0x0010d82c       0xc8 c:/devkitpro/devkitarm/bin/../lib/gcc/arm-none-eabi/4.9.2/../../../../arm-none-eabi/lib/armv6k/fpu\libsysbase.a(open.o)
                0x0010d82c                _open_r
 .text          0x0010d8f4       0x74 c:/devkitpro/devkitarm/bin/../lib/gcc/arm-none-eabi/4.9.2/../../../../arm-none-eabi/lib/armv6k/fpu\libsysbase.a(read.o)
                0x0010d8f4                _read_r
 .text          0x0010d968       0x70 c:/devkitpro/devkitarm/bin/../lib/gcc/arm-none-eabi/4.9.2/../../../../arm-none-eabi/lib/armv6k/fpu\libsysbase.a(sbrk.o)
                0x0010d968                _sbrk_r
 .text          0x0010d9d8       0x74 c:/devkitpro/devkitarm/bin/../lib/gcc/arm-none-eabi/4.9.2/../../../../arm-none-eabi/lib/armv6k/fpu\libsysbase.a(write.o)
                0x0010d9d8                _write_r
 .text          0x0010da4c        0x0 c:/devkitpro/devkitarm/bin/../lib/gcc/arm-none-eabi/4.9.2/../../../../arm-none-eabi/lib/armv6k/fpu\libsysbase.a(malloc_vars.o)
 .text          0x0010da4c      0x3a4 c:/devkitpro/devkitarm/bin/../lib/gcc/arm-none-eabi/4.9.2/../../../../arm-none-eabi/lib/armv6k/fpu\libsysbase.a(chdir.o)
                0x0010da4c                _concatenate_path
                0x0010dc08                chdir
                0x0010dd50                getcwd
 .text          0x0010ddf0        0x8 c:/devkitpro/devkitarm/bin/../lib/gcc/arm-none-eabi/4.9.2/../../../../arm-none-eabi/lib/armv6k/fpu\libsysbase.a(flock.o)
                0x0010ddf0                __flockfile
                0x0010ddf4                __funlockfile
 .text          0x0010ddf8      0x108 c:/devkitpro/devkitarm/bin/../lib/gcc/arm-none-eabi/4.9.2/../../../../arm-none-eabi/lib/armv6k/fpu\libsysbase.a(syscall_support.o)
                0x0010ddf8                __libc_lock_init
                0x0010de10                __libc_lock_acquire
                0x0010de28                __libc_lock_try_acquire
                0x0010de4c                __libc_lock_release
                0x0010de64                __libc_lock_close
                0x0010de7c                __libc_lock_init_recursive
                0x0010de94                __libc_lock_acquire_recursive
                0x0010deac                __libc_lock_try_acquire_recursive
                0x0010ded0                __libc_lock_release_recursive
                0x0010dee8                __libc_lock_close_recursive
 .text          0x0010df00      0x254 c:/devkitpro/devkitarm/bin/../lib/gcc/arm-none-eabi/4.9.2/../../../../arm-none-eabi/lib/armv6k/fpu\libsysbase.a(handle_manager.o)
                0x0010df00                __free_handle
                0x0010df44                __release_handle
                0x0010df70                __alloc_handle
                0x0010dfd8                __get_handle
                0x0010dff4                dup
                0x0010e080                dup2
 .text          0x0010e154       0x28 c:/devkitpro/devkitarm/bin/../lib/gcc/arm-none-eabi/4.9.2/../../../../arm-none-eabi/lib/armv6k/fpu\libsysbase.a(getreent.o)
                0x0010e154                __getreent
 .text          0x0010e17c       0x3c c:/devkitpro/devkitarm/bin/../lib/gcc/arm-none-eabi/4.9.2/armv6k/fpu\libgcc.a(_aeabi_uldivmod.o)
                0x0010e17c                __aeabi_uldivmod
 .text          0x0010e1b8       0x78 c:/devkitpro/devkitarm/bin/../lib/gcc/arm-none-eabi/4.9.2/armv6k/fpu\libgcc.a(bpabi.o)
                0x0010e1b8                __gnu_ldivmod_helper
                0x0010e1f4                __gnu_uldivmod_helper
 .text          0x0010e230      0x180 c:/devkitpro/devkitarm/bin/../lib/gcc/arm-none-eabi/4.9.2/armv6k/fpu\libgcc.a(_divdi3.o)
                0x0010e230                __divdi3
 .text          0x0010e3b0      0x124 c:/devkitpro/devkitarm/bin/../lib/gcc/arm-none-eabi/4.9.2/armv6k/fpu\libgcc.a(_udivdi3.o)
                0x0010e3b0                __udivdi3
 .text          0x0010e4d4        0x0 c:/devkitpro/devkitarm/bin/../lib/gcc/arm-none-eabi/4.9.2/../../../../arm-none-eabi/lib/armv6k/fpu\libg.a(lib_a-strnlen.o)
 .text          0x0010e4d4        0x0 c:/devkitpro/devkitarm/bin/../lib/gcc/arm-none-eabi/4.9.2/../../../../arm-none-eabi/lib/armv6k/fpu\libg.a(lib_a-strrchr.o)
 .text          0x0010e4d4        0x0 c:/devkitpro/devkitarm/bin/../lib/gcc/arm-none-eabi/4.9.2/armv6k/fpu/crtend.o
 .text          0x0010e4d4        0x0 c:/devkitpro/devkitarm/bin/../lib/gcc/arm-none-eabi/4.9.2/armv6k/fpu/crtn.o
 *(.text.*)
 .text.startup  0x0010e4d4       0x40 main.o
                0x0010e4d4                main
 .text.cosf     0x0010e514       0xa8 c:/devkitpro/devkitarm/bin/../lib/gcc/arm-none-eabi/4.9.2/../../../../arm-none-eabi/lib/armv6k/fpu\libm.a(lib_a-sf_cos.o)
                0x0010e514                cosf
 .text.sinf     0x0010e5bc       0xb0 c:/devkitpro/devkitarm/bin/../lib/gcc/arm-none-eabi/4.9.2/../../../../arm-none-eabi/lib/armv6k/fpu\libm.a(lib_a-sf_sin.o)
                0x0010e5bc                sinf
 .text.__ieee754_rem_pio2f
                0x0010e66c      0x2e0 c:/devkitpro/devkitarm/bin/../lib/gcc/arm-none-eabi/4.9.2/../../../../arm-none-eabi/lib/armv6k/fpu\libm.a(lib_a-ef_rem_pio2.o)
                0x0010e66c                __ieee754_rem_pio2f
 .text.__kernel_cosf
                0x0010e94c      0x124 c:/devkitpro/devkitarm/bin/../lib/gcc/arm-none-eabi/4.9.2/../../../../arm-none-eabi/lib/armv6k/fpu\libm.a(lib_a-kf_cos.o)
                0x0010e94c                __kernel_cosf
 .text.__kernel_rem_pio2f
                0x0010ea70      0x838 c:/devkitpro/devkitarm/bin/../lib/gcc/arm-none-eabi/4.9.2/../../../../arm-none-eabi/lib/armv6k/fpu\libm.a(lib_a-kf_rem_pio2.o)
                0x0010ea70                __kernel_rem_pio2f
 .text.__kernel_sinf
                0x0010f2a8       0xa0 c:/devkitpro/devkitarm/bin/../lib/gcc/arm-none-eabi/4.9.2/../../../../arm-none-eabi/lib/armv6k/fpu\libm.a(lib_a-kf_sin.o)
                0x0010f2a8                __kernel_sinf
 .text.fabsf    0x0010f348       0x10 c:/devkitpro/devkitarm/bin/../lib/gcc/arm-none-eabi/4.9.2/../../../../arm-none-eabi/lib/armv6k/fpu\libm.a(lib_a-sf_fabs.o)
                0x0010f348                fabsf
 .text.floorf   0x0010f358       0xb8 c:/devkitpro/devkitarm/bin/../lib/gcc/arm-none-eabi/4.9.2/../../../../arm-none-eabi/lib/armv6k/fpu\libm.a(lib_a-sf_floor.o)
                0x0010f358                floorf
 .text.scalbnf  0x0010f410      0x118 c:/devkitpro/devkitarm/bin/../lib/gcc/arm-none-eabi/4.9.2/../../../../arm-none-eabi/lib/armv6k/fpu\libm.a(lib_a-sf_scalbn.o)
                0x0010f410                scalbnf
 .text.copysignf
                0x0010f528       0x1c c:/devkitpro/devkitarm/bin/../lib/gcc/arm-none-eabi/4.9.2/../../../../arm-none-eabi/lib/armv6k/fpu\libm.a(lib_a-sf_copysign.o)
                0x0010f528                copysignf
 .text.bsearch  0x0010f544       0x78 c:/devkitpro/devkitarm/bin/../lib/gcc/arm-none-eabi/4.9.2/../../../../arm-none-eabi/lib/armv6k/fpu\libg.a(lib_a-bsearch.o)
                0x0010f544                bsearch
 .text.__errno  0x0010f5bc        0xc c:/devkitpro/devkitarm/bin/../lib/gcc/arm-none-eabi/4.9.2/../../../../arm-none-eabi/lib/armv6k/fpu\libg.a(lib_a-errno.o)
                0x0010f5bc                __errno
 .text._fclose_r
                0x0010f5c8      0x118 c:/devkitpro/devkitarm/bin/../lib/gcc/arm-none-eabi/4.9.2/../../../../arm-none-eabi/lib/armv6k/fpu\libg.a(lib_a-fclose.o)
                0x0010f5c8                _fclose_r
 .text.fclose   0x0010f6e0       0x18 c:/devkitpro/devkitarm/bin/../lib/gcc/arm-none-eabi/4.9.2/../../../../arm-none-eabi/lib/armv6k/fpu\libg.a(lib_a-fclose.o)
                0x0010f6e0                fclose
 .text.__sflush_r
                0x0010f6f8      0x238 c:/devkitpro/devkitarm/bin/../lib/gcc/arm-none-eabi/4.9.2/../../../../arm-none-eabi/lib/armv6k/fpu\libg.a(lib_a-fflush.o)
                0x0010f6f8                __sflush_r
 .text._fflush_r
                0x0010f930       0x98 c:/devkitpro/devkitarm/bin/../lib/gcc/arm-none-eabi/4.9.2/../../../../arm-none-eabi/lib/armv6k/fpu\libg.a(lib_a-fflush.o)
                0x0010f930                _fflush_r
 .text.fflush   0x0010f9c8       0x38 c:/devkitpro/devkitarm/bin/../lib/gcc/arm-none-eabi/4.9.2/../../../../arm-none-eabi/lib/armv6k/fpu\libg.a(lib_a-fflush.o)
                0x0010f9c8                fflush
 .text._cleanup_r
                0x0010fa00        0xc c:/devkitpro/devkitarm/bin/../lib/gcc/arm-none-eabi/4.9.2/../../../../arm-none-eabi/lib/armv6k/fpu\libg.a(lib_a-findfp.o)
                0x0010fa00                _cleanup_r
 .text.__fp_lock
                0x0010fa0c       0x1c c:/devkitpro/devkitarm/bin/../lib/gcc/arm-none-eabi/4.9.2/../../../../arm-none-eabi/lib/armv6k/fpu\libg.a(lib_a-findfp.o)
 .text.__fp_unlock
                0x0010fa28       0x1c c:/devkitpro/devkitarm/bin/../lib/gcc/arm-none-eabi/4.9.2/../../../../arm-none-eabi/lib/armv6k/fpu\libg.a(lib_a-findfp.o)
 .text.__sinit.part.1
                0x0010fa44      0x15c c:/devkitpro/devkitarm/bin/../lib/gcc/arm-none-eabi/4.9.2/../../../../arm-none-eabi/lib/armv6k/fpu\libg.a(lib_a-findfp.o)
 .text.__sfmoreglue
                0x0010fba0       0x48 c:/devkitpro/devkitarm/bin/../lib/gcc/arm-none-eabi/4.9.2/../../../../arm-none-eabi/lib/armv6k/fpu\libg.a(lib_a-findfp.o)
                0x0010fba0                __sfmoreglue
 .text.__sfp    0x0010fbe8       0xe8 c:/devkitpro/devkitarm/bin/../lib/gcc/arm-none-eabi/4.9.2/../../../../arm-none-eabi/lib/armv6k/fpu\libg.a(lib_a-findfp.o)
                0x0010fbe8                __sfp
 .text._cleanup
                0x0010fcd0       0x18 c:/devkitpro/devkitarm/bin/../lib/gcc/arm-none-eabi/4.9.2/../../../../arm-none-eabi/lib/armv6k/fpu\libg.a(lib_a-findfp.o)
                0x0010fcd0                _cleanup
 .text.__sinit  0x0010fce8       0x10 c:/devkitpro/devkitarm/bin/../lib/gcc/arm-none-eabi/4.9.2/../../../../arm-none-eabi/lib/armv6k/fpu\libg.a(lib_a-findfp.o)
                0x0010fce8                __sinit
 .text.__sfp_lock_acquire
                0x0010fcf8        0x4 c:/devkitpro/devkitarm/bin/../lib/gcc/arm-none-eabi/4.9.2/../../../../arm-none-eabi/lib/armv6k/fpu\libg.a(lib_a-findfp.o)
                0x0010fcf8                __sfp_lock_acquire
 .text.__sfp_lock_release
                0x0010fcfc        0x4 c:/devkitpro/devkitarm/bin/../lib/gcc/arm-none-eabi/4.9.2/../../../../arm-none-eabi/lib/armv6k/fpu\libg.a(lib_a-findfp.o)
                0x0010fcfc                __sfp_lock_release
 .text.__sinit_lock_acquire
                0x0010fd00        0x4 c:/devkitpro/devkitarm/bin/../lib/gcc/arm-none-eabi/4.9.2/../../../../arm-none-eabi/lib/armv6k/fpu\libg.a(lib_a-findfp.o)
                0x0010fd00                __sinit_lock_acquire
 .text.__sinit_lock_release
                0x0010fd04        0x4 c:/devkitpro/devkitarm/bin/../lib/gcc/arm-none-eabi/4.9.2/../../../../arm-none-eabi/lib/armv6k/fpu\libg.a(lib_a-findfp.o)
                0x0010fd04                __sinit_lock_release
 .text.__fp_lock_all
                0x0010fd08       0x18 c:/devkitpro/devkitarm/bin/../lib/gcc/arm-none-eabi/4.9.2/../../../../arm-none-eabi/lib/armv6k/fpu\libg.a(lib_a-findfp.o)
                0x0010fd08                __fp_lock_all
 .text.__fp_unlock_all
                0x0010fd20       0x18 c:/devkitpro/devkitarm/bin/../lib/gcc/arm-none-eabi/4.9.2/../../../../arm-none-eabi/lib/armv6k/fpu\libg.a(lib_a-findfp.o)
                0x0010fd20                __fp_unlock_all
 .text.__libc_fini_array
                0x0010fd38       0x40 c:/devkitpro/devkitarm/bin/../lib/gcc/arm-none-eabi/4.9.2/../../../../arm-none-eabi/lib/armv6k/fpu\libg.a(lib_a-fini.o)
                0x0010fd38                __libc_fini_array
 .text._fopen_r
                0x0010fd78      0x130 c:/devkitpro/devkitarm/bin/../lib/gcc/arm-none-eabi/4.9.2/../../../../arm-none-eabi/lib/armv6k/fpu\libg.a(lib_a-fopen.o)
                0x0010fd78                _fopen_r
 .text.fopen    0x0010fea8       0x20 c:/devkitpro/devkitarm/bin/../lib/gcc/arm-none-eabi/4.9.2/../../../../arm-none-eabi/lib/armv6k/fpu\libg.a(lib_a-fopen.o)
                0x0010fea8                fopen
 .text._fread_r
                0x0010fec8      0x2f0 c:/devkitpro/devkitarm/bin/../lib/gcc/arm-none-eabi/4.9.2/../../../../arm-none-eabi/lib/armv6k/fpu\libg.a(lib_a-fread.o)
                0x0010fec8                _fread_r
 .text.fread    0x001101b8       0x38 c:/devkitpro/devkitarm/bin/../lib/gcc/arm-none-eabi/4.9.2/../../../../arm-none-eabi/lib/armv6k/fpu\libg.a(lib_a-fread.o)
                0x001101b8                fread
 .text._malloc_trim_r
                0x001101f0       0xf8 c:/devkitpro/devkitarm/bin/../lib/gcc/arm-none-eabi/4.9.2/../../../../arm-none-eabi/lib/armv6k/fpu\libg.a(lib_a-freer.o)
                0x001101f0                _malloc_trim_r
 .text._free_r  0x001102e8      0x2b4 c:/devkitpro/devkitarm/bin/../lib/gcc/arm-none-eabi/4.9.2/../../../../arm-none-eabi/lib/armv6k/fpu\libg.a(lib_a-freer.o)
                0x001102e8                _free_r
 .text._fseek_r
                0x0011059c        0x4 c:/devkitpro/devkitarm/bin/../lib/gcc/arm-none-eabi/4.9.2/../../../../arm-none-eabi/lib/armv6k/fpu\libg.a(lib_a-fseek.o)
                0x0011059c                _fseek_r
 .text.fseek    0x001105a0       0x28 c:/devkitpro/devkitarm/bin/../lib/gcc/arm-none-eabi/4.9.2/../../../../arm-none-eabi/lib/armv6k/fpu\libg.a(lib_a-fseek.o)
                0x001105a0                fseek
 .text._fseeko_r
                0x001105c8      0x4f8 c:/devkitpro/devkitarm/bin/../lib/gcc/arm-none-eabi/4.9.2/../../../../arm-none-eabi/lib/armv6k/fpu\libg.a(lib_a-fseeko.o)
                0x001105c8                _fseeko_r
 .text.fseeko   0x00110ac0       0x28 c:/devkitpro/devkitarm/bin/../lib/gcc/arm-none-eabi/4.9.2/../../../../arm-none-eabi/lib/armv6k/fpu\libg.a(lib_a-fseeko.o)
                0x00110ac0                fseeko
 .text._fwalk   0x00110ae8       0x78 c:/devkitpro/devkitarm/bin/../lib/gcc/arm-none-eabi/4.9.2/../../../../arm-none-eabi/lib/armv6k/fpu\libg.a(lib_a-fwalk.o)
                0x00110ae8                _fwalk
 .text._fwalk_reent
                0x00110b60       0x80 c:/devkitpro/devkitarm/bin/../lib/gcc/arm-none-eabi/4.9.2/../../../../arm-none-eabi/lib/armv6k/fpu\libg.a(lib_a-fwalk.o)
                0x00110b60                _fwalk_reent
 .text.__libc_init_array
                0x00110be0       0x78 c:/devkitpro/devkitarm/bin/../lib/gcc/arm-none-eabi/4.9.2/../../../../arm-none-eabi/lib/armv6k/fpu\libg.a(lib_a-init.o)
                0x00110be0                __libc_init_array
 .text.__smakebuf_r
                0x00110c58      0x160 c:/devkitpro/devkitarm/bin/../lib/gcc/arm-none-eabi/4.9.2/../../../../arm-none-eabi/lib/armv6k/fpu\libg.a(lib_a-makebuf.o)
                0x00110c58                __smakebuf_r
 .text.malloc   0x00110db8       0x18 c:/devkitpro/devkitarm/bin/../lib/gcc/arm-none-eabi/4.9.2/../../../../arm-none-eabi/lib/armv6k/fpu\libg.a(lib_a-malloc.o)
                0x00110db8                malloc
 .text.free     0x00110dd0       0x18 c:/devkitpro/devkitarm/bin/../lib/gcc/arm-none-eabi/4.9.2/../../../../arm-none-eabi/lib/armv6k/fpu\libg.a(lib_a-malloc.o)
                0x00110dd0                free
 .text._malloc_r
                0x00110de8      0x740 c:/devkitpro/devkitarm/bin/../lib/gcc/arm-none-eabi/4.9.2/../../../../arm-none-eabi/lib/armv6k/fpu\libg.a(lib_a-mallocr.o)
                0x00110de8                _malloc_r
 .text.memcmp   0x00111528       0xa8 c:/devkitpro/devkitarm/bin/../lib/gcc/arm-none-eabi/4.9.2/../../../../arm-none-eabi/lib/armv6k/fpu\libg.a(lib_a-memcmp.o)
                0x00111528                memcmp
 .text.memcpy   0x001115d0       0xf4 c:/devkitpro/devkitarm/bin/../lib/gcc/arm-none-eabi/4.9.2/../../../../arm-none-eabi/lib/armv6k/fpu\libg.a(lib_a-memcpy.o)
                0x001115d0                memcpy
 .text.memset   0x001116c4       0xf0 c:/devkitpro/devkitarm/bin/../lib/gcc/arm-none-eabi/4.9.2/../../../../arm-none-eabi/lib/armv6k/fpu\libg.a(lib_a-memset.o)
                0x001116c4                memset
 .text.__malloc_lock
                0x001117b4        0x4 c:/devkitpro/devkitarm/bin/../lib/gcc/arm-none-eabi/4.9.2/../../../../arm-none-eabi/lib/armv6k/fpu\libg.a(lib_a-mlock.o)
                0x001117b4                __malloc_lock
 .text.__malloc_unlock
                0x001117b8        0x4 c:/devkitpro/devkitarm/bin/../lib/gcc/arm-none-eabi/4.9.2/../../../../arm-none-eabi/lib/armv6k/fpu\libg.a(lib_a-mlock.o)
                0x001117b8                __malloc_unlock
 .text.srand    0x001117bc       0x1c c:/devkitpro/devkitarm/bin/../lib/gcc/arm-none-eabi/4.9.2/../../../../arm-none-eabi/lib/armv6k/fpu\libg.a(lib_a-rand.o)
                0x001117bc                srand
 .text.rand     0x001117d8       0x44 c:/devkitpro/devkitarm/bin/../lib/gcc/arm-none-eabi/4.9.2/../../../../arm-none-eabi/lib/armv6k/fpu\libg.a(lib_a-rand.o)
                0x001117d8                rand
 .text.lflush   0x0011181c       0x1c c:/devkitpro/devkitarm/bin/../lib/gcc/arm-none-eabi/4.9.2/../../../../arm-none-eabi/lib/armv6k/fpu\libg.a(lib_a-refill.o)
 .text.__srefill_r
                0x00111838      0x1d8 c:/devkitpro/devkitarm/bin/../lib/gcc/arm-none-eabi/4.9.2/../../../../arm-none-eabi/lib/armv6k/fpu\libg.a(lib_a-refill.o)
                0x00111838                __srefill_r
 .text._snprintf_r
                0x00111a10       0xd8 c:/devkitpro/devkitarm/bin/../lib/gcc/arm-none-eabi/4.9.2/../../../../arm-none-eabi/lib/armv6k/fpu\libg.a(lib_a-snprintf.o)
                0x00111a10                _snprintf_r
 .text.snprintf
                0x00111ae8       0xe0 c:/devkitpro/devkitarm/bin/../lib/gcc/arm-none-eabi/4.9.2/../../../../arm-none-eabi/lib/armv6k/fpu\libg.a(lib_a-snprintf.o)
                0x00111ae8                snprintf
 .text.__sread  0x00111bc8       0x30 c:/devkitpro/devkitarm/bin/../lib/gcc/arm-none-eabi/4.9.2/../../../../arm-none-eabi/lib/armv6k/fpu\libg.a(lib_a-stdio.o)
                0x00111bc8                __sread
 .text.__seofread
                0x00111bf8        0x8 c:/devkitpro/devkitarm/bin/../lib/gcc/arm-none-eabi/4.9.2/../../../../arm-none-eabi/lib/armv6k/fpu\libg.a(lib_a-stdio.o)
                0x00111bf8                __seofread
 .text.__swrite
                0x00111c00       0x54 c:/devkitpro/devkitarm/bin/../lib/gcc/arm-none-eabi/4.9.2/../../../../arm-none-eabi/lib/armv6k/fpu\libg.a(lib_a-stdio.o)
                0x00111c00                __swrite
 .text.__sseek  0x00111c54       0x2c c:/devkitpro/devkitarm/bin/../lib/gcc/arm-none-eabi/4.9.2/../../../../arm-none-eabi/lib/armv6k/fpu\libg.a(lib_a-stdio.o)
                0x00111c54                __sseek
 .text.__sclose
                0x00111c80        0x8 c:/devkitpro/devkitarm/bin/../lib/gcc/arm-none-eabi/4.9.2/../../../../arm-none-eabi/lib/armv6k/fpu\libg.a(lib_a-stdio.o)
                0x00111c80                __sclose
 .text.strchr   0x00111c88      0x16c c:/devkitpro/devkitarm/bin/../lib/gcc/arm-none-eabi/4.9.2/../../../../arm-none-eabi/lib/armv6k/fpu\libg.a(lib_a-strchr.o)
                0x00111c88                strchr
 .text.strcpy   0x00111df4       0xf0 c:/devkitpro/devkitarm/bin/../lib/gcc/arm-none-eabi/4.9.2/../../../../arm-none-eabi/lib/armv6k/fpu\libg.a(lib_a-strcpy.o)
                0x00111df4                strcpy
 .text.strlen   0x00111ee4       0x5c c:/devkitpro/devkitarm/bin/../lib/gcc/arm-none-eabi/4.9.2/../../../../arm-none-eabi/lib/armv6k/fpu\libg.a(lib_a-strlen.o)
                0x00111ee4                strlen
 .text.strncat  0x00111f40       0xa4 c:/devkitpro/devkitarm/bin/../lib/gcc/arm-none-eabi/4.9.2/../../../../arm-none-eabi/lib/armv6k/fpu\libg.a(lib_a-strncat.o)
                0x00111f40                strncat
 .text.strncmp  0x00111fe4      0x110 c:/devkitpro/devkitarm/bin/../lib/gcc/arm-none-eabi/4.9.2/../../../../arm-none-eabi/lib/armv6k/fpu\libg.a(lib_a-strncmp.o)
                0x00111fe4                strncmp
 .text.strncpy  0x001120f4       0xe0 c:/devkitpro/devkitarm/bin/../lib/gcc/arm-none-eabi/4.9.2/../../../../arm-none-eabi/lib/armv6k/fpu\libg.a(lib_a-strncpy.o)
                0x001120f4                strncpy
 .text.get_arg  0x001121d4      0x860 c:/devkitpro/devkitarm/bin/../lib/gcc/arm-none-eabi/4.9.2/../../../../arm-none-eabi/lib/armv6k/fpu\libg.a(lib_a-svfprintf.o)
 *fill*         0x00112a34        0x4 
 .text._svfprintf_r
                0x00112a38     0x4320 c:/devkitpro/devkitarm/bin/../lib/gcc/arm-none-eabi/4.9.2/../../../../arm-none-eabi/lib/armv6k/fpu\libg.a(lib_a-svfprintf.o)
                0x00112a38                _svfprintf_r
 .text._wcrtomb_r
                0x00116d58       0x8c c:/devkitpro/devkitarm/bin/../lib/gcc/arm-none-eabi/4.9.2/../../../../arm-none-eabi/lib/armv6k/fpu\libg.a(lib_a-wcrtomb.o)
                0x00116d58                _wcrtomb_r
 .text.wcrtomb  0x00116de4       0x94 c:/devkitpro/devkitarm/bin/../lib/gcc/arm-none-eabi/4.9.2/../../../../arm-none-eabi/lib/armv6k/fpu\libg.a(lib_a-wcrtomb.o)
                0x00116de4                wcrtomb
 .text._wcsrtombs_r
                0x00116e78       0x20 c:/devkitpro/devkitarm/bin/../lib/gcc/arm-none-eabi/4.9.2/../../../../arm-none-eabi/lib/armv6k/fpu\libg.a(lib_a-wcsrtombs.o)
                0x00116e78                _wcsrtombs_r
 .text.wcsrtombs
                0x00116e98       0x3c c:/devkitpro/devkitarm/bin/../lib/gcc/arm-none-eabi/4.9.2/../../../../arm-none-eabi/lib/armv6k/fpu\libg.a(lib_a-wcsrtombs.o)
                0x00116e98                wcsrtombs
 .text.__utf8_wctomb
                0x00116ed4      0x114 c:/devkitpro/devkitarm/bin/../lib/gcc/arm-none-eabi/4.9.2/../../../../arm-none-eabi/lib/armv6k/fpu\libg.a(lib_a-wctomb_r.o)
                0x00116ed4                __utf8_wctomb
 .text._wctomb_r
                0x00116fe8       0x48 c:/devkitpro/devkitarm/bin/../lib/gcc/arm-none-eabi/4.9.2/../../../../arm-none-eabi/lib/armv6k/fpu\libg.a(lib_a-wctomb_r.o)
                0x00116fe8                _wctomb_r
 .text.__ascii_wctomb
                0x00117030       0x28 c:/devkitpro/devkitarm/bin/../lib/gcc/arm-none-eabi/4.9.2/../../../../arm-none-eabi/lib/armv6k/fpu\libg.a(lib_a-wctomb_r.o)
                0x00117030                __ascii_wctomb
 .text.__sjis_wctomb
                0x00117058       0x84 c:/devkitpro/devkitarm/bin/../lib/gcc/arm-none-eabi/4.9.2/../../../../arm-none-eabi/lib/armv6k/fpu\libg.a(lib_a-wctomb_r.o)
                0x00117058                __sjis_wctomb
 .text.__eucjp_wctomb
                0x001170dc       0xc8 c:/devkitpro/devkitarm/bin/../lib/gcc/arm-none-eabi/4.9.2/../../../../arm-none-eabi/lib/armv6k/fpu\libg.a(lib_a-wctomb_r.o)
                0x001170dc                __eucjp_wctomb
 .text.__jis_wctomb
                0x001171a4       0xd4 c:/devkitpro/devkitarm/bin/../lib/gcc/arm-none-eabi/4.9.2/../../../../arm-none-eabi/lib/armv6k/fpu\libg.a(lib_a-wctomb_r.o)
                0x001171a4                __jis_wctomb
 .text.quorem   0x00117278      0x1c0 c:/devkitpro/devkitarm/bin/../lib/gcc/arm-none-eabi/4.9.2/../../../../arm-none-eabi/lib/armv6k/fpu\libg.a(lib_a-dtoa.o)
 .text._dtoa_r  0x00117438     0x12e0 c:/devkitpro/devkitarm/bin/../lib/gcc/arm-none-eabi/4.9.2/../../../../arm-none-eabi/lib/armv6k/fpu\libg.a(lib_a-dtoa.o)
                0x00117438                _dtoa_r
 .text.__sflags
                0x00118718       0xb0 c:/devkitpro/devkitarm/bin/../lib/gcc/arm-none-eabi/4.9.2/../../../../arm-none-eabi/lib/armv6k/fpu\libg.a(lib_a-flags.o)
                0x00118718                __sflags
 .text.__get_locale_env
                0x001187c8       0x8c c:/devkitpro/devkitarm/bin/../lib/gcc/arm-none-eabi/4.9.2/../../../../arm-none-eabi/lib/armv6k/fpu\libg.a(lib_a-locale.o)
 .text.loadlocale
                0x00118854      0x8a4 c:/devkitpro/devkitarm/bin/../lib/gcc/arm-none-eabi/4.9.2/../../../../arm-none-eabi/lib/armv6k/fpu\libg.a(lib_a-locale.o)
 .text.currentlocale
                0x001190f8       0x88 c:/devkitpro/devkitarm/bin/../lib/gcc/arm-none-eabi/4.9.2/../../../../arm-none-eabi/lib/armv6k/fpu\libg.a(lib_a-locale.o)
 .text._setlocale_r
                0x00119180      0x300 c:/devkitpro/devkitarm/bin/../lib/gcc/arm-none-eabi/4.9.2/../../../../arm-none-eabi/lib/armv6k/fpu\libg.a(lib_a-locale.o)
                0x00119180                _setlocale_r
 .text.__locale_charset
                0x00119480        0xc c:/devkitpro/devkitarm/bin/../lib/gcc/arm-none-eabi/4.9.2/../../../../arm-none-eabi/lib/armv6k/fpu\libg.a(lib_a-locale.o)
                0x00119480                __locale_charset
 .text.__locale_mb_cur_max
                0x0011948c       0x10 c:/devkitpro/devkitarm/bin/../lib/gcc/arm-none-eabi/4.9.2/../../../../arm-none-eabi/lib/armv6k/fpu\libg.a(lib_a-locale.o)
                0x0011948c                __locale_mb_cur_max
 .text.__locale_msgcharset
                0x0011949c        0xc c:/devkitpro/devkitarm/bin/../lib/gcc/arm-none-eabi/4.9.2/../../../../arm-none-eabi/lib/armv6k/fpu\libg.a(lib_a-locale.o)
                0x0011949c                __locale_msgcharset
 .text.__locale_cjk_lang
                0x001194a8       0x10 c:/devkitpro/devkitarm/bin/../lib/gcc/arm-none-eabi/4.9.2/../../../../arm-none-eabi/lib/armv6k/fpu\libg.a(lib_a-locale.o)
                0x001194a8                __locale_cjk_lang
 .text._localeconv_r
                0x001194b8        0xc c:/devkitpro/devkitarm/bin/../lib/gcc/arm-none-eabi/4.9.2/../../../../arm-none-eabi/lib/armv6k/fpu\libg.a(lib_a-locale.o)
                0x001194b8                _localeconv_r
 .text.setlocale
                0x001194c4       0x20 c:/devkitpro/devkitarm/bin/../lib/gcc/arm-none-eabi/4.9.2/../../../../arm-none-eabi/lib/armv6k/fpu\libg.a(lib_a-locale.o)
                0x001194c4                setlocale
 .text.localeconv
                0x001194e4       0x14 c:/devkitpro/devkitarm/bin/../lib/gcc/arm-none-eabi/4.9.2/../../../../arm-none-eabi/lib/armv6k/fpu\libg.a(lib_a-locale.o)
                0x001194e4                localeconv
 .text.__utf8_mbtowc
                0x001194f8      0x2fc c:/devkitpro/devkitarm/bin/../lib/gcc/arm-none-eabi/4.9.2/../../../../arm-none-eabi/lib/armv6k/fpu\libg.a(lib_a-mbtowc_r.o)
                0x001194f8                __utf8_mbtowc
 .text._mbtowc_r
                0x001197f4       0x4c c:/devkitpro/devkitarm/bin/../lib/gcc/arm-none-eabi/4.9.2/../../../../arm-none-eabi/lib/armv6k/fpu\libg.a(lib_a-mbtowc_r.o)
                0x001197f4                _mbtowc_r
 .text.__ascii_mbtowc
                0x00119840       0x4c c:/devkitpro/devkitarm/bin/../lib/gcc/arm-none-eabi/4.9.2/../../../../arm-none-eabi/lib/armv6k/fpu\libg.a(lib_a-mbtowc_r.o)
                0x00119840                __ascii_mbtowc
 .text.__sjis_mbtowc
                0x0011988c       0xd4 c:/devkitpro/devkitarm/bin/../lib/gcc/arm-none-eabi/4.9.2/../../../../arm-none-eabi/lib/armv6k/fpu\libg.a(lib_a-mbtowc_r.o)
                0x0011988c                __sjis_mbtowc
 .text.__eucjp_mbtowc
                0x00119960      0x140 c:/devkitpro/devkitarm/bin/../lib/gcc/arm-none-eabi/4.9.2/../../../../arm-none-eabi/lib/armv6k/fpu\libg.a(lib_a-mbtowc_r.o)
                0x00119960                __eucjp_mbtowc
 .text.__jis_mbtowc
                0x00119aa0      0x1a8 c:/devkitpro/devkitarm/bin/../lib/gcc/arm-none-eabi/4.9.2/../../../../arm-none-eabi/lib/armv6k/fpu\libg.a(lib_a-mbtowc_r.o)
                0x00119aa0                __jis_mbtowc
 .text.memchr   0x00119c48      0x120 c:/devkitpro/devkitarm/bin/../lib/gcc/arm-none-eabi/4.9.2/../../../../arm-none-eabi/lib/armv6k/fpu\libg.a(lib_a-memchr.o)
                0x00119c48                memchr
 .text._Balloc  0x00119d68       0x8c c:/devkitpro/devkitarm/bin/../lib/gcc/arm-none-eabi/4.9.2/../../../../arm-none-eabi/lib/armv6k/fpu\libg.a(lib_a-mprec.o)
                0x00119d68                _Balloc
 .text._Bfree   0x00119df4       0x1c c:/devkitpro/devkitarm/bin/../lib/gcc/arm-none-eabi/4.9.2/../../../../arm-none-eabi/lib/armv6k/fpu\libg.a(lib_a-mprec.o)
                0x00119df4                _Bfree
 .text.__multadd
                0x00119e10       0xd0 c:/devkitpro/devkitarm/bin/../lib/gcc/arm-none-eabi/4.9.2/../../../../arm-none-eabi/lib/armv6k/fpu\libg.a(lib_a-mprec.o)
                0x00119e10                __multadd
 .text.__s2b    0x00119ee0       0xe4 c:/devkitpro/devkitarm/bin/../lib/gcc/arm-none-eabi/4.9.2/../../../../arm-none-eabi/lib/armv6k/fpu\libg.a(lib_a-mprec.o)
                0x00119ee0                __s2b
 .text.__hi0bits
                0x00119fc4       0x5c c:/devkitpro/devkitarm/bin/../lib/gcc/arm-none-eabi/4.9.2/../../../../arm-none-eabi/lib/armv6k/fpu\libg.a(lib_a-mprec.o)
                0x00119fc4                __hi0bits
 .text.__lo0bits
                0x0011a020       0x98 c:/devkitpro/devkitarm/bin/../lib/gcc/arm-none-eabi/4.9.2/../../../../arm-none-eabi/lib/armv6k/fpu\libg.a(lib_a-mprec.o)
                0x0011a020                __lo0bits
 .text.__i2b    0x0011a0b8       0x20 c:/devkitpro/devkitarm/bin/../lib/gcc/arm-none-eabi/4.9.2/../../../../arm-none-eabi/lib/armv6k/fpu\libg.a(lib_a-mprec.o)
                0x0011a0b8                __i2b
 .text.__multiply
                0x0011a0d8      0x1dc c:/devkitpro/devkitarm/bin/../lib/gcc/arm-none-eabi/4.9.2/../../../../arm-none-eabi/lib/armv6k/fpu\libg.a(lib_a-mprec.o)
                0x0011a0d8                __multiply
 .text.__pow5mult
                0x0011a2b4      0x100 c:/devkitpro/devkitarm/bin/../lib/gcc/arm-none-eabi/4.9.2/../../../../arm-none-eabi/lib/armv6k/fpu\libg.a(lib_a-mprec.o)
                0x0011a2b4                __pow5mult
 .text.__lshift
                0x0011a3b4       0xf4 c:/devkitpro/devkitarm/bin/../lib/gcc/arm-none-eabi/4.9.2/../../../../arm-none-eabi/lib/armv6k/fpu\libg.a(lib_a-mprec.o)
                0x0011a3b4                __lshift
 .text.__mcmp   0x0011a4a8       0x64 c:/devkitpro/devkitarm/bin/../lib/gcc/arm-none-eabi/4.9.2/../../../../arm-none-eabi/lib/armv6k/fpu\libg.a(lib_a-mprec.o)
                0x0011a4a8                __mcmp
 .text.__mdiff  0x0011a50c      0x13c c:/devkitpro/devkitarm/bin/../lib/gcc/arm-none-eabi/4.9.2/../../../../arm-none-eabi/lib/armv6k/fpu\libg.a(lib_a-mprec.o)
                0x0011a50c                __mdiff
 .text.__ulp    0x0011a648       0x74 c:/devkitpro/devkitarm/bin/../lib/gcc/arm-none-eabi/4.9.2/../../../../arm-none-eabi/lib/armv6k/fpu\libg.a(lib_a-mprec.o)
                0x0011a648                __ulp
 .text.__b2d    0x0011a6bc       0xe4 c:/devkitpro/devkitarm/bin/../lib/gcc/arm-none-eabi/4.9.2/../../../../arm-none-eabi/lib/armv6k/fpu\libg.a(lib_a-mprec.o)
                0x0011a6bc                __b2d
 .text.__d2b    0x0011a7a0      0x104 c:/devkitpro/devkitarm/bin/../lib/gcc/arm-none-eabi/4.9.2/../../../../arm-none-eabi/lib/armv6k/fpu\libg.a(lib_a-mprec.o)
                0x0011a7a0                __d2b
 .text.__ratio  0x0011a8a4       0x7c c:/devkitpro/devkitarm/bin/../lib/gcc/arm-none-eabi/4.9.2/../../../../arm-none-eabi/lib/armv6k/fpu\libg.a(lib_a-mprec.o)
                0x0011a8a4                __ratio
 .text._mprec_log10
                0x0011a920       0x48 c:/devkitpro/devkitarm/bin/../lib/gcc/arm-none-eabi/4.9.2/../../../../arm-none-eabi/lib/armv6k/fpu\libg.a(lib_a-mprec.o)
                0x0011a920                _mprec_log10
 .text.__copybits
                0x0011a968       0x6c c:/devkitpro/devkitarm/bin/../lib/gcc/arm-none-eabi/4.9.2/../../../../arm-none-eabi/lib/armv6k/fpu\libg.a(lib_a-mprec.o)
                0x0011a968                __copybits
 .text.__any_on
                0x0011a9d4       0x80 c:/devkitpro/devkitarm/bin/../lib/gcc/arm-none-eabi/4.9.2/../../../../arm-none-eabi/lib/armv6k/fpu\libg.a(lib_a-mprec.o)
                0x0011a9d4                __any_on
 .text.__fpclassifyd
                0x0011aa54       0x74 c:/devkitpro/devkitarm/bin/../lib/gcc/arm-none-eabi/4.9.2/../../../../arm-none-eabi/lib/armv6k/fpu\libg.a(lib_a-s_fpclassify.o)
                0x0011aa54                __fpclassifyd
 .text.frexp    0x0011aac8       0x98 c:/devkitpro/devkitarm/bin/../lib/gcc/arm-none-eabi/4.9.2/../../../../arm-none-eabi/lib/armv6k/fpu\libg.a(lib_a-s_frexp.o)
                0x0011aac8                frexp
 .text.strcasecmp
                0x0011ab60       0x68 c:/devkitpro/devkitarm/bin/../lib/gcc/arm-none-eabi/4.9.2/../../../../arm-none-eabi/lib/armv6k/fpu\libg.a(lib_a-strcasecmp.o)
                0x0011ab60                strcasecmp
 .text.strcat   0x0011abc8       0x80 c:/devkitpro/devkitarm/bin/../lib/gcc/arm-none-eabi/4.9.2/../../../../arm-none-eabi/lib/armv6k/fpu\libg.a(lib_a-strcat.o)
                0x0011abc8                strcat
 .text.strlcpy  0x0011ac48       0x48 c:/devkitpro/devkitarm/bin/../lib/gcc/arm-none-eabi/4.9.2/../../../../arm-none-eabi/lib/armv6k/fpu\libg.a(lib_a-strlcpy.o)
                0x0011ac48                strlcpy
 .text.strncasecmp
                0x0011ac90       0x8c c:/devkitpro/devkitarm/bin/../lib/gcc/arm-none-eabi/4.9.2/../../../../arm-none-eabi/lib/armv6k/fpu\libg.a(lib_a-strncasecmp.o)
                0x0011ac90                strncasecmp
 .text._strtol_r
                0x0011ad1c      0x1dc c:/devkitpro/devkitarm/bin/../lib/gcc/arm-none-eabi/4.9.2/../../../../arm-none-eabi/lib/armv6k/fpu\libg.a(lib_a-strtol.o)
                0x0011ad1c                _strtol_r
 .text.strtol   0x0011aef8       0x28 c:/devkitpro/devkitarm/bin/../lib/gcc/arm-none-eabi/4.9.2/../../../../arm-none-eabi/lib/armv6k/fpu\libg.a(lib_a-strtol.o)
                0x0011aef8                strtol
 .text.get_arg  0x0011af20      0x860 c:/devkitpro/devkitarm/bin/../lib/gcc/arm-none-eabi/4.9.2/../../../../arm-none-eabi/lib/armv6k/fpu\libg.a(lib_a-svfiprintf.o)
 .text.__ssprint_r
                0x0011b780      0x1a8 c:/devkitpro/devkitarm/bin/../lib/gcc/arm-none-eabi/4.9.2/../../../../arm-none-eabi/lib/armv6k/fpu\libg.a(lib_a-svfiprintf.o)
                0x0011b780                __ssprint_r
 .text._svfiprintf_r
                0x0011b928     0x2fdc c:/devkitpro/devkitarm/bin/../lib/gcc/arm-none-eabi/4.9.2/../../../../arm-none-eabi/lib/armv6k/fpu\libg.a(lib_a-svfiprintf.o)
                0x0011b928                _svfiprintf_r
 .text._wcsnrtombs_r
                0x0011e904      0x184 c:/devkitpro/devkitarm/bin/../lib/gcc/arm-none-eabi/4.9.2/../../../../arm-none-eabi/lib/armv6k/fpu\libg.a(lib_a-wcsnrtombs.o)
                0x0011e904                _wcsnrtombs_r
 .text.wcsnrtombs
                0x0011ea88       0x40 c:/devkitpro/devkitarm/bin/../lib/gcc/arm-none-eabi/4.9.2/../../../../arm-none-eabi/lib/armv6k/fpu\libg.a(lib_a-wcsnrtombs.o)
                0x0011ea88                wcsnrtombs
 .text._calloc_r
                0x0011eac8       0x94 c:/devkitpro/devkitarm/bin/../lib/gcc/arm-none-eabi/4.9.2/../../../../arm-none-eabi/lib/armv6k/fpu\libg.a(lib_a-callocr.o)
                0x0011eac8                _calloc_r
 .text.__set_ctype
                0x0011eb5c       0x18 c:/devkitpro/devkitarm/bin/../lib/gcc/arm-none-eabi/4.9.2/../../../../arm-none-eabi/lib/armv6k/fpu\libg.a(lib_a-ctype_.o)
                0x0011eb5c                __set_ctype
 .text._findenv_r
                0x0011eb74       0xc8 c:/devkitpro/devkitarm/bin/../lib/gcc/arm-none-eabi/4.9.2/../../../../arm-none-eabi/lib/armv6k/fpu\libg.a(lib_a-getenv_r.o)
                0x0011eb74                _findenv_r
 .text._getenv_r
                0x0011ec3c       0x18 c:/devkitpro/devkitarm/bin/../lib/gcc/arm-none-eabi/4.9.2/../../../../arm-none-eabi/lib/armv6k/fpu\libg.a(lib_a-getenv_r.o)
                0x0011ec3c                _getenv_r
 .text.memmove  0x0011ec54      0x12c c:/devkitpro/devkitarm/bin/../lib/gcc/arm-none-eabi/4.9.2/../../../../arm-none-eabi/lib/armv6k/fpu\libg.a(lib_a-memmove.o)
                0x0011ec54                memmove
 .text._realloc_r
                0x0011ed80      0x564 c:/devkitpro/devkitarm/bin/../lib/gcc/arm-none-eabi/4.9.2/../../../../arm-none-eabi/lib/armv6k/fpu\libg.a(lib_a-reallocr.o)
                0x0011ed80                _realloc_r
 .text.__env_lock
                0x0011f2e4        0x4 c:/devkitpro/devkitarm/bin/../lib/gcc/arm-none-eabi/4.9.2/../../../../arm-none-eabi/lib/armv6k/fpu\libg.a(lib_a-envlock.o)
                0x0011f2e4                __env_lock
 .text.__env_unlock
                0x0011f2e8        0x4 c:/devkitpro/devkitarm/bin/../lib/gcc/arm-none-eabi/4.9.2/../../../../arm-none-eabi/lib/armv6k/fpu\libg.a(lib_a-envlock.o)
                0x0011f2e8                __env_unlock
 .text.strnlen  0x0011f2ec       0x5c c:/devkitpro/devkitarm/bin/../lib/gcc/arm-none-eabi/4.9.2/../../../../arm-none-eabi/lib/armv6k/fpu\libg.a(lib_a-strnlen.o)
                0x0011f2ec                strnlen
 .text.strrchr  0x0011f348       0x44 c:/devkitpro/devkitarm/bin/../lib/gcc/arm-none-eabi/4.9.2/../../../../arm-none-eabi/lib/armv6k/fpu\libg.a(lib_a-strrchr.o)
                0x0011f348                strrchr
 *(.glue_7)
 .glue_7        0x0011f38c        0x0 linker stubs
 *(.glue_7t)
 .glue_7t       0x0011f38c        0x0 linker stubs
 *(.stub)
 *(.gnu.warning)
 *(.gnu.linkonce.t*)
                0x0011f38c                . = ALIGN (0x4)
 *(.fini)
 .fini          0x0011f38c        0xc c:/devkitpro/devkitarm/bin/../lib/gcc/arm-none-eabi/4.9.2/armv6k/fpu/crti.o
                0x0011f38c                _fini
 .fini          0x0011f398        0xc c:/devkitpro/devkitarm/bin/../lib/gcc/arm-none-eabi/4.9.2/armv6k/fpu/crtn.o
                0x0011f3a4                . = ALIGN (0x4)

.vfp11_veneer   0x0011f3a4        0x0
 .vfp11_veneer  0x0011f3a4        0x0 linker stubs

.v4_bx          0x0011f3a4        0x0
 .v4_bx         0x0011f3a4        0x0 linker stubs

.iplt           0x0011f3a4        0x0
 .iplt          0x0011f3a4        0x0 c:/devkitpro/devkitarm/bin/../lib/gcc/arm-none-eabi/4.9.2/../../../../arm-none-eabi/lib/armv6k/fpu/3dsx_crt0.o

.rodata         0x00120000      0xeac
 *(.rodata)
 .rodata        0x00120000       0xf4 c:/devkitPro/libctru/lib\libsf2d.a(shader.vsh.o)
                0x00120000                shader_vsh_shbin
                0x001200f0                shader_vsh_shbin_size
                0x001200f0                shader_vsh_shbin_end
 .rodata        0x001200f4       0x14 c:/devkitPro/libctru/lib\libctru.a(gfx.o)
 .rodata        0x00120108       0x64 c:/devkitPro/libctru/lib\libctru.a(os.o)
 .rodata        0x0012016c       0x30 c:/devkitPro/libctru/lib\libctru.a(romfs_dev.o)
 .rodata        0x0012019c        0xc c:/devkitPro/libctru/lib\libctru.a(gpu.o)
                0x0012019c                GPU_FORMATSIZE
                0x001201a0                GPU_TEVID
 .rodata        0x001201a8        0x8 c:/devkitPro/libctru/lib\libctru.a(shaderProgram.o)
 .rodata        0x001201b0       0x24 c:/devkitPro/libctru/lib\libctru.a(shbin.o)
 .rodata        0x001201d4        0xc c:/devkitPro/libctru/lib\libctru.a(apt.o)
 .rodata        0x001201e0       0x30 c:/devkitPro/libctru/lib\libctru.a(sdmc_dev.o)
 .rodata        0x00120210       0x68 c:/devkitpro/devkitarm/bin/../lib/gcc/arm-none-eabi/4.9.2/../../../../arm-none-eabi/lib/armv6k/fpu\libsysbase.a(iosupport.o)
                0x00120210                dotab_stdnull
 .rodata        0x00120278        0xc c:/devkitpro/devkitarm/bin/../lib/gcc/arm-none-eabi/4.9.2/../../../../arm-none-eabi/lib/armv6k/fpu\libsysbase.a(chdir.o)
                0x00120278                DIRECTORY_PARENT
                0x0012027c                DIRECTORY_THIS
                0x00120280                DIRECTORY_SEPARATOR
 *(.roda)
 *(.rodata.*)
 .rodata.str1.4
                0x00120284       0x27 circle_controller.o
                                 0x28 (size before relaxing)
 *fill*         0x001202ab        0x1 
 .rodata.str1.4
                0x001202ac        0xb c:/devkitPro/libctru/lib\libsf2d.a(sf2d.o)
                                  0xc (size before relaxing)
 *fill*         0x001202b7        0x1 
 .rodata.str1.4
                0x001202b8       0xec c:/devkitPro/libctru/lib\libctru.a(os.o)
 .rodata.str1.4
                0x001203a4       0x2a c:/devkitPro/libctru/lib\libctru.a(romfs_dev.o)
                                 0x30 (size before relaxing)
 *fill*         0x001203ce        0x2 
 .rodata.str1.4
                0x001203d0       0x16 c:/devkitPro/libctru/lib\libctru.a(apt.o)
                                 0x18 (size before relaxing)
 *fill*         0x001203e6        0x2 
 .rodata.str1.4
                0x001203e8       0x16 c:/devkitPro/libctru/lib\libctru.a(cfgu.o)
                                 0x18 (size before relaxing)
 *fill*         0x001203fe        0x2 
 .rodata.str1.4
                0x00120400        0x8 c:/devkitPro/libctru/lib\libctru.a(fs.o)
 .rodata.str1.4
                0x00120408       0x15 c:/devkitPro/libctru/lib\libctru.a(gsp.o)
                                 0x18 (size before relaxing)
 *fill*         0x0012041d        0x3 
 .rodata.str1.4
                0x00120420       0x15 c:/devkitPro/libctru/lib\libctru.a(hid.o)
                                 0x18 (size before relaxing)
 *fill*         0x00120435        0x3 
 .rodata.str1.4
                0x00120438        0x7 c:/devkitPro/libctru/lib\libctru.a(irrst.o)
                                  0x8 (size before relaxing)
 *fill*         0x0012043f        0x1 
 .rodata.str1.4
                0x00120440       0x11 c:/devkitPro/libctru/lib\libctru.a(ptm.o)
                                 0x14 (size before relaxing)
 *fill*         0x00120451        0x3 
 .rodata.str1.4
                0x00120454        0xf c:/devkitPro/libctru/lib\libctru.a(srv.o)
                                 0x10 (size before relaxing)
 *fill*         0x00120463        0x1 
 .rodata.str1.4
                0x00120464        0x5 c:/devkitPro/libctru/lib\libctru.a(sdmc_dev.o)
                                  0xc (size before relaxing)
 *fill*         0x00120469        0x3 
 .rodata.npio2_hw
                0x0012046c       0x80 c:/devkitpro/devkitarm/bin/../lib/gcc/arm-none-eabi/4.9.2/../../../../arm-none-eabi/lib/armv6k/fpu\libm.a(lib_a-ef_rem_pio2.o)
 .rodata.two_over_pi
                0x001204ec      0x318 c:/devkitpro/devkitarm/bin/../lib/gcc/arm-none-eabi/4.9.2/../../../../arm-none-eabi/lib/armv6k/fpu\libm.a(lib_a-ef_rem_pio2.o)
 .rodata.init_jk
                0x00120804        0xc c:/devkitpro/devkitarm/bin/../lib/gcc/arm-none-eabi/4.9.2/../../../../arm-none-eabi/lib/armv6k/fpu\libm.a(lib_a-kf_rem_pio2.o)
 .rodata.PIo2   0x00120810       0x2c c:/devkitpro/devkitarm/bin/../lib/gcc/arm-none-eabi/4.9.2/../../../../arm-none-eabi/lib/armv6k/fpu\libm.a(lib_a-kf_rem_pio2.o)
 .rodata.str1.4
                0x0012083c        0x2 c:/devkitpro/devkitarm/bin/../lib/gcc/arm-none-eabi/4.9.2/../../../../arm-none-eabi/lib/armv6k/fpu\libg.a(lib_a-impure.o)
                                  0x4 (size before relaxing)
 *fill*         0x0012083e        0x2 
 .rodata._global_impure_ptr
                0x00120840        0x4 c:/devkitpro/devkitarm/bin/../lib/gcc/arm-none-eabi/4.9.2/../../../../arm-none-eabi/lib/armv6k/fpu\libg.a(lib_a-impure.o)
                0x00120840                _global_impure_ptr
 .rodata.zeroes.7037
                0x00120844       0x10 c:/devkitpro/devkitarm/bin/../lib/gcc/arm-none-eabi/4.9.2/../../../../arm-none-eabi/lib/armv6k/fpu\libg.a(lib_a-svfprintf.o)
 .rodata.str1.4
                0x00120854       0x42 c:/devkitpro/devkitarm/bin/../lib/gcc/arm-none-eabi/4.9.2/../../../../arm-none-eabi/lib/armv6k/fpu\libg.a(lib_a-svfprintf.o)
                                 0x44 (size before relaxing)
 *fill*         0x00120896        0x2 
 .rodata.blanks.7036
                0x00120898       0x10 c:/devkitpro/devkitarm/bin/../lib/gcc/arm-none-eabi/4.9.2/../../../../arm-none-eabi/lib/armv6k/fpu\libg.a(lib_a-svfprintf.o)
 .rodata.str1.4
                0x001208a8       0x10 c:/devkitpro/devkitarm/bin/../lib/gcc/arm-none-eabi/4.9.2/../../../../arm-none-eabi/lib/armv6k/fpu\libg.a(lib_a-dtoa.o)
                                 0x14 (size before relaxing)
 .rodata.str1.4
                0x001208b8      0x120 c:/devkitpro/devkitarm/bin/../lib/gcc/arm-none-eabi/4.9.2/../../../../arm-none-eabi/lib/armv6k/fpu\libg.a(lib_a-locale.o)
                                0x130 (size before relaxing)
 .rodata.categories
                0x001209d8       0x1c c:/devkitpro/devkitarm/bin/../lib/gcc/arm-none-eabi/4.9.2/../../../../arm-none-eabi/lib/armv6k/fpu\libg.a(lib_a-locale.o)
 .rodata.JIS_state_table
                0x001209f4       0x48 c:/devkitpro/devkitarm/bin/../lib/gcc/arm-none-eabi/4.9.2/../../../../arm-none-eabi/lib/armv6k/fpu\libg.a(lib_a-mbtowc_r.o)
 .rodata.JIS_action_table
                0x00120a3c       0x48 c:/devkitpro/devkitarm/bin/../lib/gcc/arm-none-eabi/4.9.2/../../../../arm-none-eabi/lib/armv6k/fpu\libg.a(lib_a-mbtowc_r.o)
 .rodata.p05.5298
                0x00120a84        0xc c:/devkitpro/devkitarm/bin/../lib/gcc/arm-none-eabi/4.9.2/../../../../arm-none-eabi/lib/armv6k/fpu\libg.a(lib_a-mprec.o)
 .rodata.__mprec_tens
                0x00120a90       0xc8 c:/devkitpro/devkitarm/bin/../lib/gcc/arm-none-eabi/4.9.2/../../../../arm-none-eabi/lib/armv6k/fpu\libg.a(lib_a-mprec.o)
                0x00120a90                __mprec_tens
 .rodata.__mprec_bigtens
                0x00120b58       0x28 c:/devkitpro/devkitarm/bin/../lib/gcc/arm-none-eabi/4.9.2/../../../../arm-none-eabi/lib/armv6k/fpu\libg.a(lib_a-mprec.o)
                0x00120b58                __mprec_bigtens
 .rodata.__mprec_tinytens
                0x00120b80       0x28 c:/devkitpro/devkitarm/bin/../lib/gcc/arm-none-eabi/4.9.2/../../../../arm-none-eabi/lib/armv6k/fpu\libg.a(lib_a-mprec.o)
                0x00120b80                __mprec_tinytens
 .rodata.__state_table
                0x00120ba8       0x6c c:/devkitpro/devkitarm/bin/../lib/gcc/arm-none-eabi/4.9.2/../../../../arm-none-eabi/lib/armv6k/fpu\libg.a(lib_a-svfiprintf.o)
                0x00120ba8                __state_table
 .rodata.blanks.7015
                0x00120c14       0x10 c:/devkitpro/devkitarm/bin/../lib/gcc/arm-none-eabi/4.9.2/../../../../arm-none-eabi/lib/armv6k/fpu\libg.a(lib_a-svfiprintf.o)
 .rodata.__chclass
                0x00120c24      0x100 c:/devkitpro/devkitarm/bin/../lib/gcc/arm-none-eabi/4.9.2/../../../../arm-none-eabi/lib/armv6k/fpu\libg.a(lib_a-svfiprintf.o)
                0x00120c24                __chclass
 .rodata.str1.4
                0x00120d24       0x30 c:/devkitpro/devkitarm/bin/../lib/gcc/arm-none-eabi/4.9.2/../../../../arm-none-eabi/lib/armv6k/fpu\libg.a(lib_a-svfiprintf.o)
 .rodata.__action_table
                0x00120d24       0x6c c:/devkitpro/devkitarm/bin/../lib/gcc/arm-none-eabi/4.9.2/../../../../arm-none-eabi/lib/armv6k/fpu\libg.a(lib_a-svfiprintf.o)
                0x00120d24                __action_table
 .rodata.zeroes.7016
                0x00120d90       0x10 c:/devkitpro/devkitarm/bin/../lib/gcc/arm-none-eabi/4.9.2/../../../../arm-none-eabi/lib/armv6k/fpu\libg.a(lib_a-svfiprintf.o)
 .rodata._ctype_
                0x00120da0      0x104 c:/devkitpro/devkitarm/bin/../lib/gcc/arm-none-eabi/4.9.2/../../../../arm-none-eabi/lib/armv6k/fpu\libg.a(lib_a-ctype_.o)
                0x00120da0                _ctype_
 .rodata.str1.4
                0x00120ea4        0x8 c:/devkitpro/devkitarm/bin/../lib/gcc/arm-none-eabi/4.9.2/../../../../arm-none-eabi/lib/armv6k/fpu\libsysbase.a(iosupport.o)
 *all.rodata*(*)
 *(.gnu.linkonce.r*)
                0x00120eac                . = ALIGN (0x4)

.rel.dyn        0x00120eac        0x0
 .rel.iplt      0x00120eac        0x0 c:/devkitpro/devkitarm/bin/../lib/gcc/arm-none-eabi/4.9.2/../../../../arm-none-eabi/lib/armv6k/fpu/3dsx_crt0.o

.ARM.extab
 *(.ARM.extab* .gnu.linkonce.armextab.*)
                0x00120eac                __exidx_start = .

ARM.exidx
 *(.ARM.exidx* .gnu.linkonce.armexidx.*)
                0x00120eac                __exidx_end = .

.data           0x00121000     0x4078
 *(.data)
 .data          0x00121000        0x0 c:/devkitpro/devkitarm/bin/../lib/gcc/arm-none-eabi/4.9.2/../../../../arm-none-eabi/lib/armv6k/fpu/3dsx_crt0.o
 .data          0x00121000        0x0 c:/devkitpro/devkitarm/bin/../lib/gcc/arm-none-eabi/4.9.2/armv6k/fpu/crti.o
 .data          0x00121000        0x4 c:/devkitpro/devkitarm/bin/../lib/gcc/arm-none-eabi/4.9.2/armv6k/fpu/crtbegin.o
                0x00121000                __dso_handle
 .data          0x00121004        0x0 circle_controller.o
 .data          0x00121004        0x0 main.o
 .data          0x00121004        0xc c:/devkitPro/libctru/lib\libsf2d.a(sf2d.o)
 .data          0x00121010        0x0 c:/devkitPro/libctru/lib\libsf2d.a(sf2d_draw.o)
 .data          0x00121010        0x0 c:/devkitPro/libctru/lib\libsf2d.a(sf2d_private.o)
 .data          0x00121010        0x0 c:/devkitPro/libctru/lib\libsf2d.a(shader.vsh.o)
 .data          0x00121010        0x0 c:/devkitPro/libctru/lib\libctru.a(linear.o)
 .data          0x00121010        0x0 c:/devkitPro/libctru/lib\libctru.a(mem_pool.o)
 .data          0x00121010        0x0 c:/devkitPro/libctru/lib\libctru.a(vram.o)
 .data          0x00121010        0xc c:/devkitPro/libctru/lib\libctru.a(gfx.o)
 .data          0x0012101c        0x0 c:/devkitPro/libctru/lib\libctru.a(os.o)
 .data          0x0012101c       0x68 c:/devkitPro/libctru/lib\libctru.a(romfs_dev.o)
 .data          0x00121084        0x0 c:/devkitPro/libctru/lib\libctru.a(gpu.o)
 .data          0x00121084      0x53c c:/devkitPro/libctru/lib\libctru.a(gpuResetSequence.o)
                0x00121084                gpuResetSequenceLength
                0x00121088                gpuResetSequence
 .data          0x001215c0        0x0 c:/devkitPro/libctru/lib\libctru.a(shaderProgram.o)
 .data          0x001215c0        0x0 c:/devkitPro/libctru/lib\libctru.a(shbin.o)
 .data          0x001215c0        0x0 c:/devkitPro/libctru/lib\libctru.a(apt.o)
 .data          0x001215c0        0x0 c:/devkitPro/libctru/lib\libctru.a(cfgu.o)
 .data          0x001215c0        0x0 c:/devkitPro/libctru/lib\libctru.a(fs.o)
 .data          0x001215c0        0x0 c:/devkitPro/libctru/lib\libctru.a(gsp.o)
 .data          0x001215c0        0x0 c:/devkitPro/libctru/lib\libctru.a(gx.o)
 .data          0x001215c0        0x0 c:/devkitPro/libctru/lib\libctru.a(hid.o)
 .data          0x001215c0        0x0 c:/devkitPro/libctru/lib\libctru.a(irrst.o)
 .data          0x001215c0        0x0 c:/devkitPro/libctru/lib\libctru.a(ptm.o)
 .data          0x001215c0        0x0 c:/devkitPro/libctru/lib\libctru.a(rbtree_find.o)