Archive member included to satisfy reference by file (symbol)

c:/devkitPro/libctru/lib\libsf2d.a(sf2d.o)
                              main.o (sf2d_init)
c:/devkitPro/libctru/lib\libsf2d.a(sf2d_draw.o)
                              circle_controller.o (sf2d_draw_rectangle)
c:/devkitPro/libctru/lib\libsf2d.a(sf2d_private.o)
                              c:/devkitPro/libctru/lib\libsf2d.a(sf2d.o) (GPU_SetDummyTexEnv)
c:/devkitPro/libctru/lib\libsf2d.a(shader.vsh.o)
                              c:/devkitPro/libctru/lib\libsf2d.a(sf2d.o) (shader_vsh_shbin_size)
c:/devkitPro/libctru/lib\libctru.a(linear.o)
                              c:/devkitPro/libctru/lib\libsf2d.a(sf2d.o) (linearAlloc)
c:/devkitPro/libctru/lib\libctru.a(mem_pool.o)
                              c:/devkitPro/libctru/lib\libctru.a(linear.o) (MemPool::Allocate(MemChunk&, unsigned long, int))
c:/devkitPro/libctru/lib\libctru.a(vram.o)
                              c:/devkitPro/libctru/lib\libsf2d.a(sf2d.o) (vramMemAlign)
c:/devkitPro/libctru/lib\libctru.a(gfx.o)
                              c:/devkitPro/libctru/lib\libsf2d.a(sf2d.o) (gfxSet3D)
c:/devkitPro/libctru/lib\libctru.a(os.o)
                              c:/devkitPro/libctru/lib\libsf2d.a(sf2d.o) (osConvertVirtToPhys)
c:/devkitPro/libctru/lib\libctru.a(romfs_dev.o)
                              c:/devkitPro/libctru/lib\libctru.a(os.o) (romfsInitFromFile)
c:/devkitPro/libctru/lib\libctru.a(gpu.o)
                              c:/devkitPro/libctru/lib\libsf2d.a(sf2d.o) (GPU_Init)
c:/devkitPro/libctru/lib\libctru.a(gpuResetSequence.o)
                              c:/devkitPro/libctru/lib\libctru.a(gpu.o) (gpuResetSequenceLength)
c:/devkitPro/libctru/lib\libctru.a(shaderProgram.o)
                              c:/devkitPro/libctru/lib\libsf2d.a(sf2d.o) (shaderInstanceGetUniformLocation)
c:/devkitPro/libctru/lib\libctru.a(shbin.o)
                              c:/devkitPro/libctru/lib\libsf2d.a(sf2d.o) (DVLB_Free)
c:/devkitPro/libctru/lib\libctru.a(apt.o)
                              c:/devkitPro/libctru/lib\libsf2d.a(sf2d.o) (aptHook)
c:/devkitPro/libctru/lib\libctru.a(cfgu.o)
                              c:/devkitPro/libctru/lib\libctru.a(os.o) (initCfgu)
c:/devkitPro/libctru/lib\libctru.a(fs.o)
                              c:/devkitPro/libctru/lib\libctru.a(os.o) (FSUSER_OpenFileDirectly)
c:/devkitPro/libctru/lib\libctru.a(gsp.o)
                              c:/devkitPro/libctru/lib\libctru.a(gfx.o) (gspInit)
c:/devkitPro/libctru/lib\libctru.a(gx.o)
                              c:/devkitPro/libctru/lib\libctru.a(gfx.o) (gxCmdBuf)
c:/devkitPro/libctru/lib\libctru.a(hid.o)
                              circle_controller.o (hidScanInput)
c:/devkitPro/libctru/lib\libctru.a(irrst.o)
                              c:/devkitPro/libctru/lib\libctru.a(hid.o) (irrstScanInput)
c:/devkitPro/libctru/lib\libctru.a(ptm.o)
                              c:/devkitPro/libctru/lib\libctru.a(os.o) (ptmSysmInit)
c:/devkitPro/libctru/lib\libctru.a(rbtree_find.o)
                              c:/devkitPro/libctru/lib\libctru.a(linear.o) (rbtree_find)
c:/devkitPro/libctru/lib\libctru.a(rbtree_init.o)
                              c:/devkitPro/libctru/lib\libctru.a(linear.o) (rbtree_init)
c:/devkitPro/libctru/lib\libctru.a(rbtree_insert.o)
                              c:/devkitPro/libctru/lib\libctru.a(linear.o) (rbtree_insert)
c:/devkitPro/libctru/lib\libctru.a(rbtree_remove.o)
                              c:/devkitPro/libctru/lib\libctru.a(linear.o) (rbtree_remove)
c:/devkitPro/libctru/lib\libctru.a(rbtree_rotate.o)
                              c:/devkitPro/libctru/lib\libctru.a(rbtree_insert.o) (rbtree_rotate)
c:/devkitPro/libctru/lib\libctru.a(utf8_to_utf16.o)
                              c:/devkitPro/libctru/lib\libctru.a(romfs_dev.o) (utf8_to_utf16)
c:/devkitPro/libctru/lib\libctru.a(allocateHeaps.o)
                              c:/devkitPro/libctru/lib\libctru.a(linear.o) (__linear_heap)
c:/devkitPro/libctru/lib\libctru.a(initArgv.o)
                              c:/devkitpro/devkitarm/bin/../lib/gcc/arm-none-eabi/4.9.2/../../../../arm-none-eabi/lib/armv6k/fpu/3dsx_crt0.o (__system_argc)
c:/devkitPro/libctru/lib\libctru.a(initSystem.o)
                              c:/devkitPro/libctru/lib\libctru.a(apt.o) (__system_retAddr)
c:/devkitPro/libctru/lib\libctru.a(svc.o)
                              c:/devkitPro/libctru/lib\libctru.a(allocateHeaps.o) (svcControlMemory)
c:/devkitPro/libctru/lib\libctru.a(stack_adjust.o)
                              c:/devkitpro/devkitarm/bin/../lib/gcc/arm-none-eabi/4.9.2/../../../../arm-none-eabi/lib/armv6k/fpu/3dsx_crt0.o (initSystem)
c:/devkitPro/libctru/lib\libctru.a(mappable.o)
                              c:/devkitPro/libctru/lib\libctru.a(gfx.o) (mappableAlloc)
c:/devkitPro/libctru/lib\libctru.a(srv.o)
                              c:/devkitPro/libctru/lib\libctru.a(fs.o) (__get_handle_from_list)
c:/devkitPro/libctru/lib\libctru.a(rbtree_iterator.o)
[...]
Memory Configuration

Name             Origin             Length             Attributes
*default*        0x00000000         0xffffffff

Linker script and memory map

                0x00100000                . = 0x100000
                0x00100000                __start__ = .

.text           0x00100000    0x1f344
 *(.crt0)
 .crt0          0x00100000       0x94 c:/devkitpro/devkitarm/bin/../lib/gcc/arm-none-eabi/4.9.2/../../../../arm-none-eabi/lib/armv6k/fpu/3dsx_crt0.o
                0x00100000                _start
                0x00100008                __service_ptr
                0x0010000c                __apt_appid
                0x00100010                __heap_size
                0x00100014                __linear_heap_size
                0x00100018                __system_arglist
                0x0010001c                __system_runflags
 *(.init)
 .init          0x00100094        0xc c:/devkitpro/devkitarm/bin/../lib/gcc/arm-none-eabi/4.9.2/armv6k/fpu/crti.o
                0x00100094                _init
 .init          0x001000a0        0xc c:/devkitpro/devkitarm/bin/../lib/gcc/arm-none-eabi/4.9.2/armv6k/fpu/crtn.o
                0x001000ac                . = ALIGN (0x4)
 *(.text)
 .text          0x001000ac        0x0 c:/devkitpro/devkitarm/bin/../lib/gcc/arm-none-eabi/4.9.2/../../../../arm-none-eabi/lib/armv6k/fpu/3dsx_crt0.o
 .text          0x001000ac        0x0 c:/devkitpro/devkitarm/bin/../lib/gcc/arm-none-eabi/4.9.2/armv6k/fpu/crti.o
 .text          0x001000ac      0x108 c:/devkitpro/devkitarm/bin/../lib/gcc/arm-none-eabi/4.9.2/armv6k/fpu/crtbegin.o
 .text          0x001001b4      0x400 circle_controller.o
                0x001001b4                circle_controller_create_all_circles
                0x00100274                circle_controller_init
                0x00100304                circle_controller_free
                0x00100310                circle_controller_update_all_circles
                0x00100424                circle_controller_update
                0x0010045c                circle_controller_draw_all_circles
                0x001004a8                circle_controller_draw
                0x00100548                circle_controller_input
                0x00100568                circle_controller_handle_state
 .text          0x001005b4        0x0 main.o
 .text          0x001005b4      0x75c c:/devkitPro/libctru/lib\libsf2d.a(sf2d.o)
                0x001007cc                sf2d_init
                0x001007f4                sf2d_init_advanced
                0x00100814                sf2d_fini
                0x00100878                sf2d_set_3D
                0x00100884                sf2d_start_frame
                0x00100a14                sf2d_end_frame
                0x00100b2c                sf2d_swapbuffers
                0x00100bdc                sf2d_set_vblank_wait
                0x00100bec                sf2d_get_fps
                0x00100bfc                sf2d_pool_malloc
                0x00100c28                sf2d_pool_memalign
                0x00100c68                sf2d_pool_space_free
                0x00100c80                sf2d_pool_reset
                0x00100c94                sf2d_set_clear_color
                0x00100ca4                sf2d_set_scissor_test
                0x00100cf0                sf2d_get_current_screen
                0x00100d00                sf2d_get_current_side
 .text          0x00100d10      0x7cc c:/devkitPro/libctru/lib\libsf2d.a(sf2d_draw.o)
                0x00100d10                sf2d_draw_line
                0x00100ee8                sf2d_draw_rectangle
                0x001010a0                sf2d_draw_rectangle_rotate
                0x001012f4                sf2d_draw_fill_circle
 .text          0x001014dc      0x4f8 c:/devkitPro/libctru/lib\libsf2d.a(sf2d_private.o)
                0x001014dc                GPU_SetDummyTexEnv
                0x00101510                vector_mult_matrix4x4
                0x00101594                matrix_gpu_set_uniform
                0x001015e4                matrix_copy
                0x00101620                matrix_identity4x4
                0x0010166c                matrix_mult4x4
                0x001016e0                matrix_set_z_rotation
                0x00101754                matrix_rotate_z
                0x001017b4                matrix_set_scaling
                0x00101800                matrix_swap_xy
                0x001018a0                matrix_init_orthographic
                0x001019b4                next_pow2
 .text          0x001019d4        0x0 c:/devkitPro/libctru/lib\libsf2d.a(shader.vsh.o)
 .text          0x001019d4      0x1d4 c:/devkitPro/libctru/lib\libctru.a(linear.o)
                0x001019fc                linearMemAlign
                0x00101b3c                linearAlloc
                0x00101b44                linearRealloc
                0x00101b4c                linearFree
                0x00101b9c                linearSpaceFree
 .text          0x00101ba8      0x35c c:/devkitPro/libctru/lib\libctru.a(mem_pool.o)
                0x00101ba8                MemPool::CoalesceRight(MemBlock*)
                0x00101c48                MemPool::Allocate(MemChunk&, unsigned long, int)
                0x00101dd0                MemPool::Deallocate(MemChunk const&)
                0x00101ed4                MemPool::GetFreeSpace()
 .text          0x00101f04      0x1c4 c:/devkitPro/libctru/lib\libctru.a(vram.o)
                0x00101f2c                vramMemAlign
                0x0010205c                vramAlloc
                0x00102064                vramRealloc
                0x0010206c                vramFree
                0x001020bc                vramSpaceFree
 .text          0x001020c8      0x748 c:/devkitPro/libctru/lib\libctru.a(gfx.o)
                0x00102154                gfxSet3D
                0x00102164                gfxSetScreenFormat
                0x0010217c                gfxGetScreenFormat
                0x00102194                gfxSetDoubleBuffering
                0x001021a8                gfxSetFramebufferInfo
                0x00102218                gfxWriteFramebufferInfo
                0x001022dc                gfxInit
                0x001024bc                gfxInitDefault
                0x001024cc                gfxExit
                0x001025b4                gfxGetFramebuffer
                0x00102664                gfxFlushBuffers
                0x00102740                gfxSwapBuffers
                0x001027b4                gfxSwapBuffersGpu
 .text          0x00102810      0x550 c:/devkitPro/libctru/lib\libctru.a(os.o)
                0x00102944                osConvertVirtToPhys
                0x00102990                osConvertOldLINEARMemToNew
                0x001029b0                __libctru_gtod
                0x00102aa4                osGetTime
                0x00102b18                osGetFirmVersion
                0x00102b2c                osGetKernelVersion
                0x00102b40                osStrError
                0x00102b60                osGetWifiStrength
                0x00102b70                __ctru_speedup_config
                0x00102ba4                osSetSpeedupEnable
                0x00102bb4                osGetSystemVersionData
                0x00102ce4                osGetSystemVersionDataString
 .text          0x00102d60      0xa8c c:/devkitPro/libctru/lib\libctru.a(romfs_dev.o)
                0x001034e0                romfsInit
                0x00103768                romfsInitFromFile
                0x00103790                romfsExit
 .text          0x001037ec     0x1a58 c:/devkitPro/libctru/lib\libctru.a(gpu.o)
                0x0010386c                GPU_Init
                0x00103898                GPUCMD_SetBuffer
                0x001038c4                GPUCMD_SetBufferOffset
                0x001038d4                GPUCMD_GetBuffer
                0x00103914                GPUCMD_AddRawCommands
                0x00103960                GPUCMD_Run
                0x001039c0                GPUCMD_FlushAndRun
                0x00103a34                GPUCMD_Add
                0x00103b18                GPUCMD_Finalize
                0x00103bb0                GPU_Reset
                0x00104390                GPU_SetFloatUniform
                0x00104408                GPU_SetViewport
                0x001045fc                GPU_SetScissorTest
                0x00104648                GPU_DepthMap
                0x001046c4                GPU_SetAlphaTest
                0x001046fc                GPU_SetStencilTest
                0x00104744                GPU_SetStencilOp
                0x00104778                GPU_SetDepthTestAndWriteMask
                0x001047b0                GPU_SetAlphaBlending
                0x00104818                GPU_SetColorLogicOp
                0x0010485c                GPU_SetBlendingColor
                0x00104898                GPU_SetTextureEnable
                0x001048e4                GPU_SetTexture
                0x00104a7c                GPU_SetTextureBorderColor
                0x00104b10                GPU_SetAttributeBuffers
                0x00104d0c                GPU_SetAttributeBuffersAddress
                0x00104d38                GPU_SetFaceCulling
                0x00104d64                GPU_SetCombinerBufferWrite
                0x00104d98                GPU_SetTexEnv
                0x00104e10                GPU_DrawArray
                0x00104f40                GPU_DrawElements
                0x00105074                GPU_FinishDrawing
                0x001050d0                GPU_SetShaderOutmap
                0x00105118                GPU_SendShaderCode
                0x001051d0                GPU_SendOperandDescriptors
 .text          0x00105244        0x0 c:/devkitPro/libctru/lib\libctru.a(gpuResetSequence.o)
 .text          0x00105244      0x7f4 c:/devkitPro/libctru/lib\libctru.a(shaderProgram.o)
                0x00105244                shaderInstanceInit
                0x0010544c                shaderInstanceFree
                0x00105484                shaderInstanceSetBool
                0x001054c4                shaderInstanceGetBool
                0x00105510                shaderInstanceGetUniformLocation
                0x00105530                shaderProgramInit
                0x00105548                shaderProgramFree
                0x00105578                shaderProgramSetVsh
                0x001055e4                shaderProgramSetGsh
                0x00105658                shaderProgramUse
 .text          0x00105a38      0x348 c:/devkitPro/libctru/lib\libctru.a(shbin.o)
                0x00105a38                DVLB_Free
                0x00105a74                DVLE_GetUniformRegister
                0x00105af0                DVLE_GenerateOutmap
                0x00105be8                DVLB_ParseFile
 .text          0x00105d80     0x1e3c c:/devkitPro/libctru/lib\libctru.a(apt.o)
                0x00105de4                _aptDebug
                0x00105de8                aptInitCaptureInfo
                0x00105e98                aptWaitStatusEvent
                0x00105ec0                aptHook
                0x00105ef8                aptUnhook
                0x00105f24                aptGetStatus
                0x00105f5c                aptSetStatus
                0x00105fcc                aptGetStatusPower
                0x00106004                aptSetStatusPower
                0x0010603c                aptOpenSession
                0x00106060                aptCloseSession
                0x00106088                aptSignalReadyForSleep
                0x00106098                APT_GetLockHandle
                0x001060e8                APT_Initialize
                0x00106150                APT_Finalize
                0x0010618c                APT_HardwareResetAsync
                0x001061c0                APT_Enable
                0x001061fc                APT_GetAppletManInfo
                0x0010627c                aptGetMenuAppID
                0x001062b8                APT_GetAppletInfo
                0x00106350                APT_GetAppletProgramInfo
                0x001063a4                APT_GetProgramID
                0x00106414                APT_IsRegistered
                0x00106464                APT_InquireNotification
                0x001064b4                APT_PrepareToJumpToHomeMenu
                0x001064e8                APT_JumpToHomeMenu
                0x00106538                APT_PrepareToJumpToApplication
                0x00106574                APT_JumpToApplication
                0x001065c4                APT_NotifyToWait
                0x00106600                APT_AppletUtility
                0x00106688                aptAppletUtility_Exit_RetToApp
                0x001067a8                aptAppletClosed
                0x001068b8                aptInit
                0x00106a80                APT_GlanceParameter
                0x00106af4                APT_ReceiveParameter
                0x00106b68                APT_SendParameter
                0x00106bd8                APT_SendCaptureBufferInfo
                0x00106c24                aptReturnToMenu
                0x00106df8                APT_ReplySleepQuery
                0x00106e38                APT_ReplySleepNotificationComplete
                0x00106e74                aptEventHandler
                0x00107178                APT_PrepareToCloseApplication
                0x001071b4                APT_CloseApplication
                0x0010720c                aptExit
                0x001073f8                APT_SetAppCpuTimeLimit
                0x0010743c                APT_GetAppCpuTimeLimit
                0x00107490                APT_CheckNew3DS_Application
                0x001074ec                APT_CheckNew3DS_System
                0x00107548                APT_CheckNew3DS
                0x001075bc                APT_PrepareToDoAppJump
                0x00107608                APT_DoAppJump
                0x00107670                APT_PrepareToStartLibraryApplet
                0x001076ac                APT_StartLibraryApplet
                0x0010770c                aptAppletStarted
                0x00107810                aptMainLoop
                0x00107988                APT_LaunchLibraryApplet
                0x00107b20                APT_PrepareToStartSystemApplet
                0x00107b5c                APT_StartSystemApplet
 .text          0x00107bbc      0x288 c:/devkitPro/libctru/lib\libctru.a(cfgu.o)
                0x00107bbc                initCfgu
                0x00107c10                exitCfgu
                0x00107c30                CFGU_SecureInfoGetRegion
                0x00107c68                CFGU_GenHashConsoleUnique
                0x00107cc0                CFGU_GetRegionCanadaUSA
                0x00107cf8                CFGU_GetSystemModel
                0x00107d30                CFGU_GetModelNintendo2DS
                0x00107d68                CFGU_GetCountryCodeString
                0x00107da8                CFGU_GetCountryCodeID
                0x00107de8                CFGU_GetConfigInfoBlk2
                0x00107e30                CFGU_GetSystemLanguage
 .text          0x00107e44      0xd4c c:/devkitPro/libctru/lib\libctru.a(fs.o)
                0x00107e44                FS_makePath
                0x00107e70                fsExit
                0x00107e94                fsGetSessionHandle
                0x00107ea0                FSUSER_Initialize
                0x00107f14                fsInit
                0x00107f80                FSUSER_OpenFile
                0x0010802c                FSUSER_OpenFileDirectly
                0x001080f8                FSUSER_DeleteFile
                0x00108180                FSUSER_RenameFile
                0x00108244                FSUSER_DeleteDirectory
                0x001082cc                FSUSER_DeleteDirectoryRecursively
                0x00108354                FSUSER_CreateFile
                0x001083ec                FSUSER_CreateDirectory
                0x00108478                FSUSER_RenameDirectory
                0x0010853c                FSUSER_OpenDirectory
                0x001085d0                FSUSER_OpenArchive
                0x00108658                FSUSER_CloseArchive
                0x001086b0                FSUSER_GetSdmcArchiveResource
                0x0010872c                FSUSER_GetNandArchiveResource
                0x001087a8                FSUSER_IsSdmcDetected
                0x001087f4                FSUSER_GetProductInfo
                0x0010886c                FSUSER_GetMediaType
                0x001088b8                FSUSER_IsSdmcWritable
                0x00108904                FSFILE_Close
                0x00108948                FSFILE_Read
                0x001089a4                FSFILE_Write
                0x00108a08                FSFILE_GetSize
                0x00108a48                FSFILE_SetSize
                0x00108a74                FSFILE_GetAttributes
                0x00108aac                FSFILE_SetAttributes
                0x00108ad4                FSFILE_Flush
                0x00108af8                FSDIR_Read
                0x00108b4c                FSDIR_Close
 .text          0x00108b90      0x934 c:/devkitPro/libctru/lib\libctru.a(gsp.o)
                0x00108c74                gspInit
                0x00108c88                gspExit
                0x00108ca0                gspInitEventHandler
                0x00108d6c                gspExitEventHandler
                0x00108dc4                gspWaitForEvent
                0x00108e1c                GSPGPU_WriteHWRegs
                0x00108e8c                GSPGPU_WriteHWRegsWithMask
                0x00108f18                GSPGPU_ReadHWRegs
                0x00108f88                GSPGPU_SetBufferSwap
                0x00108ffc                GSPGPU_FlushDataCache
                0x00109050                GSPGPU_InvalidateDataCache
                0x001090a4                GSPGPU_SetLcdForceBlack
                0x001090e0                GSPGPU_TriggerCmdReqQueue
                0x00109114                GSPGPU_RegisterInterruptRelayQueue
                0x00109180                GSPGPU_UnregisterInterruptRelayQueue
                0x001091b4                GSPGPU_AcquireRight
                0x00109204                GSPGPU_ReleaseRight
                0x00109238                GSPGPU_ImportDisplayCaptureInfo
                0x001092bc                GSPGPU_SaveVramSysArea
                0x001092f0                GSPGPU_RestoreVramSysArea
                0x00109324                GSPGPU_SubmitGxCommand
                0x00109430                gspLcdInit
                0x00109444                gspLcdExit
                0x0010945c                GSPLCD_PowerOffBacklight
                0x00109490                GSPLCD_PowerOnBacklight
 .text          0x001094c4      0x264 c:/devkitPro/libctru/lib\libctru.a(gx.o)
                0x001094c4                GX_RequestDma
                0x00109518                GX_SetCommandList_Last
                0x00109580                GX_SetMemoryFill
                0x001095f4                GX_SetDisplayTransfer
                0x00109658                GX_SetTextureCopy
                0x001096c0                GX_SetCommandList_First
 .text          0x00109728      0x754 c:/devkitPro/libctru/lib\libctru.a(hid.o)
                0x00109728                hidExit
                0x001097f8                hidWaitForEvent
                0x00109850                hidCheckSectionUpdateTime
                0x0010988c                hidScanInput
                0x00109ad4                hidKeysHeld
                0x00109ae4                hidKeysDown
                0x00109af4                hidKeysUp
                0x00109b04                hidTouchRead
                0x00109b1c                hidCircleRead
                0x00109b34                hidAccelRead
                0x00109b54                hidGyroRead
                0x00109b74                HIDUSER_GetHandles
                0x00109c04                hidInit
                0x00109d58                HIDUSER_EnableAccelerometer
                0x00109d84                HIDUSER_DisableAccelerometer
                0x00109db0                HIDUSER_EnableGyroscope
                0x00109ddc                HIDUSER_DisableGyroscope
                0x00109e08                HIDUSER_GetGyroscopeRawToDpsCoefficient
                0x00109e44                HIDUSER_GetSoundVolume
 .text          0x00109e7c      0x3c0 c:/devkitPro/libctru/lib\libctru.a(irrst.o)
                0x00109e7c                irrstWaitForEvent
                0x00109ec8                irrstCheckSectionUpdateTime
                0x00109f04                irrstScanInput
                0x00109fb8                irrstKeysHeld
                0x00109fd0                irrstCstickRead
                0x00109fe8                IRRST_GetHandles
                0x0010a038                IRRST_Initialize
                0x0010a070                irrstInit
                0x0010a170                IRRST_Shutdown
                0x0010a19c                irrstExit
 .text          0x0010a23c      0x1bc c:/devkitPro/libctru/lib\libctru.a(ptm.o)
                0x0010a23c                ptmInit
                0x0010a250                ptmExit
                0x0010a260                ptmSysmInit
                0x0010a274                ptmSysmExit
                0x0010a284                PTMU_GetShellState
                0x0010a2c4                PTMU_GetBatteryLevel
                0x0010a304                PTMU_GetBatteryChargeState
                0x0010a344                PTMU_GetPedometerState
                0x0010a384                PTMU_GetTotalStepCount
                0x0010a3c4                PTMSYSM_ConfigureNew3DSCPU
 .text          0x0010a3f8       0x70 c:/devkitPro/libctru/lib\libctru.a(rbtree_find.o)
                0x0010a3f8                rbtree_find
 .text          0x0010a468       0x14 c:/devkitPro/libctru/lib\libctru.a(rbtree_init.o)
                0x0010a468                rbtree_init
 .text          0x0010a47c      0x1f4 c:/devkitPro/libctru/lib\libctru.a(rbtree_insert.o)
                0x0010a660                rbtree_insert
                0x0010a668                rbtree_insert_multi
 .text          0x0010a670      0x340 c:/devkitPro/libctru/lib\libctru.a(rbtree_remove.o)
                0x0010a670                rbtree_remove
 .text          0x0010a9b0       0xac c:/devkitPro/libctru/lib\libctru.a(rbtree_rotate.o)
                0x0010a9b0                rbtree_rotate
 .text          0x0010aa5c       0xb8 c:/devkitPro/libctru/lib\libctru.a(utf8_to_utf16.o)
                0x0010aa5c                utf8_to_utf16
 .text          0x0010ab14       0xa4 c:/devkitPro/libctru/lib\libctru.a(allocateHeaps.o)
                0x0010ab14                __system_allocateHeaps
 .text          0x0010abb8       0xf4 c:/devkitPro/libctru/lib\libctru.a(initArgv.o)
                0x0010abb8                __system_initArgv
 .text          0x0010acac       0x4c c:/devkitPro/libctru/lib\libctru.a(initSystem.o)
                0x0010acac                __libctru_init
 *fill*         0x0010acf8        0x8 
 .text          0x0010ad00      0x460 c:/devkitPro/libctru/lib\libctru.a(svc.o)
                0x0010ad00                svcControlMemory
                0x0010ad20                svcQueryMemory
                0x0010ad50                svcExitProcess
                0x0010ad58                svcCreateThread
                0x0010ad78                svcExitThread
                0x0010ad80                svcSleepThread
                0x0010ad88                svcGetThreadPriority
                0x0010ad9c                svcSetThreadPriority
                0x0010ada4                svcGetThreadAffinityMask
                0x0010adac                svcSetThreadAffinityMask
                0x0010adb4                svcGetThreadIdealProcessor
                0x0010adc8                svcSetThreadIdealProcessor
                0x0010add0                svcGetProcessorID
                0x0010add8                svcCreateMutex
                0x0010adec                svcReleaseMutex
                0x0010adf4                svcCreateSemaphore
                0x0010ae08                svcReleaseSemaphore
                0x0010ae1c                svcCreateEvent
                0x0010ae30                svcSignalEvent
                0x0010ae38                svcClearEvent
                0x0010ae40                svcCreateTimer
                0x0010ae54                svcSetTimer
                0x0010ae5c                svcCancelTimer
                0x0010ae64                svcClearTimer
                0x0010ae6c                svcCreateMemoryBlock
                0x0010ae84                svcMapMemoryBlock
                0x0010ae8c                svcUnmapMemoryBlock
                0x0010ae94                svcCreateAddressArbiter
                0x0010aea8                svcArbitrateAddress
                0x0010aec8                svcCloseHandle
                0x0010aed0                svcWaitSynchronization
                0x0010aed8                svcWaitSynchronizationN
                0x0010af00                svcDuplicateHandle
                0x0010af14                svcGetSystemTick
                0x0010af1c                svcGetSystemInfo
                0x0010af34                svcGetProcessInfo
                0x0010af4c                svcGetThreadInfo
                0x0010af64                svcConnectToPort
                0x0010af78                svcSendSyncRequest
                0x0010af80                svcOpenProcess
                0x0010af94                svcOpenThread
                0x0010afa8                svcGetProcessId
                0x0010afbc                svcGetProcessIdOfThread
                0x0010afd0                svcGetThreadId
                0x0010afe4                svcBreak
                0x0010afec                svcOutputDebugString
                0x0010aff4                svcCreatePort
                0x0010b014                svcAcceptSession
                0x0010b02c                svcReplyAndReceive
                0x0010b044                svcInvalidateProcessDataCache
                0x0010b04c                svcFlushProcessDataCache
                0x0010b054                svcStartInterProcessDma
                0x0010b074                svcStopDma
                0x0010b07c                svcGetDmaState
                0x0010b090                svcDebugActiveProcess
                0x0010b0a4                svcBreakDebugProcess
                0x0010b0ac                svcTerminateDebugProcess
                0x0010b0b4                svcGetProcessDebugEvent
                0x0010b0bc                svcContinueDebugEvent
                0x0010b0c4                svcGetProcessList
                0x0010b0e4                svcReadProcessMemory
                0x0010b0ec                svcWriteProcessMemory
                0x0010b0f4                svcControlProcessMemory
                0x0010b10c                svcMapProcessMemory
                0x0010b114                svcUnmapProcessMemory
                0x0010b11c                svcTerminateProcess
                0x0010b124                svcBackdoor
                0x0010b12c                svcKernelSetState
                0x0010b134                svcQueryProcessMemory
 .text          0x0010b160       0x64 c:/devkitPro/libctru/lib\libctru.a(stack_adjust.o)
                0x0010b160                initSystem
                0x0010b1a4                __ctru_exit
 .text          0x0010b1c4      0x178 c:/devkitPro/libctru/lib\libctru.a(mappable.o)
                0x0010b1ec                mappableAlloc
                0x0010b2e0                mappableFree
                0x0010b330                mappableSpaceFree
 .text          0x0010b33c      0x3b8 c:/devkitPro/libctru/lib\libctru.a(srv.o)
                0x0010b33c                __get_handle_from_list
                0x0010b3d4                __destroy_handle_list
                0x0010b428                srvExit
                0x0010b450                srvGetSessionHandle
                0x0010b45c                srvRegisterClient
                0x0010b494                srvInit
                0x0010b4fc                srvGetServiceHandle
                0x0010b57c                srvRegisterService
                0x0010b5d8                srvUnregisterService
                0x0010b624                srvPmInit
                0x0010b678                srvRegisterProcess
                0x0010b6c0                srvUnregisterProcess
 .text          0x0010b6f4      0x118 c:/devkitPro/libctru/lib\libctru.a(rbtree_iterator.o)
                0x0010b6f4                rbtree_node_next
                0x0010b780                rbtree_node_prev
 .text          0x0010b80c      0x138 c:/devkitPro/libctru/lib\libctru.a(decode_utf8.o)
                0x0010b80c                decode_utf8
 .text          0x0010b944       0x68 c:/devkitPro/libctru/lib\libctru.a(encode_utf16.o)
                0x0010b944                encode_utf16
 .text          0x0010b9ac       0x1c c:/devkitPro/libctru/lib\libctru.a(appExit.o)
                0x0010b9ac                __appExit
 .text          0x0010b9c8       0x1c c:/devkitPro/libctru/lib\libctru.a(appInit.o)
                0x0010b9c8                __appInit
 .text          0x0010b9e4       0x90 c:/devkitPro/libctru/lib\libctru.a(ctru_exit.o)
                0x0010b9e4                __libctru_exit
 .text          0x0010ba74      0xffc c:/devkitPro/libctru/lib\libctru.a(sdmc_dev.o)
                0x0010c8f0                sdmcInit
                0x0010ca20                sdmcExit
 .text          0x0010ca70       0xe8 c:/devkitPro/libctru/lib\libctru.a(utf16_to_utf8.o)
                0x0010ca70                utf16_to_utf8
 .text          0x0010cb58       0x60 c:/devkitPro/libctru/lib\libctru.a(decode_utf16.o)
                0x0010cb58                decode_utf16
 .text          0x0010cbb8      0x104 c:/devkitPro/libctru/lib\libctru.a(encode_utf8.o)
                0x0010cbb8                encode_utf8
 .text          0x0010ccbc        0x0 c:/devkitpro/devkitarm/bin/../lib/gcc/arm-none-eabi/4.9.2/../../../../arm-none-eabi/lib/armv6k/fpu\libm.a(lib_a-sf_cos.o)
 .text          0x0010ccbc        0x0 c:/devkitpro/devkitarm/bin/../lib/gcc/arm-none-eabi/4.9.2/../../../../arm-none-eabi/lib/armv6k/fpu\libm.a(lib_a-sf_sin.o)
 .text          0x0010ccbc        0x0 c:/devkitpro/devkitarm/bin/../lib/gcc/arm-none-eabi/4.9.2/../../../../arm-none-eabi/lib/armv6k/fpu\libm.a(lib_a-ef_rem_pio2.o)
 .text          0x0010ccbc        0x0 c:/devkitpro/devkitarm/bin/../lib/gcc/arm-none-eabi/4.9.2/../../../../arm-none-eabi/lib/armv6k/fpu\libm.a(lib_a-kf_cos.o)
 .text          0x0010ccbc        0x0 c:/devkitpro/devkitarm/bin/../lib/gcc/arm-none-eabi/4.9.2/../../../../arm-none-eabi/lib/armv6k/fpu\libm.a(lib_a-kf_rem_pio2.o)
 .text          0x0010ccbc        0x0 c:/devkitpro/devkitarm/bin/../lib/gcc/arm-none-eabi/4.9.2/../../../../arm-none-eabi/lib/armv6k/fpu\libm.a(lib_a-kf_sin.o)
 .text          0x0010ccbc        0x0 c:/devkitpro/devkitarm/bin/../lib/gcc/arm-none-eabi/4.9.2/../../../../arm-none-eabi/lib/armv6k/fpu\libm.a(lib_a-sf_fabs.o)
 .text          0x0010ccbc        0x0 c:/devkitpro/devkitarm/bin/../lib/gcc/arm-none-eabi/4.9.2/../../../../arm-none-eabi/lib/armv6k/fpu\libm.a(lib_a-sf_floor.o)
 .text          0x0010ccbc        0x0 c:/devkitpro/devkitarm/bin/../lib/gcc/arm-none-eabi/4.9.2/../../../../arm-none-eabi/lib/armv6k/fpu\libm.a(lib_a-sf_scalbn.o)
 .text          0x0010ccbc        0x0 c:/devkitpro/devkitarm/bin/../lib/gcc/arm-none-eabi/4.9.2/../../../../arm-none-eabi/lib/armv6k/fpu\libm.a(lib_a-sf_copysign.o)
 .text          0x0010ccbc      0x20c c:/devkitpro/devkitarm/bin/../lib/gcc/arm-none-eabi/4.9.2/armv6k/fpu\libgcc.a(_udivsi3.o)
                0x0010ccbc                __aeabi_uidiv
                0x0010ccbc                __udivsi3
                0x0010cea8                __aeabi_uidivmod
 .text          0x0010cec8        0x4 c:/devkitpro/devkitarm/bin/../lib/gcc/arm-none-eabi/4.9.2/armv6k/fpu\libgcc.a(_dvmd_tls.o)
                0x0010cec8                __aeabi_idiv0
                0x0010cec8                __aeabi_ldiv0
 .text          0x0010cecc      0x250 c:/devkitpro/devkitarm/bin/../lib/gcc/arm-none-eabi/4.9.2/armv6k/fpu\libgcc.a(_arm_addsubsf3.o)
                0x0010cecc                __aeabi_frsub
                0x0010ced4                __subsf3
                0x0010ced4                __aeabi_fsub
                0x0010ced8                __aeabi_fadd
                0x0010ced8                __addsf3
                0x0010d068                __aeabi_ui2f
                0x0010d068                __floatunsisf
                0x0010d070                __aeabi_i2f
                0x0010d070                __floatsisf
                0x0010d090                __aeabi_ul2f
                0x0010d090                __floatundisf
                0x0010d0a0                __aeabi_l2f
                0x0010d0a0                __floatdisf
 .text          0x0010d11c        0x0 c:/devkitpro/devkitarm/bin/../lib/gcc/arm-none-eabi/4.9.2/../../../../arm-none-eabi/lib/armv6k/fpu\libg.a(lib_a-bsearch.o)
 .text          0x0010d11c        0x0 c:/devkitpro/devkitarm/bin/../lib/gcc/arm-none-eabi/4.9.2/../../../../arm-none-eabi/lib/armv6k/fpu\libg.a(lib_a-errno.o)
 .text          0x0010d11c        0x0 c:/devkitpro/devkitarm/bin/../lib/gcc/arm-none-eabi/4.9.2/../../../../arm-none-eabi/lib/armv6k/fpu\libg.a(lib_a-fclose.o)
 .text          0x0010d11c        0x0 c:/devkitpro/devkitarm/bin/../lib/gcc/arm-none-eabi/4.9.2/../../../../arm-none-eabi/lib/armv6k/fpu\libg.a(lib_a-fflush.o)
 .text          0x0010d11c        0x0 c:/devkitpro/devkitarm/bin/../lib/gcc/arm-none-eabi/4.9.2/../../../../arm-none-eabi/lib/armv6k/fpu\libg.a(lib_a-findfp.o)
 .text          0x0010d11c        0x0 c:/devkitpro/devkitarm/bin/../lib/gcc/arm-none-eabi/4.9.2/../../../../arm-none-eabi/lib/armv6k/fpu\libg.a(lib_a-fini.o)
 .text          0x0010d11c        0x0 c:/devkitpro/devkitarm/bin/../lib/gcc/arm-none-eabi/4.9.2/../../../../arm-none-eabi/lib/armv6k/fpu\libg.a(lib_a-fopen.o)
 .text          0x0010d11c        0x0 c:/devkitpro/devkitarm/bin/../lib/gcc/arm-none-eabi/4.9.2/../../../../arm-none-eabi/lib/armv6k/fpu\libg.a(lib_a-fread.o)
 .text          0x0010d11c        0x0 c:/devkitpro/devkitarm/bin/../lib/gcc/arm-none-eabi/4.9.2/../../../../arm-none-eabi/lib/armv6k/fpu\libg.a(lib_a-freer.o)
 .text          0x0010d11c        0x0 c:/devkitpro/devkitarm/bin/../lib/gcc/arm-none-eabi/4.9.2/../../../../arm-none-eabi/lib/armv6k/fpu\libg.a(lib_a-fseek.o)
 .text          0x0010d11c        0x0 c:/devkitpro/devkitarm/bin/../lib/gcc/arm-none-eabi/4.9.2/../../../../arm-none-eabi/lib/armv6k/fpu\libg.a(lib_a-fseeko.o)
 .text          0x0010d11c        0x0 c:/devkitpro/devkitarm/bin/../lib/gcc/arm-none-eabi/4.9.2/../../../../arm-none-eabi/lib/armv6k/fpu\libg.a(lib_a-fwalk.o)
 .text          0x0010d11c        0x0 c:/devkitpro/devkitarm/bin/../lib/gcc/arm-none-eabi/4.9.2/../../../../arm-none-eabi/lib/armv6k/fpu\libg.a(lib_a-impure.o)
 .text          0x0010d11c        0x0 c:/devkitpro/devkitarm/bin/../lib/gcc/arm-none-eabi/4.9.2/../../../../arm-none-eabi/lib/armv6k/fpu\libg.a(lib_a-init.o)
 .text          0x0010d11c        0x0 c:/devkitpro/devkitarm/bin/../lib/gcc/arm-none-eabi/4.9.2/../../../../arm-none-eabi/lib/armv6k/fpu\libg.a(lib_a-makebuf.o)
 .text          0x0010d11c        0x0 c:/devkitpro/devkitarm/bin/../lib/gcc/arm-none-eabi/4.9.2/../../../../arm-none-eabi/lib/armv6k/fpu\libg.a(lib_a-malloc.o)
 .text          0x0010d11c        0x0 c:/devkitpro/devkitarm/bin/../lib/gcc/arm-none-eabi/4.9.2/../../../../arm-none-eabi/lib/armv6k/fpu\libg.a(lib_a-mallocr.o)
 .text          0x0010d11c        0x0 c:/devkitpro/devkitarm/bin/../lib/gcc/arm-none-eabi/4.9.2/../../../../arm-none-eabi/lib/armv6k/fpu\libg.a(lib_a-memcmp.o)
 .text          0x0010d11c        0x0 c:/devkitpro/devkitarm/bin/../lib/gcc/arm-none-eabi/4.9.2/../../../../arm-none-eabi/lib/armv6k/fpu\libg.a(lib_a-memcpy.o)
 .text          0x0010d11c        0x0 c:/devkitpro/devkitarm/bin/../lib/gcc/arm-none-eabi/4.9.2/../../../../arm-none-eabi/lib/armv6k/fpu\libg.a(lib_a-memset.o)
 .text          0x0010d11c        0x0 c:/devkitpro/devkitarm/bin/../lib/gcc/arm-none-eabi/4.9.2/../../../../arm-none-eabi/lib/armv6k/fpu\libg.a(lib_a-mlock.o)
 .text          0x0010d11c        0x0 c:/devkitpro/devkitarm/bin/../lib/gcc/arm-none-eabi/4.9.2/../../../../arm-none-eabi/lib/armv6k/fpu\libg.a(lib_a-rand.o)
 .text          0x0010d11c        0x0 c:/devkitpro/devkitarm/bin/../lib/gcc/arm-none-eabi/4.9.2/../../../../arm-none-eabi/lib/armv6k/fpu\libg.a(lib_a-refill.o)
 .text          0x0010d11c        0x0 c:/devkitpro/devkitarm/bin/../lib/gcc/arm-none-eabi/4.9.2/../../../../arm-none-eabi/lib/armv6k/fpu\libg.a(lib_a-snprintf.o)
 .text          0x0010d11c        0x0 c:/devkitpro/devkitarm/bin/../lib/gcc/arm-none-eabi/4.9.2/../../../../arm-none-eabi/lib/armv6k/fpu\libg.a(lib_a-stdio.o)
 .text          0x0010d11c        0x0 c:/devkitpro/devkitarm/bin/../lib/gcc/arm-none-eabi/4.9.2/../../../../arm-none-eabi/lib/armv6k/fpu\libg.a(lib_a-strchr.o)
 *fill*         0x0010d11c        0x4 
 .text          0x0010d120      0x3a0 c:/devkitpro/devkitarm/bin/../lib/gcc/arm-none-eabi/4.9.2/../../../../arm-none-eabi/lib/armv6k/fpu\libg.a(lib_a-strcmp.o)
                0x0010d128                strcmp
 .text          0x0010d4c0        0x0 c:/devkitpro/devkitarm/bin/../lib/gcc/arm-none-eabi/4.9.2/../../../../arm-none-eabi/lib/armv6k/fpu\libg.a(lib_a-strcpy.o)
 .text          0x0010d4c0        0x0 c:/devkitpro/devkitarm/bin/../lib/gcc/arm-none-eabi/4.9.2/../../../../arm-none-eabi/lib/armv6k/fpu\libg.a(lib_a-strlen.o)
 .text          0x0010d4c0        0x0 c:/devkitpro/devkitarm/bin/../lib/gcc/arm-none-eabi/4.9.2/../../../../arm-none-eabi/lib/armv6k/fpu\libg.a(lib_a-strncat.o)
 .text          0x0010d4c0        0x0 c:/devkitpro/devkitarm/bin/../lib/gcc/arm-none-eabi/4.9.2/../../../../arm-none-eabi/lib/armv6k/fpu\libg.a(lib_a-strncmp.o)
 .text          0x0010d4c0        0x0 c:/devkitpro/devkitarm/bin/../lib/gcc/arm-none-eabi/4.9.2/../../../../arm-none-eabi/lib/armv6k/fpu\libg.a(lib_a-strncpy.o)
 .text          0x0010d4c0        0x0 c:/devkitpro/devkitarm/bin/../lib/gcc/arm-none-eabi/4.9.2/../../../../arm-none-eabi/lib/armv6k/fpu\libg.a(lib_a-svfprintf.o)
 .text          0x0010d4c0        0x0 c:/devkitpro/devkitarm/bin/../lib/gcc/arm-none-eabi/4.9.2/../../../../arm-none-eabi/lib/armv6k/fpu\libg.a(lib_a-wcrtomb.o)
 .text          0x0010d4c0        0x0 c:/devkitpro/devkitarm/bin/../lib/gcc/arm-none-eabi/4.9.2/../../../../arm-none-eabi/lib/armv6k/fpu\libg.a(lib_a-wcsrtombs.o)
 .text          0x0010d4c0        0x0 c:/devkitpro/devkitarm/bin/../lib/gcc/arm-none-eabi/4.9.2/../../../../arm-none-eabi/lib/armv6k/fpu\libg.a(lib_a-wctomb_r.o)
 .text          0x0010d4c0        0x0 c:/devkitpro/devkitarm/bin/../lib/gcc/arm-none-eabi/4.9.2/../../../../arm-none-eabi/lib/armv6k/fpu\libg.a(lib_a-dtoa.o)
 .text          0x0010d4c0        0x0 c:/devkitpro/devkitarm/bin/../lib/gcc/arm-none-eabi/4.9.2/../../../../arm-none-eabi/lib/armv6k/fpu\libg.a(lib_a-flags.o)
 .text          0x0010d4c0        0x0 c:/devkitpro/devkitarm/bin/../lib/gcc/arm-none-eabi/4.9.2/../../../../arm-none-eabi/lib/armv6k/fpu\libg.a(lib_a-locale.o)
 .text          0x0010d4c0        0x0 c:/devkitpro/devkitarm/bin/../lib/gcc/arm-none-eabi/4.9.2/../../../../arm-none-eabi/lib/armv6k/fpu\libg.a(lib_a-mbtowc_r.o)
 .text          0x0010d4c0        0x0 c:/devkitpro/devkitarm/bin/../lib/gcc/arm-none-eabi/4.9.2/../../../../arm-none-eabi/lib/armv6k/fpu\libg.a(lib_a-memchr.o)
 .text          0x0010d4c0        0x0 c:/devkitpro/devkitarm/bin/../lib/gcc/arm-none-eabi/4.9.2/../../../../arm-none-eabi/lib/armv6k/fpu\libg.a(lib_a-mprec.o)
 .text          0x0010d4c0        0x0 c:/devkitpro/devkitarm/bin/../lib/gcc/arm-none-eabi/4.9.2/../../../../arm-none-eabi/lib/armv6k/fpu\libg.a(lib_a-s_fpclassify.o)
 .text          0x0010d4c0        0x0 c:/devkitpro/devkitarm/bin/../lib/gcc/arm-none-eabi/4.9.2/../../../../arm-none-eabi/lib/armv6k/fpu\libg.a(lib_a-s_frexp.o)
 .text          0x0010d4c0        0x0 c:/devkitpro/devkitarm/bin/../lib/gcc/arm-none-eabi/4.9.2/../../../../arm-none-eabi/lib/armv6k/fpu\libg.a(lib_a-strcasecmp.o)
 .text          0x0010d4c0        0x0 c:/devkitpro/devkitarm/bin/../lib/gcc/arm-none-eabi/4.9.2/../../../../arm-none-eabi/lib/armv6k/fpu\libg.a(lib_a-strcat.o)
 .text          0x0010d4c0        0x0 c:/devkitpro/devkitarm/bin/../lib/gcc/arm-none-eabi/4.9.2/../../../../arm-none-eabi/lib/armv6k/fpu\libg.a(lib_a-strlcpy.o)
 .text          0x0010d4c0        0x0 c:/devkitpro/devkitarm/bin/../lib/gcc/arm-none-eabi/4.9.2/../../../../arm-none-eabi/lib/armv6k/fpu\libg.a(lib_a-strncasecmp.o)
 .text          0x0010d4c0        0x0 c:/devkitpro/devkitarm/bin/../lib/gcc/arm-none-eabi/4.9.2/../../../../arm-none-eabi/lib/armv6k/fpu\libg.a(lib_a-strtol.o)
 .text          0x0010d4c0        0x0 c:/devkitpro/devkitarm/bin/../lib/gcc/arm-none-eabi/4.9.2/../../../../arm-none-eabi/lib/armv6k/fpu\libg.a(lib_a-svfiprintf.o)
 .text          0x0010d4c0        0x0 c:/devkitpro/devkitarm/bin/../lib/gcc/arm-none-eabi/4.9.2/../../../../arm-none-eabi/lib/armv6k/fpu\libg.a(lib_a-wcsnrtombs.o)
 .text          0x0010d4c0        0x0 c:/devkitpro/devkitarm/bin/../lib/gcc/arm-none-eabi/4.9.2/../../../../arm-none-eabi/lib/armv6k/fpu\libg.a(lib_a-callocr.o)
 .text          0x0010d4c0        0x0 c:/devkitpro/devkitarm/bin/../lib/gcc/arm-none-eabi/4.9.2/../../../../arm-none-eabi/lib/armv6k/fpu\libg.a(lib_a-ctype_.o)
 .text          0x0010d4c0        0x0 c:/devkitpro/devkitarm/bin/../lib/gcc/arm-none-eabi/4.9.2/../../../../arm-none-eabi/lib/armv6k/fpu\libg.a(lib_a-getenv_r.o)
 .text          0x0010d4c0        0x0 c:/devkitpro/devkitarm/bin/../lib/gcc/arm-none-eabi/4.9.2/../../../../arm-none-eabi/lib/armv6k/fpu\libg.a(lib_a-memmove.o)
 .text          0x0010d4c0        0x0 c:/devkitpro/devkitarm/bin/../lib/gcc/arm-none-eabi/4.9.2/../../../../arm-none-eabi/lib/armv6k/fpu\libg.a(lib_a-reallocr.o)
 .text          0x0010d4c0        0x0 c:/devkitpro/devkitarm/bin/../lib/gcc/arm-none-eabi/4.9.2/../../../../arm-none-eabi/lib/armv6k/fpu\libg.a(lib_a-environ.o)
 .text          0x0010d4c0        0x0 c:/devkitpro/devkitarm/bin/../lib/gcc/arm-none-eabi/4.9.2/../../../../arm-none-eabi/lib/armv6k/fpu\libg.a(lib_a-envlock.o)
 .text          0x0010d4c0      0x1a8 c:/devkitpro/devkitarm/bin/../lib/gcc/arm-none-eabi/4.9.2/../../../../arm-none-eabi/lib/armv6k/fpu\libsysbase.a(iosupport.o)
                0x0010d4c0                setDefaultDevice
                0x0010d4d8                FindDevice
                0x0010d584                RemoveDevice
                0x0010d5b0                AddDevice
                0x0010d644                GetDeviceOpTab
 .text          0x0010d668       0x7c c:/devkitpro/devkitarm/bin/../lib/gcc/arm-none-eabi/4.9.2/../../../../arm-none-eabi/lib/armv6k/fpu\libsysbase.a(close.o)
                0x0010d668                _close_r
 .text          0x0010d6e4       0x6c c:/devkitpro/devkitarm/bin/../lib/gcc/arm-none-eabi/4.9.2/../../../../arm-none-eabi/lib/armv6k/fpu\libsysbase.a(fstat.o)
                0x0010d6e4                _fstat_r
 .text          0x0010d750        0x8 c:/devkitpro/devkitarm/bin/../lib/gcc/arm-none-eabi/4.9.2/../../../../arm-none-eabi/lib/armv6k/fpu\libsysbase.a(isatty.o)
                0x0010d750                _isatty_r
 .text          0x0010d758       0x74 c:/devkitpro/devkitarm/bin/../lib/gcc/arm-none-eabi/4.9.2/../../../../arm-none-eabi/lib/armv6k/fpu\libsysbase.a(lseek.o)
                0x0010d758                _lseek_r
 .text          0x0010d7cc       0xc8 c:/devkitpro/devkitarm/bin/../lib/gcc/arm-none-eabi/4.9.2/../../../../arm-none-eabi/lib/armv6k/fpu\libsysbase.a(open.o)
                0x0010d7cc                _open_r
 .text          0x0010d894       0x74 c:/devkitpro/devkitarm/bin/../lib/gcc/arm-none-eabi/4.9.2/../../../../arm-none-eabi/lib/armv6k/fpu\libsysbase.a(read.o)
                0x0010d894                _read_r
 .text          0x0010d908       0x70 c:/devkitpro/devkitarm/bin/../lib/gcc/arm-none-eabi/4.9.2/../../../../arm-none-eabi/lib/armv6k/fpu\libsysbase.a(sbrk.o)
                0x0010d908                _sbrk_r
 .text          0x0010d978       0x74 c:/devkitpro/devkitarm/bin/../lib/gcc/arm-none-eabi/4.9.2/../../../../arm-none-eabi/lib/armv6k/fpu\libsysbase.a(write.o)
                0x0010d978                _write_r
 .text          0x0010d9ec        0x0 c:/devkitpro/devkitarm/bin/../lib/gcc/arm-none-eabi/4.9.2/../../../../arm-none-eabi/lib/armv6k/fpu\libsysbase.a(malloc_vars.o)
 .text          0x0010d9ec      0x3a4 c:/devkitpro/devkitarm/bin/../lib/gcc/arm-none-eabi/4.9.2/../../../../arm-none-eabi/lib/armv6k/fpu\libsysbase.a(chdir.o)
                0x0010d9ec                _concatenate_path
                0x0010dba8                chdir
                0x0010dcf0                getcwd
 .text          0x0010dd90        0x8 c:/devkitpro/devkitarm/bin/../lib/gcc/arm-none-eabi/4.9.2/../../../../arm-none-eabi/lib/armv6k/fpu\libsysbase.a(flock.o)
                0x0010dd90                __flockfile
                0x0010dd94                __funlockfile
 .text          0x0010dd98      0x108 c:/devkitpro/devkitarm/bin/../lib/gcc/arm-none-eabi/4.9.2/../../../../arm-none-eabi/lib/armv6k/fpu\libsysbase.a(syscall_support.o)
                0x0010dd98                __libc_lock_init
                0x0010ddb0                __libc_lock_acquire
                0x0010ddc8                __libc_lock_try_acquire
                0x0010ddec                __libc_lock_release
                0x0010de04                __libc_lock_close
                0x0010de1c                __libc_lock_init_recursive
                0x0010de34                __libc_lock_acquire_recursive
                0x0010de4c                __libc_lock_try_acquire_recursive
                0x0010de70                __libc_lock_release_recursive
                0x0010de88                __libc_lock_close_recursive
 .text          0x0010dea0      0x254 c:/devkitpro/devkitarm/bin/../lib/gcc/arm-none-eabi/4.9.2/../../../../arm-none-eabi/lib/armv6k/fpu\libsysbase.a(handle_manager.o)
                0x0010dea0                __free_handle
                0x0010dee4                __release_handle
                0x0010df10                __alloc_handle
                0x0010df78                __get_handle
                0x0010df94                dup
                0x0010e020                dup2
 .text          0x0010e0f4       0x28 c:/devkitpro/devkitarm/bin/../lib/gcc/arm-none-eabi/4.9.2/../../../../arm-none-eabi/lib/armv6k/fpu\libsysbase.a(getreent.o)
                0x0010e0f4                __getreent
 .text          0x0010e11c       0x3c c:/devkitpro/devkitarm/bin/../lib/gcc/arm-none-eabi/4.9.2/armv6k/fpu\libgcc.a(_aeabi_uldivmod.o)
                0x0010e11c                __aeabi_uldivmod
 .text          0x0010e158       0x78 c:/devkitpro/devkitarm/bin/../lib/gcc/arm-none-eabi/4.9.2/armv6k/fpu\libgcc.a(bpabi.o)
                0x0010e158                __gnu_ldivmod_helper
                0x0010e194                __gnu_uldivmod_helper
 .text          0x0010e1d0      0x180 c:/devkitpro/devkitarm/bin/../lib/gcc/arm-none-eabi/4.9.2/armv6k/fpu\libgcc.a(_divdi3.o)
                0x0010e1d0                __divdi3
 .text          0x0010e350      0x124 c:/devkitpro/devkitarm/bin/../lib/gcc/arm-none-eabi/4.9.2/armv6k/fpu\libgcc.a(_udivdi3.o)
                0x0010e350                __udivdi3
 .text          0x0010e474        0x0 c:/devkitpro/devkitarm/bin/../lib/gcc/arm-none-eabi/4.9.2/../../../../arm-none-eabi/lib/armv6k/fpu\libg.a(lib_a-strnlen.o)
 .text          0x0010e474        0x0 c:/devkitpro/devkitarm/bin/../lib/gcc/arm-none-eabi/4.9.2/../../../../arm-none-eabi/lib/armv6k/fpu\libg.a(lib_a-strrchr.o)
 .text          0x0010e474        0x0 c:/devkitpro/devkitarm/bin/../lib/gcc/arm-none-eabi/4.9.2/armv6k/fpu/crtend.o
 .text          0x0010e474        0x0 c:/devkitpro/devkitarm/bin/../lib/gcc/arm-none-eabi/4.9.2/armv6k/fpu/crtn.o
 *(.text.*)
 .text.startup  0x0010e474       0x40 main.o
                0x0010e474                main
 .text.cosf     0x0010e4b4       0xa8 c:/devkitpro/devkitarm/bin/../lib/gcc/arm-none-eabi/4.9.2/../../../../arm-none-eabi/lib/armv6k/fpu\libm.a(lib_a-sf_cos.o)
                0x0010e4b4                cosf
 .text.sinf     0x0010e55c       0xb0 c:/devkitpro/devkitarm/bin/../lib/gcc/arm-none-eabi/4.9.2/../../../../arm-none-eabi/lib/armv6k/fpu\libm.a(lib_a-sf_sin.o)
                0x0010e55c                sinf
 .text.__ieee754_rem_pio2f
                0x0010e60c      0x2e0 c:/devkitpro/devkitarm/bin/../lib/gcc/arm-none-eabi/4.9.2/../../../../arm-none-eabi/lib/armv6k/fpu\libm.a(lib_a-ef_rem_pio2.o)
                0x0010e60c                __ieee754_rem_pio2f
 .text.__kernel_cosf
                0x0010e8ec      0x124 c:/devkitpro/devkitarm/bin/../lib/gcc/arm-none-eabi/4.9.2/../../../../arm-none-eabi/lib/armv6k/fpu\libm.a(lib_a-kf_cos.o)
                0x0010e8ec                __kernel_cosf
 .text.__kernel_rem_pio2f
                0x0010ea10      0x838 c:/devkitpro/devkitarm/bin/../lib/gcc/arm-none-eabi/4.9.2/../../../../arm-none-eabi/lib/armv6k/fpu\libm.a(lib_a-kf_rem_pio2.o)
                0x0010ea10                __kernel_rem_pio2f
 .text.__kernel_sinf
                0x0010f248       0xa0 c:/devkitpro/devkitarm/bin/../lib/gcc/arm-none-eabi/4.9.2/../../../../arm-none-eabi/lib/armv6k/fpu\libm.a(lib_a-kf_sin.o)
                0x0010f248                __kernel_sinf
 .text.fabsf    0x0010f2e8       0x10 c:/devkitpro/devkitarm/bin/../lib/gcc/arm-none-eabi/4.9.2/../../../../arm-none-eabi/lib/armv6k/fpu\libm.a(lib_a-sf_fabs.o)
                0x0010f2e8                fabsf
 .text.floorf   0x0010f2f8       0xb8 c:/devkitpro/devkitarm/bin/../lib/gcc/arm-none-eabi/4.9.2/../../../../arm-none-eabi/lib/armv6k/fpu\libm.a(lib_a-sf_floor.o)
                0x0010f2f8                floorf
 .text.scalbnf  0x0010f3b0      0x118 c:/devkitpro/devkitarm/bin/../lib/gcc/arm-none-eabi/4.9.2/../../../../arm-none-eabi/lib/armv6k/fpu\libm.a(lib_a-sf_scalbn.o)
                0x0010f3b0                scalbnf
 .text.copysignf
                0x0010f4c8       0x1c c:/devkitpro/devkitarm/bin/../lib/gcc/arm-none-eabi/4.9.2/../../../../arm-none-eabi/lib/armv6k/fpu\libm.a(lib_a-sf_copysign.o)
                0x0010f4c8                copysignf
 .text.bsearch  0x0010f4e4       0x78 c:/devkitpro/devkitarm/bin/../lib/gcc/arm-none-eabi/4.9.2/../../../../arm-none-eabi/lib/armv6k/fpu\libg.a(lib_a-bsearch.o)
                0x0010f4e4                bsearch
 .text.__errno  0x0010f55c        0xc c:/devkitpro/devkitarm/bin/../lib/gcc/arm-none-eabi/4.9.2/../../../../arm-none-eabi/lib/armv6k/fpu\libg.a(lib_a-errno.o)
                0x0010f55c                __errno
 .text._fclose_r
                0x0010f568      0x118 c:/devkitpro/devkitarm/bin/../lib/gcc/arm-none-eabi/4.9.2/../../../../arm-none-eabi/lib/armv6k/fpu\libg.a(lib_a-fclose.o)
                0x0010f568                _fclose_r
 .text.fclose   0x0010f680       0x18 c:/devkitpro/devkitarm/bin/../lib/gcc/arm-none-eabi/4.9.2/../../../../arm-none-eabi/lib/armv6k/fpu\libg.a(lib_a-fclose.o)
                0x0010f680                fclose
 .text.__sflush_r
                0x0010f698      0x238 c:/devkitpro/devkitarm/bin/../lib/gcc/arm-none-eabi/4.9.2/../../../../arm-none-eabi/lib/armv6k/fpu\libg.a(lib_a-fflush.o)
                0x0010f698                __sflush_r
 .text._fflush_r
                0x0010f8d0       0x98 c:/devkitpro/devkitarm/bin/../lib/gcc/arm-none-eabi/4.9.2/../../../../arm-none-eabi/lib/armv6k/fpu\libg.a(lib_a-fflush.o)
                0x0010f8d0                _fflush_r
 .text.fflush   0x0010f968       0x38 c:/devkitpro/devkitarm/bin/../lib/gcc/arm-none-eabi/4.9.2/../../../../arm-none-eabi/lib/armv6k/fpu\libg.a(lib_a-fflush.o)
                0x0010f968                fflush
 .text._cleanup_r
                0x0010f9a0        0xc c:/devkitpro/devkitarm/bin/../lib/gcc/arm-none-eabi/4.9.2/../../../../arm-none-eabi/lib/armv6k/fpu\libg.a(lib_a-findfp.o)
                0x0010f9a0                _cleanup_r
 .text.__fp_lock
                0x0010f9ac       0x1c c:/devkitpro/devkitarm/bin/../lib/gcc/arm-none-eabi/4.9.2/../../../../arm-none-eabi/lib/armv6k/fpu\libg.a(lib_a-findfp.o)
 .text.__fp_unlock
                0x0010f9c8       0x1c c:/devkitpro/devkitarm/bin/../lib/gcc/arm-none-eabi/4.9.2/../../../../arm-none-eabi/lib/armv6k/fpu\libg.a(lib_a-findfp.o)
 .text.__sinit.part.1
                0x0010f9e4      0x15c c:/devkitpro/devkitarm/bin/../lib/gcc/arm-none-eabi/4.9.2/../../../../arm-none-eabi/lib/armv6k/fpu\libg.a(lib_a-findfp.o)
 .text.__sfmoreglue
                0x0010fb40       0x48 c:/devkitpro/devkitarm/bin/../lib/gcc/arm-none-eabi/4.9.2/../../../../arm-none-eabi/lib/armv6k/fpu\libg.a(lib_a-findfp.o)
                0x0010fb40                __sfmoreglue
 .text.__sfp    0x0010fb88       0xe8 c:/devkitpro/devkitarm/bin/../lib/gcc/arm-none-eabi/4.9.2/../../../../arm-none-eabi/lib/armv6k/fpu\libg.a(lib_a-findfp.o)
                0x0010fb88                __sfp
 .text._cleanup
                0x0010fc70       0x18 c:/devkitpro/devkitarm/bin/../lib/gcc/arm-none-eabi/4.9.2/../../../../arm-none-eabi/lib/armv6k/fpu\libg.a(lib_a-findfp.o)
                0x0010fc70                _cleanup
 .text.__sinit  0x0010fc88       0x10 c:/devkitpro/devkitarm/bin/../lib/gcc/arm-none-eabi/4.9.2/../../../../arm-none-eabi/lib/armv6k/fpu\libg.a(lib_a-findfp.o)
                0x0010fc88                __sinit
 .text.__sfp_lock_acquire
                0x0010fc98        0x4 c:/devkitpro/devkitarm/bin/../lib/gcc/arm-none-eabi/4.9.2/../../../../arm-none-eabi/lib/armv6k/fpu\libg.a(lib_a-findfp.o)
                0x0010fc98                __sfp_lock_acquire
 .text.__sfp_lock_release
                0x0010fc9c        0x4 c:/devkitpro/devkitarm/bin/../lib/gcc/arm-none-eabi/4.9.2/../../../../arm-none-eabi/lib/armv6k/fpu\libg.a(lib_a-findfp.o)
                0x0010fc9c                __sfp_lock_release
 .text.__sinit_lock_acquire
                0x0010fca0        0x4 c:/devkitpro/devkitarm/bin/../lib/gcc/arm-none-eabi/4.9.2/../../../../arm-none-eabi/lib/armv6k/fpu\libg.a(lib_a-findfp.o)
                0x0010fca0                __sinit_lock_acquire
 .text.__sinit_lock_release
                0x0010fca4        0x4 c:/devkitpro/devkitarm/bin/../lib/gcc/arm-none-eabi/4.9.2/../../../../arm-none-eabi/lib/armv6k/fpu\libg.a(lib_a-findfp.o)
                0x0010fca4                __sinit_lock_release
 .text.__fp_lock_all
                0x0010fca8       0x18 c:/devkitpro/devkitarm/bin/../lib/gcc/arm-none-eabi/4.9.2/../../../../arm-none-eabi/lib/armv6k/fpu\libg.a(lib_a-findfp.o)
                0x0010fca8                __fp_lock_all
 .text.__fp_unlock_all
                0x0010fcc0       0x18 c:/devkitpro/devkitarm/bin/../lib/gcc/arm-none-eabi/4.9.2/../../../../arm-none-eabi/lib/armv6k/fpu\libg.a(lib_a-findfp.o)
                0x0010fcc0                __fp_unlock_all
 .text.__libc_fini_array
                0x0010fcd8       0x40 c:/devkitpro/devkitarm/bin/../lib/gcc/arm-none-eabi/4.9.2/../../../../arm-none-eabi/lib/armv6k/fpu\libg.a(lib_a-fini.o)
                0x0010fcd8                __libc_fini_array
 .text._fopen_r
                0x0010fd18      0x130 c:/devkitpro/devkitarm/bin/../lib/gcc/arm-none-eabi/4.9.2/../../../../arm-none-eabi/lib/armv6k/fpu\libg.a(lib_a-fopen.o)
                0x0010fd18                _fopen_r
 .text.fopen    0x0010fe48       0x20 c:/devkitpro/devkitarm/bin/../lib/gcc/arm-none-eabi/4.9.2/../../../../arm-none-eabi/lib/armv6k/fpu\libg.a(lib_a-fopen.o)
                0x0010fe48                fopen
 .text._fread_r
                0x0010fe68      0x2f0 c:/devkitpro/devkitarm/bin/../lib/gcc/arm-none-eabi/4.9.2/../../../../arm-none-eabi/lib/armv6k/fpu\libg.a(lib_a-fread.o)
                0x0010fe68                _fread_r
 .text.fread    0x00110158       0x38 c:/devkitpro/devkitarm/bin/../lib/gcc/arm-none-eabi/4.9.2/../../../../arm-none-eabi/lib/armv6k/fpu\libg.a(lib_a-fread.o)
                0x00110158                fread
 .text._malloc_trim_r
                0x00110190       0xf8 c:/devkitpro/devkitarm/bin/../lib/gcc/arm-none-eabi/4.9.2/../../../../arm-none-eabi/lib/armv6k/fpu\libg.a(lib_a-freer.o)
                0x00110190                _malloc_trim_r
 .text._free_r  0x00110288      0x2b4 c:/devkitpro/devkitarm/bin/../lib/gcc/arm-none-eabi/4.9.2/../../../../arm-none-eabi/lib/armv6k/fpu\libg.a(lib_a-freer.o)
                0x00110288                _free_r
 .text._fseek_r
                0x0011053c        0x4 c:/devkitpro/devkitarm/bin/../lib/gcc/arm-none-eabi/4.9.2/../../../../arm-none-eabi/lib/armv6k/fpu\libg.a(lib_a-fseek.o)
                0x0011053c                _fseek_r
 .text.fseek    0x00110540       0x28 c:/devkitpro/devkitarm/bin/../lib/gcc/arm-none-eabi/4.9.2/../../../../arm-none-eabi/lib/armv6k/fpu\libg.a(lib_a-fseek.o)
                0x00110540                fseek
 .text._fseeko_r
                0x00110568      0x4f8 c:/devkitpro/devkitarm/bin/../lib/gcc/arm-none-eabi/4.9.2/../../../../arm-none-eabi/lib/armv6k/fpu\libg.a(lib_a-fseeko.o)
                0x00110568                _fseeko_r
 .text.fseeko   0x00110a60       0x28 c:/devkitpro/devkitarm/bin/../lib/gcc/arm-none-eabi/4.9.2/../../../../arm-none-eabi/lib/armv6k/fpu\libg.a(lib_a-fseeko.o)
                0x00110a60                fseeko
 .text._fwalk   0x00110a88       0x78 c:/devkitpro/devkitarm/bin/../lib/gcc/arm-none-eabi/4.9.2/../../../../arm-none-eabi/lib/armv6k/fpu\libg.a(lib_a-fwalk.o)
                0x00110a88                _fwalk
 .text._fwalk_reent
                0x00110b00       0x80 c:/devkitpro/devkitarm/bin/../lib/gcc/arm-none-eabi/4.9.2/../../../../arm-none-eabi/lib/armv6k/fpu\libg.a(lib_a-fwalk.o)
                0x00110b00                _fwalk_reent
 .text.__libc_init_array
                0x00110b80       0x78 c:/devkitpro/devkitarm/bin/../lib/gcc/arm-none-eabi/4.9.2/../../../../arm-none-eabi/lib/armv6k/fpu\libg.a(lib_a-init.o)
                0x00110b80                __libc_init_array
 .text.__smakebuf_r
                0x00110bf8      0x160 c:/devkitpro/devkitarm/bin/../lib/gcc/arm-none-eabi/4.9.2/../../../../arm-none-eabi/lib/armv6k/fpu\libg.a(lib_a-makebuf.o)
                0x00110bf8                __smakebuf_r
 .text.malloc   0x00110d58       0x18 c:/devkitpro/devkitarm/bin/../lib/gcc/arm-none-eabi/4.9.2/../../../../arm-none-eabi/lib/armv6k/fpu\libg.a(lib_a-malloc.o)
                0x00110d58                malloc
 .text.free     0x00110d70       0x18 c:/devkitpro/devkitarm/bin/../lib/gcc/arm-none-eabi/4.9.2/../../../../arm-none-eabi/lib/armv6k/fpu\libg.a(lib_a-malloc.o)
                0x00110d70                free
 .text._malloc_r
                0x00110d88      0x740 c:/devkitpro/devkitarm/bin/../lib/gcc/arm-none-eabi/4.9.2/../../../../arm-none-eabi/lib/armv6k/fpu\libg.a(lib_a-mallocr.o)
                0x00110d88                _malloc_r
 .text.memcmp   0x001114c8       0xa8 c:/devkitpro/devkitarm/bin/../lib/gcc/arm-none-eabi/4.9.2/../../../../arm-none-eabi/lib/armv6k/fpu\libg.a(lib_a-memcmp.o)
                0x001114c8                memcmp
 .text.memcpy   0x00111570       0xf4 c:/devkitpro/devkitarm/bin/../lib/gcc/arm-none-eabi/4.9.2/../../../../arm-none-eabi/lib/armv6k/fpu\libg.a(lib_a-memcpy.o)
                0x00111570                memcpy
 .text.memset   0x00111664       0xf0 c:/devkitpro/devkitarm/bin/../lib/gcc/arm-none-eabi/4.9.2/../../../../arm-none-eabi/lib/armv6k/fpu\libg.a(lib_a-memset.o)
                0x00111664                memset
 .text.__malloc_lock
                0x00111754        0x4 c:/devkitpro/devkitarm/bin/../lib/gcc/arm-none-eabi/4.9.2/../../../../arm-none-eabi/lib/armv6k/fpu\libg.a(lib_a-mlock.o)
                0x00111754                __malloc_lock
 .text.__malloc_unlock
                0x00111758        0x4 c:/devkitpro/devkitarm/bin/../lib/gcc/arm-none-eabi/4.9.2/../../../../arm-none-eabi/lib/armv6k/fpu\libg.a(lib_a-mlock.o)
                0x00111758                __malloc_unlock
 .text.srand    0x0011175c       0x1c c:/devkitpro/devkitarm/bin/../lib/gcc/arm-none-eabi/4.9.2/../../../../arm-none-eabi/lib/armv6k/fpu\libg.a(lib_a-rand.o)
                0x0011175c                srand
 .text.rand     0x00111778       0x44 c:/devkitpro/devkitarm/bin/../lib/gcc/arm-none-eabi/4.9.2/../../../../arm-none-eabi/lib/armv6k/fpu\libg.a(lib_a-rand.o)
                0x00111778                rand
 .text.lflush   0x001117bc       0x1c c:/devkitpro/devkitarm/bin/../lib/gcc/arm-none-eabi/4.9.2/../../../../arm-none-eabi/lib/armv6k/fpu\libg.a(lib_a-refill.o)
 .text.__srefill_r
                0x001117d8      0x1d8 c:/devkitpro/devkitarm/bin/../lib/gcc/arm-none-eabi/4.9.2/../../../../arm-none-eabi/lib/armv6k/fpu\libg.a(lib_a-refill.o)
                0x001117d8                __srefill_r
 .text._snprintf_r
                0x001119b0       0xd8 c:/devkitpro/devkitarm/bin/../lib/gcc/arm-none-eabi/4.9.2/../../../../arm-none-eabi/lib/armv6k/fpu\libg.a(lib_a-snprintf.o)
                0x001119b0                _snprintf_r
 .text.snprintf
                0x00111a88       0xe0 c:/devkitpro/devkitarm/bin/../lib/gcc/arm-none-eabi/4.9.2/../../../../arm-none-eabi/lib/armv6k/fpu\libg.a(lib_a-snprintf.o)
                0x00111a88                snprintf
 .text.__sread  0x00111b68       0x30 c:/devkitpro/devkitarm/bin/../lib/gcc/arm-none-eabi/4.9.2/../../../../arm-none-eabi/lib/armv6k/fpu\libg.a(lib_a-stdio.o)
                0x00111b68                __sread
 .text.__seofread
                0x00111b98        0x8 c:/devkitpro/devkitarm/bin/../lib/gcc/arm-none-eabi/4.9.2/../../../../arm-none-eabi/lib/armv6k/fpu\libg.a(lib_a-stdio.o)
                0x00111b98                __seofread
 .text.__swrite
                0x00111ba0       0x54 c:/devkitpro/devkitarm/bin/../lib/gcc/arm-none-eabi/4.9.2/../../../../arm-none-eabi/lib/armv6k/fpu\libg.a(lib_a-stdio.o)
                0x00111ba0                __swrite
 .text.__sseek  0x00111bf4       0x2c c:/devkitpro/devkitarm/bin/../lib/gcc/arm-none-eabi/4.9.2/../../../../arm-none-eabi/lib/armv6k/fpu\libg.a(lib_a-stdio.o)
                0x00111bf4                __sseek
 .text.__sclose
                0x00111c20        0x8 c:/devkitpro/devkitarm/bin/../lib/gcc/arm-none-eabi/4.9.2/../../../../arm-none-eabi/lib/armv6k/fpu\libg.a(lib_a-stdio.o)
                0x00111c20                __sclose
 .text.strchr   0x00111c28      0x16c c:/devkitpro/devkitarm/bin/../lib/gcc/arm-none-eabi/4.9.2/../../../../arm-none-eabi/lib/armv6k/fpu\libg.a(lib_a-strchr.o)
                0x00111c28                strchr
 .text.strcpy   0x00111d94       0xf0 c:/devkitpro/devkitarm/bin/../lib/gcc/arm-none-eabi/4.9.2/../../../../arm-none-eabi/lib/armv6k/fpu\libg.a(lib_a-strcpy.o)
                0x00111d94                strcpy
 .text.strlen   0x00111e84       0x5c c:/devkitpro/devkitarm/bin/../lib/gcc/arm-none-eabi/4.9.2/../../../../arm-none-eabi/lib/armv6k/fpu\libg.a(lib_a-strlen.o)
                0x00111e84                strlen
 .text.strncat  0x00111ee0       0xa4 c:/devkitpro/devkitarm/bin/../lib/gcc/arm-none-eabi/4.9.2/../../../../arm-none-eabi/lib/armv6k/fpu\libg.a(lib_a-strncat.o)
                0x00111ee0                strncat
 .text.strncmp  0x00111f84      0x110 c:/devkitpro/devkitarm/bin/../lib/gcc/arm-none-eabi/4.9.2/../../../../arm-none-eabi/lib/armv6k/fpu\libg.a(lib_a-strncmp.o)
                0x00111f84                strncmp
 .text.strncpy  0x00112094       0xe0 c:/devkitpro/devkitarm/bin/../lib/gcc/arm-none-eabi/4.9.2/../../../../arm-none-eabi/lib/armv6k/fpu\libg.a(lib_a-strncpy.o)
                0x00112094                strncpy
 .text.get_arg  0x00112174      0x860 c:/devkitpro/devkitarm/bin/../lib/gcc/arm-none-eabi/4.9.2/../../../../arm-none-eabi/lib/armv6k/fpu\libg.a(lib_a-svfprintf.o)
 *fill*         0x001129d4        0x4 
 .text._svfprintf_r
                0x001129d8     0x4320 c:/devkitpro/devkitarm/bin/../lib/gcc/arm-none-eabi/4.9.2/../../../../arm-none-eabi/lib/armv6k/fpu\libg.a(lib_a-svfprintf.o)
                0x001129d8                _svfprintf_r
 .text._wcrtomb_r
                0x00116cf8       0x8c c:/devkitpro/devkitarm/bin/../lib/gcc/arm-none-eabi/4.9.2/../../../../arm-none-eabi/lib/armv6k/fpu\libg.a(lib_a-wcrtomb.o)
                0x00116cf8                _wcrtomb_r
 .text.wcrtomb  0x00116d84       0x94 c:/devkitpro/devkitarm/bin/../lib/gcc/arm-none-eabi/4.9.2/../../../../arm-none-eabi/lib/armv6k/fpu\libg.a(lib_a-wcrtomb.o)
                0x00116d84                wcrtomb
 .text._wcsrtombs_r
                0x00116e18       0x20 c:/devkitpro/devkitarm/bin/../lib/gcc/arm-none-eabi/4.9.2/../../../../arm-none-eabi/lib/armv6k/fpu\libg.a(lib_a-wcsrtombs.o)
                0x00116e18                _wcsrtombs_r
 .text.wcsrtombs
                0x00116e38       0x3c c:/devkitpro/devkitarm/bin/../lib/gcc/arm-none-eabi/4.9.2/../../../../arm-none-eabi/lib/armv6k/fpu\libg.a(lib_a-wcsrtombs.o)
                0x00116e38                wcsrtombs
 .text.__utf8_wctomb
                0x00116e74      0x114 c:/devkitpro/devkitarm/bin/../lib/gcc/arm-none-eabi/4.9.2/../../../../arm-none-eabi/lib/armv6k/fpu\libg.a(lib_a-wctomb_r.o)
                0x00116e74                __utf8_wctomb
 .text._wctomb_r
                0x00116f88       0x48 c:/devkitpro/devkitarm/bin/../lib/gcc/arm-none-eabi/4.9.2/../../../../arm-none-eabi/lib/armv6k/fpu\libg.a(lib_a-wctomb_r.o)
                0x00116f88                _wctomb_r
 .text.__ascii_wctomb
                0x00116fd0       0x28 c:/devkitpro/devkitarm/bin/../lib/gcc/arm-none-eabi/4.9.2/../../../../arm-none-eabi/lib/armv6k/fpu\libg.a(lib_a-wctomb_r.o)
                0x00116fd0                __ascii_wctomb
 .text.__sjis_wctomb
                0x00116ff8       0x84 c:/devkitpro/devkitarm/bin/../lib/gcc/arm-none-eabi/4.9.2/../../../../arm-none-eabi/lib/armv6k/fpu\libg.a(lib_a-wctomb_r.o)
                0x00116ff8                __sjis_wctomb
 .text.__eucjp_wctomb
                0x0011707c       0xc8 c:/devkitpro/devkitarm/bin/../lib/gcc/arm-none-eabi/4.9.2/../../../../arm-none-eabi/lib/armv6k/fpu\libg.a(lib_a-wctomb_r.o)
                0x0011707c                __eucjp_wctomb
 .text.__jis_wctomb
                0x00117144       0xd4 c:/devkitpro/devkitarm/bin/../lib/gcc/arm-none-eabi/4.9.2/../../../../arm-none-eabi/lib/armv6k/fpu\libg.a(lib_a-wctomb_r.o)
                0x00117144                __jis_wctomb
 .text.quorem   0x00117218      0x1c0 c:/devkitpro/devkitarm/bin/../lib/gcc/arm-none-eabi/4.9.2/../../../../arm-none-eabi/lib/armv6k/fpu\libg.a(lib_a-dtoa.o)
 .text._dtoa_r  0x001173d8     0x12e0 c:/devkitpro/devkitarm/bin/../lib/gcc/arm-none-eabi/4.9.2/../../../../arm-none-eabi/lib/armv6k/fpu\libg.a(lib_a-dtoa.o)
                0x001173d8                _dtoa_r
 .text.__sflags
                0x001186b8       0xb0 c:/devkitpro/devkitarm/bin/../lib/gcc/arm-none-eabi/4.9.2/../../../../arm-none-eabi/lib/armv6k/fpu\libg.a(lib_a-flags.o)
                0x001186b8                __sflags
 .text.__get_locale_env
                0x00118768       0x8c c:/devkitpro/devkitarm/bin/../lib/gcc/arm-none-eabi/4.9.2/../../../../arm-none-eabi/lib/armv6k/fpu\libg.a(lib_a-locale.o)
 .text.loadlocale
                0x001187f4      0x8a4 c:/devkitpro/devkitarm/bin/../lib/gcc/arm-none-eabi/4.9.2/../../../../arm-none-eabi/lib/armv6k/fpu\libg.a(lib_a-locale.o)
 .text.currentlocale
                0x00119098       0x88 c:/devkitpro/devkitarm/bin/../lib/gcc/arm-none-eabi/4.9.2/../../../../arm-none-eabi/lib/armv6k/fpu\libg.a(lib_a-locale.o)
 .text._setlocale_r
                0x00119120      0x300 c:/devkitpro/devkitarm/bin/../lib/gcc/arm-none-eabi/4.9.2/../../../../arm-none-eabi/lib/armv6k/fpu\libg.a(lib_a-locale.o)
                0x00119120                _setlocale_r
 .text.__locale_charset
                0x00119420        0xc c:/devkitpro/devkitarm/bin/../lib/gcc/arm-none-eabi/4.9.2/../../../../arm-none-eabi/lib/armv6k/fpu\libg.a(lib_a-locale.o)
                0x00119420                __locale_charset
 .text.__locale_mb_cur_max
                0x0011942c       0x10 c:/devkitpro/devkitarm/bin/../lib/gcc/arm-none-eabi/4.9.2/../../../../arm-none-eabi/lib/armv6k/fpu\libg.a(lib_a-locale.o)
                0x0011942c                __locale_mb_cur_max
 .text.__locale_msgcharset
                0x0011943c        0xc c:/devkitpro/devkitarm/bin/../lib/gcc/arm-none-eabi/4.9.2/../../../../arm-none-eabi/lib/armv6k/fpu\libg.a(lib_a-locale.o)
                0x0011943c                __locale_msgcharset
 .text.__locale_cjk_lang
                0x00119448       0x10 c:/devkitpro/devkitarm/bin/../lib/gcc/arm-none-eabi/4.9.2/../../../../arm-none-eabi/lib/armv6k/fpu\libg.a(lib_a-locale.o)
                0x00119448                __locale_cjk_lang
 .text._localeconv_r
                0x00119458        0xc c:/devkitpro/devkitarm/bin/../lib/gcc/arm-none-eabi/4.9.2/../../../../arm-none-eabi/lib/armv6k/fpu\libg.a(lib_a-locale.o)
                0x00119458                _localeconv_r
 .text.setlocale
                0x00119464       0x20 c:/devkitpro/devkitarm/bin/../lib/gcc/arm-none-eabi/4.9.2/../../../../arm-none-eabi/lib/armv6k/fpu\libg.a(lib_a-locale.o)
                0x00119464                setlocale
 .text.localeconv
                0x00119484       0x14 c:/devkitpro/devkitarm/bin/../lib/gcc/arm-none-eabi/4.9.2/../../../../arm-none-eabi/lib/armv6k/fpu\libg.a(lib_a-locale.o)
                0x00119484                localeconv
 .text.__utf8_mbtowc
                0x00119498      0x2fc c:/devkitpro/devkitarm/bin/../lib/gcc/arm-none-eabi/4.9.2/../../../../arm-none-eabi/lib/armv6k/fpu\libg.a(lib_a-mbtowc_r.o)
                0x00119498                __utf8_mbtowc
 .text._mbtowc_r
                0x00119794       0x4c c:/devkitpro/devkitarm/bin/../lib/gcc/arm-none-eabi/4.9.2/../../../../arm-none-eabi/lib/armv6k/fpu\libg.a(lib_a-mbtowc_r.o)
                0x00119794                _mbtowc_r
 .text.__ascii_mbtowc
                0x001197e0       0x4c c:/devkitpro/devkitarm/bin/../lib/gcc/arm-none-eabi/4.9.2/../../../../arm-none-eabi/lib/armv6k/fpu\libg.a(lib_a-mbtowc_r.o)
                0x001197e0                __ascii_mbtowc
 .text.__sjis_mbtowc
                0x0011982c       0xd4 c:/devkitpro/devkitarm/bin/../lib/gcc/arm-none-eabi/4.9.2/../../../../arm-none-eabi/lib/armv6k/fpu\libg.a(lib_a-mbtowc_r.o)
                0x0011982c                __sjis_mbtowc
 .text.__eucjp_mbtowc
                0x00119900      0x140 c:/devkitpro/devkitarm/bin/../lib/gcc/arm-none-eabi/4.9.2/../../../../arm-none-eabi/lib/armv6k/fpu\libg.a(lib_a-mbtowc_r.o)
                0x00119900                __eucjp_mbtowc
 .text.__jis_mbtowc
                0x00119a40      0x1a8 c:/devkitpro/devkitarm/bin/../lib/gcc/arm-none-eabi/4.9.2/../../../../arm-none-eabi/lib/armv6k/fpu\libg.a(lib_a-mbtowc_r.o)
                0x00119a40                __jis_mbtowc
 .text.memchr   0x00119be8      0x120 c:/devkitpro/devkitarm/bin/../lib/gcc/arm-none-eabi/4.9.2/../../../../arm-none-eabi/lib/armv6k/fpu\libg.a(lib_a-memchr.o)
                0x00119be8                memchr
 .text._Balloc  0x00119d08       0x8c c:/devkitpro/devkitarm/bin/../lib/gcc/arm-none-eabi/4.9.2/../../../../arm-none-eabi/lib/armv6k/fpu\libg.a(lib_a-mprec.o)
                0x00119d08                _Balloc
 .text._Bfree   0x00119d94       0x1c c:/devkitpro/devkitarm/bin/../lib/gcc/arm-none-eabi/4.9.2/../../../../arm-none-eabi/lib/armv6k/fpu\libg.a(lib_a-mprec.o)
                0x00119d94                _Bfree
 .text.__multadd
                0x00119db0       0xd0 c:/devkitpro/devkitarm/bin/../lib/gcc/arm-none-eabi/4.9.2/../../../../arm-none-eabi/lib/armv6k/fpu\libg.a(lib_a-mprec.o)
                0x00119db0                __multadd
 .text.__s2b    0x00119e80       0xe4 c:/devkitpro/devkitarm/bin/../lib/gcc/arm-none-eabi/4.9.2/../../../../arm-none-eabi/lib/armv6k/fpu\libg.a(lib_a-mprec.o)
                0x00119e80                __s2b
 .text.__hi0bits
                0x00119f64       0x5c c:/devkitpro/devkitarm/bin/../lib/gcc/arm-none-eabi/4.9.2/../../../../arm-none-eabi/lib/armv6k/fpu\libg.a(lib_a-mprec.o)
                0x00119f64                __hi0bits
 .text.__lo0bits
                0x00119fc0       0x98 c:/devkitpro/devkitarm/bin/../lib/gcc/arm-none-eabi/4.9.2/../../../../arm-none-eabi/lib/armv6k/fpu\libg.a(lib_a-mprec.o)
                0x00119fc0                __lo0bits
 .text.__i2b    0x0011a058       0x20 c:/devkitpro/devkitarm/bin/../lib/gcc/arm-none-eabi/4.9.2/../../../../arm-none-eabi/lib/armv6k/fpu\libg.a(lib_a-mprec.o)
                0x0011a058                __i2b
 .text.__multiply
                0x0011a078      0x1dc c:/devkitpro/devkitarm/bin/../lib/gcc/arm-none-eabi/4.9.2/../../../../arm-none-eabi/lib/armv6k/fpu\libg.a(lib_a-mprec.o)
                0x0011a078                __multiply
 .text.__pow5mult
                0x0011a254      0x100 c:/devkitpro/devkitarm/bin/../lib/gcc/arm-none-eabi/4.9.2/../../../../arm-none-eabi/lib/armv6k/fpu\libg.a(lib_a-mprec.o)
                0x0011a254                __pow5mult
 .text.__lshift
                0x0011a354       0xf4 c:/devkitpro/devkitarm/bin/../lib/gcc/arm-none-eabi/4.9.2/../../../../arm-none-eabi/lib/armv6k/fpu\libg.a(lib_a-mprec.o)
                0x0011a354                __lshift
 .text.__mcmp   0x0011a448       0x64 c:/devkitpro/devkitarm/bin/../lib/gcc/arm-none-eabi/4.9.2/../../../../arm-none-eabi/lib/armv6k/fpu\libg.a(lib_a-mprec.o)
                0x0011a448                __mcmp
 .text.__mdiff  0x0011a4ac      0x13c c:/devkitpro/devkitarm/bin/../lib/gcc/arm-none-eabi/4.9.2/../../../../arm-none-eabi/lib/armv6k/fpu\libg.a(lib_a-mprec.o)
                0x0011a4ac                __mdiff
 .text.__ulp    0x0011a5e8       0x74 c:/devkitpro/devkitarm/bin/../lib/gcc/arm-none-eabi/4.9.2/../../../../arm-none-eabi/lib/armv6k/fpu\libg.a(lib_a-mprec.o)
                0x0011a5e8                __ulp
 .text.__b2d    0x0011a65c       0xe4 c:/devkitpro/devkitarm/bin/../lib/gcc/arm-none-eabi/4.9.2/../../../../arm-none-eabi/lib/armv6k/fpu\libg.a(lib_a-mprec.o)
                0x0011a65c                __b2d
 .text.__d2b    0x0011a740      0x104 c:/devkitpro/devkitarm/bin/../lib/gcc/arm-none-eabi/4.9.2/../../../../arm-none-eabi/lib/armv6k/fpu\libg.a(lib_a-mprec.o)
                0x0011a740                __d2b
 .text.__ratio  0x0011a844       0x7c c:/devkitpro/devkitarm/bin/../lib/gcc/arm-none-eabi/4.9.2/../../../../arm-none-eabi/lib/armv6k/fpu\libg.a(lib_a-mprec.o)
                0x0011a844                __ratio
 .text._mprec_log10
                0x0011a8c0       0x48 c:/devkitpro/devkitarm/bin/../lib/gcc/arm-none-eabi/4.9.2/../../../../arm-none-eabi/lib/armv6k/fpu\libg.a(lib_a-mprec.o)
                0x0011a8c0                _mprec_log10
 .text.__copybits
                0x0011a908       0x6c c:/devkitpro/devkitarm/bin/../lib/gcc/arm-none-eabi/4.9.2/../../../../arm-none-eabi/lib/armv6k/fpu\libg.a(lib_a-mprec.o)
                0x0011a908                __copybits
 .text.__any_on
                0x0011a974       0x80 c:/devkitpro/devkitarm/bin/../lib/gcc/arm-none-eabi/4.9.2/../../../../arm-none-eabi/lib/armv6k/fpu\libg.a(lib_a-mprec.o)
                0x0011a974                __any_on
 .text.__fpclassifyd
                0x0011a9f4       0x74 c:/devkitpro/devkitarm/bin/../lib/gcc/arm-none-eabi/4.9.2/../../../../arm-none-eabi/lib/armv6k/fpu\libg.a(lib_a-s_fpclassify.o)
                0x0011a9f4                __fpclassifyd
 .text.frexp    0x0011aa68       0x98 c:/devkitpro/devkitarm/bin/../lib/gcc/arm-none-eabi/4.9.2/../../../../arm-none-eabi/lib/armv6k/fpu\libg.a(lib_a-s_frexp.o)
                0x0011aa68                frexp
 .text.strcasecmp
                0x0011ab00       0x68 c:/devkitpro/devkitarm/bin/../lib/gcc/arm-none-eabi/4.9.2/../../../../arm-none-eabi/lib/armv6k/fpu\libg.a(lib_a-strcasecmp.o)
                0x0011ab00                strcasecmp
 .text.strcat   0x0011ab68       0x80 c:/devkitpro/devkitarm/bin/../lib/gcc/arm-none-eabi/4.9.2/../../../../arm-none-eabi/lib/armv6k/fpu\libg.a(lib_a-strcat.o)
                0x0011ab68                strcat
 .text.strlcpy  0x0011abe8       0x48 c:/devkitpro/devkitarm/bin/../lib/gcc/arm-none-eabi/4.9.2/../../../../arm-none-eabi/lib/armv6k/fpu\libg.a(lib_a-strlcpy.o)
                0x0011abe8                strlcpy
 .text.strncasecmp
                0x0011ac30       0x8c c:/devkitpro/devkitarm/bin/../lib/gcc/arm-none-eabi/4.9.2/../../../../arm-none-eabi/lib/armv6k/fpu\libg.a(lib_a-strncasecmp.o)
                0x0011ac30                strncasecmp
 .text._strtol_r
                0x0011acbc      0x1dc c:/devkitpro/devkitarm/bin/../lib/gcc/arm-none-eabi/4.9.2/../../../../arm-none-eabi/lib/armv6k/fpu\libg.a(lib_a-strtol.o)
                0x0011acbc                _strtol_r
 .text.strtol   0x0011ae98       0x28 c:/devkitpro/devkitarm/bin/../lib/gcc/arm-none-eabi/4.9.2/../../../../arm-none-eabi/lib/armv6k/fpu\libg.a(lib_a-strtol.o)
                0x0011ae98                strtol
 .text.get_arg  0x0011aec0      0x860 c:/devkitpro/devkitarm/bin/../lib/gcc/arm-none-eabi/4.9.2/../../../../arm-none-eabi/lib/armv6k/fpu\libg.a(lib_a-svfiprintf.o)
 .text.__ssprint_r
                0x0011b720      0x1a8 c:/devkitpro/devkitarm/bin/../lib/gcc/arm-none-eabi/4.9.2/../../../../arm-none-eabi/lib/armv6k/fpu\libg.a(lib_a-svfiprintf.o)
                0x0011b720                __ssprint_r
 .text._svfiprintf_r
                0x0011b8c8     0x2fdc c:/devkitpro/devkitarm/bin/../lib/gcc/arm-none-eabi/4.9.2/../../../../arm-none-eabi/lib/armv6k/fpu\libg.a(lib_a-svfiprintf.o)
                0x0011b8c8                _svfiprintf_r
 .text._wcsnrtombs_r
                0x0011e8a4      0x184 c:/devkitpro/devkitarm/bin/../lib/gcc/arm-none-eabi/4.9.2/../../../../arm-none-eabi/lib/armv6k/fpu\libg.a(lib_a-wcsnrtombs.o)
                0x0011e8a4                _wcsnrtombs_r
 .text.wcsnrtombs
                0x0011ea28       0x40 c:/devkitpro/devkitarm/bin/../lib/gcc/arm-none-eabi/4.9.2/../../../../arm-none-eabi/lib/armv6k/fpu\libg.a(lib_a-wcsnrtombs.o)
                0x0011ea28                wcsnrtombs
 .text._calloc_r
                0x0011ea68       0x94 c:/devkitpro/devkitarm/bin/../lib/gcc/arm-none-eabi/4.9.2/../../../../arm-none-eabi/lib/armv6k/fpu\libg.a(lib_a-callocr.o)
                0x0011ea68                _calloc_r
 .text.__set_ctype
                0x0011eafc       0x18 c:/devkitpro/devkitarm/bin/../lib/gcc/arm-none-eabi/4.9.2/../../../../arm-none-eabi/lib/armv6k/fpu\libg.a(lib_a-ctype_.o)
                0x0011eafc                __set_ctype
 .text._findenv_r
                0x0011eb14       0xc8 c:/devkitpro/devkitarm/bin/../lib/gcc/arm-none-eabi/4.9.2/../../../../arm-none-eabi/lib/armv6k/fpu\libg.a(lib_a-getenv_r.o)
                0x0011eb14                _findenv_r
 .text._getenv_r
                0x0011ebdc       0x18 c:/devkitpro/devkitarm/bin/../lib/gcc/arm-none-eabi/4.9.2/../../../../arm-none-eabi/lib/armv6k/fpu\libg.a(lib_a-getenv_r.o)
                0x0011ebdc                _getenv_r
 .text.memmove  0x0011ebf4      0x12c c:/devkitpro/devkitarm/bin/../lib/gcc/arm-none-eabi/4.9.2/../../../../arm-none-eabi/lib/armv6k/fpu\libg.a(lib_a-memmove.o)
                0x0011ebf4                memmove
 .text._realloc_r
                0x0011ed20      0x564 c:/devkitpro/devkitarm/bin/../lib/gcc/arm-none-eabi/4.9.2/../../../../arm-none-eabi/lib/armv6k/fpu\libg.a(lib_a-reallocr.o)
                0x0011ed20                _realloc_r
 .text.__env_lock
                0x0011f284        0x4 c:/devkitpro/devkitarm/bin/../lib/gcc/arm-none-eabi/4.9.2/../../../../arm-none-eabi/lib/armv6k/fpu\libg.a(lib_a-envlock.o)
                0x0011f284                __env_lock
 .text.__env_unlock
                0x0011f288        0x4 c:/devkitpro/devkitarm/bin/../lib/gcc/arm-none-eabi/4.9.2/../../../../arm-none-eabi/lib/armv6k/fpu\libg.a(lib_a-envlock.o)
                0x0011f288                __env_unlock
 .text.strnlen  0x0011f28c       0x5c c:/devkitpro/devkitarm/bin/../lib/gcc/arm-none-eabi/4.9.2/../../../../arm-none-eabi/lib/armv6k/fpu\libg.a(lib_a-strnlen.o)
                0x0011f28c                strnlen
 .text.strrchr  0x0011f2e8       0x44 c:/devkitpro/devkitarm/bin/../lib/gcc/arm-none-eabi/4.9.2/../../../../arm-none-eabi/lib/armv6k/fpu\libg.a(lib_a-strrchr.o)
                0x0011f2e8                strrchr
 *(.glue_7)
 .glue_7        0x0011f32c        0x0 linker stubs
 *(.glue_7t)
 .glue_7t       0x0011f32c        0x0 linker stubs
 *(.stub)
 *(.gnu.warning)
 *(.gnu.linkonce.t*)
                0x0011f32c                . = ALIGN (0x4)
 *(.fini)
 .fini          0x0011f32c        0xc c:/devkitpro/devkitarm/bin/../lib/gcc/arm-none-eabi/4.9.2/armv6k/fpu/crti.o
                0x0011f32c                _fini
 .fini          0x0011f338        0xc c:/devkitpro/devkitarm/bin/../lib/gcc/arm-none-eabi/4.9.2/armv6k/fpu/crtn.o
                0x0011f344                . = ALIGN (0x4)

.vfp11_veneer   0x0011f344        0x0
 .vfp11_veneer  0x0011f344        0x0 linker stubs

.v4_bx          0x0011f344        0x0
 .v4_bx         0x0011f344        0x0 linker stubs

.iplt           0x0011f344        0x0
 .iplt          0x0011f344        0x0 c:/devkitpro/devkitarm/bin/../lib/gcc/arm-none-eabi/4.9.2/../../../../arm-none-eabi/lib/armv6k/fpu/3dsx_crt0.o

.rodata         0x00120000      0xeac
 *(.rodata)
 .rodata        0x00120000       0xf4 c:/devkitPro/libctru/lib\libsf2d.a(shader.vsh.o)
                0x00120000                shader_vsh_shbin
                0x001200f0                shader_vsh_shbin_size
                0x001200f0                shader_vsh_shbin_end
 .rodata        0x001200f4       0x14 c:/devkitPro/libctru/lib\libctru.a(gfx.o)
 .rodata        0x00120108       0x64 c:/devkitPro/libctru/lib\libctru.a(os.o)
 .rodata        0x0012016c       0x30 c:/devkitPro/libctru/lib\libctru.a(romfs_dev.o)
 .rodata        0x0012019c        0xc c:/devkitPro/libctru/lib\libctru.a(gpu.o)
                0x0012019c                GPU_FORMATSIZE
                0x001201a0                GPU_TEVID
 .rodata        0x001201a8        0x8 c:/devkitPro/libctru/lib\libctru.a(shaderProgram.o)
 .rodata        0x001201b0       0x24 c:/devkitPro/libctru/lib\libctru.a(shbin.o)
 .rodata        0x001201d4        0xc c:/devkitPro/libctru/lib\libctru.a(apt.o)
 .rodata        0x001201e0       0x30 c:/devkitPro/libctru/lib\libctru.a(sdmc_dev.o)
 .rodata        0x00120210       0x68 c:/devkitpro/devkitarm/bin/../lib/gcc/arm-none-eabi/4.9.2/../../../../arm-none-eabi/lib/armv6k/fpu\libsysbase.a(iosupport.o)
                0x00120210                dotab_stdnull
 .rodata        0x00120278        0xc c:/devkitpro/devkitarm/bin/../lib/gcc/arm-none-eabi/4.9.2/../../../../arm-none-eabi/lib/armv6k/fpu\libsysbase.a(chdir.o)
                0x00120278                DIRECTORY_PARENT
                0x0012027c                DIRECTORY_THIS
                0x00120280                DIRECTORY_SEPARATOR
 *(.roda)
 *(.rodata.*)
 .rodata.str1.4
                0x00120284       0x27 circle_controller.o
                                 0x28 (size before relaxing)
 *fill*         0x001202ab        0x1 
 .rodata.str1.4
                0x001202ac        0xb c:/devkitPro/libctru/lib\libsf2d.a(sf2d.o)
                                  0xc (size before relaxing)
 *fill*         0x001202b7        0x1 
 .rodata.str1.4
                0x001202b8       0xec c:/devkitPro/libctru/lib\libctru.a(os.o)
 .rodata.str1.4
                0x001203a4       0x2a c:/devkitPro/libctru/lib\libctru.a(romfs_dev.o)
                                 0x30 (size before relaxing)
 *fill*         0x001203ce        0x2 
 .rodata.str1.4
                0x001203d0       0x16 c:/devkitPro/libctru/lib\libctru.a(apt.o)
                                 0x18 (size before relaxing)
 *fill*         0x001203e6        0x2 
 .rodata.str1.4
                0x001203e8       0x16 c:/devkitPro/libctru/lib\libctru.a(cfgu.o)
                                 0x18 (size before relaxing)
 *fill*         0x001203fe        0x2 
 .rodata.str1.4
                0x00120400        0x8 c:/devkitPro/libctru/lib\libctru.a(fs.o)
 .rodata.str1.4
                0x00120408       0x15 c:/devkitPro/libctru/lib\libctru.a(gsp.o)
                                 0x18 (size before relaxing)
 *fill*         0x0012041d        0x3 
 .rodata.str1.4
                0x00120420       0x15 c:/devkitPro/libctru/lib\libctru.a(hid.o)
                                 0x18 (size before relaxing)
 *fill*         0x00120435        0x3 
 .rodata.str1.4
                0x00120438        0x7 c:/devkitPro/libctru/lib\libctru.a(irrst.o)
                                  0x8 (size before relaxing)
 *fill*         0x0012043f        0x1 
 .rodata.str1.4
                0x00120440       0x11 c:/devkitPro/libctru/lib\libctru.a(ptm.o)
                                 0x14 (size before relaxing)
 *fill*         0x00120451        0x3 
 .rodata.str1.4
                0x00120454        0xf c:/devkitPro/libctru/lib\libctru.a(srv.o)
                                 0x10 (size before relaxing)
 *fill*         0x00120463        0x1 
 .rodata.str1.4
                0x00120464        0x5 c:/devkitPro/libctru/lib\libctru.a(sdmc_dev.o)
                                  0xc (size before relaxing)
 *fill*         0x00120469        0x3 
 .rodata.npio2_hw
                0x0012046c       0x80 c:/devkitpro/devkitarm/bin/../lib/gcc/arm-none-eabi/4.9.2/../../../../arm-none-eabi/lib/armv6k/fpu\libm.a(lib_a-ef_rem_pio2.o)
 .rodata.two_over_pi
                0x001204ec      0x318 c:/devkitpro/devkitarm/bin/../lib/gcc/arm-none-eabi/4.9.2/../../../../arm-none-eabi/lib/armv6k/fpu\libm.a(lib_a-ef_rem_pio2.o)
 .rodata.init_jk
                0x00120804        0xc c:/devkitpro/devkitarm/bin/../lib/gcc/arm-none-eabi/4.9.2/../../../../arm-none-eabi/lib/armv6k/fpu\libm.a(lib_a-kf_rem_pio2.o)
 .rodata.PIo2   0x00120810       0x2c c:/devkitpro/devkitarm/bin/../lib/gcc/arm-none-eabi/4.9.2/../../../../arm-none-eabi/lib/armv6k/fpu\libm.a(lib_a-kf_rem_pio2.o)
 .rodata.str1.4
                0x0012083c        0x2 c:/devkitpro/devkitarm/bin/../lib/gcc/arm-none-eabi/4.9.2/../../../../arm-none-eabi/lib/armv6k/fpu\libg.a(lib_a-impure.o)
                                  0x4 (size before relaxing)
 *fill*         0x0012083e        0x2 
 .rodata._global_impure_ptr
                0x00120840        0x4 c:/devkitpro/devkitarm/bin/../lib/gcc/arm-none-eabi/4.9.2/../../../../arm-none-eabi/lib/armv6k/fpu\libg.a(lib_a-impure.o)
                0x00120840                _global_impure_ptr
 .rodata.zeroes.7037
                0x00120844       0x10 c:/devkitpro/devkitarm/bin/../lib/gcc/arm-none-eabi/4.9.2/../../../../arm-none-eabi/lib/armv6k/fpu\libg.a(lib_a-svfprintf.o)
 .rodata.str1.4
                0x00120854       0x42 c:/devkitpro/devkitarm/bin/../lib/gcc/arm-none-eabi/4.9.2/../../../../arm-none-eabi/lib/armv6k/fpu\libg.a(lib_a-svfprintf.o)
                                 0x44 (size before relaxing)
 *fill*         0x00120896        0x2 
 .rodata.blanks.7036
                0x00120898       0x10 c:/devkitpro/devkitarm/bin/../lib/gcc/arm-none-eabi/4.9.2/../../../../arm-none-eabi/lib/armv6k/fpu\libg.a(lib_a-svfprintf.o)
 .rodata.str1.4
                0x001208a8       0x10 c:/devkitpro/devkitarm/bin/../lib/gcc/arm-none-eabi/4.9.2/../../../../arm-none-eabi/lib/armv6k/fpu\libg.a(lib_a-dtoa.o)
                                 0x14 (size before relaxing)
 .rodata.str1.4
                0x001208b8      0x120 c:/devkitpro/devkitarm/bin/../lib/gcc/arm-none-eabi/4.9.2/../../../../arm-none-eabi/lib/armv6k/fpu\libg.a(lib_a-locale.o)
                                0x130 (size before relaxing)
 .rodata.categories
                0x001209d8       0x1c c:/devkitpro/devkitarm/bin/../lib/gcc/arm-none-eabi/4.9.2/../../../../arm-none-eabi/lib/armv6k/fpu\libg.a(lib_a-locale.o)
 .rodata.JIS_state_table
                0x001209f4       0x48 c:/devkitpro/devkitarm/bin/../lib/gcc/arm-none-eabi/4.9.2/../../../../arm-none-eabi/lib/armv6k/fpu\libg.a(lib_a-mbtowc_r.o)
 .rodata.JIS_action_table
                0x00120a3c       0x48 c:/devkitpro/devkitarm/bin/../lib/gcc/arm-none-eabi/4.9.2/../../../../arm-none-eabi/lib/armv6k/fpu\libg.a(lib_a-mbtowc_r.o)
 .rodata.p05.5298
                0x00120a84        0xc c:/devkitpro/devkitarm/bin/../lib/gcc/arm-none-eabi/4.9.2/../../../../arm-none-eabi/lib/armv6k/fpu\libg.a(lib_a-mprec.o)
 .rodata.__mprec_tens
                0x00120a90       0xc8 c:/devkitpro/devkitarm/bin/../lib/gcc/arm-none-eabi/4.9.2/../../../../arm-none-eabi/lib/armv6k/fpu\libg.a(lib_a-mprec.o)
                0x00120a90                __mprec_tens
 .rodata.__mprec_bigtens
                0x00120b58       0x28 c:/devkitpro/devkitarm/bin/../lib/gcc/arm-none-eabi/4.9.2/../../../../arm-none-eabi/lib/armv6k/fpu\libg.a(lib_a-mprec.o)
                0x00120b58                __mprec_bigtens
 .rodata.__mprec_tinytens
                0x00120b80       0x28 c:/devkitpro/devkitarm/bin/../lib/gcc/arm-none-eabi/4.9.2/../../../../arm-none-eabi/lib/armv6k/fpu\libg.a(lib_a-mprec.o)
                0x00120b80                __mprec_tinytens
 .rodata.__state_table
                0x00120ba8       0x6c c:/devkitpro/devkitarm/bin/../lib/gcc/arm-none-eabi/4.9.2/../../../../arm-none-eabi/lib/armv6k/fpu\libg.a(lib_a-svfiprintf.o)
                0x00120ba8                __state_table
 .rodata.blanks.7015
                0x00120c14       0x10 c:/devkitpro/devkitarm/bin/../lib/gcc/arm-none-eabi/4.9.2/../../../../arm-none-eabi/lib/armv6k/fpu\libg.a(lib_a-svfiprintf.o)
 .rodata.__chclass
                0x00120c24      0x100 c:/devkitpro/devkitarm/bin/../lib/gcc/arm-none-eabi/4.9.2/../../../../arm-none-eabi/lib/armv6k/fpu\libg.a(lib_a-svfiprintf.o)
                0x00120c24                __chclass
 .rodata.str1.4
                0x00120d24       0x30 c:/devkitpro/devkitarm/bin/../lib/gcc/arm-none-eabi/4.9.2/../../../../arm-none-eabi/lib/armv6k/fpu\libg.a(lib_a-svfiprintf.o)
 .rodata.__action_table
                0x00120d24       0x6c c:/devkitpro/devkitarm/bin/../lib/gcc/arm-none-eabi/4.9.2/../../../../arm-none-eabi/lib/armv6k/fpu\libg.a(lib_a-svfiprintf.o)
                0x00120d24                __action_table
 .rodata.zeroes.7016
                0x00120d90       0x10 c:/devkitpro/devkitarm/bin/../lib/gcc/arm-none-eabi/4.9.2/../../../../arm-none-eabi/lib/armv6k/fpu\libg.a(lib_a-svfiprintf.o)
 .rodata._ctype_
                0x00120da0      0x104 c:/devkitpro/devkitarm/bin/../lib/gcc/arm-none-eabi/4.9.2/../../../../arm-none-eabi/lib/armv6k/fpu\libg.a(lib_a-ctype_.o)
                0x00120da0                _ctype_
 .rodata.str1.4
                0x00120ea4        0x8 c:/devkitpro/devkitarm/bin/../lib/gcc/arm-none-eabi/4.9.2/../../../../arm-none-eabi/lib/armv6k/fpu\libsysbase.a(iosupport.o)
 *all.rodata*(*)
 *(.gnu.linkonce.r*)
                0x00120eac                . = ALIGN (0x4)

.rel.dyn        0x00120eac        0x0
 .rel.iplt      0x00120eac        0x0 c:/devkitpro/devkitarm/bin/../lib/gcc/arm-none-eabi/4.9.2/../../../../arm-none-eabi/lib/armv6k/fpu/3dsx_crt0.o

.ARM.extab
 *(.ARM.extab* .gnu.linkonce.armextab.*)
                0x00120eac                __exidx_start = .

ARM.exidx
 *(.ARM.exidx* .gnu.linkonce.armexidx.*)
                0x00120eac                __exidx_end = .

.data           0x00121000     0x4078
 *(.data)
 .data          0x00121000        0x0 c:/devkitpro/devkitarm/bin/../lib/gcc/arm-none-eabi/4.9.2/../../../../arm-none-eabi/lib/armv6k/fpu/3dsx_crt0.o
 .data          0x00121000        0x0 c:/devkitpro/devkitarm/bin/../lib/gcc/arm-none-eabi/4.9.2/armv6k/fpu/crti.o
 .data          0x00121000        0x4 c:/devkitpro/devkitarm/bin/../lib/gcc/arm-none-eabi/4.9.2/armv6k/fpu/crtbegin.o
                0x00121000                __dso_handle
 .data          0x00121004        0x0 circle_controller.o
 .data          0x00121004        0x0 main.o
 .data          0x00121004        0xc c:/devkitPro/libctru/lib\libsf2d.a(sf2d.o)
 .data          0x00121010        0x0 c:/devkitPro/libctru/lib\libsf2d.a(sf2d_draw.o)
 .data          0x00121010        0x0 c:/devkitPro/libctru/lib\libsf2d.a(sf2d_private.o)
 .data          0x00121010        0x0 c:/devkitPro/libctru/lib\libsf2d.a(shader.vsh.o)
 .data          0x00121010        0x0 c:/devkitPro/libctru/lib\libctru.a(linear.o)
 .data          0x00121010        0x0 c:/devkitPro/libctru/lib\libctru.a(mem_pool.o)
 .data          0x00121010        0x0 c:/devkitPro/libctru/lib\libctru.a(vram.o)
 .data          0x00121010        0xc c:/devkitPro/libctru/lib\libctru.a(gfx.o)
 .data          0x0012101c        0x0 c:/devkitPro/libctru/lib\libctru.a(os.o)
 .data          0x0012101c       0x68 c:/devkitPro/libctru/lib\libctru.a(romfs_dev.o)
 .data          0x00121084        0x0 c:/devkitPro/libctru/lib\libctru.a(gpu.o)
 .data          0x00121084      0x53c c:/devkitPro/libctru/lib\libctru.a(gpuResetSequence.o)
                0x00121084                gpuResetSequenceLength
                0x00121088                gpuResetSequence
 .data          0x001215c0        0x0 c:/devkitPro/libctru/lib\libctru.a(shaderProgram.o)
 .data          0x001215c0        0x0 c:/devkitPro/libctru/lib\libctru.a(shbin.o)
 .data          0x001215c0        0x0 c:/devkitPro/libctru/lib\libctru.a(apt.o)
 .data          0x001215c0        0x0 c:/devkitPro/libctru/lib\libctru.a(cfgu.o)
 .data          0x001215c0        0x0 c:/devkitPro/libctru/lib\libctru.a(fs.o)
 .data          0x001215c0        0x0 c:/devkitPro/libctru/lib\libctru.a(gsp.o)
 .data          0x001215c0        0x0 c:/devkitPro/libctru/lib\libctru.a(gx.o)
 .data          0x001215c0        0x0 c:/devkitPro/libctru/lib\libctru.a(hid.o)
 .data          0x001215c0        0x0 c:/devkitPro/libctru/lib\libctru.a(irrst.o)
 .data          0x001215c0        0x0 c:/devkitPro/libctru/lib\libctru.a(ptm.o)
 .data          0x001215c0        0x0 c:/devkitPro/libctru/lib\libctru.a(rbtree_find.o)