Archive member included to satisfy reference by file (symbol)

c:/devkitPro/libctru/lib\libsf2d.a(sf2d.o)
                              main.o (sf2d_init)
c:/devkitPro/libctru/lib\libsf2d.a(sf2d_draw.o)
                              circle_controller.o (sf2d_draw_rectangle)
c:/devkitPro/libctru/lib\libsf2d.a(sf2d_private.o)
                              c:/devkitPro/libctru/lib\libsf2d.a(sf2d.o) (GPU_SetDummyTexEnv)
c:/devkitPro/libctru/lib\libsf2d.a(shader.vsh.o)
                              c:/devkitPro/libctru/lib\libsf2d.a(sf2d.o) (shader_vsh_shbin_size)
c:/devkitPro/libctru/lib\libctru.a(linear.o)
                              c:/devkitPro/libctru/lib\libsf2d.a(sf2d.o) (linearAlloc)
c:/devkitPro/libctru/lib\libctru.a(mem_pool.o)
                              c:/devkitPro/libctru/lib\libctru.a(linear.o) (MemPool::Allocate(MemChunk&, unsigned long, int))
c:/devkitPro/libctru/lib\libctru.a(vram.o)
                              c:/devkitPro/libctru/lib\libsf2d.a(sf2d.o) (vramMemAlign)
c:/devkitPro/libctru/lib\libctru.a(gfx.o)
                              c:/devkitPro/libctru/lib\libsf2d.a(sf2d.o) (gfxSet3D)
c:/devkitPro/libctru/lib\libctru.a(os.o)
                              c:/devkitPro/libctru/lib\libsf2d.a(sf2d.o) (osConvertVirtToPhys)
c:/devkitPro/libctru/lib\libctru.a(romfs_dev.o)
                              c:/devkitPro/libctru/lib\libctru.a(os.o) (romfsInitFromFile)
c:/devkitPro/libctru/lib\libctru.a(gpu.o)
                              c:/devkitPro/libctru/lib\libsf2d.a(sf2d.o) (GPU_Init)
c:/devkitPro/libctru/lib\libctru.a(gpuResetSequence.o)
                              c:/devkitPro/libctru/lib\libctru.a(gpu.o) (gpuResetSequenceLength)
c:/devkitPro/libctru/lib\libctru.a(shaderProgram.o)
                              c:/devkitPro/libctru/lib\libsf2d.a(sf2d.o) (shaderInstanceGetUniformLocation)
c:/devkitPro/libctru/lib\libctru.a(shbin.o)
                              c:/devkitPro/libctru/lib\libsf2d.a(sf2d.o) (DVLB_Free)
c:/devkitPro/libctru/lib\libctru.a(apt.o)
                              c:/devkitPro/libctru/lib\libsf2d.a(sf2d.o) (aptHook)
c:/devkitPro/libctru/lib\libctru.a(cfgu.o)
                              c:/devkitPro/libctru/lib\libctru.a(os.o) (initCfgu)
c:/devkitPro/libctru/lib\libctru.a(fs.o)
                              c:/devkitPro/libctru/lib\libctru.a(os.o) (FSUSER_OpenFileDirectly)
c:/devkitPro/libctru/lib\libctru.a(gsp.o)
                              c:/devkitPro/libctru/lib\libctru.a(gfx.o) (gspInit)
c:/devkitPro/libctru/lib\libctru.a(gx.o)
                              c:/devkitPro/libctru/lib\libctru.a(gfx.o) (gxCmdBuf)
c:/devkitPro/libctru/lib\libctru.a(hid.o)
                              circle_controller.o (hidScanInput)
c:/devkitPro/libctru/lib\libctru.a(irrst.o)
                              c:/devkitPro/libctru/lib\libctru.a(hid.o) (irrstScanInput)
c:/devkitPro/libctru/lib\libctru.a(ptm.o)
                              c:/devkitPro/libctru/lib\libctru.a(os.o) (ptmSysmInit)
c:/devkitPro/libctru/lib\libctru.a(rbtree_find.o)
                              c:/devkitPro/libctru/lib\libctru.a(linear.o) (rbtree_find)
c:/devkitPro/libctru/lib\libctru.a(rbtree_init.o)
                              c:/devkitPro/libctru/lib\libctru.a(linear.o) (rbtree_init)
c:/devkitPro/libctru/lib\libctru.a(rbtree_insert.o)
                              c:/devkitPro/libctru/lib\libctru.a(linear.o) (rbtree_insert)
c:/devkitPro/libctru/lib\libctru.a(rbtree_remove.o)
                              c:/devkitPro/libctru/lib\libctru.a(linear.o) (rbtree_remove)
c:/devkitPro/libctru/lib\libctru.a(rbtree_rotate.o)
                              c:/devkitPro/libctru/lib\libctru.a(rbtree_insert.o) (rbtree_rotate)
c:/devkitPro/libctru/lib\libctru.a(utf8_to_utf16.o)
                              c:/devkitPro/libctru/lib\libctru.a(romfs_dev.o) (utf8_to_utf16)
c:/devkitPro/libctru/lib\libctru.a(allocateHeaps.o)
                              c:/devkitPro/libctru/lib\libctru.a(linear.o) (__linear_heap)
c:/devkitPro/libctru/lib\libctru.a(initArgv.o)
                              c:/devkitpro/devkitarm/bin/../lib/gcc/arm-none-eabi/4.9.2/../../../../arm-none-eabi/lib/armv6k/fpu/3dsx_crt0.o (__system_argc)
c:/devkitPro/libctru/lib\libctru.a(initSystem.o)
                              c:/devkitPro/libctru/lib\libctru.a(apt.o) (__system_retAddr)
c:/devkitPro/libctru/lib\libctru.a(svc.o)
                              c:/devkitPro/libctru/lib\libctru.a(allocateHeaps.o) (svcControlMemory)
c:/devkitPro/libctru/lib\libctru.a(stack_adjust.o)
                              c:/devkitpro/devkitarm/bin/../lib/gcc/arm-none-eabi/4.9.2/../../../../arm-none-eabi/lib/armv6k/fpu/3dsx_crt0.o (initSystem)
c:/devkitPro/libctru/lib\libctru.a(mappable.o)
                              c:/devkitPro/libctru/lib\libctru.a(gfx.o) (mappableAlloc)
c:/devkitPro/libctru/lib\libctru.a(srv.o)
                              c:/devkitPro/libctru/lib\libctru.a(fs.o) (__get_handle_from_list)
c:/devkitPro/libctru/lib\libctru.a(rbtree_iterator.o)
[...]
Memory Configuration

Name             Origin             Length             Attributes
*default*        0x00000000         0xffffffff

Linker script and memory map

                0x00100000                . = 0x100000
                0x00100000                __start__ = .

.text           0x00100000    0x2050c
 *(.crt0)
 .crt0          0x00100000       0x94 c:/devkitpro/devkitarm/bin/../lib/gcc/arm-none-eabi/4.9.2/../../../../arm-none-eabi/lib/armv6k/fpu/3dsx_crt0.o
                0x00100000                _start
                0x00100008                __service_ptr
                0x0010000c                __apt_appid
                0x00100010                __heap_size
                0x00100014                __linear_heap_size
                0x00100018                __system_arglist
                0x0010001c                __system_runflags
 *(.init)
 .init          0x00100094        0xc c:/devkitpro/devkitarm/bin/../lib/gcc/arm-none-eabi/4.9.2/armv6k/fpu/crti.o
                0x00100094                _init
 .init          0x001000a0        0xc c:/devkitpro/devkitarm/bin/../lib/gcc/arm-none-eabi/4.9.2/armv6k/fpu/crtn.o
                0x001000ac                . = ALIGN (0x4)
 *(.text)
 .text          0x001000ac        0x0 c:/devkitpro/devkitarm/bin/../lib/gcc/arm-none-eabi/4.9.2/../../../../arm-none-eabi/lib/armv6k/fpu/3dsx_crt0.o
 .text          0x001000ac        0x0 c:/devkitpro/devkitarm/bin/../lib/gcc/arm-none-eabi/4.9.2/armv6k/fpu/crti.o
 .text          0x001000ac      0x108 c:/devkitpro/devkitarm/bin/../lib/gcc/arm-none-eabi/4.9.2/armv6k/fpu/crtbegin.o
 *fill*         0x001001b4        0x4 
 .text          0x001001b8      0x350 circle_controller.o
                0x001001b8                circle_controller_create_all_circles
                0x00100238                circle_controller_init
                0x00100294                circle_controller_free
                0x001002a0                circle_controller_update_all_circles
                0x001003a0                circle_controller_update
                0x001003d8                circle_controller_draw_all_circles
                0x00100424                circle_controller_draw
                0x00100498                circle_controller_input
                0x001004b8                circle_controller_handle_state
 .text          0x00100508        0x0 main.o
 .text          0x00100508      0x75c c:/devkitPro/libctru/lib\libsf2d.a(sf2d.o)
                0x00100720                sf2d_init
                0x00100748                sf2d_init_advanced
                0x00100768                sf2d_fini
                0x001007cc                sf2d_set_3D
                0x001007d8                sf2d_start_frame
                0x00100968                sf2d_end_frame
                0x00100a80                sf2d_swapbuffers
                0x00100b30                sf2d_set_vblank_wait
                0x00100b40                sf2d_get_fps
                0x00100b50                sf2d_pool_malloc
                0x00100b7c                sf2d_pool_memalign
                0x00100bbc                sf2d_pool_space_free
                0x00100bd4                sf2d_pool_reset
                0x00100be8                sf2d_set_clear_color
                0x00100bf8                sf2d_set_scissor_test
                0x00100c44                sf2d_get_current_screen
                0x00100c54                sf2d_get_current_side
 .text          0x00100c64      0x7cc c:/devkitPro/libctru/lib\libsf2d.a(sf2d_draw.o)
                0x00100c64                sf2d_draw_line
                0x00100e3c                sf2d_draw_rectangle
                0x00100ff4                sf2d_draw_rectangle_rotate
                0x00101248                sf2d_draw_fill_circle
 .text          0x00101430      0x4f8 c:/devkitPro/libctru/lib\libsf2d.a(sf2d_private.o)
                0x00101430                GPU_SetDummyTexEnv
                0x00101464                vector_mult_matrix4x4
                0x001014e8                matrix_gpu_set_uniform
                0x00101538                matrix_copy
                0x00101574                matrix_identity4x4
                0x001015c0                matrix_mult4x4
                0x00101634                matrix_set_z_rotation
                0x001016a8                matrix_rotate_z
                0x00101708                matrix_set_scaling
                0x00101754                matrix_swap_xy
                0x001017f4                matrix_init_orthographic
                0x00101908                next_pow2
 .text          0x00101928        0x0 c:/devkitPro/libctru/lib\libsf2d.a(shader.vsh.o)
 .text          0x00101928      0x1d4 c:/devkitPro/libctru/lib\libctru.a(linear.o)
                0x00101950                linearMemAlign
                0x00101a90                linearAlloc
                0x00101a98                linearRealloc
                0x00101aa0                linearFree
                0x00101af0                linearSpaceFree
 .text          0x00101afc      0x35c c:/devkitPro/libctru/lib\libctru.a(mem_pool.o)
                0x00101afc                MemPool::CoalesceRight(MemBlock*)
                0x00101b9c                MemPool::Allocate(MemChunk&, unsigned long, int)
                0x00101d24                MemPool::Deallocate(MemChunk const&)
                0x00101e28                MemPool::GetFreeSpace()
 .text          0x00101e58      0x1c4 c:/devkitPro/libctru/lib\libctru.a(vram.o)
                0x00101e80                vramMemAlign
                0x00101fb0                vramAlloc
                0x00101fb8                vramRealloc
                0x00101fc0                vramFree
                0x00102010                vramSpaceFree
 .text          0x0010201c      0x748 c:/devkitPro/libctru/lib\libctru.a(gfx.o)
                0x001020a8                gfxSet3D
                0x001020b8                gfxSetScreenFormat
                0x001020d0                gfxGetScreenFormat
                0x001020e8                gfxSetDoubleBuffering
                0x001020fc                gfxSetFramebufferInfo
                0x0010216c                gfxWriteFramebufferInfo
                0x00102230                gfxInit
                0x00102410                gfxInitDefault
                0x00102420                gfxExit
                0x00102508                gfxGetFramebuffer
                0x001025b8                gfxFlushBuffers
                0x00102694                gfxSwapBuffers
                0x00102708                gfxSwapBuffersGpu
 *fill*         0x00102764        0x4 
 .text          0x00102768      0x550 c:/devkitPro/libctru/lib\libctru.a(os.o)
                0x0010289c                osConvertVirtToPhys
                0x001028e8                osConvertOldLINEARMemToNew
                0x00102908                __libctru_gtod
                0x001029fc                osGetTime
                0x00102a70                osGetFirmVersion
                0x00102a84                osGetKernelVersion
                0x00102a98                osStrError
                0x00102ab8                osGetWifiStrength
                0x00102ac8                __ctru_speedup_config
                0x00102afc                osSetSpeedupEnable
                0x00102b0c                osGetSystemVersionData
                0x00102c3c                osGetSystemVersionDataString
 .text          0x00102cb8      0xa8c c:/devkitPro/libctru/lib\libctru.a(romfs_dev.o)
                0x00103438                romfsInit
                0x001036c0                romfsInitFromFile
                0x001036e8                romfsExit
 .text          0x00103744     0x1a58 c:/devkitPro/libctru/lib\libctru.a(gpu.o)
                0x001037c4                GPU_Init
                0x001037f0                GPUCMD_SetBuffer
                0x0010381c                GPUCMD_SetBufferOffset
                0x0010382c                GPUCMD_GetBuffer
                0x0010386c                GPUCMD_AddRawCommands
                0x001038b8                GPUCMD_Run
                0x00103918                GPUCMD_FlushAndRun
                0x0010398c                GPUCMD_Add
                0x00103a70                GPUCMD_Finalize
                0x00103b08                GPU_Reset
                0x001042e8                GPU_SetFloatUniform
                0x00104360                GPU_SetViewport
                0x00104554                GPU_SetScissorTest
                0x001045a0                GPU_DepthMap
                0x0010461c                GPU_SetAlphaTest
                0x00104654                GPU_SetStencilTest
                0x0010469c                GPU_SetStencilOp
                0x001046d0                GPU_SetDepthTestAndWriteMask
                0x00104708                GPU_SetAlphaBlending
                0x00104770                GPU_SetColorLogicOp
                0x001047b4                GPU_SetBlendingColor
                0x001047f0                GPU_SetTextureEnable
                0x0010483c                GPU_SetTexture
                0x001049d4                GPU_SetTextureBorderColor
                0x00104a68                GPU_SetAttributeBuffers
                0x00104c64                GPU_SetAttributeBuffersAddress
                0x00104c90                GPU_SetFaceCulling
                0x00104cbc                GPU_SetCombinerBufferWrite
                0x00104cf0                GPU_SetTexEnv
                0x00104d68                GPU_DrawArray
                0x00104e98                GPU_DrawElements
                0x00104fcc                GPU_FinishDrawing
                0x00105028                GPU_SetShaderOutmap
                0x00105070                GPU_SendShaderCode
                0x00105128                GPU_SendOperandDescriptors
 .text          0x0010519c        0x0 c:/devkitPro/libctru/lib\libctru.a(gpuResetSequence.o)
 .text          0x0010519c      0x7f4 c:/devkitPro/libctru/lib\libctru.a(shaderProgram.o)
                0x0010519c                shaderInstanceInit
                0x001053a4                shaderInstanceFree
                0x001053dc                shaderInstanceSetBool
                0x0010541c                shaderInstanceGetBool
                0x00105468                shaderInstanceGetUniformLocation
                0x00105488                shaderProgramInit
                0x001054a0                shaderProgramFree
                0x001054d0                shaderProgramSetVsh
                0x0010553c                shaderProgramSetGsh
                0x001055b0                shaderProgramUse
 .text          0x00105990      0x348 c:/devkitPro/libctru/lib\libctru.a(shbin.o)
                0x00105990                DVLB_Free
                0x001059cc                DVLE_GetUniformRegister
                0x00105a48                DVLE_GenerateOutmap
                0x00105b40                DVLB_ParseFile
 .text          0x00105cd8     0x1e3c c:/devkitPro/libctru/lib\libctru.a(apt.o)
                0x00105d3c                _aptDebug
                0x00105d40                aptInitCaptureInfo
                0x00105df0                aptWaitStatusEvent
                0x00105e18                aptHook
                0x00105e50                aptUnhook
                0x00105e7c                aptGetStatus
                0x00105eb4                aptSetStatus
                0x00105f24                aptGetStatusPower
                0x00105f5c                aptSetStatusPower
                0x00105f94                aptOpenSession
                0x00105fb8                aptCloseSession
                0x00105fe0                aptSignalReadyForSleep
                0x00105ff0                APT_GetLockHandle
                0x00106040                APT_Initialize
                0x001060a8                APT_Finalize
                0x001060e4                APT_HardwareResetAsync
                0x00106118                APT_Enable
                0x00106154                APT_GetAppletManInfo
                0x001061d4                aptGetMenuAppID
                0x00106210                APT_GetAppletInfo
                0x001062a8                APT_GetAppletProgramInfo
                0x001062fc                APT_GetProgramID
                0x0010636c                APT_IsRegistered
                0x001063bc                APT_InquireNotification
                0x0010640c                APT_PrepareToJumpToHomeMenu
                0x00106440                APT_JumpToHomeMenu
                0x00106490                APT_PrepareToJumpToApplication
                0x001064cc                APT_JumpToApplication
                0x0010651c                APT_NotifyToWait
                0x00106558                APT_AppletUtility
                0x001065e0                aptAppletUtility_Exit_RetToApp
                0x00106700                aptAppletClosed
                0x00106810                aptInit
                0x001069d8                APT_GlanceParameter
                0x00106a4c                APT_ReceiveParameter
                0x00106ac0                APT_SendParameter
                0x00106b30                APT_SendCaptureBufferInfo
                0x00106b7c                aptReturnToMenu
                0x00106d50                APT_ReplySleepQuery
                0x00106d90                APT_ReplySleepNotificationComplete
                0x00106dcc                aptEventHandler
                0x001070d0                APT_PrepareToCloseApplication
                0x0010710c                APT_CloseApplication
                0x00107164                aptExit
                0x00107350                APT_SetAppCpuTimeLimit
                0x00107394                APT_GetAppCpuTimeLimit
                0x001073e8                APT_CheckNew3DS_Application
                0x00107444                APT_CheckNew3DS_System
                0x001074a0                APT_CheckNew3DS
                0x00107514                APT_PrepareToDoAppJump
                0x00107560                APT_DoAppJump
                0x001075c8                APT_PrepareToStartLibraryApplet
                0x00107604                APT_StartLibraryApplet
                0x00107664                aptAppletStarted
                0x00107768                aptMainLoop
                0x001078e0                APT_LaunchLibraryApplet
                0x00107a78                APT_PrepareToStartSystemApplet
                0x00107ab4                APT_StartSystemApplet
 .text          0x00107b14      0x288 c:/devkitPro/libctru/lib\libctru.a(cfgu.o)
                0x00107b14                initCfgu
                0x00107b68                exitCfgu
                0x00107b88                CFGU_SecureInfoGetRegion
                0x00107bc0                CFGU_GenHashConsoleUnique
                0x00107c18                CFGU_GetRegionCanadaUSA
                0x00107c50                CFGU_GetSystemModel
                0x00107c88                CFGU_GetModelNintendo2DS
                0x00107cc0                CFGU_GetCountryCodeString
                0x00107d00                CFGU_GetCountryCodeID
                0x00107d40                CFGU_GetConfigInfoBlk2
                0x00107d88                CFGU_GetSystemLanguage
 .text          0x00107d9c      0xd4c c:/devkitPro/libctru/lib\libctru.a(fs.o)
                0x00107d9c                FS_makePath
                0x00107dc8                fsExit
                0x00107dec                fsGetSessionHandle
                0x00107df8                FSUSER_Initialize
                0x00107e6c                fsInit
                0x00107ed8                FSUSER_OpenFile
                0x00107f84                FSUSER_OpenFileDirectly
                0x00108050                FSUSER_DeleteFile
                0x001080d8                FSUSER_RenameFile
                0x0010819c                FSUSER_DeleteDirectory
                0x00108224                FSUSER_DeleteDirectoryRecursively
                0x001082ac                FSUSER_CreateFile
                0x00108344                FSUSER_CreateDirectory
                0x001083d0                FSUSER_RenameDirectory
                0x00108494                FSUSER_OpenDirectory
                0x00108528                FSUSER_OpenArchive
                0x001085b0                FSUSER_CloseArchive
                0x00108608                FSUSER_GetSdmcArchiveResource
                0x00108684                FSUSER_GetNandArchiveResource
                0x00108700                FSUSER_IsSdmcDetected
                0x0010874c                FSUSER_GetProductInfo
                0x001087c4                FSUSER_GetMediaType
                0x00108810                FSUSER_IsSdmcWritable
                0x0010885c                FSFILE_Close
                0x001088a0                FSFILE_Read
                0x001088fc                FSFILE_Write
                0x00108960                FSFILE_GetSize
                0x001089a0                FSFILE_SetSize
                0x001089cc                FSFILE_GetAttributes
                0x00108a04                FSFILE_SetAttributes
                0x00108a2c                FSFILE_Flush
                0x00108a50                FSDIR_Read
                0x00108aa4                FSDIR_Close
 .text          0x00108ae8      0x934 c:/devkitPro/libctru/lib\libctru.a(gsp.o)
                0x00108bcc                gspInit
                0x00108be0                gspExit
                0x00108bf8                gspInitEventHandler
                0x00108cc4                gspExitEventHandler
                0x00108d1c                gspWaitForEvent
                0x00108d74                GSPGPU_WriteHWRegs
                0x00108de4                GSPGPU_WriteHWRegsWithMask
                0x00108e70                GSPGPU_ReadHWRegs
                0x00108ee0                GSPGPU_SetBufferSwap
                0x00108f54                GSPGPU_FlushDataCache
                0x00108fa8                GSPGPU_InvalidateDataCache
                0x00108ffc                GSPGPU_SetLcdForceBlack
                0x00109038                GSPGPU_TriggerCmdReqQueue
                0x0010906c                GSPGPU_RegisterInterruptRelayQueue
                0x001090d8                GSPGPU_UnregisterInterruptRelayQueue
                0x0010910c                GSPGPU_AcquireRight
                0x0010915c                GSPGPU_ReleaseRight
                0x00109190                GSPGPU_ImportDisplayCaptureInfo
                0x00109214                GSPGPU_SaveVramSysArea
                0x00109248                GSPGPU_RestoreVramSysArea
                0x0010927c                GSPGPU_SubmitGxCommand
                0x00109388                gspLcdInit
                0x0010939c                gspLcdExit
                0x001093b4                GSPLCD_PowerOffBacklight
                0x001093e8                GSPLCD_PowerOnBacklight
 .text          0x0010941c      0x264 c:/devkitPro/libctru/lib\libctru.a(gx.o)
                0x0010941c                GX_RequestDma
                0x00109470                GX_SetCommandList_Last
                0x001094d8                GX_SetMemoryFill
                0x0010954c                GX_SetDisplayTransfer
                0x001095b0                GX_SetTextureCopy
                0x00109618                GX_SetCommandList_First
 .text          0x00109680      0x754 c:/devkitPro/libctru/lib\libctru.a(hid.o)
                0x00109680                hidExit
                0x00109750                hidWaitForEvent
                0x001097a8                hidCheckSectionUpdateTime
                0x001097e4                hidScanInput
                0x00109a2c                hidKeysHeld
                0x00109a3c                hidKeysDown
                0x00109a4c                hidKeysUp
                0x00109a5c                hidTouchRead
                0x00109a74                hidCircleRead
                0x00109a8c                hidAccelRead
                0x00109aac                hidGyroRead
                0x00109acc                HIDUSER_GetHandles
                0x00109b5c                hidInit
                0x00109cb0                HIDUSER_EnableAccelerometer
                0x00109cdc                HIDUSER_DisableAccelerometer
                0x00109d08                HIDUSER_EnableGyroscope
                0x00109d34                HIDUSER_DisableGyroscope
                0x00109d60                HIDUSER_GetGyroscopeRawToDpsCoefficient
                0x00109d9c                HIDUSER_GetSoundVolume
 .text          0x00109dd4      0x3c0 c:/devkitPro/libctru/lib\libctru.a(irrst.o)
                0x00109dd4                irrstWaitForEvent
                0x00109e20                irrstCheckSectionUpdateTime
                0x00109e5c                irrstScanInput
                0x00109f10                irrstKeysHeld
                0x00109f28                irrstCstickRead
                0x00109f40                IRRST_GetHandles
                0x00109f90                IRRST_Initialize
                0x00109fc8                irrstInit
                0x0010a0c8                IRRST_Shutdown
                0x0010a0f4                irrstExit
 .text          0x0010a194      0x1bc c:/devkitPro/libctru/lib\libctru.a(ptm.o)
                0x0010a194                ptmInit
                0x0010a1a8                ptmExit
                0x0010a1b8                ptmSysmInit
                0x0010a1cc                ptmSysmExit
                0x0010a1dc                PTMU_GetShellState
                0x0010a21c                PTMU_GetBatteryLevel
                0x0010a25c                PTMU_GetBatteryChargeState
                0x0010a29c                PTMU_GetPedometerState
                0x0010a2dc                PTMU_GetTotalStepCount
                0x0010a31c                PTMSYSM_ConfigureNew3DSCPU
 .text          0x0010a350       0x70 c:/devkitPro/libctru/lib\libctru.a(rbtree_find.o)
                0x0010a350                rbtree_find
 .text          0x0010a3c0       0x14 c:/devkitPro/libctru/lib\libctru.a(rbtree_init.o)
                0x0010a3c0                rbtree_init
 .text          0x0010a3d4      0x1f4 c:/devkitPro/libctru/lib\libctru.a(rbtree_insert.o)
                0x0010a5b8                rbtree_insert
                0x0010a5c0                rbtree_insert_multi
 .text          0x0010a5c8      0x340 c:/devkitPro/libctru/lib\libctru.a(rbtree_remove.o)
                0x0010a5c8                rbtree_remove
 .text          0x0010a908       0xac c:/devkitPro/libctru/lib\libctru.a(rbtree_rotate.o)
                0x0010a908                rbtree_rotate
 .text          0x0010a9b4       0xb8 c:/devkitPro/libctru/lib\libctru.a(utf8_to_utf16.o)
                0x0010a9b4                utf8_to_utf16
 .text          0x0010aa6c       0xa4 c:/devkitPro/libctru/lib\libctru.a(allocateHeaps.o)
                0x0010aa6c                __system_allocateHeaps
 .text          0x0010ab10       0xf4 c:/devkitPro/libctru/lib\libctru.a(initArgv.o)
                0x0010ab10                __system_initArgv
 .text          0x0010ac04       0x4c c:/devkitPro/libctru/lib\libctru.a(initSystem.o)
                0x0010ac04                __libctru_init
 .text          0x0010ac50      0x460 c:/devkitPro/libctru/lib\libctru.a(svc.o)
                0x0010ac50                svcControlMemory
                0x0010ac70                svcQueryMemory
                0x0010aca0                svcExitProcess
                0x0010aca8                svcCreateThread
                0x0010acc8                svcExitThread
                0x0010acd0                svcSleepThread
                0x0010acd8                svcGetThreadPriority
                0x0010acec                svcSetThreadPriority
                0x0010acf4                svcGetThreadAffinityMask
                0x0010acfc                svcSetThreadAffinityMask
                0x0010ad04                svcGetThreadIdealProcessor
                0x0010ad18                svcSetThreadIdealProcessor
                0x0010ad20                svcGetProcessorID
                0x0010ad28                svcCreateMutex
                0x0010ad3c                svcReleaseMutex
                0x0010ad44                svcCreateSemaphore
                0x0010ad58                svcReleaseSemaphore
                0x0010ad6c                svcCreateEvent
                0x0010ad80                svcSignalEvent
                0x0010ad88                svcClearEvent
                0x0010ad90                svcCreateTimer
                0x0010ada4                svcSetTimer
                0x0010adac                svcCancelTimer
                0x0010adb4                svcClearTimer
                0x0010adbc                svcCreateMemoryBlock
                0x0010add4                svcMapMemoryBlock
                0x0010addc                svcUnmapMemoryBlock
                0x0010ade4                svcCreateAddressArbiter
                0x0010adf8                svcArbitrateAddress
                0x0010ae18                svcCloseHandle
                0x0010ae20                svcWaitSynchronization
                0x0010ae28                svcWaitSynchronizationN
                0x0010ae50                svcDuplicateHandle
                0x0010ae64                svcGetSystemTick
                0x0010ae6c                svcGetSystemInfo
                0x0010ae84                svcGetProcessInfo
                0x0010ae9c                svcGetThreadInfo
                0x0010aeb4                svcConnectToPort
                0x0010aec8                svcSendSyncRequest
                0x0010aed0                svcOpenProcess
                0x0010aee4                svcOpenThread
                0x0010aef8                svcGetProcessId
                0x0010af0c                svcGetProcessIdOfThread
                0x0010af20                svcGetThreadId
                0x0010af34                svcBreak
                0x0010af3c                svcOutputDebugString
                0x0010af44                svcCreatePort
                0x0010af64                svcAcceptSession
                0x0010af7c                svcReplyAndReceive
                0x0010af94                svcInvalidateProcessDataCache
                0x0010af9c                svcFlushProcessDataCache
                0x0010afa4                svcStartInterProcessDma
                0x0010afc4                svcStopDma
                0x0010afcc                svcGetDmaState
                0x0010afe0                svcDebugActiveProcess
                0x0010aff4                svcBreakDebugProcess
                0x0010affc                svcTerminateDebugProcess
                0x0010b004                svcGetProcessDebugEvent
                0x0010b00c                svcContinueDebugEvent
                0x0010b014                svcGetProcessList
                0x0010b034                svcReadProcessMemory
                0x0010b03c                svcWriteProcessMemory
                0x0010b044                svcControlProcessMemory
                0x0010b05c                svcMapProcessMemory
                0x0010b064                svcUnmapProcessMemory
                0x0010b06c                svcTerminateProcess
                0x0010b074                svcBackdoor
                0x0010b07c                svcKernelSetState
                0x0010b084                svcQueryProcessMemory
 .text          0x0010b0b0       0x64 c:/devkitPro/libctru/lib\libctru.a(stack_adjust.o)
                0x0010b0b0                initSystem
                0x0010b0f4                __ctru_exit
 .text          0x0010b114      0x178 c:/devkitPro/libctru/lib\libctru.a(mappable.o)
                0x0010b13c                mappableAlloc
                0x0010b230                mappableFree
                0x0010b280                mappableSpaceFree
 .text          0x0010b28c      0x3b8 c:/devkitPro/libctru/lib\libctru.a(srv.o)
                0x0010b28c                __get_handle_from_list
                0x0010b324                __destroy_handle_list
                0x0010b378                srvExit
                0x0010b3a0                srvGetSessionHandle
                0x0010b3ac                srvRegisterClient
                0x0010b3e4                srvInit
                0x0010b44c                srvGetServiceHandle
                0x0010b4cc                srvRegisterService
                0x0010b528                srvUnregisterService
                0x0010b574                srvPmInit
                0x0010b5c8                srvRegisterProcess
                0x0010b610                srvUnregisterProcess
 .text          0x0010b644      0x118 c:/devkitPro/libctru/lib\libctru.a(rbtree_iterator.o)
                0x0010b644                rbtree_node_next
                0x0010b6d0                rbtree_node_prev
 .text          0x0010b75c      0x138 c:/devkitPro/libctru/lib\libctru.a(decode_utf8.o)
                0x0010b75c                decode_utf8
 .text          0x0010b894       0x68 c:/devkitPro/libctru/lib\libctru.a(encode_utf16.o)
                0x0010b894                encode_utf16
 .text          0x0010b8fc       0x1c c:/devkitPro/libctru/lib\libctru.a(appExit.o)
                0x0010b8fc                __appExit
 .text          0x0010b918       0x1c c:/devkitPro/libctru/lib\libctru.a(appInit.o)
                0x0010b918                __appInit
 .text          0x0010b934       0x90 c:/devkitPro/libctru/lib\libctru.a(ctru_exit.o)
                0x0010b934                __libctru_exit
 .text          0x0010b9c4      0xffc c:/devkitPro/libctru/lib\libctru.a(sdmc_dev.o)
                0x0010c840                sdmcInit
                0x0010c970                sdmcExit
 .text          0x0010c9c0       0xe8 c:/devkitPro/libctru/lib\libctru.a(utf16_to_utf8.o)
                0x0010c9c0                utf16_to_utf8
 .text          0x0010caa8       0x60 c:/devkitPro/libctru/lib\libctru.a(decode_utf16.o)
                0x0010caa8                decode_utf16
 .text          0x0010cb08      0x104 c:/devkitPro/libctru/lib\libctru.a(encode_utf8.o)
                0x0010cb08                encode_utf8
 .text          0x0010cc0c        0x0 c:/devkitpro/devkitarm/bin/../lib/gcc/arm-none-eabi/4.9.2/../../../../arm-none-eabi/lib/armv6k/fpu\libm.a(lib_a-s_cos.o)
 .text          0x0010cc0c        0x0 c:/devkitpro/devkitarm/bin/../lib/gcc/arm-none-eabi/4.9.2/../../../../arm-none-eabi/lib/armv6k/fpu\libm.a(lib_a-sf_cos.o)
 .text          0x0010cc0c        0x0 c:/devkitpro/devkitarm/bin/../lib/gcc/arm-none-eabi/4.9.2/../../../../arm-none-eabi/lib/armv6k/fpu\libm.a(lib_a-sf_sin.o)
 .text          0x0010cc0c        0x0 c:/devkitpro/devkitarm/bin/../lib/gcc/arm-none-eabi/4.9.2/../../../../arm-none-eabi/lib/armv6k/fpu\libm.a(lib_a-s_sin.o)
 .text          0x0010cc0c        0x0 c:/devkitpro/devkitarm/bin/../lib/gcc/arm-none-eabi/4.9.2/../../../../arm-none-eabi/lib/armv6k/fpu\libm.a(lib_a-ef_rem_pio2.o)
 .text          0x0010cc0c        0x0 c:/devkitpro/devkitarm/bin/../lib/gcc/arm-none-eabi/4.9.2/../../../../arm-none-eabi/lib/armv6k/fpu\libm.a(lib_a-e_rem_pio2.o)
 .text          0x0010cc0c        0x0 c:/devkitpro/devkitarm/bin/../lib/gcc/arm-none-eabi/4.9.2/../../../../arm-none-eabi/lib/armv6k/fpu\libm.a(lib_a-k_cos.o)
 .text          0x0010cc0c        0x0 c:/devkitpro/devkitarm/bin/../lib/gcc/arm-none-eabi/4.9.2/../../../../arm-none-eabi/lib/armv6k/fpu\libm.a(lib_a-kf_cos.o)
 .text          0x0010cc0c        0x0 c:/devkitpro/devkitarm/bin/../lib/gcc/arm-none-eabi/4.9.2/../../../../arm-none-eabi/lib/armv6k/fpu\libm.a(lib_a-kf_rem_pio2.o)
 .text          0x0010cc0c        0x0 c:/devkitpro/devkitarm/bin/../lib/gcc/arm-none-eabi/4.9.2/../../../../arm-none-eabi/lib/armv6k/fpu\libm.a(lib_a-kf_sin.o)
 .text          0x0010cc0c        0x0 c:/devkitpro/devkitarm/bin/../lib/gcc/arm-none-eabi/4.9.2/../../../../arm-none-eabi/lib/armv6k/fpu\libm.a(lib_a-k_rem_pio2.o)
 .text          0x0010cc0c        0x0 c:/devkitpro/devkitarm/bin/../lib/gcc/arm-none-eabi/4.9.2/../../../../arm-none-eabi/lib/armv6k/fpu\libm.a(lib_a-k_sin.o)
 .text          0x0010cc0c        0x0 c:/devkitpro/devkitarm/bin/../lib/gcc/arm-none-eabi/4.9.2/../../../../arm-none-eabi/lib/armv6k/fpu\libm.a(lib_a-s_fabs.o)
 .text          0x0010cc0c        0x0 c:/devkitpro/devkitarm/bin/../lib/gcc/arm-none-eabi/4.9.2/../../../../arm-none-eabi/lib/armv6k/fpu\libm.a(lib_a-sf_fabs.o)
 .text          0x0010cc0c        0x0 c:/devkitpro/devkitarm/bin/../lib/gcc/arm-none-eabi/4.9.2/../../../../arm-none-eabi/lib/armv6k/fpu\libm.a(lib_a-sf_floor.o)
 .text          0x0010cc0c        0x0 c:/devkitpro/devkitarm/bin/../lib/gcc/arm-none-eabi/4.9.2/../../../../arm-none-eabi/lib/armv6k/fpu\libm.a(lib_a-s_floor.o)
 .text          0x0010cc0c        0x0 c:/devkitpro/devkitarm/bin/../lib/gcc/arm-none-eabi/4.9.2/../../../../arm-none-eabi/lib/armv6k/fpu\libm.a(lib_a-sf_scalbn.o)
 .text          0x0010cc0c        0x0 c:/devkitpro/devkitarm/bin/../lib/gcc/arm-none-eabi/4.9.2/../../../../arm-none-eabi/lib/armv6k/fpu\libm.a(lib_a-s_scalbn.o)
 .text          0x0010cc0c        0x0 c:/devkitpro/devkitarm/bin/../lib/gcc/arm-none-eabi/4.9.2/../../../../arm-none-eabi/lib/armv6k/fpu\libm.a(lib_a-s_copysign.o)
 .text          0x0010cc0c        0x0 c:/devkitpro/devkitarm/bin/../lib/gcc/arm-none-eabi/4.9.2/../../../../arm-none-eabi/lib/armv6k/fpu\libm.a(lib_a-sf_copysign.o)
 .text          0x0010cc0c      0x20c c:/devkitpro/devkitarm/bin/../lib/gcc/arm-none-eabi/4.9.2/armv6k/fpu\libgcc.a(_udivsi3.o)
                0x0010cc0c                __aeabi_uidiv
                0x0010cc0c                __udivsi3
                0x0010cdf8                __aeabi_uidivmod
 .text          0x0010ce18        0x4 c:/devkitpro/devkitarm/bin/../lib/gcc/arm-none-eabi/4.9.2/armv6k/fpu\libgcc.a(_dvmd_tls.o)
                0x0010ce18                __aeabi_idiv0
                0x0010ce18                __aeabi_ldiv0
 .text          0x0010ce1c      0x250 c:/devkitpro/devkitarm/bin/../lib/gcc/arm-none-eabi/4.9.2/armv6k/fpu\libgcc.a(_arm_addsubsf3.o)
                0x0010ce1c                __aeabi_frsub
                0x0010ce24                __subsf3
                0x0010ce24                __aeabi_fsub
                0x0010ce28                __aeabi_fadd
                0x0010ce28                __addsf3
                0x0010cfb8                __aeabi_ui2f
                0x0010cfb8                __floatunsisf
                0x0010cfc0                __aeabi_i2f
                0x0010cfc0                __floatsisf
                0x0010cfe0                __aeabi_ul2f
                0x0010cfe0                __floatundisf
                0x0010cff0                __aeabi_l2f
                0x0010cff0                __floatdisf
 .text          0x0010d06c        0x0 c:/devkitpro/devkitarm/bin/../lib/gcc/arm-none-eabi/4.9.2/../../../../arm-none-eabi/lib/armv6k/fpu\libg.a(lib_a-bsearch.o)
 .text          0x0010d06c        0x0 c:/devkitpro/devkitarm/bin/../lib/gcc/arm-none-eabi/4.9.2/../../../../arm-none-eabi/lib/armv6k/fpu\libg.a(lib_a-errno.o)
 .text          0x0010d06c        0x0 c:/devkitpro/devkitarm/bin/../lib/gcc/arm-none-eabi/4.9.2/../../../../arm-none-eabi/lib/armv6k/fpu\libg.a(lib_a-fclose.o)
 .text          0x0010d06c        0x0 c:/devkitpro/devkitarm/bin/../lib/gcc/arm-none-eabi/4.9.2/../../../../arm-none-eabi/lib/armv6k/fpu\libg.a(lib_a-fflush.o)
 .text          0x0010d06c        0x0 c:/devkitpro/devkitarm/bin/../lib/gcc/arm-none-eabi/4.9.2/../../../../arm-none-eabi/lib/armv6k/fpu\libg.a(lib_a-findfp.o)
 .text          0x0010d06c        0x0 c:/devkitpro/devkitarm/bin/../lib/gcc/arm-none-eabi/4.9.2/../../../../arm-none-eabi/lib/armv6k/fpu\libg.a(lib_a-fini.o)
 .text          0x0010d06c        0x0 c:/devkitpro/devkitarm/bin/../lib/gcc/arm-none-eabi/4.9.2/../../../../arm-none-eabi/lib/armv6k/fpu\libg.a(lib_a-fopen.o)
 .text          0x0010d06c        0x0 c:/devkitpro/devkitarm/bin/../lib/gcc/arm-none-eabi/4.9.2/../../../../arm-none-eabi/lib/armv6k/fpu\libg.a(lib_a-fread.o)
 .text          0x0010d06c        0x0 c:/devkitpro/devkitarm/bin/../lib/gcc/arm-none-eabi/4.9.2/../../../../arm-none-eabi/lib/armv6k/fpu\libg.a(lib_a-freer.o)
 .text          0x0010d06c        0x0 c:/devkitpro/devkitarm/bin/../lib/gcc/arm-none-eabi/4.9.2/../../../../arm-none-eabi/lib/armv6k/fpu\libg.a(lib_a-fseek.o)
 .text          0x0010d06c        0x0 c:/devkitpro/devkitarm/bin/../lib/gcc/arm-none-eabi/4.9.2/../../../../arm-none-eabi/lib/armv6k/fpu\libg.a(lib_a-fseeko.o)
 .text          0x0010d06c        0x0 c:/devkitpro/devkitarm/bin/../lib/gcc/arm-none-eabi/4.9.2/../../../../arm-none-eabi/lib/armv6k/fpu\libg.a(lib_a-fwalk.o)
 .text          0x0010d06c        0x0 c:/devkitpro/devkitarm/bin/../lib/gcc/arm-none-eabi/4.9.2/../../../../arm-none-eabi/lib/armv6k/fpu\libg.a(lib_a-impure.o)
 .text          0x0010d06c        0x0 c:/devkitpro/devkitarm/bin/../lib/gcc/arm-none-eabi/4.9.2/../../../../arm-none-eabi/lib/armv6k/fpu\libg.a(lib_a-init.o)
 .text          0x0010d06c        0x0 c:/devkitpro/devkitarm/bin/../lib/gcc/arm-none-eabi/4.9.2/../../../../arm-none-eabi/lib/armv6k/fpu\libg.a(lib_a-makebuf.o)
 .text          0x0010d06c        0x0 c:/devkitpro/devkitarm/bin/../lib/gcc/arm-none-eabi/4.9.2/../../../../arm-none-eabi/lib/armv6k/fpu\libg.a(lib_a-malloc.o)
 .text          0x0010d06c        0x0 c:/devkitpro/devkitarm/bin/../lib/gcc/arm-none-eabi/4.9.2/../../../../arm-none-eabi/lib/armv6k/fpu\libg.a(lib_a-mallocr.o)
 .text          0x0010d06c        0x0 c:/devkitpro/devkitarm/bin/../lib/gcc/arm-none-eabi/4.9.2/../../../../arm-none-eabi/lib/armv6k/fpu\libg.a(lib_a-memcmp.o)
 .text          0x0010d06c        0x0 c:/devkitpro/devkitarm/bin/../lib/gcc/arm-none-eabi/4.9.2/../../../../arm-none-eabi/lib/armv6k/fpu\libg.a(lib_a-memcpy.o)
 .text          0x0010d06c        0x0 c:/devkitpro/devkitarm/bin/../lib/gcc/arm-none-eabi/4.9.2/../../../../arm-none-eabi/lib/armv6k/fpu\libg.a(lib_a-memset.o)
 .text          0x0010d06c        0x0 c:/devkitpro/devkitarm/bin/../lib/gcc/arm-none-eabi/4.9.2/../../../../arm-none-eabi/lib/armv6k/fpu\libg.a(lib_a-mlock.o)
 .text          0x0010d06c        0x0 c:/devkitpro/devkitarm/bin/../lib/gcc/arm-none-eabi/4.9.2/../../../../arm-none-eabi/lib/armv6k/fpu\libg.a(lib_a-rand.o)
 .text          0x0010d06c        0x0 c:/devkitpro/devkitarm/bin/../lib/gcc/arm-none-eabi/4.9.2/../../../../arm-none-eabi/lib/armv6k/fpu\libg.a(lib_a-refill.o)
 .text          0x0010d06c        0x0 c:/devkitpro/devkitarm/bin/../lib/gcc/arm-none-eabi/4.9.2/../../../../arm-none-eabi/lib/armv6k/fpu\libg.a(lib_a-snprintf.o)
 .text          0x0010d06c        0x0 c:/devkitpro/devkitarm/bin/../lib/gcc/arm-none-eabi/4.9.2/../../../../arm-none-eabi/lib/armv6k/fpu\libg.a(lib_a-stdio.o)
 .text          0x0010d06c        0x0 c:/devkitpro/devkitarm/bin/../lib/gcc/arm-none-eabi/4.9.2/../../../../arm-none-eabi/lib/armv6k/fpu\libg.a(lib_a-strchr.o)
 *fill*         0x0010d06c       0x14 
 .text          0x0010d080      0x3a0 c:/devkitpro/devkitarm/bin/../lib/gcc/arm-none-eabi/4.9.2/../../../../arm-none-eabi/lib/armv6k/fpu\libg.a(lib_a-strcmp.o)
                0x0010d088                strcmp
 .text          0x0010d420        0x0 c:/devkitpro/devkitarm/bin/../lib/gcc/arm-none-eabi/4.9.2/../../../../arm-none-eabi/lib/armv6k/fpu\libg.a(lib_a-strcpy.o)
 .text          0x0010d420        0x0 c:/devkitpro/devkitarm/bin/../lib/gcc/arm-none-eabi/4.9.2/../../../../arm-none-eabi/lib/armv6k/fpu\libg.a(lib_a-strlen.o)
 .text          0x0010d420        0x0 c:/devkitpro/devkitarm/bin/../lib/gcc/arm-none-eabi/4.9.2/../../../../arm-none-eabi/lib/armv6k/fpu\libg.a(lib_a-strncat.o)
 .text          0x0010d420        0x0 c:/devkitpro/devkitarm/bin/../lib/gcc/arm-none-eabi/4.9.2/../../../../arm-none-eabi/lib/armv6k/fpu\libg.a(lib_a-strncmp.o)
 .text          0x0010d420        0x0 c:/devkitpro/devkitarm/bin/../lib/gcc/arm-none-eabi/4.9.2/../../../../arm-none-eabi/lib/armv6k/fpu\libg.a(lib_a-strncpy.o)
 .text          0x0010d420        0x0 c:/devkitpro/devkitarm/bin/../lib/gcc/arm-none-eabi/4.9.2/../../../../arm-none-eabi/lib/armv6k/fpu\libg.a(lib_a-svfprintf.o)
 .text          0x0010d420        0x0 c:/devkitpro/devkitarm/bin/../lib/gcc/arm-none-eabi/4.9.2/../../../../arm-none-eabi/lib/armv6k/fpu\libg.a(lib_a-wcrtomb.o)
 .text          0x0010d420        0x0 c:/devkitpro/devkitarm/bin/../lib/gcc/arm-none-eabi/4.9.2/../../../../arm-none-eabi/lib/armv6k/fpu\libg.a(lib_a-wcsrtombs.o)
 .text          0x0010d420        0x0 c:/devkitpro/devkitarm/bin/../lib/gcc/arm-none-eabi/4.9.2/../../../../arm-none-eabi/lib/armv6k/fpu\libg.a(lib_a-wctomb_r.o)
 .text          0x0010d420        0x0 c:/devkitpro/devkitarm/bin/../lib/gcc/arm-none-eabi/4.9.2/../../../../arm-none-eabi/lib/armv6k/fpu\libg.a(lib_a-dtoa.o)
 .text          0x0010d420        0x0 c:/devkitpro/devkitarm/bin/../lib/gcc/arm-none-eabi/4.9.2/../../../../arm-none-eabi/lib/armv6k/fpu\libg.a(lib_a-flags.o)
 .text          0x0010d420        0x0 c:/devkitpro/devkitarm/bin/../lib/gcc/arm-none-eabi/4.9.2/../../../../arm-none-eabi/lib/armv6k/fpu\libg.a(lib_a-locale.o)
 .text          0x0010d420        0x0 c:/devkitpro/devkitarm/bin/../lib/gcc/arm-none-eabi/4.9.2/../../../../arm-none-eabi/lib/armv6k/fpu\libg.a(lib_a-mbtowc_r.o)
 .text          0x0010d420        0x0 c:/devkitpro/devkitarm/bin/../lib/gcc/arm-none-eabi/4.9.2/../../../../arm-none-eabi/lib/armv6k/fpu\libg.a(lib_a-memchr.o)
 .text          0x0010d420        0x0 c:/devkitpro/devkitarm/bin/../lib/gcc/arm-none-eabi/4.9.2/../../../../arm-none-eabi/lib/armv6k/fpu\libg.a(lib_a-mprec.o)
 .text          0x0010d420        0x0 c:/devkitpro/devkitarm/bin/../lib/gcc/arm-none-eabi/4.9.2/../../../../arm-none-eabi/lib/armv6k/fpu\libg.a(lib_a-s_fpclassify.o)
 .text          0x0010d420        0x0 c:/devkitpro/devkitarm/bin/../lib/gcc/arm-none-eabi/4.9.2/../../../../arm-none-eabi/lib/armv6k/fpu\libg.a(lib_a-s_frexp.o)
 .text          0x0010d420        0x0 c:/devkitpro/devkitarm/bin/../lib/gcc/arm-none-eabi/4.9.2/../../../../arm-none-eabi/lib/armv6k/fpu\libg.a(lib_a-strcasecmp.o)
 .text          0x0010d420        0x0 c:/devkitpro/devkitarm/bin/../lib/gcc/arm-none-eabi/4.9.2/../../../../arm-none-eabi/lib/armv6k/fpu\libg.a(lib_a-strcat.o)
 .text          0x0010d420        0x0 c:/devkitpro/devkitarm/bin/../lib/gcc/arm-none-eabi/4.9.2/../../../../arm-none-eabi/lib/armv6k/fpu\libg.a(lib_a-strlcpy.o)
 .text          0x0010d420        0x0 c:/devkitpro/devkitarm/bin/../lib/gcc/arm-none-eabi/4.9.2/../../../../arm-none-eabi/lib/armv6k/fpu\libg.a(lib_a-strncasecmp.o)
 .text          0x0010d420        0x0 c:/devkitpro/devkitarm/bin/../lib/gcc/arm-none-eabi/4.9.2/../../../../arm-none-eabi/lib/armv6k/fpu\libg.a(lib_a-strtol.o)
 .text          0x0010d420        0x0 c:/devkitpro/devkitarm/bin/../lib/gcc/arm-none-eabi/4.9.2/../../../../arm-none-eabi/lib/armv6k/fpu\libg.a(lib_a-svfiprintf.o)
 .text          0x0010d420        0x0 c:/devkitpro/devkitarm/bin/../lib/gcc/arm-none-eabi/4.9.2/../../../../arm-none-eabi/lib/armv6k/fpu\libg.a(lib_a-wcsnrtombs.o)
 .text          0x0010d420        0x0 c:/devkitpro/devkitarm/bin/../lib/gcc/arm-none-eabi/4.9.2/../../../../arm-none-eabi/lib/armv6k/fpu\libg.a(lib_a-callocr.o)
 .text          0x0010d420        0x0 c:/devkitpro/devkitarm/bin/../lib/gcc/arm-none-eabi/4.9.2/../../../../arm-none-eabi/lib/armv6k/fpu\libg.a(lib_a-ctype_.o)
 .text          0x0010d420        0x0 c:/devkitpro/devkitarm/bin/../lib/gcc/arm-none-eabi/4.9.2/../../../../arm-none-eabi/lib/armv6k/fpu\libg.a(lib_a-getenv_r.o)
 .text          0x0010d420        0x0 c:/devkitpro/devkitarm/bin/../lib/gcc/arm-none-eabi/4.9.2/../../../../arm-none-eabi/lib/armv6k/fpu\libg.a(lib_a-memmove.o)
 .text          0x0010d420        0x0 c:/devkitpro/devkitarm/bin/../lib/gcc/arm-none-eabi/4.9.2/../../../../arm-none-eabi/lib/armv6k/fpu\libg.a(lib_a-reallocr.o)
 .text          0x0010d420        0x0 c:/devkitpro/devkitarm/bin/../lib/gcc/arm-none-eabi/4.9.2/../../../../arm-none-eabi/lib/armv6k/fpu\libg.a(lib_a-environ.o)
 .text          0x0010d420        0x0 c:/devkitpro/devkitarm/bin/../lib/gcc/arm-none-eabi/4.9.2/../../../../arm-none-eabi/lib/armv6k/fpu\libg.a(lib_a-envlock.o)
 .text          0x0010d420      0x1a8 c:/devkitpro/devkitarm/bin/../lib/gcc/arm-none-eabi/4.9.2/../../../../arm-none-eabi/lib/armv6k/fpu\libsysbase.a(iosupport.o)
                0x0010d420                setDefaultDevice
                0x0010d438                FindDevice
                0x0010d4e4                RemoveDevice
                0x0010d510                AddDevice
                0x0010d5a4                GetDeviceOpTab
 .text          0x0010d5c8       0x7c c:/devkitpro/devkitarm/bin/../lib/gcc/arm-none-eabi/4.9.2/../../../../arm-none-eabi/lib/armv6k/fpu\libsysbase.a(close.o)
                0x0010d5c8                _close_r
 .text          0x0010d644       0x6c c:/devkitpro/devkitarm/bin/../lib/gcc/arm-none-eabi/4.9.2/../../../../arm-none-eabi/lib/armv6k/fpu\libsysbase.a(fstat.o)
                0x0010d644                _fstat_r
 .text          0x0010d6b0        0x8 c:/devkitpro/devkitarm/bin/../lib/gcc/arm-none-eabi/4.9.2/../../../../arm-none-eabi/lib/armv6k/fpu\libsysbase.a(isatty.o)
                0x0010d6b0                _isatty_r
 .text          0x0010d6b8       0x74 c:/devkitpro/devkitarm/bin/../lib/gcc/arm-none-eabi/4.9.2/../../../../arm-none-eabi/lib/armv6k/fpu\libsysbase.a(lseek.o)
                0x0010d6b8                _lseek_r
 .text          0x0010d72c       0xc8 c:/devkitpro/devkitarm/bin/../lib/gcc/arm-none-eabi/4.9.2/../../../../arm-none-eabi/lib/armv6k/fpu\libsysbase.a(open.o)
                0x0010d72c                _open_r
 .text          0x0010d7f4       0x74 c:/devkitpro/devkitarm/bin/../lib/gcc/arm-none-eabi/4.9.2/../../../../arm-none-eabi/lib/armv6k/fpu\libsysbase.a(read.o)
                0x0010d7f4                _read_r
 .text          0x0010d868       0x70 c:/devkitpro/devkitarm/bin/../lib/gcc/arm-none-eabi/4.9.2/../../../../arm-none-eabi/lib/armv6k/fpu\libsysbase.a(sbrk.o)
                0x0010d868                _sbrk_r
 .text          0x0010d8d8       0x74 c:/devkitpro/devkitarm/bin/../lib/gcc/arm-none-eabi/4.9.2/../../../../arm-none-eabi/lib/armv6k/fpu\libsysbase.a(write.o)
                0x0010d8d8                _write_r
 .text          0x0010d94c        0x0 c:/devkitpro/devkitarm/bin/../lib/gcc/arm-none-eabi/4.9.2/../../../../arm-none-eabi/lib/armv6k/fpu\libsysbase.a(malloc_vars.o)
 .text          0x0010d94c      0x3a4 c:/devkitpro/devkitarm/bin/../lib/gcc/arm-none-eabi/4.9.2/../../../../arm-none-eabi/lib/armv6k/fpu\libsysbase.a(chdir.o)
                0x0010d94c                _concatenate_path
                0x0010db08                chdir
                0x0010dc50                getcwd
 .text          0x0010dcf0        0x8 c:/devkitpro/devkitarm/bin/../lib/gcc/arm-none-eabi/4.9.2/../../../../arm-none-eabi/lib/armv6k/fpu\libsysbase.a(flock.o)
                0x0010dcf0                __flockfile
                0x0010dcf4                __funlockfile
 .text          0x0010dcf8      0x108 c:/devkitpro/devkitarm/bin/../lib/gcc/arm-none-eabi/4.9.2/../../../../arm-none-eabi/lib/armv6k/fpu\libsysbase.a(syscall_support.o)
                0x0010dcf8                __libc_lock_init
                0x0010dd10                __libc_lock_acquire
                0x0010dd28                __libc_lock_try_acquire
                0x0010dd4c                __libc_lock_release
                0x0010dd64                __libc_lock_close
                0x0010dd7c                __libc_lock_init_recursive
                0x0010dd94                __libc_lock_acquire_recursive
                0x0010ddac                __libc_lock_try_acquire_recursive
                0x0010ddd0                __libc_lock_release_recursive
                0x0010dde8                __libc_lock_close_recursive
 .text          0x0010de00      0x254 c:/devkitpro/devkitarm/bin/../lib/gcc/arm-none-eabi/4.9.2/../../../../arm-none-eabi/lib/armv6k/fpu\libsysbase.a(handle_manager.o)
                0x0010de00                __free_handle
                0x0010de44                __release_handle
                0x0010de70                __alloc_handle
                0x0010ded8                __get_handle
                0x0010def4                dup
                0x0010df80                dup2
 .text          0x0010e054       0x28 c:/devkitpro/devkitarm/bin/../lib/gcc/arm-none-eabi/4.9.2/../../../../arm-none-eabi/lib/armv6k/fpu\libsysbase.a(getreent.o)
                0x0010e054                __getreent
 .text          0x0010e07c       0x3c c:/devkitpro/devkitarm/bin/../lib/gcc/arm-none-eabi/4.9.2/armv6k/fpu\libgcc.a(_aeabi_uldivmod.o)
                0x0010e07c                __aeabi_uldivmod
 .text          0x0010e0b8       0x78 c:/devkitpro/devkitarm/bin/../lib/gcc/arm-none-eabi/4.9.2/armv6k/fpu\libgcc.a(bpabi.o)
                0x0010e0b8                __gnu_ldivmod_helper
                0x0010e0f4                __gnu_uldivmod_helper
 .text          0x0010e130      0x180 c:/devkitpro/devkitarm/bin/../lib/gcc/arm-none-eabi/4.9.2/armv6k/fpu\libgcc.a(_divdi3.o)
                0x0010e130                __divdi3
 .text          0x0010e2b0      0x124 c:/devkitpro/devkitarm/bin/../lib/gcc/arm-none-eabi/4.9.2/armv6k/fpu\libgcc.a(_udivdi3.o)
                0x0010e2b0                __udivdi3
 .text          0x0010e3d4        0x0 c:/devkitpro/devkitarm/bin/../lib/gcc/arm-none-eabi/4.9.2/../../../../arm-none-eabi/lib/armv6k/fpu\libg.a(lib_a-strnlen.o)
 .text          0x0010e3d4        0x0 c:/devkitpro/devkitarm/bin/../lib/gcc/arm-none-eabi/4.9.2/../../../../arm-none-eabi/lib/armv6k/fpu\libg.a(lib_a-strrchr.o)
 .text          0x0010e3d4        0x0 c:/devkitpro/devkitarm/bin/../lib/gcc/arm-none-eabi/4.9.2/armv6k/fpu/crtend.o
 .text          0x0010e3d4        0x0 c:/devkitpro/devkitarm/bin/../lib/gcc/arm-none-eabi/4.9.2/armv6k/fpu/crtn.o
 *(.text.*)
 .text.startup  0x0010e3d4       0x40 main.o
                0x0010e3d4                main
 *fill*         0x0010e414        0x4 
 .text.cos      0x0010e418       0xb0 c:/devkitpro/devkitarm/bin/../lib/gcc/arm-none-eabi/4.9.2/../../../../arm-none-eabi/lib/armv6k/fpu\libm.a(lib_a-s_cos.o)
                0x0010e418                cos
 .text.cosf     0x0010e4c8       0xa8 c:/devkitpro/devkitarm/bin/../lib/gcc/arm-none-eabi/4.9.2/../../../../arm-none-eabi/lib/armv6k/fpu\libm.a(lib_a-sf_cos.o)
                0x0010e4c8                cosf
 .text.sinf     0x0010e570       0xb0 c:/devkitpro/devkitarm/bin/../lib/gcc/arm-none-eabi/4.9.2/../../../../arm-none-eabi/lib/armv6k/fpu\libm.a(lib_a-sf_sin.o)
                0x0010e570                sinf
 .text.sin      0x0010e620       0xb8 c:/devkitpro/devkitarm/bin/../lib/gcc/arm-none-eabi/4.9.2/../../../../arm-none-eabi/lib/armv6k/fpu\libm.a(lib_a-s_sin.o)
                0x0010e620                sin
 .text.__ieee754_rem_pio2f
                0x0010e6d8      0x2e0 c:/devkitpro/devkitarm/bin/../lib/gcc/arm-none-eabi/4.9.2/../../../../arm-none-eabi/lib/armv6k/fpu\libm.a(lib_a-ef_rem_pio2.o)
                0x0010e6d8                __ieee754_rem_pio2f
 .text.__ieee754_rem_pio2
                0x0010e9b8      0x308 c:/devkitpro/devkitarm/bin/../lib/gcc/arm-none-eabi/4.9.2/../../../../arm-none-eabi/lib/armv6k/fpu\libm.a(lib_a-e_rem_pio2.o)
                0x0010e9b8                __ieee754_rem_pio2
 .text.__kernel_cos
                0x0010ecc0      0x158 c:/devkitpro/devkitarm/bin/../lib/gcc/arm-none-eabi/4.9.2/../../../../arm-none-eabi/lib/armv6k/fpu\libm.a(lib_a-k_cos.o)
                0x0010ecc0                __kernel_cos
 .text.__kernel_cosf
                0x0010ee18      0x124 c:/devkitpro/devkitarm/bin/../lib/gcc/arm-none-eabi/4.9.2/../../../../arm-none-eabi/lib/armv6k/fpu\libm.a(lib_a-kf_cos.o)
                0x0010ee18                __kernel_cosf
 .text.__kernel_rem_pio2f
                0x0010ef3c      0x838 c:/devkitpro/devkitarm/bin/../lib/gcc/arm-none-eabi/4.9.2/../../../../arm-none-eabi/lib/armv6k/fpu\libm.a(lib_a-kf_rem_pio2.o)
                0x0010ef3c                __kernel_rem_pio2f
 .text.__kernel_sinf
                0x0010f774       0xa0 c:/devkitpro/devkitarm/bin/../lib/gcc/arm-none-eabi/4.9.2/../../../../arm-none-eabi/lib/armv6k/fpu\libm.a(lib_a-kf_sin.o)
                0x0010f774                __kernel_sinf
 *fill*         0x0010f814        0x4 
 .text.__kernel_rem_pio2
                0x0010f818      0x898 c:/devkitpro/devkitarm/bin/../lib/gcc/arm-none-eabi/4.9.2/../../../../arm-none-eabi/lib/armv6k/fpu\libm.a(lib_a-k_rem_pio2.o)
                0x0010f818                __kernel_rem_pio2
 .text.__kernel_sin
                0x001100b0       0xc0 c:/devkitpro/devkitarm/bin/../lib/gcc/arm-none-eabi/4.9.2/../../../../arm-none-eabi/lib/armv6k/fpu\libm.a(lib_a-k_sin.o)
                0x001100b0                __kernel_sin
 .text.fabs     0x00110170       0x10 c:/devkitpro/devkitarm/bin/../lib/gcc/arm-none-eabi/4.9.2/../../../../arm-none-eabi/lib/armv6k/fpu\libm.a(lib_a-s_fabs.o)
                0x00110170                fabs
 .text.fabsf    0x00110180       0x10 c:/devkitpro/devkitarm/bin/../lib/gcc/arm-none-eabi/4.9.2/../../../../arm-none-eabi/lib/armv6k/fpu\libm.a(lib_a-sf_fabs.o)
                0x00110180                fabsf
 .text.floorf   0x00110190       0xb8 c:/devkitpro/devkitarm/bin/../lib/gcc/arm-none-eabi/4.9.2/../../../../arm-none-eabi/lib/armv6k/fpu\libm.a(lib_a-sf_floor.o)
                0x00110190                floorf
 .text.floor    0x00110248      0x180 c:/devkitpro/devkitarm/bin/../lib/gcc/arm-none-eabi/4.9.2/../../../../arm-none-eabi/lib/armv6k/fpu\libm.a(lib_a-s_floor.o)
                0x00110248                floor
 .text.scalbnf  0x001103c8      0x118 c:/devkitpro/devkitarm/bin/../lib/gcc/arm-none-eabi/4.9.2/../../../../arm-none-eabi/lib/armv6k/fpu\libm.a(lib_a-sf_scalbn.o)
                0x001103c8                scalbnf
 .text.scalbn   0x001104e0      0x198 c:/devkitpro/devkitarm/bin/../lib/gcc/arm-none-eabi/4.9.2/../../../../arm-none-eabi/lib/armv6k/fpu\libm.a(lib_a-s_scalbn.o)
                0x001104e0                scalbn
 .text.copysign
                0x00110678       0x1c c:/devkitpro/devkitarm/bin/../lib/gcc/arm-none-eabi/4.9.2/../../../../arm-none-eabi/lib/armv6k/fpu\libm.a(lib_a-s_copysign.o)
                0x00110678                copysign
 .text.copysignf
                0x00110694       0x1c c:/devkitpro/devkitarm/bin/../lib/gcc/arm-none-eabi/4.9.2/../../../../arm-none-eabi/lib/armv6k/fpu\libm.a(lib_a-sf_copysign.o)
                0x00110694                copysignf
 .text.bsearch  0x001106b0       0x78 c:/devkitpro/devkitarm/bin/../lib/gcc/arm-none-eabi/4.9.2/../../../../arm-none-eabi/lib/armv6k/fpu\libg.a(lib_a-bsearch.o)
                0x001106b0                bsearch
 .text.__errno  0x00110728        0xc c:/devkitpro/devkitarm/bin/../lib/gcc/arm-none-eabi/4.9.2/../../../../arm-none-eabi/lib/armv6k/fpu\libg.a(lib_a-errno.o)
                0x00110728                __errno
 .text._fclose_r
                0x00110734      0x118 c:/devkitpro/devkitarm/bin/../lib/gcc/arm-none-eabi/4.9.2/../../../../arm-none-eabi/lib/armv6k/fpu\libg.a(lib_a-fclose.o)
                0x00110734                _fclose_r
 .text.fclose   0x0011084c       0x18 c:/devkitpro/devkitarm/bin/../lib/gcc/arm-none-eabi/4.9.2/../../../../arm-none-eabi/lib/armv6k/fpu\libg.a(lib_a-fclose.o)
                0x0011084c                fclose
 .text.__sflush_r
                0x00110864      0x238 c:/devkitpro/devkitarm/bin/../lib/gcc/arm-none-eabi/4.9.2/../../../../arm-none-eabi/lib/armv6k/fpu\libg.a(lib_a-fflush.o)
                0x00110864                __sflush_r
 .text._fflush_r
                0x00110a9c       0x98 c:/devkitpro/devkitarm/bin/../lib/gcc/arm-none-eabi/4.9.2/../../../../arm-none-eabi/lib/armv6k/fpu\libg.a(lib_a-fflush.o)
                0x00110a9c                _fflush_r
 .text.fflush   0x00110b34       0x38 c:/devkitpro/devkitarm/bin/../lib/gcc/arm-none-eabi/4.9.2/../../../../arm-none-eabi/lib/armv6k/fpu\libg.a(lib_a-fflush.o)
                0x00110b34                fflush
 .text._cleanup_r
                0x00110b6c        0xc c:/devkitpro/devkitarm/bin/../lib/gcc/arm-none-eabi/4.9.2/../../../../arm-none-eabi/lib/armv6k/fpu\libg.a(lib_a-findfp.o)
                0x00110b6c                _cleanup_r
 .text.__fp_lock
                0x00110b78       0x1c c:/devkitpro/devkitarm/bin/../lib/gcc/arm-none-eabi/4.9.2/../../../../arm-none-eabi/lib/armv6k/fpu\libg.a(lib_a-findfp.o)
 .text.__fp_unlock
                0x00110b94       0x1c c:/devkitpro/devkitarm/bin/../lib/gcc/arm-none-eabi/4.9.2/../../../../arm-none-eabi/lib/armv6k/fpu\libg.a(lib_a-findfp.o)
 .text.__sinit.part.1
                0x00110bb0      0x15c c:/devkitpro/devkitarm/bin/../lib/gcc/arm-none-eabi/4.9.2/../../../../arm-none-eabi/lib/armv6k/fpu\libg.a(lib_a-findfp.o)
 .text.__sfmoreglue
                0x00110d0c       0x48 c:/devkitpro/devkitarm/bin/../lib/gcc/arm-none-eabi/4.9.2/../../../../arm-none-eabi/lib/armv6k/fpu\libg.a(lib_a-findfp.o)
                0x00110d0c                __sfmoreglue
 .text.__sfp    0x00110d54       0xe8 c:/devkitpro/devkitarm/bin/../lib/gcc/arm-none-eabi/4.9.2/../../../../arm-none-eabi/lib/armv6k/fpu\libg.a(lib_a-findfp.o)
                0x00110d54                __sfp
 .text._cleanup
                0x00110e3c       0x18 c:/devkitpro/devkitarm/bin/../lib/gcc/arm-none-eabi/4.9.2/../../../../arm-none-eabi/lib/armv6k/fpu\libg.a(lib_a-findfp.o)
                0x00110e3c                _cleanup
 .text.__sinit  0x00110e54       0x10 c:/devkitpro/devkitarm/bin/../lib/gcc/arm-none-eabi/4.9.2/../../../../arm-none-eabi/lib/armv6k/fpu\libg.a(lib_a-findfp.o)
                0x00110e54                __sinit
 .text.__sfp_lock_acquire
                0x00110e64        0x4 c:/devkitpro/devkitarm/bin/../lib/gcc/arm-none-eabi/4.9.2/../../../../arm-none-eabi/lib/armv6k/fpu\libg.a(lib_a-findfp.o)
                0x00110e64                __sfp_lock_acquire
 .text.__sfp_lock_release
                0x00110e68        0x4 c:/devkitpro/devkitarm/bin/../lib/gcc/arm-none-eabi/4.9.2/../../../../arm-none-eabi/lib/armv6k/fpu\libg.a(lib_a-findfp.o)
                0x00110e68                __sfp_lock_release
 .text.__sinit_lock_acquire
                0x00110e6c        0x4 c:/devkitpro/devkitarm/bin/../lib/gcc/arm-none-eabi/4.9.2/../../../../arm-none-eabi/lib/armv6k/fpu\libg.a(lib_a-findfp.o)
                0x00110e6c                __sinit_lock_acquire
 .text.__sinit_lock_release
                0x00110e70        0x4 c:/devkitpro/devkitarm/bin/../lib/gcc/arm-none-eabi/4.9.2/../../../../arm-none-eabi/lib/armv6k/fpu\libg.a(lib_a-findfp.o)
                0x00110e70                __sinit_lock_release
 .text.__fp_lock_all
                0x00110e74       0x18 c:/devkitpro/devkitarm/bin/../lib/gcc/arm-none-eabi/4.9.2/../../../../arm-none-eabi/lib/armv6k/fpu\libg.a(lib_a-findfp.o)
                0x00110e74                __fp_lock_all
 .text.__fp_unlock_all
                0x00110e8c       0x18 c:/devkitpro/devkitarm/bin/../lib/gcc/arm-none-eabi/4.9.2/../../../../arm-none-eabi/lib/armv6k/fpu\libg.a(lib_a-findfp.o)
                0x00110e8c                __fp_unlock_all
 .text.__libc_fini_array
                0x00110ea4       0x40 c:/devkitpro/devkitarm/bin/../lib/gcc/arm-none-eabi/4.9.2/../../../../arm-none-eabi/lib/armv6k/fpu\libg.a(lib_a-fini.o)
                0x00110ea4                __libc_fini_array
 .text._fopen_r
                0x00110ee4      0x130 c:/devkitpro/devkitarm/bin/../lib/gcc/arm-none-eabi/4.9.2/../../../../arm-none-eabi/lib/armv6k/fpu\libg.a(lib_a-fopen.o)
                0x00110ee4                _fopen_r
 .text.fopen    0x00111014       0x20 c:/devkitpro/devkitarm/bin/../lib/gcc/arm-none-eabi/4.9.2/../../../../arm-none-eabi/lib/armv6k/fpu\libg.a(lib_a-fopen.o)
                0x00111014                fopen
 .text._fread_r
                0x00111034      0x2f0 c:/devkitpro/devkitarm/bin/../lib/gcc/arm-none-eabi/4.9.2/../../../../arm-none-eabi/lib/armv6k/fpu\libg.a(lib_a-fread.o)
                0x00111034                _fread_r
 .text.fread    0x00111324       0x38 c:/devkitpro/devkitarm/bin/../lib/gcc/arm-none-eabi/4.9.2/../../../../arm-none-eabi/lib/armv6k/fpu\libg.a(lib_a-fread.o)
                0x00111324                fread
 .text._malloc_trim_r
                0x0011135c       0xf8 c:/devkitpro/devkitarm/bin/../lib/gcc/arm-none-eabi/4.9.2/../../../../arm-none-eabi/lib/armv6k/fpu\libg.a(lib_a-freer.o)
                0x0011135c                _malloc_trim_r
 .text._free_r  0x00111454      0x2b4 c:/devkitpro/devkitarm/bin/../lib/gcc/arm-none-eabi/4.9.2/../../../../arm-none-eabi/lib/armv6k/fpu\libg.a(lib_a-freer.o)
                0x00111454                _free_r
 .text._fseek_r
                0x00111708        0x4 c:/devkitpro/devkitarm/bin/../lib/gcc/arm-none-eabi/4.9.2/../../../../arm-none-eabi/lib/armv6k/fpu\libg.a(lib_a-fseek.o)
                0x00111708                _fseek_r
 .text.fseek    0x0011170c       0x28 c:/devkitpro/devkitarm/bin/../lib/gcc/arm-none-eabi/4.9.2/../../../../arm-none-eabi/lib/armv6k/fpu\libg.a(lib_a-fseek.o)
                0x0011170c                fseek
 .text._fseeko_r
                0x00111734      0x4f8 c:/devkitpro/devkitarm/bin/../lib/gcc/arm-none-eabi/4.9.2/../../../../arm-none-eabi/lib/armv6k/fpu\libg.a(lib_a-fseeko.o)
                0x00111734                _fseeko_r
 .text.fseeko   0x00111c2c       0x28 c:/devkitpro/devkitarm/bin/../lib/gcc/arm-none-eabi/4.9.2/../../../../arm-none-eabi/lib/armv6k/fpu\libg.a(lib_a-fseeko.o)
                0x00111c2c                fseeko
 .text._fwalk   0x00111c54       0x78 c:/devkitpro/devkitarm/bin/../lib/gcc/arm-none-eabi/4.9.2/../../../../arm-none-eabi/lib/armv6k/fpu\libg.a(lib_a-fwalk.o)
                0x00111c54                _fwalk
 .text._fwalk_reent
                0x00111ccc       0x80 c:/devkitpro/devkitarm/bin/../lib/gcc/arm-none-eabi/4.9.2/../../../../arm-none-eabi/lib/armv6k/fpu\libg.a(lib_a-fwalk.o)
                0x00111ccc                _fwalk_reent
 .text.__libc_init_array
                0x00111d4c       0x78 c:/devkitpro/devkitarm/bin/../lib/gcc/arm-none-eabi/4.9.2/../../../../arm-none-eabi/lib/armv6k/fpu\libg.a(lib_a-init.o)
                0x00111d4c                __libc_init_array
 .text.__smakebuf_r
                0x00111dc4      0x160 c:/devkitpro/devkitarm/bin/../lib/gcc/arm-none-eabi/4.9.2/../../../../arm-none-eabi/lib/armv6k/fpu\libg.a(lib_a-makebuf.o)
                0x00111dc4                __smakebuf_r
 .text.malloc   0x00111f24       0x18 c:/devkitpro/devkitarm/bin/../lib/gcc/arm-none-eabi/4.9.2/../../../../arm-none-eabi/lib/armv6k/fpu\libg.a(lib_a-malloc.o)
                0x00111f24                malloc
 .text.free     0x00111f3c       0x18 c:/devkitpro/devkitarm/bin/../lib/gcc/arm-none-eabi/4.9.2/../../../../arm-none-eabi/lib/armv6k/fpu\libg.a(lib_a-malloc.o)
                0x00111f3c                free
 .text._malloc_r
                0x00111f54      0x740 c:/devkitpro/devkitarm/bin/../lib/gcc/arm-none-eabi/4.9.2/../../../../arm-none-eabi/lib/armv6k/fpu\libg.a(lib_a-mallocr.o)
                0x00111f54                _malloc_r
 .text.memcmp   0x00112694       0xa8 c:/devkitpro/devkitarm/bin/../lib/gcc/arm-none-eabi/4.9.2/../../../../arm-none-eabi/lib/armv6k/fpu\libg.a(lib_a-memcmp.o)
                0x00112694                memcmp
 .text.memcpy   0x0011273c       0xf4 c:/devkitpro/devkitarm/bin/../lib/gcc/arm-none-eabi/4.9.2/../../../../arm-none-eabi/lib/armv6k/fpu\libg.a(lib_a-memcpy.o)
                0x0011273c                memcpy
 .text.memset   0x00112830       0xf0 c:/devkitpro/devkitarm/bin/../lib/gcc/arm-none-eabi/4.9.2/../../../../arm-none-eabi/lib/armv6k/fpu\libg.a(lib_a-memset.o)
                0x00112830                memset
 .text.__malloc_lock
                0x00112920        0x4 c:/devkitpro/devkitarm/bin/../lib/gcc/arm-none-eabi/4.9.2/../../../../arm-none-eabi/lib/armv6k/fpu\libg.a(lib_a-mlock.o)
                0x00112920                __malloc_lock
 .text.__malloc_unlock
                0x00112924        0x4 c:/devkitpro/devkitarm/bin/../lib/gcc/arm-none-eabi/4.9.2/../../../../arm-none-eabi/lib/armv6k/fpu\libg.a(lib_a-mlock.o)
                0x00112924                __malloc_unlock
 .text.srand    0x00112928       0x1c c:/devkitpro/devkitarm/bin/../lib/gcc/arm-none-eabi/4.9.2/../../../../arm-none-eabi/lib/armv6k/fpu\libg.a(lib_a-rand.o)
                0x00112928                srand
 .text.rand     0x00112944       0x44 c:/devkitpro/devkitarm/bin/../lib/gcc/arm-none-eabi/4.9.2/../../../../arm-none-eabi/lib/armv6k/fpu\libg.a(lib_a-rand.o)
                0x00112944                rand
 .text.lflush   0x00112988       0x1c c:/devkitpro/devkitarm/bin/../lib/gcc/arm-none-eabi/4.9.2/../../../../arm-none-eabi/lib/armv6k/fpu\libg.a(lib_a-refill.o)
 .text.__srefill_r
                0x001129a4      0x1d8 c:/devkitpro/devkitarm/bin/../lib/gcc/arm-none-eabi/4.9.2/../../../../arm-none-eabi/lib/armv6k/fpu\libg.a(lib_a-refill.o)
                0x001129a4                __srefill_r
 .text._snprintf_r
                0x00112b7c       0xd8 c:/devkitpro/devkitarm/bin/../lib/gcc/arm-none-eabi/4.9.2/../../../../arm-none-eabi/lib/armv6k/fpu\libg.a(lib_a-snprintf.o)
                0x00112b7c                _snprintf_r
 .text.snprintf
                0x00112c54       0xe0 c:/devkitpro/devkitarm/bin/../lib/gcc/arm-none-eabi/4.9.2/../../../../arm-none-eabi/lib/armv6k/fpu\libg.a(lib_a-snprintf.o)
                0x00112c54                snprintf
 .text.__sread  0x00112d34       0x30 c:/devkitpro/devkitarm/bin/../lib/gcc/arm-none-eabi/4.9.2/../../../../arm-none-eabi/lib/armv6k/fpu\libg.a(lib_a-stdio.o)
                0x00112d34                __sread
 .text.__seofread
                0x00112d64        0x8 c:/devkitpro/devkitarm/bin/../lib/gcc/arm-none-eabi/4.9.2/../../../../arm-none-eabi/lib/armv6k/fpu\libg.a(lib_a-stdio.o)
                0x00112d64                __seofread
 .text.__swrite
                0x00112d6c       0x54 c:/devkitpro/devkitarm/bin/../lib/gcc/arm-none-eabi/4.9.2/../../../../arm-none-eabi/lib/armv6k/fpu\libg.a(lib_a-stdio.o)
                0x00112d6c                __swrite
 .text.__sseek  0x00112dc0       0x2c c:/devkitpro/devkitarm/bin/../lib/gcc/arm-none-eabi/4.9.2/../../../../arm-none-eabi/lib/armv6k/fpu\libg.a(lib_a-stdio.o)
                0x00112dc0                __sseek
 .text.__sclose
                0x00112dec        0x8 c:/devkitpro/devkitarm/bin/../lib/gcc/arm-none-eabi/4.9.2/../../../../arm-none-eabi/lib/armv6k/fpu\libg.a(lib_a-stdio.o)
                0x00112dec                __sclose
 .text.strchr   0x00112df4      0x16c c:/devkitpro/devkitarm/bin/../lib/gcc/arm-none-eabi/4.9.2/../../../../arm-none-eabi/lib/armv6k/fpu\libg.a(lib_a-strchr.o)
                0x00112df4                strchr
 .text.strcpy   0x00112f60       0xf0 c:/devkitpro/devkitarm/bin/../lib/gcc/arm-none-eabi/4.9.2/../../../../arm-none-eabi/lib/armv6k/fpu\libg.a(lib_a-strcpy.o)
                0x00112f60                strcpy
 .text.strlen   0x00113050       0x5c c:/devkitpro/devkitarm/bin/../lib/gcc/arm-none-eabi/4.9.2/../../../../arm-none-eabi/lib/armv6k/fpu\libg.a(lib_a-strlen.o)
                0x00113050                strlen
 .text.strncat  0x001130ac       0xa4 c:/devkitpro/devkitarm/bin/../lib/gcc/arm-none-eabi/4.9.2/../../../../arm-none-eabi/lib/armv6k/fpu\libg.a(lib_a-strncat.o)
                0x001130ac                strncat
 .text.strncmp  0x00113150      0x110 c:/devkitpro/devkitarm/bin/../lib/gcc/arm-none-eabi/4.9.2/../../../../arm-none-eabi/lib/armv6k/fpu\libg.a(lib_a-strncmp.o)
                0x00113150                strncmp
 .text.strncpy  0x00113260       0xe0 c:/devkitpro/devkitarm/bin/../lib/gcc/arm-none-eabi/4.9.2/../../../../arm-none-eabi/lib/armv6k/fpu\libg.a(lib_a-strncpy.o)
                0x00113260                strncpy
 .text.get_arg  0x00113340      0x860 c:/devkitpro/devkitarm/bin/../lib/gcc/arm-none-eabi/4.9.2/../../../../arm-none-eabi/lib/armv6k/fpu\libg.a(lib_a-svfprintf.o)
 .text._svfprintf_r
                0x00113ba0     0x4320 c:/devkitpro/devkitarm/bin/../lib/gcc/arm-none-eabi/4.9.2/../../../../arm-none-eabi/lib/armv6k/fpu\libg.a(lib_a-svfprintf.o)
                0x00113ba0                _svfprintf_r
 .text._wcrtomb_r
                0x00117ec0       0x8c c:/devkitpro/devkitarm/bin/../lib/gcc/arm-none-eabi/4.9.2/../../../../arm-none-eabi/lib/armv6k/fpu\libg.a(lib_a-wcrtomb.o)
                0x00117ec0                _wcrtomb_r
 .text.wcrtomb  0x00117f4c       0x94 c:/devkitpro/devkitarm/bin/../lib/gcc/arm-none-eabi/4.9.2/../../../../arm-none-eabi/lib/armv6k/fpu\libg.a(lib_a-wcrtomb.o)
                0x00117f4c                wcrtomb
 .text._wcsrtombs_r
                0x00117fe0       0x20 c:/devkitpro/devkitarm/bin/../lib/gcc/arm-none-eabi/4.9.2/../../../../arm-none-eabi/lib/armv6k/fpu\libg.a(lib_a-wcsrtombs.o)
                0x00117fe0                _wcsrtombs_r
 .text.wcsrtombs
                0x00118000       0x3c c:/devkitpro/devkitarm/bin/../lib/gcc/arm-none-eabi/4.9.2/../../../../arm-none-eabi/lib/armv6k/fpu\libg.a(lib_a-wcsrtombs.o)
                0x00118000                wcsrtombs
 .text.__utf8_wctomb
                0x0011803c      0x114 c:/devkitpro/devkitarm/bin/../lib/gcc/arm-none-eabi/4.9.2/../../../../arm-none-eabi/lib/armv6k/fpu\libg.a(lib_a-wctomb_r.o)
                0x0011803c                __utf8_wctomb
 .text._wctomb_r
                0x00118150       0x48 c:/devkitpro/devkitarm/bin/../lib/gcc/arm-none-eabi/4.9.2/../../../../arm-none-eabi/lib/armv6k/fpu\libg.a(lib_a-wctomb_r.o)
                0x00118150                _wctomb_r
 .text.__ascii_wctomb
                0x00118198       0x28 c:/devkitpro/devkitarm/bin/../lib/gcc/arm-none-eabi/4.9.2/../../../../arm-none-eabi/lib/armv6k/fpu\libg.a(lib_a-wctomb_r.o)
                0x00118198                __ascii_wctomb
 .text.__sjis_wctomb
                0x001181c0       0x84 c:/devkitpro/devkitarm/bin/../lib/gcc/arm-none-eabi/4.9.2/../../../../arm-none-eabi/lib/armv6k/fpu\libg.a(lib_a-wctomb_r.o)
                0x001181c0                __sjis_wctomb
 .text.__eucjp_wctomb
                0x00118244       0xc8 c:/devkitpro/devkitarm/bin/../lib/gcc/arm-none-eabi/4.9.2/../../../../arm-none-eabi/lib/armv6k/fpu\libg.a(lib_a-wctomb_r.o)
                0x00118244                __eucjp_wctomb
 .text.__jis_wctomb
                0x0011830c       0xd4 c:/devkitpro/devkitarm/bin/../lib/gcc/arm-none-eabi/4.9.2/../../../../arm-none-eabi/lib/armv6k/fpu\libg.a(lib_a-wctomb_r.o)
                0x0011830c                __jis_wctomb
 .text.quorem   0x001183e0      0x1c0 c:/devkitpro/devkitarm/bin/../lib/gcc/arm-none-eabi/4.9.2/../../../../arm-none-eabi/lib/armv6k/fpu\libg.a(lib_a-dtoa.o)
 .text._dtoa_r  0x001185a0     0x12e0 c:/devkitpro/devkitarm/bin/../lib/gcc/arm-none-eabi/4.9.2/../../../../arm-none-eabi/lib/armv6k/fpu\libg.a(lib_a-dtoa.o)
                0x001185a0                _dtoa_r
 .text.__sflags
                0x00119880       0xb0 c:/devkitpro/devkitarm/bin/../lib/gcc/arm-none-eabi/4.9.2/../../../../arm-none-eabi/lib/armv6k/fpu\libg.a(lib_a-flags.o)
                0x00119880                __sflags
 .text.__get_locale_env
                0x00119930       0x8c c:/devkitpro/devkitarm/bin/../lib/gcc/arm-none-eabi/4.9.2/../../../../arm-none-eabi/lib/armv6k/fpu\libg.a(lib_a-locale.o)
 .text.loadlocale
                0x001199bc      0x8a4 c:/devkitpro/devkitarm/bin/../lib/gcc/arm-none-eabi/4.9.2/../../../../arm-none-eabi/lib/armv6k/fpu\libg.a(lib_a-locale.o)
 .text.currentlocale
                0x0011a260       0x88 c:/devkitpro/devkitarm/bin/../lib/gcc/arm-none-eabi/4.9.2/../../../../arm-none-eabi/lib/armv6k/fpu\libg.a(lib_a-locale.o)
 .text._setlocale_r
                0x0011a2e8      0x300 c:/devkitpro/devkitarm/bin/../lib/gcc/arm-none-eabi/4.9.2/../../../../arm-none-eabi/lib/armv6k/fpu\libg.a(lib_a-locale.o)
                0x0011a2e8                _setlocale_r
 .text.__locale_charset
                0x0011a5e8        0xc c:/devkitpro/devkitarm/bin/../lib/gcc/arm-none-eabi/4.9.2/../../../../arm-none-eabi/lib/armv6k/fpu\libg.a(lib_a-locale.o)
                0x0011a5e8                __locale_charset
 .text.__locale_mb_cur_max
                0x0011a5f4       0x10 c:/devkitpro/devkitarm/bin/../lib/gcc/arm-none-eabi/4.9.2/../../../../arm-none-eabi/lib/armv6k/fpu\libg.a(lib_a-locale.o)
                0x0011a5f4                __locale_mb_cur_max
 .text.__locale_msgcharset
                0x0011a604        0xc c:/devkitpro/devkitarm/bin/../lib/gcc/arm-none-eabi/4.9.2/../../../../arm-none-eabi/lib/armv6k/fpu\libg.a(lib_a-locale.o)
                0x0011a604                __locale_msgcharset
 .text.__locale_cjk_lang
                0x0011a610       0x10 c:/devkitpro/devkitarm/bin/../lib/gcc/arm-none-eabi/4.9.2/../../../../arm-none-eabi/lib/armv6k/fpu\libg.a(lib_a-locale.o)
                0x0011a610                __locale_cjk_lang
 .text._localeconv_r
                0x0011a620        0xc c:/devkitpro/devkitarm/bin/../lib/gcc/arm-none-eabi/4.9.2/../../../../arm-none-eabi/lib/armv6k/fpu\libg.a(lib_a-locale.o)
                0x0011a620                _localeconv_r
 .text.setlocale
                0x0011a62c       0x20 c:/devkitpro/devkitarm/bin/../lib/gcc/arm-none-eabi/4.9.2/../../../../arm-none-eabi/lib/armv6k/fpu\libg.a(lib_a-locale.o)
                0x0011a62c                setlocale
 .text.localeconv
                0x0011a64c       0x14 c:/devkitpro/devkitarm/bin/../lib/gcc/arm-none-eabi/4.9.2/../../../../arm-none-eabi/lib/armv6k/fpu\libg.a(lib_a-locale.o)
                0x0011a64c                localeconv
 .text.__utf8_mbtowc
                0x0011a660      0x2fc c:/devkitpro/devkitarm/bin/../lib/gcc/arm-none-eabi/4.9.2/../../../../arm-none-eabi/lib/armv6k/fpu\libg.a(lib_a-mbtowc_r.o)
                0x0011a660                __utf8_mbtowc
 .text._mbtowc_r
                0x0011a95c       0x4c c:/devkitpro/devkitarm/bin/../lib/gcc/arm-none-eabi/4.9.2/../../../../arm-none-eabi/lib/armv6k/fpu\libg.a(lib_a-mbtowc_r.o)
                0x0011a95c                _mbtowc_r
 .text.__ascii_mbtowc
                0x0011a9a8       0x4c c:/devkitpro/devkitarm/bin/../lib/gcc/arm-none-eabi/4.9.2/../../../../arm-none-eabi/lib/armv6k/fpu\libg.a(lib_a-mbtowc_r.o)
                0x0011a9a8                __ascii_mbtowc
 .text.__sjis_mbtowc
                0x0011a9f4       0xd4 c:/devkitpro/devkitarm/bin/../lib/gcc/arm-none-eabi/4.9.2/../../../../arm-none-eabi/lib/armv6k/fpu\libg.a(lib_a-mbtowc_r.o)
                0x0011a9f4                __sjis_mbtowc
 .text.__eucjp_mbtowc
                0x0011aac8      0x140 c:/devkitpro/devkitarm/bin/../lib/gcc/arm-none-eabi/4.9.2/../../../../arm-none-eabi/lib/armv6k/fpu\libg.a(lib_a-mbtowc_r.o)
                0x0011aac8                __eucjp_mbtowc
 .text.__jis_mbtowc
                0x0011ac08      0x1a8 c:/devkitpro/devkitarm/bin/../lib/gcc/arm-none-eabi/4.9.2/../../../../arm-none-eabi/lib/armv6k/fpu\libg.a(lib_a-mbtowc_r.o)
                0x0011ac08                __jis_mbtowc
 .text.memchr   0x0011adb0      0x120 c:/devkitpro/devkitarm/bin/../lib/gcc/arm-none-eabi/4.9.2/../../../../arm-none-eabi/lib/armv6k/fpu\libg.a(lib_a-memchr.o)
                0x0011adb0                memchr
 .text._Balloc  0x0011aed0       0x8c c:/devkitpro/devkitarm/bin/../lib/gcc/arm-none-eabi/4.9.2/../../../../arm-none-eabi/lib/armv6k/fpu\libg.a(lib_a-mprec.o)
                0x0011aed0                _Balloc
 .text._Bfree   0x0011af5c       0x1c c:/devkitpro/devkitarm/bin/../lib/gcc/arm-none-eabi/4.9.2/../../../../arm-none-eabi/lib/armv6k/fpu\libg.a(lib_a-mprec.o)
                0x0011af5c                _Bfree
 .text.__multadd
                0x0011af78       0xd0 c:/devkitpro/devkitarm/bin/../lib/gcc/arm-none-eabi/4.9.2/../../../../arm-none-eabi/lib/armv6k/fpu\libg.a(lib_a-mprec.o)
                0x0011af78                __multadd
 .text.__s2b    0x0011b048       0xe4 c:/devkitpro/devkitarm/bin/../lib/gcc/arm-none-eabi/4.9.2/../../../../arm-none-eabi/lib/armv6k/fpu\libg.a(lib_a-mprec.o)
                0x0011b048                __s2b
 .text.__hi0bits
                0x0011b12c       0x5c c:/devkitpro/devkitarm/bin/../lib/gcc/arm-none-eabi/4.9.2/../../../../arm-none-eabi/lib/armv6k/fpu\libg.a(lib_a-mprec.o)
                0x0011b12c                __hi0bits
 .text.__lo0bits
                0x0011b188       0x98 c:/devkitpro/devkitarm/bin/../lib/gcc/arm-none-eabi/4.9.2/../../../../arm-none-eabi/lib/armv6k/fpu\libg.a(lib_a-mprec.o)
                0x0011b188                __lo0bits
 .text.__i2b    0x0011b220       0x20 c:/devkitpro/devkitarm/bin/../lib/gcc/arm-none-eabi/4.9.2/../../../../arm-none-eabi/lib/armv6k/fpu\libg.a(lib_a-mprec.o)
                0x0011b220                __i2b
 .text.__multiply
                0x0011b240      0x1dc c:/devkitpro/devkitarm/bin/../lib/gcc/arm-none-eabi/4.9.2/../../../../arm-none-eabi/lib/armv6k/fpu\libg.a(lib_a-mprec.o)
                0x0011b240                __multiply
 .text.__pow5mult
                0x0011b41c      0x100 c:/devkitpro/devkitarm/bin/../lib/gcc/arm-none-eabi/4.9.2/../../../../arm-none-eabi/lib/armv6k/fpu\libg.a(lib_a-mprec.o)
                0x0011b41c                __pow5mult
 .text.__lshift
                0x0011b51c       0xf4 c:/devkitpro/devkitarm/bin/../lib/gcc/arm-none-eabi/4.9.2/../../../../arm-none-eabi/lib/armv6k/fpu\libg.a(lib_a-mprec.o)
                0x0011b51c                __lshift
 .text.__mcmp   0x0011b610       0x64 c:/devkitpro/devkitarm/bin/../lib/gcc/arm-none-eabi/4.9.2/../../../../arm-none-eabi/lib/armv6k/fpu\libg.a(lib_a-mprec.o)
                0x0011b610                __mcmp
 .text.__mdiff  0x0011b674      0x13c c:/devkitpro/devkitarm/bin/../lib/gcc/arm-none-eabi/4.9.2/../../../../arm-none-eabi/lib/armv6k/fpu\libg.a(lib_a-mprec.o)
                0x0011b674                __mdiff
 .text.__ulp    0x0011b7b0       0x74 c:/devkitpro/devkitarm/bin/../lib/gcc/arm-none-eabi/4.9.2/../../../../arm-none-eabi/lib/armv6k/fpu\libg.a(lib_a-mprec.o)
                0x0011b7b0                __ulp
 .text.__b2d    0x0011b824       0xe4 c:/devkitpro/devkitarm/bin/../lib/gcc/arm-none-eabi/4.9.2/../../../../arm-none-eabi/lib/armv6k/fpu\libg.a(lib_a-mprec.o)
                0x0011b824                __b2d
 .text.__d2b    0x0011b908      0x104 c:/devkitpro/devkitarm/bin/../lib/gcc/arm-none-eabi/4.9.2/../../../../arm-none-eabi/lib/armv6k/fpu\libg.a(lib_a-mprec.o)
                0x0011b908                __d2b
 .text.__ratio  0x0011ba0c       0x7c c:/devkitpro/devkitarm/bin/../lib/gcc/arm-none-eabi/4.9.2/../../../../arm-none-eabi/lib/armv6k/fpu\libg.a(lib_a-mprec.o)
                0x0011ba0c                __ratio
 .text._mprec_log10
                0x0011ba88       0x48 c:/devkitpro/devkitarm/bin/../lib/gcc/arm-none-eabi/4.9.2/../../../../arm-none-eabi/lib/armv6k/fpu\libg.a(lib_a-mprec.o)
                0x0011ba88                _mprec_log10
 .text.__copybits
                0x0011bad0       0x6c c:/devkitpro/devkitarm/bin/../lib/gcc/arm-none-eabi/4.9.2/../../../../arm-none-eabi/lib/armv6k/fpu\libg.a(lib_a-mprec.o)
                0x0011bad0                __copybits
 .text.__any_on
                0x0011bb3c       0x80 c:/devkitpro/devkitarm/bin/../lib/gcc/arm-none-eabi/4.9.2/../../../../arm-none-eabi/lib/armv6k/fpu\libg.a(lib_a-mprec.o)
                0x0011bb3c                __any_on
 .text.__fpclassifyd
                0x0011bbbc       0x74 c:/devkitpro/devkitarm/bin/../lib/gcc/arm-none-eabi/4.9.2/../../../../arm-none-eabi/lib/armv6k/fpu\libg.a(lib_a-s_fpclassify.o)
                0x0011bbbc                __fpclassifyd
 .text.frexp    0x0011bc30       0x98 c:/devkitpro/devkitarm/bin/../lib/gcc/arm-none-eabi/4.9.2/../../../../arm-none-eabi/lib/armv6k/fpu\libg.a(lib_a-s_frexp.o)
                0x0011bc30                frexp
 .text.strcasecmp
                0x0011bcc8       0x68 c:/devkitpro/devkitarm/bin/../lib/gcc/arm-none-eabi/4.9.2/../../../../arm-none-eabi/lib/armv6k/fpu\libg.a(lib_a-strcasecmp.o)
                0x0011bcc8                strcasecmp
 .text.strcat   0x0011bd30       0x80 c:/devkitpro/devkitarm/bin/../lib/gcc/arm-none-eabi/4.9.2/../../../../arm-none-eabi/lib/armv6k/fpu\libg.a(lib_a-strcat.o)
                0x0011bd30                strcat
 .text.strlcpy  0x0011bdb0       0x48 c:/devkitpro/devkitarm/bin/../lib/gcc/arm-none-eabi/4.9.2/../../../../arm-none-eabi/lib/armv6k/fpu\libg.a(lib_a-strlcpy.o)
                0x0011bdb0                strlcpy
 .text.strncasecmp
                0x0011bdf8       0x8c c:/devkitpro/devkitarm/bin/../lib/gcc/arm-none-eabi/4.9.2/../../../../arm-none-eabi/lib/armv6k/fpu\libg.a(lib_a-strncasecmp.o)
                0x0011bdf8                strncasecmp
 .text._strtol_r
                0x0011be84      0x1dc c:/devkitpro/devkitarm/bin/../lib/gcc/arm-none-eabi/4.9.2/../../../../arm-none-eabi/lib/armv6k/fpu\libg.a(lib_a-strtol.o)
                0x0011be84                _strtol_r
 .text.strtol   0x0011c060       0x28 c:/devkitpro/devkitarm/bin/../lib/gcc/arm-none-eabi/4.9.2/../../../../arm-none-eabi/lib/armv6k/fpu\libg.a(lib_a-strtol.o)
                0x0011c060                strtol
 .text.get_arg  0x0011c088      0x860 c:/devkitpro/devkitarm/bin/../lib/gcc/arm-none-eabi/4.9.2/../../../../arm-none-eabi/lib/armv6k/fpu\libg.a(lib_a-svfiprintf.o)
 .text.__ssprint_r
                0x0011c8e8      0x1a8 c:/devkitpro/devkitarm/bin/../lib/gcc/arm-none-eabi/4.9.2/../../../../arm-none-eabi/lib/armv6k/fpu\libg.a(lib_a-svfiprintf.o)
                0x0011c8e8                __ssprint_r
 .text._svfiprintf_r
                0x0011ca90     0x2fdc c:/devkitpro/devkitarm/bin/../lib/gcc/arm-none-eabi/4.9.2/../../../../arm-none-eabi/lib/armv6k/fpu\libg.a(lib_a-svfiprintf.o)
                0x0011ca90                _svfiprintf_r
 .text._wcsnrtombs_r
                0x0011fa6c      0x184 c:/devkitpro/devkitarm/bin/../lib/gcc/arm-none-eabi/4.9.2/../../../../arm-none-eabi/lib/armv6k/fpu\libg.a(lib_a-wcsnrtombs.o)
                0x0011fa6c                _wcsnrtombs_r
 .text.wcsnrtombs
                0x0011fbf0       0x40 c:/devkitpro/devkitarm/bin/../lib/gcc/arm-none-eabi/4.9.2/../../../../arm-none-eabi/lib/armv6k/fpu\libg.a(lib_a-wcsnrtombs.o)
                0x0011fbf0                wcsnrtombs
 .text._calloc_r
                0x0011fc30       0x94 c:/devkitpro/devkitarm/bin/../lib/gcc/arm-none-eabi/4.9.2/../../../../arm-none-eabi/lib/armv6k/fpu\libg.a(lib_a-callocr.o)
                0x0011fc30                _calloc_r
 .text.__set_ctype
                0x0011fcc4       0x18 c:/devkitpro/devkitarm/bin/../lib/gcc/arm-none-eabi/4.9.2/../../../../arm-none-eabi/lib/armv6k/fpu\libg.a(lib_a-ctype_.o)
                0x0011fcc4                __set_ctype
 .text._findenv_r
                0x0011fcdc       0xc8 c:/devkitpro/devkitarm/bin/../lib/gcc/arm-none-eabi/4.9.2/../../../../arm-none-eabi/lib/armv6k/fpu\libg.a(lib_a-getenv_r.o)
                0x0011fcdc                _findenv_r
 .text._getenv_r
                0x0011fda4       0x18 c:/devkitpro/devkitarm/bin/../lib/gcc/arm-none-eabi/4.9.2/../../../../arm-none-eabi/lib/armv6k/fpu\libg.a(lib_a-getenv_r.o)
                0x0011fda4                _getenv_r
 .text.memmove  0x0011fdbc      0x12c c:/devkitpro/devkitarm/bin/../lib/gcc/arm-none-eabi/4.9.2/../../../../arm-none-eabi/lib/armv6k/fpu\libg.a(lib_a-memmove.o)
                0x0011fdbc                memmove
 .text._realloc_r
                0x0011fee8      0x564 c:/devkitpro/devkitarm/bin/../lib/gcc/arm-none-eabi/4.9.2/../../../../arm-none-eabi/lib/armv6k/fpu\libg.a(lib_a-reallocr.o)
                0x0011fee8                _realloc_r
 .text.__env_lock
                0x0012044c        0x4 c:/devkitpro/devkitarm/bin/../lib/gcc/arm-none-eabi/4.9.2/../../../../arm-none-eabi/lib/armv6k/fpu\libg.a(lib_a-envlock.o)
                0x0012044c                __env_lock
 .text.__env_unlock
                0x00120450        0x4 c:/devkitpro/devkitarm/bin/../lib/gcc/arm-none-eabi/4.9.2/../../../../arm-none-eabi/lib/armv6k/fpu\libg.a(lib_a-envlock.o)
                0x00120450                __env_unlock
 .text.strnlen  0x00120454       0x5c c:/devkitpro/devkitarm/bin/../lib/gcc/arm-none-eabi/4.9.2/../../../../arm-none-eabi/lib/armv6k/fpu\libg.a(lib_a-strnlen.o)
                0x00120454                strnlen
 .text.strrchr  0x001204b0       0x44 c:/devkitpro/devkitarm/bin/../lib/gcc/arm-none-eabi/4.9.2/../../../../arm-none-eabi/lib/armv6k/fpu\libg.a(lib_a-strrchr.o)
                0x001204b0                strrchr
 *(.glue_7)
 .glue_7        0x001204f4        0x0 linker stubs
 *(.glue_7t)
 .glue_7t       0x001204f4        0x0 linker stubs
 *(.stub)
 *(.gnu.warning)
 *(.gnu.linkonce.t*)
                0x001204f4                . = ALIGN (0x4)
 *(.fini)
 .fini          0x001204f4        0xc c:/devkitpro/devkitarm/bin/../lib/gcc/arm-none-eabi/4.9.2/armv6k/fpu/crti.o
                0x001204f4                _fini
 .fini          0x00120500        0xc c:/devkitpro/devkitarm/bin/../lib/gcc/arm-none-eabi/4.9.2/armv6k/fpu/crtn.o
                0x0012050c                . = ALIGN (0x4)

.vfp11_veneer   0x0012050c        0x0
 .vfp11_veneer  0x0012050c        0x0 linker stubs

.v4_bx          0x0012050c        0x0
 .v4_bx         0x0012050c        0x0 linker stubs

.iplt           0x0012050c        0x0
 .iplt          0x0012050c        0x0 c:/devkitpro/devkitarm/bin/../lib/gcc/arm-none-eabi/4.9.2/../../../../arm-none-eabi/lib/armv6k/fpu/3dsx_crt0.o

.rodata         0x00121000     0x108c
 *(.rodata)
 .rodata        0x00121000       0xf4 c:/devkitPro/libctru/lib\libsf2d.a(shader.vsh.o)
                0x00121000                shader_vsh_shbin
                0x001210f0                shader_vsh_shbin_size
                0x001210f0                shader_vsh_shbin_end
 .rodata        0x001210f4       0x14 c:/devkitPro/libctru/lib\libctru.a(gfx.o)
 .rodata        0x00121108       0x64 c:/devkitPro/libctru/lib\libctru.a(os.o)
 .rodata        0x0012116c       0x30 c:/devkitPro/libctru/lib\libctru.a(romfs_dev.o)
 .rodata        0x0012119c        0xc c:/devkitPro/libctru/lib\libctru.a(gpu.o)
                0x0012119c                GPU_FORMATSIZE
                0x001211a0                GPU_TEVID
 .rodata        0x001211a8        0x8 c:/devkitPro/libctru/lib\libctru.a(shaderProgram.o)
 .rodata        0x001211b0       0x24 c:/devkitPro/libctru/lib\libctru.a(shbin.o)
 .rodata        0x001211d4        0xc c:/devkitPro/libctru/lib\libctru.a(apt.o)
 .rodata        0x001211e0       0x30 c:/devkitPro/libctru/lib\libctru.a(sdmc_dev.o)
 .rodata        0x00121210       0x68 c:/devkitpro/devkitarm/bin/../lib/gcc/arm-none-eabi/4.9.2/../../../../arm-none-eabi/lib/armv6k/fpu\libsysbase.a(iosupport.o)
                0x00121210                dotab_stdnull
 .rodata        0x00121278        0xc c:/devkitpro/devkitarm/bin/../lib/gcc/arm-none-eabi/4.9.2/../../../../arm-none-eabi/lib/armv6k/fpu\libsysbase.a(chdir.o)
                0x00121278                DIRECTORY_PARENT
                0x0012127c                DIRECTORY_THIS
                0x00121280                DIRECTORY_SEPARATOR
 *(.roda)
 *(.rodata.*)
 .rodata.str1.4
                0x00121284       0x27 circle_controller.o
                                 0x28 (size before relaxing)
 *fill*         0x001212ab        0x1 
 .rodata.str1.4
                0x001212ac        0xb c:/devkitPro/libctru/lib\libsf2d.a(sf2d.o)
                                  0xc (size before relaxing)
 *fill*         0x001212b7        0x1 
 .rodata.str1.4
                0x001212b8       0xec c:/devkitPro/libctru/lib\libctru.a(os.o)
 .rodata.str1.4
                0x001213a4       0x2a c:/devkitPro/libctru/lib\libctru.a(romfs_dev.o)
                                 0x30 (size before relaxing)
 *fill*         0x001213ce        0x2 
 .rodata.str1.4
                0x001213d0       0x16 c:/devkitPro/libctru/lib\libctru.a(apt.o)
                                 0x18 (size before relaxing)
 *fill*         0x001213e6        0x2 
 .rodata.str1.4
                0x001213e8       0x16 c:/devkitPro/libctru/lib\libctru.a(cfgu.o)
                                 0x18 (size before relaxing)
 *fill*         0x001213fe        0x2 
 .rodata.str1.4
                0x00121400        0x8 c:/devkitPro/libctru/lib\libctru.a(fs.o)
 .rodata.str1.4
                0x00121408       0x15 c:/devkitPro/libctru/lib\libctru.a(gsp.o)
                                 0x18 (size before relaxing)
 *fill*         0x0012141d        0x3 
 .rodata.str1.4
                0x00121420       0x15 c:/devkitPro/libctru/lib\libctru.a(hid.o)
                                 0x18 (size before relaxing)
 *fill*         0x00121435        0x3 
 .rodata.str1.4
                0x00121438        0x7 c:/devkitPro/libctru/lib\libctru.a(irrst.o)
                                  0x8 (size before relaxing)
 *fill*         0x0012143f        0x1 
 .rodata.str1.4
                0x00121440       0x11 c:/devkitPro/libctru/lib\libctru.a(ptm.o)
                                 0x14 (size before relaxing)
 *fill*         0x00121451        0x3 
 .rodata.str1.4
                0x00121454        0xf c:/devkitPro/libctru/lib\libctru.a(srv.o)
                                 0x10 (size before relaxing)
 *fill*         0x00121463        0x1 
 .rodata.str1.4
                0x00121464        0x5 c:/devkitPro/libctru/lib\libctru.a(sdmc_dev.o)
                                  0xc (size before relaxing)
 *fill*         0x00121469        0x3 
 .rodata.npio2_hw
                0x0012146c       0x80 c:/devkitpro/devkitarm/bin/../lib/gcc/arm-none-eabi/4.9.2/../../../../arm-none-eabi/lib/armv6k/fpu\libm.a(lib_a-ef_rem_pio2.o)
 .rodata.two_over_pi
                0x001214ec      0x318 c:/devkitpro/devkitarm/bin/../lib/gcc/arm-none-eabi/4.9.2/../../../../arm-none-eabi/lib/armv6k/fpu\libm.a(lib_a-ef_rem_pio2.o)
 .rodata.npio2_hw
                0x00121804       0x80 c:/devkitpro/devkitarm/bin/../lib/gcc/arm-none-eabi/4.9.2/../../../../arm-none-eabi/lib/armv6k/fpu\libm.a(lib_a-e_rem_pio2.o)
 .rodata.two_over_pi
                0x00121884      0x108 c:/devkitpro/devkitarm/bin/../lib/gcc/arm-none-eabi/4.9.2/../../../../arm-none-eabi/lib/armv6k/fpu\libm.a(lib_a-e_rem_pio2.o)
 .rodata.init_jk
                0x0012198c        0xc c:/devkitpro/devkitarm/bin/../lib/gcc/arm-none-eabi/4.9.2/../../../../arm-none-eabi/lib/armv6k/fpu\libm.a(lib_a-kf_rem_pio2.o)
 .rodata.PIo2   0x00121998       0x2c c:/devkitpro/devkitarm/bin/../lib/gcc/arm-none-eabi/4.9.2/../../../../arm-none-eabi/lib/armv6k/fpu\libm.a(lib_a-kf_rem_pio2.o)
 .rodata.init_jk
                0x001219c4       0x10 c:/devkitpro/devkitarm/bin/../lib/gcc/arm-none-eabi/4.9.2/../../../../arm-none-eabi/lib/armv6k/fpu\libm.a(lib_a-k_rem_pio2.o)
 *fill*         0x001219d4        0x4 
 .rodata.PIo2   0x001219d8       0x40 c:/devkitpro/devkitarm/bin/../lib/gcc/arm-none-eabi/4.9.2/../../../../arm-none-eabi/lib/armv6k/fpu\libm.a(lib_a-k_rem_pio2.o)
 .rodata.str1.4
                0x00121a18        0x2 c:/devkitpro/devkitarm/bin/../lib/gcc/arm-none-eabi/4.9.2/../../../../arm-none-eabi/lib/armv6k/fpu\libg.a(lib_a-impure.o)
                                  0x4 (size before relaxing)
 *fill*         0x00121a1a        0x2 
 .rodata._global_impure_ptr
                0x00121a1c        0x4 c:/devkitpro/devkitarm/bin/../lib/gcc/arm-none-eabi/4.9.2/../../../../arm-none-eabi/lib/armv6k/fpu\libg.a(lib_a-impure.o)
                0x00121a1c                _global_impure_ptr
 .rodata.zeroes.7037
                0x00121a20       0x10 c:/devkitpro/devkitarm/bin/../lib/gcc/arm-none-eabi/4.9.2/../../../../arm-none-eabi/lib/armv6k/fpu\libg.a(lib_a-svfprintf.o)
 .rodata.str1.4
                0x00121a30       0x42 c:/devkitpro/devkitarm/bin/../lib/gcc/arm-none-eabi/4.9.2/../../../../arm-none-eabi/lib/armv6k/fpu\libg.a(lib_a-svfprintf.o)
                                 0x44 (size before relaxing)
 *fill*         0x00121a72        0x2 
 .rodata.blanks.7036
                0x00121a74       0x10 c:/devkitpro/devkitarm/bin/../lib/gcc/arm-none-eabi/4.9.2/../../../../arm-none-eabi/lib/armv6k/fpu\libg.a(lib_a-svfprintf.o)
 .rodata.str1.4
                0x00121a84       0x10 c:/devkitpro/devkitarm/bin/../lib/gcc/arm-none-eabi/4.9.2/../../../../arm-none-eabi/lib/armv6k/fpu\libg.a(lib_a-dtoa.o)
                                 0x14 (size before relaxing)
 .rodata.str1.4
                0x00121a94      0x120 c:/devkitpro/devkitarm/bin/../lib/gcc/arm-none-eabi/4.9.2/../../../../arm-none-eabi/lib/armv6k/fpu\libg.a(lib_a-locale.o)
                                0x130 (size before relaxing)
 .rodata.categories
                0x00121bb4       0x1c c:/devkitpro/devkitarm/bin/../lib/gcc/arm-none-eabi/4.9.2/../../../../arm-none-eabi/lib/armv6k/fpu\libg.a(lib_a-locale.o)
 .rodata.JIS_state_table
                0x00121bd0       0x48 c:/devkitpro/devkitarm/bin/../lib/gcc/arm-none-eabi/4.9.2/../../../../arm-none-eabi/lib/armv6k/fpu\libg.a(lib_a-mbtowc_r.o)
 .rodata.JIS_action_table
                0x00121c18       0x48 c:/devkitpro/devkitarm/bin/../lib/gcc/arm-none-eabi/4.9.2/../../../../arm-none-eabi/lib/armv6k/fpu\libg.a(lib_a-mbtowc_r.o)
 .rodata.p05.5298
                0x00121c60        0xc c:/devkitpro/devkitarm/bin/../lib/gcc/arm-none-eabi/4.9.2/../../../../arm-none-eabi/lib/armv6k/fpu\libg.a(lib_a-mprec.o)
 *fill*         0x00121c6c        0x4 
 .rodata.__mprec_tens
                0x00121c70       0xc8 c:/devkitpro/devkitarm/bin/../lib/gcc/arm-none-eabi/4.9.2/../../../../arm-none-eabi/lib/armv6k/fpu\libg.a(lib_a-mprec.o)
                0x00121c70                __mprec_tens
 .rodata.__mprec_bigtens
                0x00121d38       0x28 c:/devkitpro/devkitarm/bin/../lib/gcc/arm-none-eabi/4.9.2/../../../../arm-none-eabi/lib/armv6k/fpu\libg.a(lib_a-mprec.o)
                0x00121d38                __mprec_bigtens
 .rodata.__mprec_tinytens
                0x00121d60       0x28 c:/devkitpro/devkitarm/bin/../lib/gcc/arm-none-eabi/4.9.2/../../../../arm-none-eabi/lib/armv6k/fpu\libg.a(lib_a-mprec.o)
                0x00121d60                __mprec_tinytens
 .rodata.__state_table