Archive member included to satisfy reference by file (symbol)

c:/devkitPro/libctru/lib\libsf2d.a(sf2d.o)
                              main.o (sf2d_init)
c:/devkitPro/libctru/lib\libsf2d.a(sf2d_draw.o)
                              circle_controller.o (sf2d_draw_rectangle)
c:/devkitPro/libctru/lib\libsf2d.a(sf2d_private.o)
                              c:/devkitPro/libctru/lib\libsf2d.a(sf2d.o) (GPU_SetDummyTexEnv)
c:/devkitPro/libctru/lib\libsf2d.a(shader.vsh.o)
                              c:/devkitPro/libctru/lib\libsf2d.a(sf2d.o) (shader_vsh_shbin_size)
c:/devkitPro/libctru/lib\libctru.a(linear.o)
                              c:/devkitPro/libctru/lib\libsf2d.a(sf2d.o) (linearAlloc)
c:/devkitPro/libctru/lib\libctru.a(mem_pool.o)
                              c:/devkitPro/libctru/lib\libctru.a(linear.o) (MemPool::Allocate(MemChunk&, unsigned long, int))
c:/devkitPro/libctru/lib\libctru.a(vram.o)
                              c:/devkitPro/libctru/lib\libsf2d.a(sf2d.o) (vramMemAlign)
c:/devkitPro/libctru/lib\libctru.a(gfx.o)
                              c:/devkitPro/libctru/lib\libsf2d.a(sf2d.o) (gfxSet3D)
c:/devkitPro/libctru/lib\libctru.a(os.o)
                              c:/devkitPro/libctru/lib\libsf2d.a(sf2d.o) (osConvertVirtToPhys)
c:/devkitPro/libctru/lib\libctru.a(romfs_dev.o)
                              c:/devkitPro/libctru/lib\libctru.a(os.o) (romfsInitFromFile)
c:/devkitPro/libctru/lib\libctru.a(gpu.o)
                              c:/devkitPro/libctru/lib\libsf2d.a(sf2d.o) (GPU_Init)
c:/devkitPro/libctru/lib\libctru.a(gpuResetSequence.o)
                              c:/devkitPro/libctru/lib\libctru.a(gpu.o) (gpuResetSequenceLength)
c:/devkitPro/libctru/lib\libctru.a(shaderProgram.o)
                              c:/devkitPro/libctru/lib\libsf2d.a(sf2d.o) (shaderInstanceGetUniformLocation)
c:/devkitPro/libctru/lib\libctru.a(shbin.o)
                              c:/devkitPro/libctru/lib\libsf2d.a(sf2d.o) (DVLB_Free)
c:/devkitPro/libctru/lib\libctru.a(apt.o)
                              c:/devkitPro/libctru/lib\libsf2d.a(sf2d.o) (aptHook)
c:/devkitPro/libctru/lib\libctru.a(cfgu.o)
                              c:/devkitPro/libctru/lib\libctru.a(os.o) (initCfgu)
c:/devkitPro/libctru/lib\libctru.a(fs.o)
                              c:/devkitPro/libctru/lib\libctru.a(os.o) (FSUSER_OpenFileDirectly)
c:/devkitPro/libctru/lib\libctru.a(gsp.o)
                              c:/devkitPro/libctru/lib\libctru.a(gfx.o) (gspInit)
c:/devkitPro/libctru/lib\libctru.a(gx.o)
                              c:/devkitPro/libctru/lib\libctru.a(gfx.o) (gxCmdBuf)
c:/devkitPro/libctru/lib\libctru.a(hid.o)
                              circle_controller.o (hidScanInput)
c:/devkitPro/libctru/lib\libctru.a(irrst.o)
                              c:/devkitPro/libctru/lib\libctru.a(hid.o) (irrstScanInput)
c:/devkitPro/libctru/lib\libctru.a(ptm.o)
                              c:/devkitPro/libctru/lib\libctru.a(os.o) (ptmSysmInit)
c:/devkitPro/libctru/lib\libctru.a(rbtree_find.o)
                              c:/devkitPro/libctru/lib\libctru.a(linear.o) (rbtree_find)
c:/devkitPro/libctru/lib\libctru.a(rbtree_init.o)
                              c:/devkitPro/libctru/lib\libctru.a(linear.o) (rbtree_init)
c:/devkitPro/libctru/lib\libctru.a(rbtree_insert.o)
                              c:/devkitPro/libctru/lib\libctru.a(linear.o) (rbtree_insert)
c:/devkitPro/libctru/lib\libctru.a(rbtree_remove.o)
                              c:/devkitPro/libctru/lib\libctru.a(linear.o) (rbtree_remove)
c:/devkitPro/libctru/lib\libctru.a(rbtree_rotate.o)
                              c:/devkitPro/libctru/lib\libctru.a(rbtree_insert.o) (rbtree_rotate)
c:/devkitPro/libctru/lib\libctru.a(utf8_to_utf16.o)
                              c:/devkitPro/libctru/lib\libctru.a(romfs_dev.o) (utf8_to_utf16)
c:/devkitPro/libctru/lib\libctru.a(allocateHeaps.o)
                              c:/devkitPro/libctru/lib\libctru.a(linear.o) (__linear_heap)
c:/devkitPro/libctru/lib\libctru.a(initArgv.o)
                              c:/devkitpro/devkitarm/bin/../lib/gcc/arm-none-eabi/4.9.2/../../../../arm-none-eabi/lib/armv6k/fpu/3dsx_crt0.o (__system_argc)
c:/devkitPro/libctru/lib\libctru.a(initSystem.o)
                              c:/devkitPro/libctru/lib\libctru.a(apt.o) (__system_retAddr)
c:/devkitPro/libctru/lib\libctru.a(svc.o)
                              c:/devkitPro/libctru/lib\libctru.a(allocateHeaps.o) (svcControlMemory)
c:/devkitPro/libctru/lib\libctru.a(stack_adjust.o)
                              c:/devkitpro/devkitarm/bin/../lib/gcc/arm-none-eabi/4.9.2/../../../../arm-none-eabi/lib/armv6k/fpu/3dsx_crt0.o (initSystem)
c:/devkitPro/libctru/lib\libctru.a(mappable.o)
                              c:/devkitPro/libctru/lib\libctru.a(gfx.o) (mappableAlloc)
c:/devkitPro/libctru/lib\libctru.a(srv.o)
                              c:/devkitPro/libctru/lib\libctru.a(fs.o) (__get_handle_from_list)
c:/devkitPro/libctru/lib\libctru.a(rbtree_iterator.o)
[...]
Memory Configuration

Name             Origin             Length             Attributes
*default*        0x00000000         0xffffffff

Linker script and memory map

                0x00100000                . = 0x100000
                0x00100000                __start__ = .

.text           0x00100000    0x1f444
 *(.crt0)
 .crt0          0x00100000       0x94 c:/devkitpro/devkitarm/bin/../lib/gcc/arm-none-eabi/4.9.2/../../../../arm-none-eabi/lib/armv6k/fpu/3dsx_crt0.o
                0x00100000                _start
                0x00100008                __service_ptr
                0x0010000c                __apt_appid
                0x00100010                __heap_size
                0x00100014                __linear_heap_size
                0x00100018                __system_arglist
                0x0010001c                __system_runflags
 *(.init)
 .init          0x00100094        0xc c:/devkitpro/devkitarm/bin/../lib/gcc/arm-none-eabi/4.9.2/armv6k/fpu/crti.o
                0x00100094                _init
 .init          0x001000a0        0xc c:/devkitpro/devkitarm/bin/../lib/gcc/arm-none-eabi/4.9.2/armv6k/fpu/crtn.o
                0x001000ac                . = ALIGN (0x4)
 *(.text)
 .text          0x001000ac        0x0 c:/devkitpro/devkitarm/bin/../lib/gcc/arm-none-eabi/4.9.2/../../../../arm-none-eabi/lib/armv6k/fpu/3dsx_crt0.o
 .text          0x001000ac        0x0 c:/devkitpro/devkitarm/bin/../lib/gcc/arm-none-eabi/4.9.2/armv6k/fpu/crti.o
 .text          0x001000ac      0x108 c:/devkitpro/devkitarm/bin/../lib/gcc/arm-none-eabi/4.9.2/armv6k/fpu/crtbegin.o
 .text          0x001001b4      0x4ec circle_controller.o
                0x001001b4                circle_controller_create_all_circles
                0x001002e8                circle_controller_init
                0x0010037c                circle_controller_free
                0x00100388                circle_controller_update_all_circles
                0x001004b0                circle_controller_update
                0x001004e8                circle_controller_draw_all_circles
                0x00100564                circle_controller_draw
                0x00100634                circle_controller_input
                0x00100654                circle_controller_handle_state
 .text          0x001006a0        0x0 main.o
 .text          0x001006a0      0x75c c:/devkitPro/libctru/lib\libsf2d.a(sf2d.o)
                0x001008b8                sf2d_init
                0x001008e0                sf2d_init_advanced
                0x00100900                sf2d_fini
                0x00100964                sf2d_set_3D
                0x00100970                sf2d_start_frame
                0x00100b00                sf2d_end_frame
                0x00100c18                sf2d_swapbuffers
                0x00100cc8                sf2d_set_vblank_wait
                0x00100cd8                sf2d_get_fps
                0x00100ce8                sf2d_pool_malloc
                0x00100d14                sf2d_pool_memalign
                0x00100d54                sf2d_pool_space_free
                0x00100d6c                sf2d_pool_reset
                0x00100d80                sf2d_set_clear_color
                0x00100d90                sf2d_set_scissor_test
                0x00100ddc                sf2d_get_current_screen
                0x00100dec                sf2d_get_current_side
 .text          0x00100dfc      0x7cc c:/devkitPro/libctru/lib\libsf2d.a(sf2d_draw.o)
                0x00100dfc                sf2d_draw_line
                0x00100fd4                sf2d_draw_rectangle
                0x0010118c                sf2d_draw_rectangle_rotate
                0x001013e0                sf2d_draw_fill_circle
 .text          0x001015c8      0x4f8 c:/devkitPro/libctru/lib\libsf2d.a(sf2d_private.o)
                0x001015c8                GPU_SetDummyTexEnv
                0x001015fc                vector_mult_matrix4x4
                0x00101680                matrix_gpu_set_uniform
                0x001016d0                matrix_copy
                0x0010170c                matrix_identity4x4
                0x00101758                matrix_mult4x4
                0x001017cc                matrix_set_z_rotation
                0x00101840                matrix_rotate_z
                0x001018a0                matrix_set_scaling
                0x001018ec                matrix_swap_xy
                0x0010198c                matrix_init_orthographic
                0x00101aa0                next_pow2
 .text          0x00101ac0        0x0 c:/devkitPro/libctru/lib\libsf2d.a(shader.vsh.o)
 .text          0x00101ac0      0x1d4 c:/devkitPro/libctru/lib\libctru.a(linear.o)
                0x00101ae8                linearMemAlign
                0x00101c28                linearAlloc
                0x00101c30                linearRealloc
                0x00101c38                linearFree
                0x00101c88                linearSpaceFree
 .text          0x00101c94      0x35c c:/devkitPro/libctru/lib\libctru.a(mem_pool.o)
                0x00101c94                MemPool::CoalesceRight(MemBlock*)
                0x00101d34                MemPool::Allocate(MemChunk&, unsigned long, int)
                0x00101ebc                MemPool::Deallocate(MemChunk const&)
                0x00101fc0                MemPool::GetFreeSpace()
 .text          0x00101ff0      0x1c4 c:/devkitPro/libctru/lib\libctru.a(vram.o)
                0x00102018                vramMemAlign
                0x00102148                vramAlloc
                0x00102150                vramRealloc
                0x00102158                vramFree
                0x001021a8                vramSpaceFree
 .text          0x001021b4      0x748 c:/devkitPro/libctru/lib\libctru.a(gfx.o)
                0x00102240                gfxSet3D
                0x00102250                gfxSetScreenFormat
                0x00102268                gfxGetScreenFormat
                0x00102280                gfxSetDoubleBuffering
                0x00102294                gfxSetFramebufferInfo
                0x00102304                gfxWriteFramebufferInfo
                0x001023c8                gfxInit
                0x001025a8                gfxInitDefault
                0x001025b8                gfxExit
                0x001026a0                gfxGetFramebuffer
                0x00102750                gfxFlushBuffers
                0x0010282c                gfxSwapBuffers
                0x001028a0                gfxSwapBuffersGpu
 *fill*         0x001028fc        0x4 
 .text          0x00102900      0x550 c:/devkitPro/libctru/lib\libctru.a(os.o)
                0x00102a34                osConvertVirtToPhys
                0x00102a80                osConvertOldLINEARMemToNew
                0x00102aa0                __libctru_gtod
                0x00102b94                osGetTime
                0x00102c08                osGetFirmVersion
                0x00102c1c                osGetKernelVersion
                0x00102c30                osStrError
                0x00102c50                osGetWifiStrength
                0x00102c60                __ctru_speedup_config
                0x00102c94                osSetSpeedupEnable
                0x00102ca4                osGetSystemVersionData
                0x00102dd4                osGetSystemVersionDataString
 .text          0x00102e50      0xa8c c:/devkitPro/libctru/lib\libctru.a(romfs_dev.o)
                0x001035d0                romfsInit
                0x00103858                romfsInitFromFile
                0x00103880                romfsExit
 .text          0x001038dc     0x1a58 c:/devkitPro/libctru/lib\libctru.a(gpu.o)
                0x0010395c                GPU_Init
                0x00103988                GPUCMD_SetBuffer
                0x001039b4                GPUCMD_SetBufferOffset
                0x001039c4                GPUCMD_GetBuffer
                0x00103a04                GPUCMD_AddRawCommands
                0x00103a50                GPUCMD_Run
                0x00103ab0                GPUCMD_FlushAndRun
                0x00103b24                GPUCMD_Add
                0x00103c08                GPUCMD_Finalize
                0x00103ca0                GPU_Reset
                0x00104480                GPU_SetFloatUniform
                0x001044f8                GPU_SetViewport
                0x001046ec                GPU_SetScissorTest
                0x00104738                GPU_DepthMap
                0x001047b4                GPU_SetAlphaTest
                0x001047ec                GPU_SetStencilTest
                0x00104834                GPU_SetStencilOp
                0x00104868                GPU_SetDepthTestAndWriteMask
                0x001048a0                GPU_SetAlphaBlending
                0x00104908                GPU_SetColorLogicOp
                0x0010494c                GPU_SetBlendingColor
                0x00104988                GPU_SetTextureEnable
                0x001049d4                GPU_SetTexture
                0x00104b6c                GPU_SetTextureBorderColor
                0x00104c00                GPU_SetAttributeBuffers
                0x00104dfc                GPU_SetAttributeBuffersAddress
                0x00104e28                GPU_SetFaceCulling
                0x00104e54                GPU_SetCombinerBufferWrite
                0x00104e88                GPU_SetTexEnv
                0x00104f00                GPU_DrawArray
                0x00105030                GPU_DrawElements
                0x00105164                GPU_FinishDrawing
                0x001051c0                GPU_SetShaderOutmap
                0x00105208                GPU_SendShaderCode
                0x001052c0                GPU_SendOperandDescriptors
 .text          0x00105334        0x0 c:/devkitPro/libctru/lib\libctru.a(gpuResetSequence.o)
 .text          0x00105334      0x7f4 c:/devkitPro/libctru/lib\libctru.a(shaderProgram.o)
                0x00105334                shaderInstanceInit
                0x0010553c                shaderInstanceFree
                0x00105574                shaderInstanceSetBool
                0x001055b4                shaderInstanceGetBool
                0x00105600                shaderInstanceGetUniformLocation
                0x00105620                shaderProgramInit
                0x00105638                shaderProgramFree
                0x00105668                shaderProgramSetVsh
                0x001056d4                shaderProgramSetGsh
                0x00105748                shaderProgramUse
 .text          0x00105b28      0x348 c:/devkitPro/libctru/lib\libctru.a(shbin.o)
                0x00105b28                DVLB_Free
                0x00105b64                DVLE_GetUniformRegister
                0x00105be0                DVLE_GenerateOutmap
                0x00105cd8                DVLB_ParseFile
 .text          0x00105e70     0x1e3c c:/devkitPro/libctru/lib\libctru.a(apt.o)
                0x00105ed4                _aptDebug
                0x00105ed8                aptInitCaptureInfo
                0x00105f88                aptWaitStatusEvent
                0x00105fb0                aptHook
                0x00105fe8                aptUnhook
                0x00106014                aptGetStatus
                0x0010604c                aptSetStatus
                0x001060bc                aptGetStatusPower
                0x001060f4                aptSetStatusPower
                0x0010612c                aptOpenSession
                0x00106150                aptCloseSession
                0x00106178                aptSignalReadyForSleep
                0x00106188                APT_GetLockHandle
                0x001061d8                APT_Initialize
                0x00106240                APT_Finalize
                0x0010627c                APT_HardwareResetAsync
                0x001062b0                APT_Enable
                0x001062ec                APT_GetAppletManInfo
                0x0010636c                aptGetMenuAppID
                0x001063a8                APT_GetAppletInfo
                0x00106440                APT_GetAppletProgramInfo
                0x00106494                APT_GetProgramID
                0x00106504                APT_IsRegistered
                0x00106554                APT_InquireNotification
                0x001065a4                APT_PrepareToJumpToHomeMenu
                0x001065d8                APT_JumpToHomeMenu
                0x00106628                APT_PrepareToJumpToApplication
                0x00106664                APT_JumpToApplication
                0x001066b4                APT_NotifyToWait
                0x001066f0                APT_AppletUtility
                0x00106778                aptAppletUtility_Exit_RetToApp
                0x00106898                aptAppletClosed
                0x001069a8                aptInit
                0x00106b70                APT_GlanceParameter
                0x00106be4                APT_ReceiveParameter
                0x00106c58                APT_SendParameter
                0x00106cc8                APT_SendCaptureBufferInfo
                0x00106d14                aptReturnToMenu
                0x00106ee8                APT_ReplySleepQuery
                0x00106f28                APT_ReplySleepNotificationComplete
                0x00106f64                aptEventHandler
                0x00107268                APT_PrepareToCloseApplication
                0x001072a4                APT_CloseApplication
                0x001072fc                aptExit
                0x001074e8                APT_SetAppCpuTimeLimit
                0x0010752c                APT_GetAppCpuTimeLimit
                0x00107580                APT_CheckNew3DS_Application
                0x001075dc                APT_CheckNew3DS_System
                0x00107638                APT_CheckNew3DS
                0x001076ac                APT_PrepareToDoAppJump
                0x001076f8                APT_DoAppJump
                0x00107760                APT_PrepareToStartLibraryApplet
                0x0010779c                APT_StartLibraryApplet
                0x001077fc                aptAppletStarted
                0x00107900                aptMainLoop
                0x00107a78                APT_LaunchLibraryApplet
                0x00107c10                APT_PrepareToStartSystemApplet
                0x00107c4c                APT_StartSystemApplet
 .text          0x00107cac      0x288 c:/devkitPro/libctru/lib\libctru.a(cfgu.o)
                0x00107cac                initCfgu
                0x00107d00                exitCfgu
                0x00107d20                CFGU_SecureInfoGetRegion
                0x00107d58                CFGU_GenHashConsoleUnique
                0x00107db0                CFGU_GetRegionCanadaUSA
                0x00107de8                CFGU_GetSystemModel
                0x00107e20                CFGU_GetModelNintendo2DS
                0x00107e58                CFGU_GetCountryCodeString
                0x00107e98                CFGU_GetCountryCodeID
                0x00107ed8                CFGU_GetConfigInfoBlk2
                0x00107f20                CFGU_GetSystemLanguage
 .text          0x00107f34      0xd4c c:/devkitPro/libctru/lib\libctru.a(fs.o)
                0x00107f34                FS_makePath
                0x00107f60                fsExit
                0x00107f84                fsGetSessionHandle
                0x00107f90                FSUSER_Initialize
                0x00108004                fsInit
                0x00108070                FSUSER_OpenFile
                0x0010811c                FSUSER_OpenFileDirectly
                0x001081e8                FSUSER_DeleteFile
                0x00108270                FSUSER_RenameFile
                0x00108334                FSUSER_DeleteDirectory
                0x001083bc                FSUSER_DeleteDirectoryRecursively
                0x00108444                FSUSER_CreateFile
                0x001084dc                FSUSER_CreateDirectory
                0x00108568                FSUSER_RenameDirectory
                0x0010862c                FSUSER_OpenDirectory
                0x001086c0                FSUSER_OpenArchive
                0x00108748                FSUSER_CloseArchive
                0x001087a0                FSUSER_GetSdmcArchiveResource
                0x0010881c                FSUSER_GetNandArchiveResource
                0x00108898                FSUSER_IsSdmcDetected
                0x001088e4                FSUSER_GetProductInfo
                0x0010895c                FSUSER_GetMediaType
                0x001089a8                FSUSER_IsSdmcWritable
                0x001089f4                FSFILE_Close
                0x00108a38                FSFILE_Read
                0x00108a94                FSFILE_Write
                0x00108af8                FSFILE_GetSize
                0x00108b38                FSFILE_SetSize
                0x00108b64                FSFILE_GetAttributes
                0x00108b9c                FSFILE_SetAttributes
                0x00108bc4                FSFILE_Flush
                0x00108be8                FSDIR_Read
                0x00108c3c                FSDIR_Close
 .text          0x00108c80      0x934 c:/devkitPro/libctru/lib\libctru.a(gsp.o)
                0x00108d64                gspInit
                0x00108d78                gspExit
                0x00108d90                gspInitEventHandler
                0x00108e5c                gspExitEventHandler
                0x00108eb4                gspWaitForEvent
                0x00108f0c                GSPGPU_WriteHWRegs
                0x00108f7c                GSPGPU_WriteHWRegsWithMask
                0x00109008                GSPGPU_ReadHWRegs
                0x00109078                GSPGPU_SetBufferSwap
                0x001090ec                GSPGPU_FlushDataCache
                0x00109140                GSPGPU_InvalidateDataCache
                0x00109194                GSPGPU_SetLcdForceBlack
                0x001091d0                GSPGPU_TriggerCmdReqQueue
                0x00109204                GSPGPU_RegisterInterruptRelayQueue
                0x00109270                GSPGPU_UnregisterInterruptRelayQueue
                0x001092a4                GSPGPU_AcquireRight
                0x001092f4                GSPGPU_ReleaseRight
                0x00109328                GSPGPU_ImportDisplayCaptureInfo
                0x001093ac                GSPGPU_SaveVramSysArea
                0x001093e0                GSPGPU_RestoreVramSysArea
                0x00109414                GSPGPU_SubmitGxCommand
                0x00109520                gspLcdInit
                0x00109534                gspLcdExit
                0x0010954c                GSPLCD_PowerOffBacklight
                0x00109580                GSPLCD_PowerOnBacklight
 .text          0x001095b4      0x264 c:/devkitPro/libctru/lib\libctru.a(gx.o)
                0x001095b4                GX_RequestDma
                0x00109608                GX_SetCommandList_Last
                0x00109670                GX_SetMemoryFill
                0x001096e4                GX_SetDisplayTransfer
                0x00109748                GX_SetTextureCopy
                0x001097b0                GX_SetCommandList_First
 .text          0x00109818      0x754 c:/devkitPro/libctru/lib\libctru.a(hid.o)
                0x00109818                hidExit
                0x001098e8                hidWaitForEvent
                0x00109940                hidCheckSectionUpdateTime
                0x0010997c                hidScanInput
                0x00109bc4                hidKeysHeld
                0x00109bd4                hidKeysDown
                0x00109be4                hidKeysUp
                0x00109bf4                hidTouchRead
                0x00109c0c                hidCircleRead
                0x00109c24                hidAccelRead
                0x00109c44                hidGyroRead
                0x00109c64                HIDUSER_GetHandles
                0x00109cf4                hidInit
                0x00109e48                HIDUSER_EnableAccelerometer
                0x00109e74                HIDUSER_DisableAccelerometer
                0x00109ea0                HIDUSER_EnableGyroscope
                0x00109ecc                HIDUSER_DisableGyroscope
                0x00109ef8                HIDUSER_GetGyroscopeRawToDpsCoefficient
                0x00109f34                HIDUSER_GetSoundVolume
 .text          0x00109f6c      0x3c0 c:/devkitPro/libctru/lib\libctru.a(irrst.o)
                0x00109f6c                irrstWaitForEvent
                0x00109fb8                irrstCheckSectionUpdateTime
                0x00109ff4                irrstScanInput
                0x0010a0a8                irrstKeysHeld
                0x0010a0c0                irrstCstickRead
                0x0010a0d8                IRRST_GetHandles
                0x0010a128                IRRST_Initialize
                0x0010a160                irrstInit
                0x0010a260                IRRST_Shutdown
                0x0010a28c                irrstExit
 .text          0x0010a32c      0x1bc c:/devkitPro/libctru/lib\libctru.a(ptm.o)
                0x0010a32c                ptmInit
                0x0010a340                ptmExit
                0x0010a350                ptmSysmInit
                0x0010a364                ptmSysmExit
                0x0010a374                PTMU_GetShellState
                0x0010a3b4                PTMU_GetBatteryLevel
                0x0010a3f4                PTMU_GetBatteryChargeState
                0x0010a434                PTMU_GetPedometerState
                0x0010a474                PTMU_GetTotalStepCount
                0x0010a4b4                PTMSYSM_ConfigureNew3DSCPU
 .text          0x0010a4e8       0x70 c:/devkitPro/libctru/lib\libctru.a(rbtree_find.o)
                0x0010a4e8                rbtree_find
 .text          0x0010a558       0x14 c:/devkitPro/libctru/lib\libctru.a(rbtree_init.o)
                0x0010a558                rbtree_init
 .text          0x0010a56c      0x1f4 c:/devkitPro/libctru/lib\libctru.a(rbtree_insert.o)
                0x0010a750                rbtree_insert
                0x0010a758                rbtree_insert_multi
 .text          0x0010a760      0x340 c:/devkitPro/libctru/lib\libctru.a(rbtree_remove.o)
                0x0010a760                rbtree_remove
 .text          0x0010aaa0       0xac c:/devkitPro/libctru/lib\libctru.a(rbtree_rotate.o)
                0x0010aaa0                rbtree_rotate
 .text          0x0010ab4c       0xb8 c:/devkitPro/libctru/lib\libctru.a(utf8_to_utf16.o)
                0x0010ab4c                utf8_to_utf16
 .text          0x0010ac04       0xa4 c:/devkitPro/libctru/lib\libctru.a(allocateHeaps.o)
                0x0010ac04                __system_allocateHeaps
 .text          0x0010aca8       0xf4 c:/devkitPro/libctru/lib\libctru.a(initArgv.o)
                0x0010aca8                __system_initArgv
 .text          0x0010ad9c       0x4c c:/devkitPro/libctru/lib\libctru.a(initSystem.o)
                0x0010ad9c                __libctru_init
 *fill*         0x0010ade8        0x8 
 .text          0x0010adf0      0x460 c:/devkitPro/libctru/lib\libctru.a(svc.o)
                0x0010adf0                svcControlMemory
                0x0010ae10                svcQueryMemory
                0x0010ae40                svcExitProcess
                0x0010ae48                svcCreateThread
                0x0010ae68                svcExitThread
                0x0010ae70                svcSleepThread
                0x0010ae78                svcGetThreadPriority
                0x0010ae8c                svcSetThreadPriority
                0x0010ae94                svcGetThreadAffinityMask
                0x0010ae9c                svcSetThreadAffinityMask
                0x0010aea4                svcGetThreadIdealProcessor
                0x0010aeb8                svcSetThreadIdealProcessor
                0x0010aec0                svcGetProcessorID
                0x0010aec8                svcCreateMutex
                0x0010aedc                svcReleaseMutex
                0x0010aee4                svcCreateSemaphore
                0x0010aef8                svcReleaseSemaphore
                0x0010af0c                svcCreateEvent
                0x0010af20                svcSignalEvent
                0x0010af28                svcClearEvent
                0x0010af30                svcCreateTimer
                0x0010af44                svcSetTimer
                0x0010af4c                svcCancelTimer
                0x0010af54                svcClearTimer
                0x0010af5c                svcCreateMemoryBlock
                0x0010af74                svcMapMemoryBlock
                0x0010af7c                svcUnmapMemoryBlock
                0x0010af84                svcCreateAddressArbiter
                0x0010af98                svcArbitrateAddress
                0x0010afb8                svcCloseHandle
                0x0010afc0                svcWaitSynchronization
                0x0010afc8                svcWaitSynchronizationN
                0x0010aff0                svcDuplicateHandle
                0x0010b004                svcGetSystemTick
                0x0010b00c                svcGetSystemInfo
                0x0010b024                svcGetProcessInfo
                0x0010b03c                svcGetThreadInfo
                0x0010b054                svcConnectToPort
                0x0010b068                svcSendSyncRequest
                0x0010b070                svcOpenProcess
                0x0010b084                svcOpenThread
                0x0010b098                svcGetProcessId
                0x0010b0ac                svcGetProcessIdOfThread
                0x0010b0c0                svcGetThreadId
                0x0010b0d4                svcBreak
                0x0010b0dc                svcOutputDebugString
                0x0010b0e4                svcCreatePort
                0x0010b104                svcAcceptSession
                0x0010b11c                svcReplyAndReceive
                0x0010b134                svcInvalidateProcessDataCache
                0x0010b13c                svcFlushProcessDataCache
                0x0010b144                svcStartInterProcessDma
                0x0010b164                svcStopDma
                0x0010b16c                svcGetDmaState
                0x0010b180                svcDebugActiveProcess
                0x0010b194                svcBreakDebugProcess
                0x0010b19c                svcTerminateDebugProcess
                0x0010b1a4                svcGetProcessDebugEvent
                0x0010b1ac                svcContinueDebugEvent
                0x0010b1b4                svcGetProcessList
                0x0010b1d4                svcReadProcessMemory
                0x0010b1dc                svcWriteProcessMemory
                0x0010b1e4                svcControlProcessMemory
                0x0010b1fc                svcMapProcessMemory
                0x0010b204                svcUnmapProcessMemory
                0x0010b20c                svcTerminateProcess
                0x0010b214                svcBackdoor
                0x0010b21c                svcKernelSetState
                0x0010b224                svcQueryProcessMemory
 .text          0x0010b250       0x64 c:/devkitPro/libctru/lib\libctru.a(stack_adjust.o)
                0x0010b250                initSystem
                0x0010b294                __ctru_exit
 .text          0x0010b2b4      0x178 c:/devkitPro/libctru/lib\libctru.a(mappable.o)
                0x0010b2dc                mappableAlloc
                0x0010b3d0                mappableFree
                0x0010b420                mappableSpaceFree
 .text          0x0010b42c      0x3b8 c:/devkitPro/libctru/lib\libctru.a(srv.o)
                0x0010b42c                __get_handle_from_list
                0x0010b4c4                __destroy_handle_list
                0x0010b518                srvExit
                0x0010b540                srvGetSessionHandle
                0x0010b54c                srvRegisterClient
                0x0010b584                srvInit
                0x0010b5ec                srvGetServiceHandle
                0x0010b66c                srvRegisterService
                0x0010b6c8                srvUnregisterService
                0x0010b714                srvPmInit
                0x0010b768                srvRegisterProcess
                0x0010b7b0                srvUnregisterProcess
 .text          0x0010b7e4      0x118 c:/devkitPro/libctru/lib\libctru.a(rbtree_iterator.o)
                0x0010b7e4                rbtree_node_next
                0x0010b870                rbtree_node_prev
 .text          0x0010b8fc      0x138 c:/devkitPro/libctru/lib\libctru.a(decode_utf8.o)
                0x0010b8fc                decode_utf8
 .text          0x0010ba34       0x68 c:/devkitPro/libctru/lib\libctru.a(encode_utf16.o)
                0x0010ba34                encode_utf16
 .text          0x0010ba9c       0x1c c:/devkitPro/libctru/lib\libctru.a(appExit.o)
                0x0010ba9c                __appExit
 .text          0x0010bab8       0x1c c:/devkitPro/libctru/lib\libctru.a(appInit.o)
                0x0010bab8                __appInit
 .text          0x0010bad4       0x90 c:/devkitPro/libctru/lib\libctru.a(ctru_exit.o)
                0x0010bad4                __libctru_exit
 .text          0x0010bb64      0xffc c:/devkitPro/libctru/lib\libctru.a(sdmc_dev.o)
                0x0010c9e0                sdmcInit
                0x0010cb10                sdmcExit
 .text          0x0010cb60       0xe8 c:/devkitPro/libctru/lib\libctru.a(utf16_to_utf8.o)
                0x0010cb60                utf16_to_utf8
 .text          0x0010cc48       0x60 c:/devkitPro/libctru/lib\libctru.a(decode_utf16.o)
                0x0010cc48                decode_utf16
 .text          0x0010cca8      0x104 c:/devkitPro/libctru/lib\libctru.a(encode_utf8.o)
                0x0010cca8                encode_utf8
 .text          0x0010cdac        0x0 c:/devkitpro/devkitarm/bin/../lib/gcc/arm-none-eabi/4.9.2/../../../../arm-none-eabi/lib/armv6k/fpu\libm.a(lib_a-sf_cos.o)
 .text          0x0010cdac        0x0 c:/devkitpro/devkitarm/bin/../lib/gcc/arm-none-eabi/4.9.2/../../../../arm-none-eabi/lib/armv6k/fpu\libm.a(lib_a-sf_sin.o)
 .text          0x0010cdac        0x0 c:/devkitpro/devkitarm/bin/../lib/gcc/arm-none-eabi/4.9.2/../../../../arm-none-eabi/lib/armv6k/fpu\libm.a(lib_a-ef_rem_pio2.o)
 .text          0x0010cdac        0x0 c:/devkitpro/devkitarm/bin/../lib/gcc/arm-none-eabi/4.9.2/../../../../arm-none-eabi/lib/armv6k/fpu\libm.a(lib_a-kf_cos.o)
 .text          0x0010cdac        0x0 c:/devkitpro/devkitarm/bin/../lib/gcc/arm-none-eabi/4.9.2/../../../../arm-none-eabi/lib/armv6k/fpu\libm.a(lib_a-kf_rem_pio2.o)
 .text          0x0010cdac        0x0 c:/devkitpro/devkitarm/bin/../lib/gcc/arm-none-eabi/4.9.2/../../../../arm-none-eabi/lib/armv6k/fpu\libm.a(lib_a-kf_sin.o)
 .text          0x0010cdac        0x0 c:/devkitpro/devkitarm/bin/../lib/gcc/arm-none-eabi/4.9.2/../../../../arm-none-eabi/lib/armv6k/fpu\libm.a(lib_a-sf_fabs.o)
 .text          0x0010cdac        0x0 c:/devkitpro/devkitarm/bin/../lib/gcc/arm-none-eabi/4.9.2/../../../../arm-none-eabi/lib/armv6k/fpu\libm.a(lib_a-sf_floor.o)
 .text          0x0010cdac        0x0 c:/devkitpro/devkitarm/bin/../lib/gcc/arm-none-eabi/4.9.2/../../../../arm-none-eabi/lib/armv6k/fpu\libm.a(lib_a-sf_scalbn.o)
 .text          0x0010cdac        0x0 c:/devkitpro/devkitarm/bin/../lib/gcc/arm-none-eabi/4.9.2/../../../../arm-none-eabi/lib/armv6k/fpu\libm.a(lib_a-sf_copysign.o)
 .text          0x0010cdac      0x20c c:/devkitpro/devkitarm/bin/../lib/gcc/arm-none-eabi/4.9.2/armv6k/fpu\libgcc.a(_udivsi3.o)
                0x0010cdac                __aeabi_uidiv
                0x0010cdac                __udivsi3
                0x0010cf98                __aeabi_uidivmod
 .text          0x0010cfb8        0x4 c:/devkitpro/devkitarm/bin/../lib/gcc/arm-none-eabi/4.9.2/armv6k/fpu\libgcc.a(_dvmd_tls.o)
                0x0010cfb8                __aeabi_idiv0
                0x0010cfb8                __aeabi_ldiv0
 .text          0x0010cfbc      0x250 c:/devkitpro/devkitarm/bin/../lib/gcc/arm-none-eabi/4.9.2/armv6k/fpu\libgcc.a(_arm_addsubsf3.o)
                0x0010cfbc                __aeabi_frsub
                0x0010cfc4                __subsf3
                0x0010cfc4                __aeabi_fsub
                0x0010cfc8                __aeabi_fadd
                0x0010cfc8                __addsf3
                0x0010d158                __aeabi_ui2f
                0x0010d158                __floatunsisf
                0x0010d160                __aeabi_i2f
                0x0010d160                __floatsisf
                0x0010d180                __aeabi_ul2f
                0x0010d180                __floatundisf
                0x0010d190                __aeabi_l2f
                0x0010d190                __floatdisf
 .text          0x0010d20c        0x0 c:/devkitpro/devkitarm/bin/../lib/gcc/arm-none-eabi/4.9.2/../../../../arm-none-eabi/lib/armv6k/fpu\libg.a(lib_a-bsearch.o)
 .text          0x0010d20c        0x0 c:/devkitpro/devkitarm/bin/../lib/gcc/arm-none-eabi/4.9.2/../../../../arm-none-eabi/lib/armv6k/fpu\libg.a(lib_a-errno.o)
 .text          0x0010d20c        0x0 c:/devkitpro/devkitarm/bin/../lib/gcc/arm-none-eabi/4.9.2/../../../../arm-none-eabi/lib/armv6k/fpu\libg.a(lib_a-fclose.o)
 .text          0x0010d20c        0x0 c:/devkitpro/devkitarm/bin/../lib/gcc/arm-none-eabi/4.9.2/../../../../arm-none-eabi/lib/armv6k/fpu\libg.a(lib_a-fflush.o)
 .text          0x0010d20c        0x0 c:/devkitpro/devkitarm/bin/../lib/gcc/arm-none-eabi/4.9.2/../../../../arm-none-eabi/lib/armv6k/fpu\libg.a(lib_a-findfp.o)
 .text          0x0010d20c        0x0 c:/devkitpro/devkitarm/bin/../lib/gcc/arm-none-eabi/4.9.2/../../../../arm-none-eabi/lib/armv6k/fpu\libg.a(lib_a-fini.o)
 .text          0x0010d20c        0x0 c:/devkitpro/devkitarm/bin/../lib/gcc/arm-none-eabi/4.9.2/../../../../arm-none-eabi/lib/armv6k/fpu\libg.a(lib_a-fopen.o)
 .text          0x0010d20c        0x0 c:/devkitpro/devkitarm/bin/../lib/gcc/arm-none-eabi/4.9.2/../../../../arm-none-eabi/lib/armv6k/fpu\libg.a(lib_a-fread.o)
 .text          0x0010d20c        0x0 c:/devkitpro/devkitarm/bin/../lib/gcc/arm-none-eabi/4.9.2/../../../../arm-none-eabi/lib/armv6k/fpu\libg.a(lib_a-freer.o)
 .text          0x0010d20c        0x0 c:/devkitpro/devkitarm/bin/../lib/gcc/arm-none-eabi/4.9.2/../../../../arm-none-eabi/lib/armv6k/fpu\libg.a(lib_a-fseek.o)
 .text          0x0010d20c        0x0 c:/devkitpro/devkitarm/bin/../lib/gcc/arm-none-eabi/4.9.2/../../../../arm-none-eabi/lib/armv6k/fpu\libg.a(lib_a-fseeko.o)
 .text          0x0010d20c        0x0 c:/devkitpro/devkitarm/bin/../lib/gcc/arm-none-eabi/4.9.2/../../../../arm-none-eabi/lib/armv6k/fpu\libg.a(lib_a-fwalk.o)
 .text          0x0010d20c        0x0 c:/devkitpro/devkitarm/bin/../lib/gcc/arm-none-eabi/4.9.2/../../../../arm-none-eabi/lib/armv6k/fpu\libg.a(lib_a-impure.o)
 .text          0x0010d20c        0x0 c:/devkitpro/devkitarm/bin/../lib/gcc/arm-none-eabi/4.9.2/../../../../arm-none-eabi/lib/armv6k/fpu\libg.a(lib_a-init.o)
 .text          0x0010d20c        0x0 c:/devkitpro/devkitarm/bin/../lib/gcc/arm-none-eabi/4.9.2/../../../../arm-none-eabi/lib/armv6k/fpu\libg.a(lib_a-makebuf.o)
 .text          0x0010d20c        0x0 c:/devkitpro/devkitarm/bin/../lib/gcc/arm-none-eabi/4.9.2/../../../../arm-none-eabi/lib/armv6k/fpu\libg.a(lib_a-malloc.o)
 .text          0x0010d20c        0x0 c:/devkitpro/devkitarm/bin/../lib/gcc/arm-none-eabi/4.9.2/../../../../arm-none-eabi/lib/armv6k/fpu\libg.a(lib_a-mallocr.o)
 .text          0x0010d20c        0x0 c:/devkitpro/devkitarm/bin/../lib/gcc/arm-none-eabi/4.9.2/../../../../arm-none-eabi/lib/armv6k/fpu\libg.a(lib_a-memcmp.o)
 .text          0x0010d20c        0x0 c:/devkitpro/devkitarm/bin/../lib/gcc/arm-none-eabi/4.9.2/../../../../arm-none-eabi/lib/armv6k/fpu\libg.a(lib_a-memcpy.o)
 .text          0x0010d20c        0x0 c:/devkitpro/devkitarm/bin/../lib/gcc/arm-none-eabi/4.9.2/../../../../arm-none-eabi/lib/armv6k/fpu\libg.a(lib_a-memset.o)
 .text          0x0010d20c        0x0 c:/devkitpro/devkitarm/bin/../lib/gcc/arm-none-eabi/4.9.2/../../../../arm-none-eabi/lib/armv6k/fpu\libg.a(lib_a-mlock.o)
 .text          0x0010d20c        0x0 c:/devkitpro/devkitarm/bin/../lib/gcc/arm-none-eabi/4.9.2/../../../../arm-none-eabi/lib/armv6k/fpu\libg.a(lib_a-rand.o)
 .text          0x0010d20c        0x0 c:/devkitpro/devkitarm/bin/../lib/gcc/arm-none-eabi/4.9.2/../../../../arm-none-eabi/lib/armv6k/fpu\libg.a(lib_a-refill.o)
 .text          0x0010d20c        0x0 c:/devkitpro/devkitarm/bin/../lib/gcc/arm-none-eabi/4.9.2/../../../../arm-none-eabi/lib/armv6k/fpu\libg.a(lib_a-snprintf.o)
 .text          0x0010d20c        0x0 c:/devkitpro/devkitarm/bin/../lib/gcc/arm-none-eabi/4.9.2/../../../../arm-none-eabi/lib/armv6k/fpu\libg.a(lib_a-stdio.o)
 .text          0x0010d20c        0x0 c:/devkitpro/devkitarm/bin/../lib/gcc/arm-none-eabi/4.9.2/../../../../arm-none-eabi/lib/armv6k/fpu\libg.a(lib_a-strchr.o)
 *fill*         0x0010d20c       0x14 
 .text          0x0010d220      0x3a0 c:/devkitpro/devkitarm/bin/../lib/gcc/arm-none-eabi/4.9.2/../../../../arm-none-eabi/lib/armv6k/fpu\libg.a(lib_a-strcmp.o)
                0x0010d228                strcmp
 .text          0x0010d5c0        0x0 c:/devkitpro/devkitarm/bin/../lib/gcc/arm-none-eabi/4.9.2/../../../../arm-none-eabi/lib/armv6k/fpu\libg.a(lib_a-strcpy.o)
 .text          0x0010d5c0        0x0 c:/devkitpro/devkitarm/bin/../lib/gcc/arm-none-eabi/4.9.2/../../../../arm-none-eabi/lib/armv6k/fpu\libg.a(lib_a-strlen.o)
 .text          0x0010d5c0        0x0 c:/devkitpro/devkitarm/bin/../lib/gcc/arm-none-eabi/4.9.2/../../../../arm-none-eabi/lib/armv6k/fpu\libg.a(lib_a-strncat.o)
 .text          0x0010d5c0        0x0 c:/devkitpro/devkitarm/bin/../lib/gcc/arm-none-eabi/4.9.2/../../../../arm-none-eabi/lib/armv6k/fpu\libg.a(lib_a-strncmp.o)
 .text          0x0010d5c0        0x0 c:/devkitpro/devkitarm/bin/../lib/gcc/arm-none-eabi/4.9.2/../../../../arm-none-eabi/lib/armv6k/fpu\libg.a(lib_a-strncpy.o)
 .text          0x0010d5c0        0x0 c:/devkitpro/devkitarm/bin/../lib/gcc/arm-none-eabi/4.9.2/../../../../arm-none-eabi/lib/armv6k/fpu\libg.a(lib_a-svfprintf.o)
 .text          0x0010d5c0        0x0 c:/devkitpro/devkitarm/bin/../lib/gcc/arm-none-eabi/4.9.2/../../../../arm-none-eabi/lib/armv6k/fpu\libg.a(lib_a-wcrtomb.o)
 .text          0x0010d5c0        0x0 c:/devkitpro/devkitarm/bin/../lib/gcc/arm-none-eabi/4.9.2/../../../../arm-none-eabi/lib/armv6k/fpu\libg.a(lib_a-wcsrtombs.o)
 .text          0x0010d5c0        0x0 c:/devkitpro/devkitarm/bin/../lib/gcc/arm-none-eabi/4.9.2/../../../../arm-none-eabi/lib/armv6k/fpu\libg.a(lib_a-wctomb_r.o)
 .text          0x0010d5c0        0x0 c:/devkitpro/devkitarm/bin/../lib/gcc/arm-none-eabi/4.9.2/../../../../arm-none-eabi/lib/armv6k/fpu\libg.a(lib_a-dtoa.o)
 .text          0x0010d5c0        0x0 c:/devkitpro/devkitarm/bin/../lib/gcc/arm-none-eabi/4.9.2/../../../../arm-none-eabi/lib/armv6k/fpu\libg.a(lib_a-flags.o)
 .text          0x0010d5c0        0x0 c:/devkitpro/devkitarm/bin/../lib/gcc/arm-none-eabi/4.9.2/../../../../arm-none-eabi/lib/armv6k/fpu\libg.a(lib_a-locale.o)
 .text          0x0010d5c0        0x0 c:/devkitpro/devkitarm/bin/../lib/gcc/arm-none-eabi/4.9.2/../../../../arm-none-eabi/lib/armv6k/fpu\libg.a(lib_a-mbtowc_r.o)
 .text          0x0010d5c0        0x0 c:/devkitpro/devkitarm/bin/../lib/gcc/arm-none-eabi/4.9.2/../../../../arm-none-eabi/lib/armv6k/fpu\libg.a(lib_a-memchr.o)
 .text          0x0010d5c0        0x0 c:/devkitpro/devkitarm/bin/../lib/gcc/arm-none-eabi/4.9.2/../../../../arm-none-eabi/lib/armv6k/fpu\libg.a(lib_a-mprec.o)
 .text          0x0010d5c0        0x0 c:/devkitpro/devkitarm/bin/../lib/gcc/arm-none-eabi/4.9.2/../../../../arm-none-eabi/lib/armv6k/fpu\libg.a(lib_a-s_fpclassify.o)
 .text          0x0010d5c0        0x0 c:/devkitpro/devkitarm/bin/../lib/gcc/arm-none-eabi/4.9.2/../../../../arm-none-eabi/lib/armv6k/fpu\libg.a(lib_a-s_frexp.o)
 .text          0x0010d5c0        0x0 c:/devkitpro/devkitarm/bin/../lib/gcc/arm-none-eabi/4.9.2/../../../../arm-none-eabi/lib/armv6k/fpu\libg.a(lib_a-strcasecmp.o)
 .text          0x0010d5c0        0x0 c:/devkitpro/devkitarm/bin/../lib/gcc/arm-none-eabi/4.9.2/../../../../arm-none-eabi/lib/armv6k/fpu\libg.a(lib_a-strcat.o)
 .text          0x0010d5c0        0x0 c:/devkitpro/devkitarm/bin/../lib/gcc/arm-none-eabi/4.9.2/../../../../arm-none-eabi/lib/armv6k/fpu\libg.a(lib_a-strlcpy.o)
 .text          0x0010d5c0        0x0 c:/devkitpro/devkitarm/bin/../lib/gcc/arm-none-eabi/4.9.2/../../../../arm-none-eabi/lib/armv6k/fpu\libg.a(lib_a-strncasecmp.o)
 .text          0x0010d5c0        0x0 c:/devkitpro/devkitarm/bin/../lib/gcc/arm-none-eabi/4.9.2/../../../../arm-none-eabi/lib/armv6k/fpu\libg.a(lib_a-strtol.o)
 .text          0x0010d5c0        0x0 c:/devkitpro/devkitarm/bin/../lib/gcc/arm-none-eabi/4.9.2/../../../../arm-none-eabi/lib/armv6k/fpu\libg.a(lib_a-svfiprintf.o)
 .text          0x0010d5c0        0x0 c:/devkitpro/devkitarm/bin/../lib/gcc/arm-none-eabi/4.9.2/../../../../arm-none-eabi/lib/armv6k/fpu\libg.a(lib_a-wcsnrtombs.o)
 .text          0x0010d5c0        0x0 c:/devkitpro/devkitarm/bin/../lib/gcc/arm-none-eabi/4.9.2/../../../../arm-none-eabi/lib/armv6k/fpu\libg.a(lib_a-callocr.o)
 .text          0x0010d5c0        0x0 c:/devkitpro/devkitarm/bin/../lib/gcc/arm-none-eabi/4.9.2/../../../../arm-none-eabi/lib/armv6k/fpu\libg.a(lib_a-ctype_.o)
 .text          0x0010d5c0        0x0 c:/devkitpro/devkitarm/bin/../lib/gcc/arm-none-eabi/4.9.2/../../../../arm-none-eabi/lib/armv6k/fpu\libg.a(lib_a-getenv_r.o)
 .text          0x0010d5c0        0x0 c:/devkitpro/devkitarm/bin/../lib/gcc/arm-none-eabi/4.9.2/../../../../arm-none-eabi/lib/armv6k/fpu\libg.a(lib_a-memmove.o)
 .text          0x0010d5c0        0x0 c:/devkitpro/devkitarm/bin/../lib/gcc/arm-none-eabi/4.9.2/../../../../arm-none-eabi/lib/armv6k/fpu\libg.a(lib_a-reallocr.o)
 .text          0x0010d5c0        0x0 c:/devkitpro/devkitarm/bin/../lib/gcc/arm-none-eabi/4.9.2/../../../../arm-none-eabi/lib/armv6k/fpu\libg.a(lib_a-environ.o)
 .text          0x0010d5c0        0x0 c:/devkitpro/devkitarm/bin/../lib/gcc/arm-none-eabi/4.9.2/../../../../arm-none-eabi/lib/armv6k/fpu\libg.a(lib_a-envlock.o)
 .text          0x0010d5c0      0x1a8 c:/devkitpro/devkitarm/bin/../lib/gcc/arm-none-eabi/4.9.2/../../../../arm-none-eabi/lib/armv6k/fpu\libsysbase.a(iosupport.o)
                0x0010d5c0                setDefaultDevice
                0x0010d5d8                FindDevice
                0x0010d684                RemoveDevice
                0x0010d6b0                AddDevice
                0x0010d744                GetDeviceOpTab
 .text          0x0010d768       0x7c c:/devkitpro/devkitarm/bin/../lib/gcc/arm-none-eabi/4.9.2/../../../../arm-none-eabi/lib/armv6k/fpu\libsysbase.a(close.o)
                0x0010d768                _close_r
 .text          0x0010d7e4       0x6c c:/devkitpro/devkitarm/bin/../lib/gcc/arm-none-eabi/4.9.2/../../../../arm-none-eabi/lib/armv6k/fpu\libsysbase.a(fstat.o)
                0x0010d7e4                _fstat_r
 .text          0x0010d850        0x8 c:/devkitpro/devkitarm/bin/../lib/gcc/arm-none-eabi/4.9.2/../../../../arm-none-eabi/lib/armv6k/fpu\libsysbase.a(isatty.o)
                0x0010d850                _isatty_r
 .text          0x0010d858       0x74 c:/devkitpro/devkitarm/bin/../lib/gcc/arm-none-eabi/4.9.2/../../../../arm-none-eabi/lib/armv6k/fpu\libsysbase.a(lseek.o)
                0x0010d858                _lseek_r
 .text          0x0010d8cc       0xc8 c:/devkitpro/devkitarm/bin/../lib/gcc/arm-none-eabi/4.9.2/../../../../arm-none-eabi/lib/armv6k/fpu\libsysbase.a(open.o)
                0x0010d8cc                _open_r
 .text          0x0010d994       0x74 c:/devkitpro/devkitarm/bin/../lib/gcc/arm-none-eabi/4.9.2/../../../../arm-none-eabi/lib/armv6k/fpu\libsysbase.a(read.o)
                0x0010d994                _read_r
 .text          0x0010da08       0x70 c:/devkitpro/devkitarm/bin/../lib/gcc/arm-none-eabi/4.9.2/../../../../arm-none-eabi/lib/armv6k/fpu\libsysbase.a(sbrk.o)
                0x0010da08                _sbrk_r
 .text          0x0010da78       0x74 c:/devkitpro/devkitarm/bin/../lib/gcc/arm-none-eabi/4.9.2/../../../../arm-none-eabi/lib/armv6k/fpu\libsysbase.a(write.o)
                0x0010da78                _write_r
 .text          0x0010daec        0x0 c:/devkitpro/devkitarm/bin/../lib/gcc/arm-none-eabi/4.9.2/../../../../arm-none-eabi/lib/armv6k/fpu\libsysbase.a(malloc_vars.o)
 .text          0x0010daec      0x3a4 c:/devkitpro/devkitarm/bin/../lib/gcc/arm-none-eabi/4.9.2/../../../../arm-none-eabi/lib/armv6k/fpu\libsysbase.a(chdir.o)
                0x0010daec                _concatenate_path
                0x0010dca8                chdir
                0x0010ddf0                getcwd
 .text          0x0010de90        0x8 c:/devkitpro/devkitarm/bin/../lib/gcc/arm-none-eabi/4.9.2/../../../../arm-none-eabi/lib/armv6k/fpu\libsysbase.a(flock.o)
                0x0010de90                __flockfile
                0x0010de94                __funlockfile
 .text          0x0010de98      0x108 c:/devkitpro/devkitarm/bin/../lib/gcc/arm-none-eabi/4.9.2/../../../../arm-none-eabi/lib/armv6k/fpu\libsysbase.a(syscall_support.o)
                0x0010de98                __libc_lock_init
                0x0010deb0                __libc_lock_acquire
                0x0010dec8                __libc_lock_try_acquire
                0x0010deec                __libc_lock_release
                0x0010df04                __libc_lock_close
                0x0010df1c                __libc_lock_init_recursive
                0x0010df34                __libc_lock_acquire_recursive
                0x0010df4c                __libc_lock_try_acquire_recursive
                0x0010df70                __libc_lock_release_recursive
                0x0010df88                __libc_lock_close_recursive
 .text          0x0010dfa0      0x254 c:/devkitpro/devkitarm/bin/../lib/gcc/arm-none-eabi/4.9.2/../../../../arm-none-eabi/lib/armv6k/fpu\libsysbase.a(handle_manager.o)
                0x0010dfa0                __free_handle
                0x0010dfe4                __release_handle
                0x0010e010                __alloc_handle
                0x0010e078                __get_handle
                0x0010e094                dup
                0x0010e120                dup2
 .text          0x0010e1f4       0x28 c:/devkitpro/devkitarm/bin/../lib/gcc/arm-none-eabi/4.9.2/../../../../arm-none-eabi/lib/armv6k/fpu\libsysbase.a(getreent.o)
                0x0010e1f4                __getreent
 .text          0x0010e21c       0x3c c:/devkitpro/devkitarm/bin/../lib/gcc/arm-none-eabi/4.9.2/armv6k/fpu\libgcc.a(_aeabi_uldivmod.o)
                0x0010e21c                __aeabi_uldivmod
 .text          0x0010e258       0x78 c:/devkitpro/devkitarm/bin/../lib/gcc/arm-none-eabi/4.9.2/armv6k/fpu\libgcc.a(bpabi.o)
                0x0010e258                __gnu_ldivmod_helper
                0x0010e294                __gnu_uldivmod_helper
 .text          0x0010e2d0      0x180 c:/devkitpro/devkitarm/bin/../lib/gcc/arm-none-eabi/4.9.2/armv6k/fpu\libgcc.a(_divdi3.o)
                0x0010e2d0                __divdi3
 .text          0x0010e450      0x124 c:/devkitpro/devkitarm/bin/../lib/gcc/arm-none-eabi/4.9.2/armv6k/fpu\libgcc.a(_udivdi3.o)
                0x0010e450                __udivdi3
 .text          0x0010e574        0x0 c:/devkitpro/devkitarm/bin/../lib/gcc/arm-none-eabi/4.9.2/../../../../arm-none-eabi/lib/armv6k/fpu\libg.a(lib_a-strnlen.o)
 .text          0x0010e574        0x0 c:/devkitpro/devkitarm/bin/../lib/gcc/arm-none-eabi/4.9.2/../../../../arm-none-eabi/lib/armv6k/fpu\libg.a(lib_a-strrchr.o)
 .text          0x0010e574        0x0 c:/devkitpro/devkitarm/bin/../lib/gcc/arm-none-eabi/4.9.2/armv6k/fpu/crtend.o
 .text          0x0010e574        0x0 c:/devkitpro/devkitarm/bin/../lib/gcc/arm-none-eabi/4.9.2/armv6k/fpu/crtn.o
 *(.text.*)
 .text.startup  0x0010e574       0x40 main.o
                0x0010e574                main
 .text.cosf     0x0010e5b4       0xa8 c:/devkitpro/devkitarm/bin/../lib/gcc/arm-none-eabi/4.9.2/../../../../arm-none-eabi/lib/armv6k/fpu\libm.a(lib_a-sf_cos.o)
                0x0010e5b4                cosf
 .text.sinf     0x0010e65c       0xb0 c:/devkitpro/devkitarm/bin/../lib/gcc/arm-none-eabi/4.9.2/../../../../arm-none-eabi/lib/armv6k/fpu\libm.a(lib_a-sf_sin.o)
                0x0010e65c                sinf
 .text.__ieee754_rem_pio2f
                0x0010e70c      0x2e0 c:/devkitpro/devkitarm/bin/../lib/gcc/arm-none-eabi/4.9.2/../../../../arm-none-eabi/lib/armv6k/fpu\libm.a(lib_a-ef_rem_pio2.o)
                0x0010e70c                __ieee754_rem_pio2f
 .text.__kernel_cosf
                0x0010e9ec      0x124 c:/devkitpro/devkitarm/bin/../lib/gcc/arm-none-eabi/4.9.2/../../../../arm-none-eabi/lib/armv6k/fpu\libm.a(lib_a-kf_cos.o)
                0x0010e9ec                __kernel_cosf
 .text.__kernel_rem_pio2f
                0x0010eb10      0x838 c:/devkitpro/devkitarm/bin/../lib/gcc/arm-none-eabi/4.9.2/../../../../arm-none-eabi/lib/armv6k/fpu\libm.a(lib_a-kf_rem_pio2.o)
                0x0010eb10                __kernel_rem_pio2f
 .text.__kernel_sinf
                0x0010f348       0xa0 c:/devkitpro/devkitarm/bin/../lib/gcc/arm-none-eabi/4.9.2/../../../../arm-none-eabi/lib/armv6k/fpu\libm.a(lib_a-kf_sin.o)
                0x0010f348                __kernel_sinf
 .text.fabsf    0x0010f3e8       0x10 c:/devkitpro/devkitarm/bin/../lib/gcc/arm-none-eabi/4.9.2/../../../../arm-none-eabi/lib/armv6k/fpu\libm.a(lib_a-sf_fabs.o)
                0x0010f3e8                fabsf
 .text.floorf   0x0010f3f8       0xb8 c:/devkitpro/devkitarm/bin/../lib/gcc/arm-none-eabi/4.9.2/../../../../arm-none-eabi/lib/armv6k/fpu\libm.a(lib_a-sf_floor.o)
                0x0010f3f8                floorf
 .text.scalbnf  0x0010f4b0      0x118 c:/devkitpro/devkitarm/bin/../lib/gcc/arm-none-eabi/4.9.2/../../../../arm-none-eabi/lib/armv6k/fpu\libm.a(lib_a-sf_scalbn.o)
                0x0010f4b0                scalbnf
 .text.copysignf
                0x0010f5c8       0x1c c:/devkitpro/devkitarm/bin/../lib/gcc/arm-none-eabi/4.9.2/../../../../arm-none-eabi/lib/armv6k/fpu\libm.a(lib_a-sf_copysign.o)
                0x0010f5c8                copysignf
 .text.bsearch  0x0010f5e4       0x78 c:/devkitpro/devkitarm/bin/../lib/gcc/arm-none-eabi/4.9.2/../../../../arm-none-eabi/lib/armv6k/fpu\libg.a(lib_a-bsearch.o)
                0x0010f5e4                bsearch
 .text.__errno  0x0010f65c        0xc c:/devkitpro/devkitarm/bin/../lib/gcc/arm-none-eabi/4.9.2/../../../../arm-none-eabi/lib/armv6k/fpu\libg.a(lib_a-errno.o)
                0x0010f65c                __errno
 .text._fclose_r
                0x0010f668      0x118 c:/devkitpro/devkitarm/bin/../lib/gcc/arm-none-eabi/4.9.2/../../../../arm-none-eabi/lib/armv6k/fpu\libg.a(lib_a-fclose.o)
                0x0010f668                _fclose_r
 .text.fclose   0x0010f780       0x18 c:/devkitpro/devkitarm/bin/../lib/gcc/arm-none-eabi/4.9.2/../../../../arm-none-eabi/lib/armv6k/fpu\libg.a(lib_a-fclose.o)
                0x0010f780                fclose
 .text.__sflush_r
                0x0010f798      0x238 c:/devkitpro/devkitarm/bin/../lib/gcc/arm-none-eabi/4.9.2/../../../../arm-none-eabi/lib/armv6k/fpu\libg.a(lib_a-fflush.o)
                0x0010f798                __sflush_r
 .text._fflush_r
                0x0010f9d0       0x98 c:/devkitpro/devkitarm/bin/../lib/gcc/arm-none-eabi/4.9.2/../../../../arm-none-eabi/lib/armv6k/fpu\libg.a(lib_a-fflush.o)
                0x0010f9d0                _fflush_r
 .text.fflush   0x0010fa68       0x38 c:/devkitpro/devkitarm/bin/../lib/gcc/arm-none-eabi/4.9.2/../../../../arm-none-eabi/lib/armv6k/fpu\libg.a(lib_a-fflush.o)
                0x0010fa68                fflush
 .text._cleanup_r
                0x0010faa0        0xc c:/devkitpro/devkitarm/bin/../lib/gcc/arm-none-eabi/4.9.2/../../../../arm-none-eabi/lib/armv6k/fpu\libg.a(lib_a-findfp.o)
                0x0010faa0                _cleanup_r
 .text.__fp_lock
                0x0010faac       0x1c c:/devkitpro/devkitarm/bin/../lib/gcc/arm-none-eabi/4.9.2/../../../../arm-none-eabi/lib/armv6k/fpu\libg.a(lib_a-findfp.o)
 .text.__fp_unlock
                0x0010fac8       0x1c c:/devkitpro/devkitarm/bin/../lib/gcc/arm-none-eabi/4.9.2/../../../../arm-none-eabi/lib/armv6k/fpu\libg.a(lib_a-findfp.o)
 .text.__sinit.part.1
                0x0010fae4      0x15c c:/devkitpro/devkitarm/bin/../lib/gcc/arm-none-eabi/4.9.2/../../../../arm-none-eabi/lib/armv6k/fpu\libg.a(lib_a-findfp.o)
 .text.__sfmoreglue
                0x0010fc40       0x48 c:/devkitpro/devkitarm/bin/../lib/gcc/arm-none-eabi/4.9.2/../../../../arm-none-eabi/lib/armv6k/fpu\libg.a(lib_a-findfp.o)
                0x0010fc40                __sfmoreglue
 .text.__sfp    0x0010fc88       0xe8 c:/devkitpro/devkitarm/bin/../lib/gcc/arm-none-eabi/4.9.2/../../../../arm-none-eabi/lib/armv6k/fpu\libg.a(lib_a-findfp.o)
                0x0010fc88                __sfp
 .text._cleanup
                0x0010fd70       0x18 c:/devkitpro/devkitarm/bin/../lib/gcc/arm-none-eabi/4.9.2/../../../../arm-none-eabi/lib/armv6k/fpu\libg.a(lib_a-findfp.o)
                0x0010fd70                _cleanup
 .text.__sinit  0x0010fd88       0x10 c:/devkitpro/devkitarm/bin/../lib/gcc/arm-none-eabi/4.9.2/../../../../arm-none-eabi/lib/armv6k/fpu\libg.a(lib_a-findfp.o)
                0x0010fd88                __sinit
 .text.__sfp_lock_acquire
                0x0010fd98        0x4 c:/devkitpro/devkitarm/bin/../lib/gcc/arm-none-eabi/4.9.2/../../../../arm-none-eabi/lib/armv6k/fpu\libg.a(lib_a-findfp.o)
                0x0010fd98                __sfp_lock_acquire
 .text.__sfp_lock_release
                0x0010fd9c        0x4 c:/devkitpro/devkitarm/bin/../lib/gcc/arm-none-eabi/4.9.2/../../../../arm-none-eabi/lib/armv6k/fpu\libg.a(lib_a-findfp.o)
                0x0010fd9c                __sfp_lock_release
 .text.__sinit_lock_acquire
                0x0010fda0        0x4 c:/devkitpro/devkitarm/bin/../lib/gcc/arm-none-eabi/4.9.2/../../../../arm-none-eabi/lib/armv6k/fpu\libg.a(lib_a-findfp.o)
                0x0010fda0                __sinit_lock_acquire
 .text.__sinit_lock_release
                0x0010fda4        0x4 c:/devkitpro/devkitarm/bin/../lib/gcc/arm-none-eabi/4.9.2/../../../../arm-none-eabi/lib/armv6k/fpu\libg.a(lib_a-findfp.o)
                0x0010fda4                __sinit_lock_release
 .text.__fp_lock_all
                0x0010fda8       0x18 c:/devkitpro/devkitarm/bin/../lib/gcc/arm-none-eabi/4.9.2/../../../../arm-none-eabi/lib/armv6k/fpu\libg.a(lib_a-findfp.o)
                0x0010fda8                __fp_lock_all
 .text.__fp_unlock_all
                0x0010fdc0       0x18 c:/devkitpro/devkitarm/bin/../lib/gcc/arm-none-eabi/4.9.2/../../../../arm-none-eabi/lib/armv6k/fpu\libg.a(lib_a-findfp.o)
                0x0010fdc0                __fp_unlock_all
 .text.__libc_fini_array
                0x0010fdd8       0x40 c:/devkitpro/devkitarm/bin/../lib/gcc/arm-none-eabi/4.9.2/../../../../arm-none-eabi/lib/armv6k/fpu\libg.a(lib_a-fini.o)
                0x0010fdd8                __libc_fini_array
 .text._fopen_r
                0x0010fe18      0x130 c:/devkitpro/devkitarm/bin/../lib/gcc/arm-none-eabi/4.9.2/../../../../arm-none-eabi/lib/armv6k/fpu\libg.a(lib_a-fopen.o)
                0x0010fe18                _fopen_r
 .text.fopen    0x0010ff48       0x20 c:/devkitpro/devkitarm/bin/../lib/gcc/arm-none-eabi/4.9.2/../../../../arm-none-eabi/lib/armv6k/fpu\libg.a(lib_a-fopen.o)
                0x0010ff48                fopen
 .text._fread_r
                0x0010ff68      0x2f0 c:/devkitpro/devkitarm/bin/../lib/gcc/arm-none-eabi/4.9.2/../../../../arm-none-eabi/lib/armv6k/fpu\libg.a(lib_a-fread.o)
                0x0010ff68                _fread_r
 .text.fread    0x00110258       0x38 c:/devkitpro/devkitarm/bin/../lib/gcc/arm-none-eabi/4.9.2/../../../../arm-none-eabi/lib/armv6k/fpu\libg.a(lib_a-fread.o)
                0x00110258                fread
 .text._malloc_trim_r
                0x00110290       0xf8 c:/devkitpro/devkitarm/bin/../lib/gcc/arm-none-eabi/4.9.2/../../../../arm-none-eabi/lib/armv6k/fpu\libg.a(lib_a-freer.o)
                0x00110290                _malloc_trim_r
 .text._free_r  0x00110388      0x2b4 c:/devkitpro/devkitarm/bin/../lib/gcc/arm-none-eabi/4.9.2/../../../../arm-none-eabi/lib/armv6k/fpu\libg.a(lib_a-freer.o)
                0x00110388                _free_r
 .text._fseek_r
                0x0011063c        0x4 c:/devkitpro/devkitarm/bin/../lib/gcc/arm-none-eabi/4.9.2/../../../../arm-none-eabi/lib/armv6k/fpu\libg.a(lib_a-fseek.o)
                0x0011063c                _fseek_r
 .text.fseek    0x00110640       0x28 c:/devkitpro/devkitarm/bin/../lib/gcc/arm-none-eabi/4.9.2/../../../../arm-none-eabi/lib/armv6k/fpu\libg.a(lib_a-fseek.o)
                0x00110640                fseek
 .text._fseeko_r
                0x00110668      0x4f8 c:/devkitpro/devkitarm/bin/../lib/gcc/arm-none-eabi/4.9.2/../../../../arm-none-eabi/lib/armv6k/fpu\libg.a(lib_a-fseeko.o)
                0x00110668                _fseeko_r
 .text.fseeko   0x00110b60       0x28 c:/devkitpro/devkitarm/bin/../lib/gcc/arm-none-eabi/4.9.2/../../../../arm-none-eabi/lib/armv6k/fpu\libg.a(lib_a-fseeko.o)
                0x00110b60                fseeko
 .text._fwalk   0x00110b88       0x78 c:/devkitpro/devkitarm/bin/../lib/gcc/arm-none-eabi/4.9.2/../../../../arm-none-eabi/lib/armv6k/fpu\libg.a(lib_a-fwalk.o)
                0x00110b88                _fwalk
 .text._fwalk_reent
                0x00110c00       0x80 c:/devkitpro/devkitarm/bin/../lib/gcc/arm-none-eabi/4.9.2/../../../../arm-none-eabi/lib/armv6k/fpu\libg.a(lib_a-fwalk.o)
                0x00110c00                _fwalk_reent
 .text.__libc_init_array
                0x00110c80       0x78 c:/devkitpro/devkitarm/bin/../lib/gcc/arm-none-eabi/4.9.2/../../../../arm-none-eabi/lib/armv6k/fpu\libg.a(lib_a-init.o)
                0x00110c80                __libc_init_array
 .text.__smakebuf_r
                0x00110cf8      0x160 c:/devkitpro/devkitarm/bin/../lib/gcc/arm-none-eabi/4.9.2/../../../../arm-none-eabi/lib/armv6k/fpu\libg.a(lib_a-makebuf.o)
                0x00110cf8                __smakebuf_r
 .text.malloc   0x00110e58       0x18 c:/devkitpro/devkitarm/bin/../lib/gcc/arm-none-eabi/4.9.2/../../../../arm-none-eabi/lib/armv6k/fpu\libg.a(lib_a-malloc.o)
                0x00110e58                malloc
 .text.free     0x00110e70       0x18 c:/devkitpro/devkitarm/bin/../lib/gcc/arm-none-eabi/4.9.2/../../../../arm-none-eabi/lib/armv6k/fpu\libg.a(lib_a-malloc.o)
                0x00110e70                free
 .text._malloc_r
                0x00110e88      0x740 c:/devkitpro/devkitarm/bin/../lib/gcc/arm-none-eabi/4.9.2/../../../../arm-none-eabi/lib/armv6k/fpu\libg.a(lib_a-mallocr.o)
                0x00110e88                _malloc_r
 .text.memcmp   0x001115c8       0xa8 c:/devkitpro/devkitarm/bin/../lib/gcc/arm-none-eabi/4.9.2/../../../../arm-none-eabi/lib/armv6k/fpu\libg.a(lib_a-memcmp.o)
                0x001115c8                memcmp
 .text.memcpy   0x00111670       0xf4 c:/devkitpro/devkitarm/bin/../lib/gcc/arm-none-eabi/4.9.2/../../../../arm-none-eabi/lib/armv6k/fpu\libg.a(lib_a-memcpy.o)
                0x00111670                memcpy
 .text.memset   0x00111764       0xf0 c:/devkitpro/devkitarm/bin/../lib/gcc/arm-none-eabi/4.9.2/../../../../arm-none-eabi/lib/armv6k/fpu\libg.a(lib_a-memset.o)
                0x00111764                memset
 .text.__malloc_lock
                0x00111854        0x4 c:/devkitpro/devkitarm/bin/../lib/gcc/arm-none-eabi/4.9.2/../../../../arm-none-eabi/lib/armv6k/fpu\libg.a(lib_a-mlock.o)
                0x00111854                __malloc_lock
 .text.__malloc_unlock
                0x00111858        0x4 c:/devkitpro/devkitarm/bin/../lib/gcc/arm-none-eabi/4.9.2/../../../../arm-none-eabi/lib/armv6k/fpu\libg.a(lib_a-mlock.o)
                0x00111858                __malloc_unlock
 .text.srand    0x0011185c       0x1c c:/devkitpro/devkitarm/bin/../lib/gcc/arm-none-eabi/4.9.2/../../../../arm-none-eabi/lib/armv6k/fpu\libg.a(lib_a-rand.o)
                0x0011185c                srand
 .text.rand     0x00111878       0x44 c:/devkitpro/devkitarm/bin/../lib/gcc/arm-none-eabi/4.9.2/../../../../arm-none-eabi/lib/armv6k/fpu\libg.a(lib_a-rand.o)
                0x00111878                rand
 .text.lflush   0x001118bc       0x1c c:/devkitpro/devkitarm/bin/../lib/gcc/arm-none-eabi/4.9.2/../../../../arm-none-eabi/lib/armv6k/fpu\libg.a(lib_a-refill.o)
 .text.__srefill_r
                0x001118d8      0x1d8 c:/devkitpro/devkitarm/bin/../lib/gcc/arm-none-eabi/4.9.2/../../../../arm-none-eabi/lib/armv6k/fpu\libg.a(lib_a-refill.o)
                0x001118d8                __srefill_r
 .text._snprintf_r
                0x00111ab0       0xd8 c:/devkitpro/devkitarm/bin/../lib/gcc/arm-none-eabi/4.9.2/../../../../arm-none-eabi/lib/armv6k/fpu\libg.a(lib_a-snprintf.o)
                0x00111ab0                _snprintf_r
 .text.snprintf
                0x00111b88       0xe0 c:/devkitpro/devkitarm/bin/../lib/gcc/arm-none-eabi/4.9.2/../../../../arm-none-eabi/lib/armv6k/fpu\libg.a(lib_a-snprintf.o)
                0x00111b88                snprintf
 .text.__sread  0x00111c68       0x30 c:/devkitpro/devkitarm/bin/../lib/gcc/arm-none-eabi/4.9.2/../../../../arm-none-eabi/lib/armv6k/fpu\libg.a(lib_a-stdio.o)
                0x00111c68                __sread
 .text.__seofread
                0x00111c98        0x8 c:/devkitpro/devkitarm/bin/../lib/gcc/arm-none-eabi/4.9.2/../../../../arm-none-eabi/lib/armv6k/fpu\libg.a(lib_a-stdio.o)
                0x00111c98                __seofread
 .text.__swrite
                0x00111ca0       0x54 c:/devkitpro/devkitarm/bin/../lib/gcc/arm-none-eabi/4.9.2/../../../../arm-none-eabi/lib/armv6k/fpu\libg.a(lib_a-stdio.o)
                0x00111ca0                __swrite
 .text.__sseek  0x00111cf4       0x2c c:/devkitpro/devkitarm/bin/../lib/gcc/arm-none-eabi/4.9.2/../../../../arm-none-eabi/lib/armv6k/fpu\libg.a(lib_a-stdio.o)
                0x00111cf4                __sseek
 .text.__sclose
                0x00111d20        0x8 c:/devkitpro/devkitarm/bin/../lib/gcc/arm-none-eabi/4.9.2/../../../../arm-none-eabi/lib/armv6k/fpu\libg.a(lib_a-stdio.o)
                0x00111d20                __sclose
 .text.strchr   0x00111d28      0x16c c:/devkitpro/devkitarm/bin/../lib/gcc/arm-none-eabi/4.9.2/../../../../arm-none-eabi/lib/armv6k/fpu\libg.a(lib_a-strchr.o)
                0x00111d28                strchr
 .text.strcpy   0x00111e94       0xf0 c:/devkitpro/devkitarm/bin/../lib/gcc/arm-none-eabi/4.9.2/../../../../arm-none-eabi/lib/armv6k/fpu\libg.a(lib_a-strcpy.o)
                0x00111e94                strcpy
 .text.strlen   0x00111f84       0x5c c:/devkitpro/devkitarm/bin/../lib/gcc/arm-none-eabi/4.9.2/../../../../arm-none-eabi/lib/armv6k/fpu\libg.a(lib_a-strlen.o)
                0x00111f84                strlen
 .text.strncat  0x00111fe0       0xa4 c:/devkitpro/devkitarm/bin/../lib/gcc/arm-none-eabi/4.9.2/../../../../arm-none-eabi/lib/armv6k/fpu\libg.a(lib_a-strncat.o)
                0x00111fe0                strncat
 .text.strncmp  0x00112084      0x110 c:/devkitpro/devkitarm/bin/../lib/gcc/arm-none-eabi/4.9.2/../../../../arm-none-eabi/lib/armv6k/fpu\libg.a(lib_a-strncmp.o)
                0x00112084                strncmp
 .text.strncpy  0x00112194       0xe0 c:/devkitpro/devkitarm/bin/../lib/gcc/arm-none-eabi/4.9.2/../../../../arm-none-eabi/lib/armv6k/fpu\libg.a(lib_a-strncpy.o)
                0x00112194                strncpy
 .text.get_arg  0x00112274      0x860 c:/devkitpro/devkitarm/bin/../lib/gcc/arm-none-eabi/4.9.2/../../../../arm-none-eabi/lib/armv6k/fpu\libg.a(lib_a-svfprintf.o)
 *fill*         0x00112ad4        0x4 
 .text._svfprintf_r
                0x00112ad8     0x4320 c:/devkitpro/devkitarm/bin/../lib/gcc/arm-none-eabi/4.9.2/../../../../arm-none-eabi/lib/armv6k/fpu\libg.a(lib_a-svfprintf.o)
                0x00112ad8                _svfprintf_r
 .text._wcrtomb_r
                0x00116df8       0x8c c:/devkitpro/devkitarm/bin/../lib/gcc/arm-none-eabi/4.9.2/../../../../arm-none-eabi/lib/armv6k/fpu\libg.a(lib_a-wcrtomb.o)
                0x00116df8                _wcrtomb_r
 .text.wcrtomb  0x00116e84       0x94 c:/devkitpro/devkitarm/bin/../lib/gcc/arm-none-eabi/4.9.2/../../../../arm-none-eabi/lib/armv6k/fpu\libg.a(lib_a-wcrtomb.o)
                0x00116e84                wcrtomb
 .text._wcsrtombs_r
                0x00116f18       0x20 c:/devkitpro/devkitarm/bin/../lib/gcc/arm-none-eabi/4.9.2/../../../../arm-none-eabi/lib/armv6k/fpu\libg.a(lib_a-wcsrtombs.o)
                0x00116f18                _wcsrtombs_r
 .text.wcsrtombs
                0x00116f38       0x3c c:/devkitpro/devkitarm/bin/../lib/gcc/arm-none-eabi/4.9.2/../../../../arm-none-eabi/lib/armv6k/fpu\libg.a(lib_a-wcsrtombs.o)
                0x00116f38                wcsrtombs
 .text.__utf8_wctomb
                0x00116f74      0x114 c:/devkitpro/devkitarm/bin/../lib/gcc/arm-none-eabi/4.9.2/../../../../arm-none-eabi/lib/armv6k/fpu\libg.a(lib_a-wctomb_r.o)
                0x00116f74                __utf8_wctomb
 .text._wctomb_r
                0x00117088       0x48 c:/devkitpro/devkitarm/bin/../lib/gcc/arm-none-eabi/4.9.2/../../../../arm-none-eabi/lib/armv6k/fpu\libg.a(lib_a-wctomb_r.o)
                0x00117088                _wctomb_r
 .text.__ascii_wctomb
                0x001170d0       0x28 c:/devkitpro/devkitarm/bin/../lib/gcc/arm-none-eabi/4.9.2/../../../../arm-none-eabi/lib/armv6k/fpu\libg.a(lib_a-wctomb_r.o)
                0x001170d0                __ascii_wctomb
 .text.__sjis_wctomb
                0x001170f8       0x84 c:/devkitpro/devkitarm/bin/../lib/gcc/arm-none-eabi/4.9.2/../../../../arm-none-eabi/lib/armv6k/fpu\libg.a(lib_a-wctomb_r.o)
                0x001170f8                __sjis_wctomb
 .text.__eucjp_wctomb
                0x0011717c       0xc8 c:/devkitpro/devkitarm/bin/../lib/gcc/arm-none-eabi/4.9.2/../../../../arm-none-eabi/lib/armv6k/fpu\libg.a(lib_a-wctomb_r.o)
                0x0011717c                __eucjp_wctomb
 .text.__jis_wctomb
                0x00117244       0xd4 c:/devkitpro/devkitarm/bin/../lib/gcc/arm-none-eabi/4.9.2/../../../../arm-none-eabi/lib/armv6k/fpu\libg.a(lib_a-wctomb_r.o)
                0x00117244                __jis_wctomb
 .text.quorem   0x00117318      0x1c0 c:/devkitpro/devkitarm/bin/../lib/gcc/arm-none-eabi/4.9.2/../../../../arm-none-eabi/lib/armv6k/fpu\libg.a(lib_a-dtoa.o)
 .text._dtoa_r  0x001174d8     0x12e0 c:/devkitpro/devkitarm/bin/../lib/gcc/arm-none-eabi/4.9.2/../../../../arm-none-eabi/lib/armv6k/fpu\libg.a(lib_a-dtoa.o)
                0x001174d8                _dtoa_r
 .text.__sflags
                0x001187b8       0xb0 c:/devkitpro/devkitarm/bin/../lib/gcc/arm-none-eabi/4.9.2/../../../../arm-none-eabi/lib/armv6k/fpu\libg.a(lib_a-flags.o)
                0x001187b8                __sflags
 .text.__get_locale_env
                0x00118868       0x8c c:/devkitpro/devkitarm/bin/../lib/gcc/arm-none-eabi/4.9.2/../../../../arm-none-eabi/lib/armv6k/fpu\libg.a(lib_a-locale.o)
 .text.loadlocale
                0x001188f4      0x8a4 c:/devkitpro/devkitarm/bin/../lib/gcc/arm-none-eabi/4.9.2/../../../../arm-none-eabi/lib/armv6k/fpu\libg.a(lib_a-locale.o)
 .text.currentlocale
                0x00119198       0x88 c:/devkitpro/devkitarm/bin/../lib/gcc/arm-none-eabi/4.9.2/../../../../arm-none-eabi/lib/armv6k/fpu\libg.a(lib_a-locale.o)
 .text._setlocale_r
                0x00119220      0x300 c:/devkitpro/devkitarm/bin/../lib/gcc/arm-none-eabi/4.9.2/../../../../arm-none-eabi/lib/armv6k/fpu\libg.a(lib_a-locale.o)
                0x00119220                _setlocale_r
 .text.__locale_charset
                0x00119520        0xc c:/devkitpro/devkitarm/bin/../lib/gcc/arm-none-eabi/4.9.2/../../../../arm-none-eabi/lib/armv6k/fpu\libg.a(lib_a-locale.o)
                0x00119520                __locale_charset
 .text.__locale_mb_cur_max
                0x0011952c       0x10 c:/devkitpro/devkitarm/bin/../lib/gcc/arm-none-eabi/4.9.2/../../../../arm-none-eabi/lib/armv6k/fpu\libg.a(lib_a-locale.o)
                0x0011952c                __locale_mb_cur_max
 .text.__locale_msgcharset
                0x0011953c        0xc c:/devkitpro/devkitarm/bin/../lib/gcc/arm-none-eabi/4.9.2/../../../../arm-none-eabi/lib/armv6k/fpu\libg.a(lib_a-locale.o)
                0x0011953c                __locale_msgcharset
 .text.__locale_cjk_lang
                0x00119548       0x10 c:/devkitpro/devkitarm/bin/../lib/gcc/arm-none-eabi/4.9.2/../../../../arm-none-eabi/lib/armv6k/fpu\libg.a(lib_a-locale.o)
                0x00119548                __locale_cjk_lang
 .text._localeconv_r
                0x00119558        0xc c:/devkitpro/devkitarm/bin/../lib/gcc/arm-none-eabi/4.9.2/../../../../arm-none-eabi/lib/armv6k/fpu\libg.a(lib_a-locale.o)
                0x00119558                _localeconv_r
 .text.setlocale
                0x00119564       0x20 c:/devkitpro/devkitarm/bin/../lib/gcc/arm-none-eabi/4.9.2/../../../../arm-none-eabi/lib/armv6k/fpu\libg.a(lib_a-locale.o)
                0x00119564                setlocale
 .text.localeconv
                0x00119584       0x14 c:/devkitpro/devkitarm/bin/../lib/gcc/arm-none-eabi/4.9.2/../../../../arm-none-eabi/lib/armv6k/fpu\libg.a(lib_a-locale.o)
                0x00119584                localeconv
 .text.__utf8_mbtowc
                0x00119598      0x2fc c:/devkitpro/devkitarm/bin/../lib/gcc/arm-none-eabi/4.9.2/../../../../arm-none-eabi/lib/armv6k/fpu\libg.a(lib_a-mbtowc_r.o)
                0x00119598                __utf8_mbtowc
 .text._mbtowc_r
                0x00119894       0x4c c:/devkitpro/devkitarm/bin/../lib/gcc/arm-none-eabi/4.9.2/../../../../arm-none-eabi/lib/armv6k/fpu\libg.a(lib_a-mbtowc_r.o)
                0x00119894                _mbtowc_r
 .text.__ascii_mbtowc
                0x001198e0       0x4c c:/devkitpro/devkitarm/bin/../lib/gcc/arm-none-eabi/4.9.2/../../../../arm-none-eabi/lib/armv6k/fpu\libg.a(lib_a-mbtowc_r.o)
                0x001198e0                __ascii_mbtowc
 .text.__sjis_mbtowc
                0x0011992c       0xd4 c:/devkitpro/devkitarm/bin/../lib/gcc/arm-none-eabi/4.9.2/../../../../arm-none-eabi/lib/armv6k/fpu\libg.a(lib_a-mbtowc_r.o)
                0x0011992c                __sjis_mbtowc
 .text.__eucjp_mbtowc
                0x00119a00      0x140 c:/devkitpro/devkitarm/bin/../lib/gcc/arm-none-eabi/4.9.2/../../../../arm-none-eabi/lib/armv6k/fpu\libg.a(lib_a-mbtowc_r.o)
                0x00119a00                __eucjp_mbtowc
 .text.__jis_mbtowc
                0x00119b40      0x1a8 c:/devkitpro/devkitarm/bin/../lib/gcc/arm-none-eabi/4.9.2/../../../../arm-none-eabi/lib/armv6k/fpu\libg.a(lib_a-mbtowc_r.o)
                0x00119b40                __jis_mbtowc
 .text.memchr   0x00119ce8      0x120 c:/devkitpro/devkitarm/bin/../lib/gcc/arm-none-eabi/4.9.2/../../../../arm-none-eabi/lib/armv6k/fpu\libg.a(lib_a-memchr.o)
                0x00119ce8                memchr
 .text._Balloc  0x00119e08       0x8c c:/devkitpro/devkitarm/bin/../lib/gcc/arm-none-eabi/4.9.2/../../../../arm-none-eabi/lib/armv6k/fpu\libg.a(lib_a-mprec.o)
                0x00119e08                _Balloc
 .text._Bfree   0x00119e94       0x1c c:/devkitpro/devkitarm/bin/../lib/gcc/arm-none-eabi/4.9.2/../../../../arm-none-eabi/lib/armv6k/fpu\libg.a(lib_a-mprec.o)
                0x00119e94                _Bfree
 .text.__multadd
                0x00119eb0       0xd0 c:/devkitpro/devkitarm/bin/../lib/gcc/arm-none-eabi/4.9.2/../../../../arm-none-eabi/lib/armv6k/fpu\libg.a(lib_a-mprec.o)
                0x00119eb0                __multadd
 .text.__s2b    0x00119f80       0xe4 c:/devkitpro/devkitarm/bin/../lib/gcc/arm-none-eabi/4.9.2/../../../../arm-none-eabi/lib/armv6k/fpu\libg.a(lib_a-mprec.o)
                0x00119f80                __s2b
 .text.__hi0bits
                0x0011a064       0x5c c:/devkitpro/devkitarm/bin/../lib/gcc/arm-none-eabi/4.9.2/../../../../arm-none-eabi/lib/armv6k/fpu\libg.a(lib_a-mprec.o)
                0x0011a064                __hi0bits
 .text.__lo0bits
                0x0011a0c0       0x98 c:/devkitpro/devkitarm/bin/../lib/gcc/arm-none-eabi/4.9.2/../../../../arm-none-eabi/lib/armv6k/fpu\libg.a(lib_a-mprec.o)
                0x0011a0c0                __lo0bits
 .text.__i2b    0x0011a158       0x20 c:/devkitpro/devkitarm/bin/../lib/gcc/arm-none-eabi/4.9.2/../../../../arm-none-eabi/lib/armv6k/fpu\libg.a(lib_a-mprec.o)
                0x0011a158                __i2b
 .text.__multiply
                0x0011a178      0x1dc c:/devkitpro/devkitarm/bin/../lib/gcc/arm-none-eabi/4.9.2/../../../../arm-none-eabi/lib/armv6k/fpu\libg.a(lib_a-mprec.o)
                0x0011a178                __multiply
 .text.__pow5mult
                0x0011a354      0x100 c:/devkitpro/devkitarm/bin/../lib/gcc/arm-none-eabi/4.9.2/../../../../arm-none-eabi/lib/armv6k/fpu\libg.a(lib_a-mprec.o)
                0x0011a354                __pow5mult
 .text.__lshift
                0x0011a454       0xf4 c:/devkitpro/devkitarm/bin/../lib/gcc/arm-none-eabi/4.9.2/../../../../arm-none-eabi/lib/armv6k/fpu\libg.a(lib_a-mprec.o)
                0x0011a454                __lshift
 .text.__mcmp   0x0011a548       0x64 c:/devkitpro/devkitarm/bin/../lib/gcc/arm-none-eabi/4.9.2/../../../../arm-none-eabi/lib/armv6k/fpu\libg.a(lib_a-mprec.o)
                0x0011a548                __mcmp
 .text.__mdiff  0x0011a5ac      0x13c c:/devkitpro/devkitarm/bin/../lib/gcc/arm-none-eabi/4.9.2/../../../../arm-none-eabi/lib/armv6k/fpu\libg.a(lib_a-mprec.o)
                0x0011a5ac                __mdiff
 .text.__ulp    0x0011a6e8       0x74 c:/devkitpro/devkitarm/bin/../lib/gcc/arm-none-eabi/4.9.2/../../../../arm-none-eabi/lib/armv6k/fpu\libg.a(lib_a-mprec.o)
                0x0011a6e8                __ulp
 .text.__b2d    0x0011a75c       0xe4 c:/devkitpro/devkitarm/bin/../lib/gcc/arm-none-eabi/4.9.2/../../../../arm-none-eabi/lib/armv6k/fpu\libg.a(lib_a-mprec.o)
                0x0011a75c                __b2d
 .text.__d2b    0x0011a840      0x104 c:/devkitpro/devkitarm/bin/../lib/gcc/arm-none-eabi/4.9.2/../../../../arm-none-eabi/lib/armv6k/fpu\libg.a(lib_a-mprec.o)
                0x0011a840                __d2b
 .text.__ratio  0x0011a944       0x7c c:/devkitpro/devkitarm/bin/../lib/gcc/arm-none-eabi/4.9.2/../../../../arm-none-eabi/lib/armv6k/fpu\libg.a(lib_a-mprec.o)
                0x0011a944                __ratio
 .text._mprec_log10
                0x0011a9c0       0x48 c:/devkitpro/devkitarm/bin/../lib/gcc/arm-none-eabi/4.9.2/../../../../arm-none-eabi/lib/armv6k/fpu\libg.a(lib_a-mprec.o)
                0x0011a9c0                _mprec_log10
 .text.__copybits
                0x0011aa08       0x6c c:/devkitpro/devkitarm/bin/../lib/gcc/arm-none-eabi/4.9.2/../../../../arm-none-eabi/lib/armv6k/fpu\libg.a(lib_a-mprec.o)
                0x0011aa08                __copybits
 .text.__any_on
                0x0011aa74       0x80 c:/devkitpro/devkitarm/bin/../lib/gcc/arm-none-eabi/4.9.2/../../../../arm-none-eabi/lib/armv6k/fpu\libg.a(lib_a-mprec.o)
                0x0011aa74                __any_on
 .text.__fpclassifyd
                0x0011aaf4       0x74 c:/devkitpro/devkitarm/bin/../lib/gcc/arm-none-eabi/4.9.2/../../../../arm-none-eabi/lib/armv6k/fpu\libg.a(lib_a-s_fpclassify.o)
                0x0011aaf4                __fpclassifyd
 .text.frexp    0x0011ab68       0x98 c:/devkitpro/devkitarm/bin/../lib/gcc/arm-none-eabi/4.9.2/../../../../arm-none-eabi/lib/armv6k/fpu\libg.a(lib_a-s_frexp.o)
                0x0011ab68                frexp
 .text.strcasecmp
                0x0011ac00       0x68 c:/devkitpro/devkitarm/bin/../lib/gcc/arm-none-eabi/4.9.2/../../../../arm-none-eabi/lib/armv6k/fpu\libg.a(lib_a-strcasecmp.o)
                0x0011ac00                strcasecmp
 .text.strcat   0x0011ac68       0x80 c:/devkitpro/devkitarm/bin/../lib/gcc/arm-none-eabi/4.9.2/../../../../arm-none-eabi/lib/armv6k/fpu\libg.a(lib_a-strcat.o)
                0x0011ac68                strcat
 .text.strlcpy  0x0011ace8       0x48 c:/devkitpro/devkitarm/bin/../lib/gcc/arm-none-eabi/4.9.2/../../../../arm-none-eabi/lib/armv6k/fpu\libg.a(lib_a-strlcpy.o)
                0x0011ace8                strlcpy
 .text.strncasecmp
                0x0011ad30       0x8c c:/devkitpro/devkitarm/bin/../lib/gcc/arm-none-eabi/4.9.2/../../../../arm-none-eabi/lib/armv6k/fpu\libg.a(lib_a-strncasecmp.o)
                0x0011ad30                strncasecmp
 .text._strtol_r
                0x0011adbc      0x1dc c:/devkitpro/devkitarm/bin/../lib/gcc/arm-none-eabi/4.9.2/../../../../arm-none-eabi/lib/armv6k/fpu\libg.a(lib_a-strtol.o)
                0x0011adbc                _strtol_r
 .text.strtol   0x0011af98       0x28 c:/devkitpro/devkitarm/bin/../lib/gcc/arm-none-eabi/4.9.2/../../../../arm-none-eabi/lib/armv6k/fpu\libg.a(lib_a-strtol.o)
                0x0011af98                strtol
 .text.get_arg  0x0011afc0      0x860 c:/devkitpro/devkitarm/bin/../lib/gcc/arm-none-eabi/4.9.2/../../../../arm-none-eabi/lib/armv6k/fpu\libg.a(lib_a-svfiprintf.o)
 .text.__ssprint_r
                0x0011b820      0x1a8 c:/devkitpro/devkitarm/bin/../lib/gcc/arm-none-eabi/4.9.2/../../../../arm-none-eabi/lib/armv6k/fpu\libg.a(lib_a-svfiprintf.o)
                0x0011b820                __ssprint_r
 .text._svfiprintf_r
                0x0011b9c8     0x2fdc c:/devkitpro/devkitarm/bin/../lib/gcc/arm-none-eabi/4.9.2/../../../../arm-none-eabi/lib/armv6k/fpu\libg.a(lib_a-svfiprintf.o)
                0x0011b9c8                _svfiprintf_r
 .text._wcsnrtombs_r
                0x0011e9a4      0x184 c:/devkitpro/devkitarm/bin/../lib/gcc/arm-none-eabi/4.9.2/../../../../arm-none-eabi/lib/armv6k/fpu\libg.a(lib_a-wcsnrtombs.o)
                0x0011e9a4                _wcsnrtombs_r
 .text.wcsnrtombs
                0x0011eb28       0x40 c:/devkitpro/devkitarm/bin/../lib/gcc/arm-none-eabi/4.9.2/../../../../arm-none-eabi/lib/armv6k/fpu\libg.a(lib_a-wcsnrtombs.o)
                0x0011eb28                wcsnrtombs
 .text._calloc_r
                0x0011eb68       0x94 c:/devkitpro/devkitarm/bin/../lib/gcc/arm-none-eabi/4.9.2/../../../../arm-none-eabi/lib/armv6k/fpu\libg.a(lib_a-callocr.o)
                0x0011eb68                _calloc_r
 .text.__set_ctype
                0x0011ebfc       0x18 c:/devkitpro/devkitarm/bin/../lib/gcc/arm-none-eabi/4.9.2/../../../../arm-none-eabi/lib/armv6k/fpu\libg.a(lib_a-ctype_.o)
                0x0011ebfc                __set_ctype
 .text._findenv_r
                0x0011ec14       0xc8 c:/devkitpro/devkitarm/bin/../lib/gcc/arm-none-eabi/4.9.2/../../../../arm-none-eabi/lib/armv6k/fpu\libg.a(lib_a-getenv_r.o)
                0x0011ec14                _findenv_r
 .text._getenv_r
                0x0011ecdc       0x18 c:/devkitpro/devkitarm/bin/../lib/gcc/arm-none-eabi/4.9.2/../../../../arm-none-eabi/lib/armv6k/fpu\libg.a(lib_a-getenv_r.o)
                0x0011ecdc                _getenv_r
 .text.memmove  0x0011ecf4      0x12c c:/devkitpro/devkitarm/bin/../lib/gcc/arm-none-eabi/4.9.2/../../../../arm-none-eabi/lib/armv6k/fpu\libg.a(lib_a-memmove.o)
                0x0011ecf4                memmove
 .text._realloc_r
                0x0011ee20      0x564 c:/devkitpro/devkitarm/bin/../lib/gcc/arm-none-eabi/4.9.2/../../../../arm-none-eabi/lib/armv6k/fpu\libg.a(lib_a-reallocr.o)
                0x0011ee20                _realloc_r
 .text.__env_lock
                0x0011f384        0x4 c:/devkitpro/devkitarm/bin/../lib/gcc/arm-none-eabi/4.9.2/../../../../arm-none-eabi/lib/armv6k/fpu\libg.a(lib_a-envlock.o)
                0x0011f384                __env_lock
 .text.__env_unlock
                0x0011f388        0x4 c:/devkitpro/devkitarm/bin/../lib/gcc/arm-none-eabi/4.9.2/../../../../arm-none-eabi/lib/armv6k/fpu\libg.a(lib_a-envlock.o)
                0x0011f388                __env_unlock
 .text.strnlen  0x0011f38c       0x5c c:/devkitpro/devkitarm/bin/../lib/gcc/arm-none-eabi/4.9.2/../../../../arm-none-eabi/lib/armv6k/fpu\libg.a(lib_a-strnlen.o)
                0x0011f38c                strnlen
 .text.strrchr  0x0011f3e8       0x44 c:/devkitpro/devkitarm/bin/../lib/gcc/arm-none-eabi/4.9.2/../../../../arm-none-eabi/lib/armv6k/fpu\libg.a(lib_a-strrchr.o)
                0x0011f3e8                strrchr
 *(.glue_7)
 .glue_7        0x0011f42c        0x0 linker stubs
 *(.glue_7t)
 .glue_7t       0x0011f42c        0x0 linker stubs
 *(.stub)
 *(.gnu.warning)
 *(.gnu.linkonce.t*)
                0x0011f42c                . = ALIGN (0x4)
 *(.fini)
 .fini          0x0011f42c        0xc c:/devkitpro/devkitarm/bin/../lib/gcc/arm-none-eabi/4.9.2/armv6k/fpu/crti.o
                0x0011f42c                _fini
 .fini          0x0011f438        0xc c:/devkitpro/devkitarm/bin/../lib/gcc/arm-none-eabi/4.9.2/armv6k/fpu/crtn.o
                0x0011f444                . = ALIGN (0x4)

.vfp11_veneer   0x0011f444        0x0
 .vfp11_veneer  0x0011f444        0x0 linker stubs

.v4_bx          0x0011f444        0x0
 .v4_bx         0x0011f444        0x0 linker stubs

.iplt           0x0011f444        0x0
 .iplt          0x0011f444        0x0 c:/devkitpro/devkitarm/bin/../lib/gcc/arm-none-eabi/4.9.2/../../../../arm-none-eabi/lib/armv6k/fpu/3dsx_crt0.o

.rodata         0x00120000      0xeac
 *(.rodata)
 .rodata        0x00120000       0xf4 c:/devkitPro/libctru/lib\libsf2d.a(shader.vsh.o)
                0x00120000                shader_vsh_shbin
                0x001200f0                shader_vsh_shbin_size
                0x001200f0                shader_vsh_shbin_end
 .rodata        0x001200f4       0x14 c:/devkitPro/libctru/lib\libctru.a(gfx.o)
 .rodata        0x00120108       0x64 c:/devkitPro/libctru/lib\libctru.a(os.o)
 .rodata        0x0012016c       0x30 c:/devkitPro/libctru/lib\libctru.a(romfs_dev.o)
 .rodata        0x0012019c        0xc c:/devkitPro/libctru/lib\libctru.a(gpu.o)
                0x0012019c                GPU_FORMATSIZE
                0x001201a0                GPU_TEVID
 .rodata        0x001201a8        0x8 c:/devkitPro/libctru/lib\libctru.a(shaderProgram.o)
 .rodata        0x001201b0       0x24 c:/devkitPro/libctru/lib\libctru.a(shbin.o)
 .rodata        0x001201d4        0xc c:/devkitPro/libctru/lib\libctru.a(apt.o)
 .rodata        0x001201e0       0x30 c:/devkitPro/libctru/lib\libctru.a(sdmc_dev.o)
 .rodata        0x00120210       0x68 c:/devkitpro/devkitarm/bin/../lib/gcc/arm-none-eabi/4.9.2/../../../../arm-none-eabi/lib/armv6k/fpu\libsysbase.a(iosupport.o)
                0x00120210                dotab_stdnull
 .rodata        0x00120278        0xc c:/devkitpro/devkitarm/bin/../lib/gcc/arm-none-eabi/4.9.2/../../../../arm-none-eabi/lib/armv6k/fpu\libsysbase.a(chdir.o)
                0x00120278                DIRECTORY_PARENT
                0x0012027c                DIRECTORY_THIS
                0x00120280                DIRECTORY_SEPARATOR
 *(.roda)
 *(.rodata.*)
 .rodata.str1.4
                0x00120284       0x27 circle_controller.o
                                 0x28 (size before relaxing)
 *fill*         0x001202ab        0x1 
 .rodata.str1.4
                0x001202ac        0xb c:/devkitPro/libctru/lib\libsf2d.a(sf2d.o)
                                  0xc (size before relaxing)
 *fill*         0x001202b7        0x1 
 .rodata.str1.4
                0x001202b8       0xec c:/devkitPro/libctru/lib\libctru.a(os.o)
 .rodata.str1.4
                0x001203a4       0x2a c:/devkitPro/libctru/lib\libctru.a(romfs_dev.o)
                                 0x30 (size before relaxing)
 *fill*         0x001203ce        0x2 
 .rodata.str1.4
                0x001203d0       0x16 c:/devkitPro/libctru/lib\libctru.a(apt.o)
                                 0x18 (size before relaxing)
 *fill*         0x001203e6        0x2 
 .rodata.str1.4
                0x001203e8       0x16 c:/devkitPro/libctru/lib\libctru.a(cfgu.o)
                                 0x18 (size before relaxing)
 *fill*         0x001203fe        0x2 
 .rodata.str1.4
                0x00120400        0x8 c:/devkitPro/libctru/lib\libctru.a(fs.o)
 .rodata.str1.4
                0x00120408       0x15 c:/devkitPro/libctru/lib\libctru.a(gsp.o)
                                 0x18 (size before relaxing)
 *fill*         0x0012041d        0x3 
 .rodata.str1.4
                0x00120420       0x15 c:/devkitPro/libctru/lib\libctru.a(hid.o)
                                 0x18 (size before relaxing)
 *fill*         0x00120435        0x3 
 .rodata.str1.4
                0x00120438        0x7 c:/devkitPro/libctru/lib\libctru.a(irrst.o)
                                  0x8 (size before relaxing)
 *fill*         0x0012043f        0x1 
 .rodata.str1.4
                0x00120440       0x11 c:/devkitPro/libctru/lib\libctru.a(ptm.o)
                                 0x14 (size before relaxing)
 *fill*         0x00120451        0x3 
 .rodata.str1.4
                0x00120454        0xf c:/devkitPro/libctru/lib\libctru.a(srv.o)
                                 0x10 (size before relaxing)
 *fill*         0x00120463        0x1 
 .rodata.str1.4
                0x00120464        0x5 c:/devkitPro/libctru/lib\libctru.a(sdmc_dev.o)
                                  0xc (size before relaxing)
 *fill*         0x00120469        0x3 
 .rodata.npio2_hw
                0x0012046c       0x80 c:/devkitpro/devkitarm/bin/../lib/gcc/arm-none-eabi/4.9.2/../../../../arm-none-eabi/lib/armv6k/fpu\libm.a(lib_a-ef_rem_pio2.o)
 .rodata.two_over_pi
                0x001204ec      0x318 c:/devkitpro/devkitarm/bin/../lib/gcc/arm-none-eabi/4.9.2/../../../../arm-none-eabi/lib/armv6k/fpu\libm.a(lib_a-ef_rem_pio2.o)
 .rodata.init_jk
                0x00120804        0xc c:/devkitpro/devkitarm/bin/../lib/gcc/arm-none-eabi/4.9.2/../../../../arm-none-eabi/lib/armv6k/fpu\libm.a(lib_a-kf_rem_pio2.o)
 .rodata.PIo2   0x00120810       0x2c c:/devkitpro/devkitarm/bin/../lib/gcc/arm-none-eabi/4.9.2/../../../../arm-none-eabi/lib/armv6k/fpu\libm.a(lib_a-kf_rem_pio2.o)
 .rodata.str1.4
                0x0012083c        0x2 c:/devkitpro/devkitarm/bin/../lib/gcc/arm-none-eabi/4.9.2/../../../../arm-none-eabi/lib/armv6k/fpu\libg.a(lib_a-impure.o)
                                  0x4 (size before relaxing)
 *fill*         0x0012083e        0x2 
 .rodata._global_impure_ptr
                0x00120840        0x4 c:/devkitpro/devkitarm/bin/../lib/gcc/arm-none-eabi/4.9.2/../../../../arm-none-eabi/lib/armv6k/fpu\libg.a(lib_a-impure.o)
                0x00120840                _global_impure_ptr
 .rodata.zeroes.7037
                0x00120844       0x10 c:/devkitpro/devkitarm/bin/../lib/gcc/arm-none-eabi/4.9.2/../../../../arm-none-eabi/lib/armv6k/fpu\libg.a(lib_a-svfprintf.o)
 .rodata.str1.4
                0x00120854       0x42 c:/devkitpro/devkitarm/bin/../lib/gcc/arm-none-eabi/4.9.2/../../../../arm-none-eabi/lib/armv6k/fpu\libg.a(lib_a-svfprintf.o)
                                 0x44 (size before relaxing)
 *fill*         0x00120896        0x2 
 .rodata.blanks.7036
                0x00120898       0x10 c:/devkitpro/devkitarm/bin/../lib/gcc/arm-none-eabi/4.9.2/../../../../arm-none-eabi/lib/armv6k/fpu\libg.a(lib_a-svfprintf.o)
 .rodata.str1.4
                0x001208a8       0x10 c:/devkitpro/devkitarm/bin/../lib/gcc/arm-none-eabi/4.9.2/../../../../arm-none-eabi/lib/armv6k/fpu\libg.a(lib_a-dtoa.o)
                                 0x14 (size before relaxing)
 .rodata.str1.4
                0x001208b8      0x120 c:/devkitpro/devkitarm/bin/../lib/gcc/arm-none-eabi/4.9.2/../../../../arm-none-eabi/lib/armv6k/fpu\libg.a(lib_a-locale.o)
                                0x130 (size before relaxing)
 .rodata.categories
                0x001209d8       0x1c c:/devkitpro/devkitarm/bin/../lib/gcc/arm-none-eabi/4.9.2/../../../../arm-none-eabi/lib/armv6k/fpu\libg.a(lib_a-locale.o)
 .rodata.JIS_state_table
                0x001209f4       0x48 c:/devkitpro/devkitarm/bin/../lib/gcc/arm-none-eabi/4.9.2/../../../../arm-none-eabi/lib/armv6k/fpu\libg.a(lib_a-mbtowc_r.o)
 .rodata.JIS_action_table
                0x00120a3c       0x48 c:/devkitpro/devkitarm/bin/../lib/gcc/arm-none-eabi/4.9.2/../../../../arm-none-eabi/lib/armv6k/fpu\libg.a(lib_a-mbtowc_r.o)
 .rodata.p05.5298
                0x00120a84        0xc c:/devkitpro/devkitarm/bin/../lib/gcc/arm-none-eabi/4.9.2/../../../../arm-none-eabi/lib/armv6k/fpu\libg.a(lib_a-mprec.o)
 .rodata.__mprec_tens
                0x00120a90       0xc8 c:/devkitpro/devkitarm/bin/../lib/gcc/arm-none-eabi/4.9.2/../../../../arm-none-eabi/lib/armv6k/fpu\libg.a(lib_a-mprec.o)
                0x00120a90                __mprec_tens
 .rodata.__mprec_bigtens
                0x00120b58       0x28 c:/devkitpro/devkitarm/bin/../lib/gcc/arm-none-eabi/4.9.2/../../../../arm-none-eabi/lib/armv6k/fpu\libg.a(lib_a-mprec.o)
                0x00120b58                __mprec_bigtens
 .rodata.__mprec_tinytens
                0x00120b80       0x28 c:/devkitpro/devkitarm/bin/../lib/gcc/arm-none-eabi/4.9.2/../../../../arm-none-eabi/lib/armv6k/fpu\libg.a(lib_a-mprec.o)
                0x00120b80                __mprec_tinytens
 .rodata.__state_table
                0x00120ba8       0x6c c:/devkitpro/devkitarm/bin/../lib/gcc/arm-none-eabi/4.9.2/../../../../arm-none-eabi/lib/armv6k/fpu\libg.a(lib_a-svfiprintf.o)
                0x00120ba8                __state_table
 .rodata.blanks.7015
                0x00120c14       0x10 c:/devkitpro/devkitarm/bin/../lib/gcc/arm-none-eabi/4.9.2/../../../../arm-none-eabi/lib/armv6k/fpu\libg.a(lib_a-svfiprintf.o)
 .rodata.__chclass
                0x00120c24      0x100 c:/devkitpro/devkitarm/bin/../lib/gcc/arm-none-eabi/4.9.2/../../../../arm-none-eabi/lib/armv6k/fpu\libg.a(lib_a-svfiprintf.o)
                0x00120c24                __chclass
 .rodata.str1.4
                0x00120d24       0x30 c:/devkitpro/devkitarm/bin/../lib/gcc/arm-none-eabi/4.9.2/../../../../arm-none-eabi/lib/armv6k/fpu\libg.a(lib_a-svfiprintf.o)
 .rodata.__action_table
                0x00120d24       0x6c c:/devkitpro/devkitarm/bin/../lib/gcc/arm-none-eabi/4.9.2/../../../../arm-none-eabi/lib/armv6k/fpu\libg.a(lib_a-svfiprintf.o)
                0x00120d24                __action_table
 .rodata.zeroes.7016
                0x00120d90       0x10 c:/devkitpro/devkitarm/bin/../lib/gcc/arm-none-eabi/4.9.2/../../../../arm-none-eabi/lib/armv6k/fpu\libg.a(lib_a-svfiprintf.o)
 .rodata._ctype_
                0x00120da0      0x104 c:/devkitpro/devkitarm/bin/../lib/gcc/arm-none-eabi/4.9.2/../../../../arm-none-eabi/lib/armv6k/fpu\libg.a(lib_a-ctype_.o)
                0x00120da0                _ctype_
 .rodata.str1.4
                0x00120ea4        0x8 c:/devkitpro/devkitarm/bin/../lib/gcc/arm-none-eabi/4.9.2/../../../../arm-none-eabi/lib/armv6k/fpu\libsysbase.a(iosupport.o)
 *all.rodata*(*)
 *(.gnu.linkonce.r*)
                0x00120eac                . = ALIGN (0x4)

.rel.dyn        0x00120eac        0x0
 .rel.iplt      0x00120eac        0x0 c:/devkitpro/devkitarm/bin/../lib/gcc/arm-none-eabi/4.9.2/../../../../arm-none-eabi/lib/armv6k/fpu/3dsx_crt0.o

.ARM.extab
 *(.ARM.extab* .gnu.linkonce.armextab.*)
                0x00120eac                __exidx_start = .

ARM.exidx
 *(.ARM.exidx* .gnu.linkonce.armexidx.*)
                0x00120eac                __exidx_end = .

.data           0x00121000     0x4078
 *(.data)
 .data          0x00121000        0x0 c:/devkitpro/devkitarm/bin/../lib/gcc/arm-none-eabi/4.9.2/../../../../arm-none-eabi/lib/armv6k/fpu/3dsx_crt0.o
 .data          0x00121000        0x0 c:/devkitpro/devkitarm/bin/../lib/gcc/arm-none-eabi/4.9.2/armv6k/fpu/crti.o
 .data          0x00121000        0x4 c:/devkitpro/devkitarm/bin/../lib/gcc/arm-none-eabi/4.9.2/armv6k/fpu/crtbegin.o
                0x00121000                __dso_handle
 .data          0x00121004        0x0 circle_controller.o
 .data          0x00121004        0x0 main.o
 .data          0x00121004        0xc c:/devkitPro/libctru/lib\libsf2d.a(sf2d.o)
 .data          0x00121010        0x0 c:/devkitPro/libctru/lib\libsf2d.a(sf2d_draw.o)
 .data          0x00121010        0x0 c:/devkitPro/libctru/lib\libsf2d.a(sf2d_private.o)
 .data          0x00121010        0x0 c:/devkitPro/libctru/lib\libsf2d.a(shader.vsh.o)
 .data          0x00121010        0x0 c:/devkitPro/libctru/lib\libctru.a(linear.o)
 .data          0x00121010        0x0 c:/devkitPro/libctru/lib\libctru.a(mem_pool.o)
 .data          0x00121010        0x0 c:/devkitPro/libctru/lib\libctru.a(vram.o)
 .data          0x00121010        0xc c:/devkitPro/libctru/lib\libctru.a(gfx.o)
 .data          0x0012101c        0x0 c:/devkitPro/libctru/lib\libctru.a(os.o)
 .data          0x0012101c       0x68 c:/devkitPro/libctru/lib\libctru.a(romfs_dev.o)
 .data          0x00121084        0x0 c:/devkitPro/libctru/lib\libctru.a(gpu.o)
 .data          0x00121084      0x53c c:/devkitPro/libctru/lib\libctru.a(gpuResetSequence.o)
                0x00121084                gpuResetSequenceLength
                0x00121088                gpuResetSequence
 .data          0x001215c0        0x0 c:/devkitPro/libctru/lib\libctru.a(shaderProgram.o)
 .data          0x001215c0        0x0 c:/devkitPro/libctru/lib\libctru.a(shbin.o)
 .data          0x001215c0        0x0 c:/devkitPro/libctru/lib\libctru.a(apt.o)
 .data          0x001215c0        0x0 c:/devkitPro/libctru/lib\libctru.a(cfgu.o)
 .data          0x001215c0        0x0 c:/devkitPro/libctru/lib\libctru.a(fs.o)
 .data          0x001215c0        0x0 c:/devkitPro/libctru/lib\libctru.a(gsp.o)
 .data          0x001215c0        0x0 c:/devkitPro/libctru/lib\libctru.a(gx.o)
 .data          0x001215c0        0x0 c:/devkitPro/libctru/lib\libctru.a(hid.o)
 .data          0x001215c0        0x0 c:/devkitPro/libctru/lib\libctru.a(irrst.o)
 .data          0x001215c0        0x0 c:/devkitPro/libctru/lib\libctru.a(ptm.o)
 .data          0x001215c0        0x0 c:/devkitPro/libctru/lib\libctru.a(rbtree_find.o)